06-25 18:58:33.026  1070  1100 V WindowManager: Display 73 state is now (1), so update layer mirroring?
06-25 18:58:33.102  1070  1102 I DisplayDeviceRepository: Display device changed: DisplayDeviceInfo{"com.oculus.android_panel_app.AndroidPanelLayer-controlbar7": uniqueId="virtual:com.oculus.systemux,10028,com.oculus.android_panel_app.AndroidPanelLayer-controlbar7,0", 1280 x 50, modeId 152, defaultModeId 152, supportedModes [{id=152, width=1280, height=50, fps=60.0, alternativeRefreshRates=[]}], colorMode 0, supportedColorModes [0], hdrCapabilities null, allmSupported false, gameContentTypeSupported false, density 200, 200.0 x 200.0 dpi, appVsyncOff 0, presDeadline 16666666, touch NONE, rotation 0, type VIRTUAL, deviceProductInfo null, state OFF, owner com.oculus.systemux (uid 10028), frameRateOverride , brightnessMinimum 0.0, brightnessMaximum 0.0, brightnessDefault 0.0, FLAG_PRIVATE, FLAG_NEVER_BLANK, FLAG_OWN_CONTENT_ONLY}
06-25 18:58:33.103  1070  1102 I DisplayDeviceRepository: Display device changed: DisplayDeviceInfo{"com.oculus.android_panel_app.AndroidPanelLayer-controlbar7": uniqueId="virtual:com.oculus.systemux,10028,com.oculus.android_panel_app.AndroidPanelLayer-controlbar7,0", 1280 x 50, modeId 152, defaultModeId 152, supportedModes [{id=152, width=1280, height=50, fps=60.0, alternativeRefreshRates=[]}], colorMode 0, supportedColorModes [0], hdrCapabilities null, allmSupported false, gameContentTypeSupported false, density 200, 200.0 x 200.0 dpi, appVsyncOff 0, presDeadline 16666666, touch NONE, rotation 0, type VIRTUAL, deviceProductInfo null, state ON, owner com.oculus.systemux (uid 10028), frameRateOverride , brightnessMinimum 0.0, brightnessMaximum 0.0, brightnessDefault 0.0, FLAG_PRIVATE, FLAG_NEVER_BLANK, FLAG_OWN_CONTENT_ONLY}
06-25 18:58:33.109  1070  1100 V WindowManager: Display 72 state is now (2), so update layer mirroring?
06-25 18:58:33.136  1070  1102 I DisplayDeviceRepository: Display device changed: DisplayDeviceInfo{"com.oculus.android_panel_app.AndroidPanelLayer-#main": uniqueId="virtual:com.oculus.systemux,10028,com.oculus.android_panel_app.AndroidPanelLayer-#main,3", 1280 x 800, modeId 153, defaultModeId 153, supportedModes [{id=153, width=1280, height=800, fps=60.0, alternativeRefreshRates=[]}], colorMode 0, supportedColorModes [0], hdrCapabilities null, allmSupported false, gameContentTypeSupported false, density 200, 200.0 x 200.0 dpi, appVsyncOff 0, presDeadline 16666666, touch NONE, rotation 0, type VIRTUAL, deviceProductInfo null, state OFF, owner com.oculus.systemux (uid 10028), frameRateOverride , brightnessMinimum 0.0, brightnessMaximum 0.0, brightnessDefault 0.0, FLAG_PRIVATE, FLAG_NEVER_BLANK, FLAG_OWN_CONTENT_ONLY}
06-25 18:58:33.138  1070  1102 I DisplayDeviceRepository: Display device changed: DisplayDeviceInfo{"com.oculus.android_panel_app.AndroidPanelLayer-#main": uniqueId="virtual:com.oculus.systemux,10028,com.oculus.android_panel_app.AndroidPanelLayer-#main,3", 1280 x 800, modeId 153, defaultModeId 153, supportedModes [{id=153, width=1280, height=800, fps=60.0, alternativeRefreshRates=[]}], colorMode 0, supportedColorModes [0], hdrCapabilities null, allmSupported false, gameContentTypeSupported false, density 200, 200.0 x 200.0 dpi, appVsyncOff 0, presDeadline 16666666, touch NONE, rotation 0, type VIRTUAL, deviceProductInfo null, state ON, owner com.oculus.systemux (uid 10028), frameRateOverride , brightnessMinimum 0.0, brightnessMaximum 0.0, brightnessDefault 0.0, FLAG_PRIVATE, FLAG_NEVER_BLANK, FLAG_OWN_CONTENT_ONLY}
06-25 18:58:33.150  1070  1100 V WindowManager: Display 73 state is now (2), so update layer mirroring?
06-25 18:58:33.521   642  1037 E FrameSetCollator: [worldTracking] 31 FrameSets had unexpected timestamps (over 1013.51s). Ex: slot 1 7496509.928ms -> 7496526.594ms (observed period: 16.666ms, expected period: 16.666ms (16.666ms))
06-25 18:58:33.538  1070  1086 E ThermalManagerService: No threshold found for pcb1-usr
06-25 18:58:33.538  1070  1086 E ThermalManagerService: No threshold found for pcb2-usr
06-25 18:58:33.538  1070  1086 E ThermalManagerService: No threshold found for pcb3-usr
06-25 18:58:33.538  1070  1086 E ThermalManagerService: No threshold found for rf-usr
06-25 18:58:33.538  1070  1086 E ThermalManagerService: No threshold found for cam0-usr
06-25 18:58:33.538  1070  1086 E ThermalManagerService: No threshold found for cam1-usr
06-25 18:58:33.538  1070  1086 E ThermalManagerService: No threshold found for cam2-usr
06-25 18:58:33.538  1070  1086 E ThermalManagerService: No threshold found for cam3-usr
06-25 18:58:33.538  1070  1086 E ThermalManagerService: No threshold found for cam4-usr
06-25 18:58:33.538  1070  1086 E ThermalManagerService: No threshold found for cam5-usr
06-25 18:58:33.538  1070  1086 E ThermalManagerService: No threshold found for disp-virt
06-25 18:58:33.538  1070  1086 E ThermalManagerService: No threshold found for pogo-usr
06-25 18:58:34.421  1070  1086 I DisplayDeviceRepository: Display device added: DisplayDeviceInfo{"com.oculus.android_panel_app.AndroidPanelLayer-tooltip": uniqueId="virtual:com.oculus.systemux,10028,com.oculus.android_panel_app.AndroidPanelLayer-tooltip,0", 1250 x 1250, modeId 154, defaultModeId 154, supportedModes [{id=154, width=1250, height=1250, fps=60.0, alternativeRefreshRates=[]}], colorMode 0, supportedColorModes [0], hdrCapabilities null, allmSupported false, gameContentTypeSupported false, density 200, 200.0 x 200.0 dpi, appVsyncOff 0, presDeadline 16666666, touch NONE, rotation 0, type VIRTUAL, deviceProductInfo null, state OFF, owner com.oculus.systemux (uid 10028), frameRateOverride , brightnessMinimum 0.0, brightnessMaximum 0.0, brightnessDefault 0.0, FLAG_PRIVATE, FLAG_NEVER_BLANK, FLAG_OWN_CONTENT_ONLY}
06-25 18:58:34.422  1070  1086 I LogicalDisplayMapper: Applying layout: [{addr: {port=146, model=0x40446dbbd154e4}, dispId: 0(ON)}], Previous layout: [{addr: {port=146, model=0x40446dbbd154e4}, dispId: 0(ON)}]
06-25 18:58:34.422  1070  1086 I LogicalDisplayMapper: Adding new display: 74: DisplayInfo{"com.oculus.android_panel_app.AndroidPanelLayer-tooltip", displayId 74", displayGroupId -1, FLAG_PRIVATE, real 1250 x 1250, largest app 1250 x 1250, smallest app 1250 x 1250, appVsyncOff 0, presDeadline 16666666, mode 154, defaultMode 154, modes [{id=154, width=1250, height=1250, fps=60.0, alternativeRefreshRates=[]}], hdrCapabilities null, userDisabledHdrTypes [], minimalPostProcessingSupported false, rotation 0, state OFF, type VIRTUAL, uniqueId "virtual:com.oculus.systemux,10028,com.oculus.android_panel_app.AndroidPanelLayer-tooltip,0", app 1250 x 1250, density 200 (200.0 x 200.0) dpi, layerStack 74, colorMode 0, supportedColorModes [0], deviceProductInfo null, owner com.oculus.systemux (uid 10028), removeMode 1, refreshRateOverride 0.0, brightnessMinimum 0.0, brightnessMaximum 0.0, brightnessDefault 0.0}
06-25 18:58:34.422  1070  1086 I LogicalDisplayMapper: Setting new display group 0 for display 74, from previous group: null
06-25 18:58:34.423  1070  1086 W DisplayPowerController[74]: Screen brightness nits configuration is unavailable; falling back
06-25 18:58:34.432  1070  1100 I WindowManager: Override config changes=20005df8 {0.0 ?mcc?mnc ?localeList ?layoutDir sw1000dp w1000dp h1000dp 200dpi xlrg port ?uimode ?night -touch -keyb/v/h -nav/h winConfig={ mBounds=Rect(0, 0 - 1250, 1250) mAppBounds=Rect(0, 0 - 1250, 1250) mMaxBounds=Rect(0, 0 - 1250, 1250) mWindowingMode=fullscreen mDisplayWindowingMode=fullscreen mActivityType=undefined mAlwaysOnTop=undefined mRotation=ROTATION_0} ?fontWeightAdjustment} for displayId=74
06-25 18:58:34.436  1070  1100 V WindowManager: Display 74 state is now (1), so update layer mirroring?
06-25 18:58:34.439  1070  1102 I DisplayDeviceRepository: Display device changed: DisplayDeviceInfo{"com.oculus.android_panel_app.AndroidPanelLayer-tooltip": uniqueId="virtual:com.oculus.systemux,10028,com.oculus.android_panel_app.AndroidPanelLayer-tooltip,0", 133 x 65, modeId 155, defaultModeId 155, supportedModes [{id=155, width=133, height=65, fps=60.0, alternativeRefreshRates=[]}], colorMode 0, supportedColorModes [0], hdrCapabilities null, allmSupported false, gameContentTypeSupported false, density 200, 200.0 x 200.0 dpi, appVsyncOff 0, presDeadline 16666666, touch NONE, rotation 0, type VIRTUAL, deviceProductInfo null, state OFF, owner com.oculus.systemux (uid 10028), frameRateOverride , brightnessMinimum 0.0, brightnessMaximum 0.0, brightnessDefault 0.0, FLAG_PRIVATE, FLAG_NEVER_BLANK, FLAG_OWN_CONTENT_ONLY}
06-25 18:58:34.442  1070  1100 I WindowManager: Override config changes=20000d80 {0.0 ?mcc?mnc ?localeList ?layoutDir sw52dp w106dp h52dp 200dpi smll land ?uimode ?night -touch -keyb/v/h -nav/h winConfig={ mBounds=Rect(0, 0 - 133, 65) mAppBounds=Rect(0, 0 - 133, 65) mMaxBounds=Rect(0, 0 - 133, 65) mWindowingMode=fullscreen mDisplayWindowingMode=fullscreen mActivityType=undefined mAlwaysOnTop=undefined mRotation=ROTATION_0} ?fontWeightAdjustment} for displayId=74
06-25 18:58:34.443  1070  1100 V WindowManager: Display 74 state is now (1), so update layer mirroring?
06-25 18:58:34.447  1070  1100 V WindowManager: Display 74 state is now (1), so update layer mirroring?
06-25 18:58:34.451  1070  1102 I DisplayDeviceRepository: Display device changed: DisplayDeviceInfo{"com.oculus.android_panel_app.AndroidPanelLayer-tooltip": uniqueId="virtual:com.oculus.systemux,10028,com.oculus.android_panel_app.AndroidPanelLayer-tooltip,0", 133 x 65, modeId 155, defaultModeId 155, supportedModes [{id=155, width=133, height=65, fps=60.0, alternativeRefreshRates=[]}], colorMode 0, supportedColorModes [0], hdrCapabilities null, allmSupported false, gameContentTypeSupported false, density 200, 200.0 x 200.0 dpi, appVsyncOff 0, presDeadline 16666666, touch NONE, rotation 0, type VIRTUAL, deviceProductInfo null, state OFF, owner com.oculus.systemux (uid 10028), frameRateOverride , brightnessMinimum 0.0, brightnessMaximum 0.0, brightnessDefault 0.0, FLAG_PRIVATE, FLAG_NEVER_BLANK, FLAG_OWN_CONTENT_ONLY}
06-25 18:58:34.451  1070  1102 I DisplayDeviceRepository: Display device changed: DisplayDeviceInfo{"com.oculus.android_panel_app.AndroidPanelLayer-tooltip": uniqueId="virtual:com.oculus.systemux,10028,com.oculus.android_panel_app.AndroidPanelLayer-tooltip,0", 133 x 65, modeId 155, defaultModeId 155, supportedModes [{id=155, width=133, height=65, fps=60.0, alternativeRefreshRates=[]}], colorMode 0, supportedColorModes [0], hdrCapabilities null, allmSupported false, gameContentTypeSupported false, density 200, 200.0 x 200.0 dpi, appVsyncOff 0, presDeadline 16666666, touch NONE, rotation 0, type VIRTUAL, deviceProductInfo null, state ON, owner com.oculus.systemux (uid 10028), frameRateOverride , brightnessMinimum 0.0, brightnessMaximum 0.0, brightnessDefault 0.0, FLAG_PRIVATE, FLAG_NEVER_BLANK, FLAG_OWN_CONTENT_ONLY}
06-25 18:58:34.454  1070  1100 V WindowManager: Display 74 state is now (2), so update layer mirroring?
06-25 18:58:34.543  1070  1296 E ThermalManagerService: No threshold found for pcb1-usr
06-25 18:58:34.543  1070  1296 E ThermalManagerService: No threshold found for pcb2-usr
06-25 18:58:34.543  1070  1296 E ThermalManagerService: No threshold found for pcb3-usr
06-25 18:58:34.543  1070  1296 E ThermalManagerService: No threshold found for rf-usr
06-25 18:58:34.543  1070  1296 E ThermalManagerService: No threshold found for cam0-usr
06-25 18:58:34.543  1070  1296 E ThermalManagerService: No threshold found for cam1-usr
06-25 18:58:34.543  1070  1296 E ThermalManagerService: No threshold found for cam2-usr
06-25 18:58:34.543  1070  1296 E ThermalManagerService: No threshold found for cam3-usr
06-25 18:58:34.543  1070  1296 E ThermalManagerService: No threshold found for cam4-usr
06-25 18:58:34.543  1070  1296 E ThermalManagerService: No threshold found for cam5-usr
06-25 18:58:34.543  1070  1296 E ThermalManagerService: No threshold found for disp-virt
06-25 18:58:34.543  1070  1296 E ThermalManagerService: No threshold found for pogo-usr
06-25 18:58:34.574   642  1037 E FrameSetCollator: [worldTracking] 31 FrameSets had unexpected timestamps (over 1053.02s). Ex: slot 0 7497543.220ms -> 7497576.552ms (observed period: 33.332ms, expected period: 16.666ms (16.666ms))
06-25 18:58:34.734  4007 13058 V AudioPolicy: Null context, checking permission via ActivityManager
06-25 18:58:34.757  1070  1070 D OculusAudio.PolicyManager: onAudioDevicesAdded
06-25 18:58:34.758  1070  1070 V OculusAudio.PolicyManager: Skipping addition for remote submix
06-25 18:58:34.758  1070  1110 I DropBoxManagerService: add tag=system_server_wtf isTagEnabled=true flags=0x2
06-25 18:58:34.758  1070  1070 I Telecom : WiredHeadsetManager: ACTION_HEADSET_PLUG event, plugged in: false, : WHC.oADA@AFM
06-25 18:58:29.853     0     0 I CAM_INFO: CAM-SENSOR: cam_sensor_driver_cmd: 1188 CAM_RELEASE_DEV Success for imx471 sensor_id:0x471, slave_addr:0x34
06-25 18:58:34.859     0     0 I msm_vidc: err : e3ce2fc0:  avcE_25: msm_venc_subscribe_event: invalid type 5 id 0
06-25 18:58:34.859     0     0 I msm_vidc: fw: <VFW_E:HostDr:264d:f7102fc0:00> VenusHostDriver_ParseC2SysPacket(894): QC_IMAGE_VERSION_STRING=video-firmware.3.3-7bcc7d79a26b097a6bb0453e080836b760975c60
06-25 18:58:34.859     0     0 I msm_vidc: fw: <VFW_E:HostDr:264d:f7102fc0:00> VenusHostDriver_ParseC2SysPacket(895): IMAGE_VARIANT_STRING=PROD
06-25 18:58:34.859     0     0 I msm_vidc: fw: <VFW_E:HostDr:264d:f7102fc0:00> VenusHostDriver_ParseC2SysPacket(896): OEM_IMAGE_VERSION_STRING=pwlabld39
06-25 18:58:34.929  1070  1070 D OculusAudio.PolicyManager: onAudioDevicesAdded
06-25 18:58:34.929  1070  1070 V OculusAudio.PolicyManager: Skipping addition for remote submix
06-25 18:58:34.929  1070  1070 I Telecom : WiredHeadsetManager: ACTION_HEADSET_PLUG event, plugged in: false, : WHC.oADA@AFQ
06-25 18:58:35.410  1070  6681 I DisplayDeviceRepository: Display device removed: DisplayDeviceInfo{"com.oculus.android_panel_app.AndroidPanelLayer-tooltip": uniqueId="virtual:com.oculus.systemux,10028,com.oculus.android_panel_app.AndroidPanelLayer-tooltip,0", 133 x 65, modeId 155, defaultModeId 155, supportedModes [{id=155, width=133, height=65, fps=60.0, alternativeRefreshRates=[]}], colorMode 0, supportedColorModes [0], hdrCapabilities null, allmSupported false, gameContentTypeSupported false, density 200, 200.0 x 200.0 dpi, appVsyncOff 0, presDeadline 16666666, touch NONE, rotation 0, type VIRTUAL, deviceProductInfo null, state ON, owner com.oculus.systemux (uid 10028), frameRateOverride , brightnessMinimum 0.0, brightnessMaximum 0.0, brightnessDefault 0.0, FLAG_PRIVATE, FLAG_NEVER_BLANK, FLAG_OWN_CONTENT_ONLY}
06-25 18:58:35.411  1070  6681 I LogicalDisplayMapper: Removing display: 74
06-25 18:58:35.437  1070  1085 I ActivityManager: Background started FGS: Allowed [callingPackage: com.oculus.systemux; callingUid: 10028; uidState: FGS ; intent: Intent { cmp=com.oculus.metacam/.livestreaming.LivestreamingService }; code:ACTIVITY_STARTER; tempAllowListReason:<null>; targetSdkVersion:28; callerTargetSdkVersion:32; startForegroundCount:0; bindFromPackage:null]
06-25 18:58:35.445  1070  1110 I ActivityManager: Deferring FGS notification in legacy app com.oculus.metacam/u0a45 : Notification(channel=vr_notifications_default shortcut=null contentView=null vibrate=null sound=null defaults=0x0 flags=0x40 color=0x00000000 vis=PRIVATE)
06-25 18:58:35.555  1070  6681 E ThermalManagerService: No threshold found for pcb1-usr
06-25 18:58:35.555  1070  6681 E ThermalManagerService: No threshold found for pcb2-usr
06-25 18:58:35.555  1070  6681 E ThermalManagerService: No threshold found for pcb3-usr
06-25 18:58:35.555  1070  6681 E ThermalManagerService: No threshold found for rf-usr
06-25 18:58:35.555  1070  6681 E ThermalManagerService: No threshold found for cam0-usr
06-25 18:58:35.555  1070  6681 E ThermalManagerService: No threshold found for cam1-usr
06-25 18:58:35.555  1070  6681 E ThermalManagerService: No threshold found for cam2-usr
06-25 18:58:35.555  1070  6681 E ThermalManagerService: No threshold found for cam3-usr
06-25 18:58:35.555  1070  6681 E ThermalManagerService: No threshold found for cam4-usr
06-25 18:58:35.555  1070  6681 E ThermalManagerService: No threshold found for cam5-usr
06-25 18:58:35.555  1070  6681 E ThermalManagerService: No threshold found for disp-virt
06-25 18:58:35.555  1070  6681 E ThermalManagerService: No threshold found for pogo-usr
06-25 18:58:35.574   642  1037 E FrameSetCollator: [worldTracking] 30 FrameSets had unexpected timestamps (over 1000.16s). Ex: slot 0 7498543.180ms -> 7498576.512ms (observed period: 33.332ms, expected period: 16.666ms (16.666ms))
06-25 18:58:36.342  1070  1102 W NotificationHistory: Attempted to remove channel for locked/gone/disabled user 0
06-25 18:58:36.348  1070  4878 I DisplayDeviceRepository: Display device removed: DisplayDeviceInfo{"com.oculus.android_panel_app.AndroidPanelLayer-controlbar7": uniqueId="virtual:com.oculus.systemux,10028,com.oculus.android_panel_app.AndroidPanelLayer-controlbar7,0", 1280 x 50, modeId 152, defaultModeId 152, supportedModes [{id=152, width=1280, height=50, fps=60.0, alternativeRefreshRates=[]}], colorMode 0, supportedColorModes [0], hdrCapabilities null, allmSupported false, gameContentTypeSupported false, density 200, 200.0 x 200.0 dpi, appVsyncOff 0, presDeadline 16666666, touch NONE, rotation 0, type VIRTUAL, deviceProductInfo null, state ON, owner com.oculus.systemux (uid 10028), frameRateOverride , brightnessMinimum 0.0, brightnessMaximum 0.0, brightnessDefault 0.0, FLAG_PRIVATE, FLAG_NEVER_BLANK, FLAG_OWN_CONTENT_ONLY}
06-25 18:58:36.350  1070  4878 I LogicalDisplayMapper: Removing display: 72
06-25 18:58:36.355  1070  1102 V WindowManager: Unknown focus tokens, dropping reportFocusChanged
06-25 18:58:36.393  1070  1110 I DropBoxManagerService: add tag=system_server_wtf isTagEnabled=true flags=0x2
06-25 18:58:36.557  1070  6679 E ThermalManagerService: No threshold found for pcb1-usr
06-25 18:58:36.557  1070  6679 E ThermalManagerService: No threshold found for pcb2-usr
06-25 18:58:36.557  1070  6679 E ThermalManagerService: No threshold found for pcb3-usr
06-25 18:58:36.557  1070  6679 E ThermalManagerService: No threshold found for rf-usr
06-25 18:58:36.557  1070  6679 E ThermalManagerService: No threshold found for cam0-usr
06-25 18:58:36.557  1070  6679 E ThermalManagerService: No threshold found for cam1-usr
06-25 18:58:36.557  1070  6679 E ThermalManagerService: No threshold found for cam2-usr
06-25 18:58:36.557  1070  6679 E ThermalManagerService: No threshold found for cam3-usr
06-25 18:58:36.557  1070  6679 E ThermalManagerService: No threshold found for cam4-usr
06-25 18:58:36.557  1070  6679 E ThermalManagerService: No threshold found for cam5-usr
06-25 18:58:36.557  1070  6679 E ThermalManagerService: No threshold found for disp-virt
06-25 18:58:36.557  1070  6679 E ThermalManagerService: No threshold found for pogo-usr
06-25 18:58:36.575   642  1037 E FrameSetCollator: [worldTracking] 30 FrameSets had unexpected timestamps (over 1000.93s). Ex: slot 0 7499543.140ms -> 7499576.472ms (observed period: 33.332ms, expected period: 16.666ms (16.666ms))
06-25 18:58:34.859     0     0 I msm_vidc: fw: <VFW_E:HostDr:264d:f7102fc0:00> VenusHostDriver_ParseC2SysPacket(897): BUILD_TIME: Dec 25 2023 22:57:51
06-25 18:58:37.215 17347 17347 D wlan    : [17347:IH:HIF] hif_rtpm_display_last_busy_hist: RTPM last busy ts:144161171354 client:HIF_RTPM_DP from:dp_service_srngs [wlan]
06-25 18:58:37.215 17347 17347 D wlan    : [17347:IH:HIF] hif_rtpm_display_last_busy_hist: RTPM client:HIF_RTPM_DP busy_ts:144161171354 get_ts:144153598641 put_ts:144153598961 get_cnt:52251 put_cnt:52251
06-25 18:58:37.215 17347 17347 D wlan    : [17347:IH:HIF] hif_rtpm_display_last_busy_hist: RTPM client:HIF_RTPM_CE busy_ts:144151962249 get_ts:0 put_ts:0 get_cnt:0 put_cnt:0
06-25 18:58:37.215 17347 17347 D wlan    : [17347:IH:HIF] hif_rtpm_display_last_busy_hist: RTPM CE-1 last busy_cnt:2 cur_idx:2 ts1:338409256 ts2:0 ts3:0 ts4:0
06-25 18:58:37.216 17347 17347 D wlan    : [17347:IH:HIF] hif_rtpm_display_last_busy_hist: RTPM CE-2 last busy_cnt:88792 cur_idx:88792 ts1:144151962245 ts2:144151930748 ts3:144151942205 ts4:144151952150
06-25 18:58:37.216 17347 17347 D wlan    : [17347:IH:HIF] hif_rtpm_display_last_busy_hist: RTPM CE-7 last busy_cnt:0 cur_idx:0 ts1:0 ts2:0 ts3:0 ts4:0
06-25 18:58:37.216 17347 17347 D wlan    : [17347:IH:DP] wlan_dp_display_txrx_stats: dp_intf: 0
06-25 18:58:37.216 17347 17347 D wlan    : [17347:IH:DP] wlan_dp_display_txrx_stats: Tx CPU[0]: called 28329, dropped 0, orphaned 8019
06-25 18:58:37.216 17347 17347 D wlan    : [17347:IH:DP] wlan_dp_display_txrx_stats: Tx CPU[1]: called 29933, dropped 0, orphaned 8162
06-25 18:58:37.216 17347 17347 D wlan    : [17347:IH:DP] wlan_dp_display_txrx_stats: Tx CPU[2]: called 10119, dropped 0, orphaned 2776
06-25 18:58:37.216 17347 17347 D wlan    : [17347:IH:DP] wlan_dp_display_txrx_stats: Tx CPU[3]: called 6701, dropped 0, orphaned 1203
06-25 18:58:37.216 17347 17347 D wlan    : [17347:IH:DP] wlan_dp_display_txrx_stats: Tx CPU[4]: called 6325, dropped 0, orphaned 1372
06-25 18:58:37.216 17347 17347 D wlan    : [17347:IH:DP] wlan_dp_display_txrx_stats: Tx CPU[5]: called 6296, dropped 0, orphaned 1347
06-25 18:58:37.216 17347 17347 D wlan    : [17347:IH:DP] wlan_dp_display_txrx_stats: TX - called 87703, dropped 0 orphan 22879
06-25 18:58:37.216 17347 17347 D wlan    : [17347:IH:DP] wlan_dp_display_txrx_stats: Rx CPU[0]: packets 189824, dropped 0, delivered 189817, refused 0
06-25 18:58:37.216 17347 17347 D wlan    : [17347:IH:DP] wlan_dp_display_txrx_stats: Rx CPU[1]: packets 205470, dropped 0, delivered 205463, refused 0
06-25 18:58:37.216 17347 17347 D wlan    : [17347:IH:DP] wlan_dp_display_txrx_stats: Rx CPU[2]: packets 76781, dropped 0, delivered 76780, refused 0
06-25 18:58:37.216 17347 17347 D wlan    : [17347:IH:DP] wlan_dp_display_txrx_stats: Rx CPU[3]: packets 56489, dropped 0, delivered 56489, refused 0
06-25 18:58:37.216 17347 17347 D wlan    : [17347:IH:DP] wlan_dp_display_txrx_stats: Rx CPU[4]: packets 50350, dropped 0, delivered 50350, refused 0
06-25 18:58:37.216 17347 17347 D wlan    : [17347:IH:DP] wlan_dp_display_txrx_stats: Rx CPU[5]: packets 52664, dropped 0, delivered 52664, refused 0
06-25 18:58:37.216 17347 17347 D wlan    : [17347:IH:DP] wlan_dp_display_txrx_stats: RX - packets 631578, dropped 0, unsol_arp_mcast_drp 15, delivered 631563, refused 0 GRO - agg 629953 drop 0 non-agg 1605 flush_skip 0 low_tput_flush 0 disabled(conc 0 low-tput 1)
06-25 18:58:37.216 17347 17347 D wlan    : [17347:IH:DP] dp_rx_tm_thread_dump_stats: thread:0 - qlen:0 queued:(total:113840 reo[0]:113840 ) dequeued:113840 stack:113840 gro_flushes: 8648 gro_flushes_by_vdev_del: 0 rx_flushes: 0 max_len:92 invalid(peer:0 vdev:0 rx-handle:0 others:0 enq fail:0)
06-25 18:58:37.216 17347 17347 D wlan    : [17347:IH:DP] dp_rx_tm_thread_dump_stats: thread:1 - qlen:0 queued:(total:126807 reo[1]:126807 ) dequeued:126807 stack:126807 gro_flushes: 10277 gro_flushes_by_vdev_del: 0 rx_flushes: 0 max_len:95 invalid(peer:0 vdev:0 rx-handle:0 others:0 enq fail:0)
06-25 18:58:37.216 17347 17347 D wlan    : [17347:IH:DP] dp_rx_tm_thread_dump_stats: thread:2 - qlen:0 queued:(total:155352 reo[2]:155352 ) dequeued:155352 stack:155352 gro_flushes: 10132 gro_flushes_by_vdev_del: 0 rx_flushes: 0 max_len:123 invalid(peer:0 vdev:0 rx-handle:0 others:0 enq fail:0)
06-25 18:58:37.216 17347 17347 D wlan    : [17347:IH:DP] dp_rx_tm_thread_dump_stats: thread:3 - qlen:0 queued:(total:235586 reo[3]:235586 ) dequeued:235586 stack:235586 gro_flushes: 17215 gro_flushes_by_vdev_del: 0 rx_flushes: 0 max_len:256 invalid(peer:0 vdev:0 rx-handle:0 others:0 enq fail:0)
06-25 18:58:37.216 17347 17347 D wlan    : [17347:IH:DP] Reo packets per ring:
06-25 18:58:37.216 17347 17347 D wlan    : [17347:IH:DP] Packets on ring 0:
06-25 18:58:37.216 17347 17347 D wlan    : [17347:IH:DP] Packets arriving on core 0: 113840
06-25 18:58:37.216 17347 17347 D wlan    : [17347:IH:DP] Total packets on ring 0: 113840
06-25 18:58:37.216 17347 17347 D wlan    : [17347:IH:DP] Packets on ring 1:
06-25 18:58:37.216 17347 17347 D wlan    : [17347:IH:DP] Packets arriving on core 0: 2088
06-25 18:58:37.216 17347 17347 D wlan    : [17347:IH:DP] Packets arriving on core 1: 34356
06-25 18:58:37.216 17347 17347 D wlan    : [17347:IH:DP] Packets arriving on core 2: 88739
06-25 18:58:37.216 17347 17347 D wlan    : [17347:IH:DP] Packets arriving on core 3: 1624
06-25 18:58:37.216 17347 17347 D wlan    : [17347:IH:DP] Total packets on ring 1: 126807
06-25 18:58:37.216 17347 17347 D wlan    : [17347:IH:DP] Packets on ring 2:
06-25 18:58:37.216 17347 17347 D wlan    : [17347:IH:DP] Packets arriving on core 0: 2067
06-25 18:58:37.216 17347 17347 D wlan    : [17347:IH:DP] Packets arriving on core 1: 8381
06-25 18:58:37.216 17347 17347 D wlan    : [17347:IH:DP] Packets arriving on core 2: 96863
06-25 18:58:37.216 17347 17347 D wlan    : [17347:IH:DP] Packets arriving on core 3: 48041
06-25 18:58:37.216 17347 17347 D wlan    : [17347:IH:DP] Total packets on ring 2: 155352
06-25 18:58:37.216 17347 17347 D wlan    : [17347:IH:DP] Packets on ring 3:
06-25 18:58:37.216 17347 17347 D wlan    : [17347:IH:DP] Packets arriving on core 0: 2180
06-25 18:58:37.216 17347 17347 D wlan    : [17347:IH:DP] Packets arriving on core 1: 1130
06-25 18:58:37.216 17347 17347 D wlan    : [17347:IH:DP] Packets arriving on core 2: 156032
06-25 18:58:37.216 17347 17347 D wlan    : [17347:IH:DP] Packets arriving on core 3: 76244
06-25 18:58:37.216 17347 17347 D wlan    : [17347:IH:DP] Total packets on ring 3: 235586
06-25 18:58:37.216 17347 17347 D wlan    : [17347:IH:DP] Packets on ring 4:
06-25 18:58:37.216 17347 17347 D wlan    : [17347:IH:DP] Total packets on ring 4: 0
06-25 18:58:37.216 17347 17347 D wlan    : [17347:IH:DP] Packets on ring 5:
06-25 18:58:37.216 17347 17347 D wlan    : [17347:IH:DP] Total packets on ring 5: 0
06-25 18:58:37.216 17347 17347 D wlan    : [17347:IH:DP] Packets on ring 6:
06-25 18:58:37.216 17347 17347 D wlan    : [17347:IH:DP] Total packets on ring 6: 0
06-25 18:58:37.216 17347 17347 D wlan    : [17347:IH:DP] Packets on ring 7:
06-25 18:58:37.216 17347 17347 D wlan    : [17347:IH:DP] Total packets on ring 7: 0
06-25 18:58:37.216 17347 17347 D wlan    : [17347:IH:HIF] NAPI[#]CPU[#] |scheds |polls  |comps  |dones  |t-lim  |max(us)|hist(500us buckets)
06-25 18:58:37.216 17347 17347 D wlan    : [17347:IH:HIF] NAPI[0]CPU[0]:    1557    1557    1557    5001       0     167 1557|0|0|0|
06-25 18:58:37.216 17347 17347 D wlan    : [17347:IH:HIF] NAPI[0]CPU[1]:    2441    2441    2441    8049       0     300 2441|0|0|0|
06-25 18:58:37.216 17347 17347 D wlan    : [17347:IH:HIF] NAPI[0]CPU[2]:    9474    9474    9474   25853       0     450 9474|0|0|0|
06-25 18:58:37.216 17347 17347 D wlan    : [17347:IH:HIF] NAPI[0]CPU[3]:    5867    5867    5867   23055       0     546 5866|1|0|0|
06-25 18:58:37.216 17347 17347 D wlan    : [17347:IH:HIF] NAPI[1]CPU[0]:    9204    9205    9204  113840       1     683 9204|1|0|0|
06-25 18:58:37.216 17347 17347 D wlan    : [17347:IH:HIF] NAPI[2]CPU[0]:     635     635     635    2088       0     255 635|0|0|0|
06-25 18:58:37.216 17347 17347 D wlan    : [17347:IH:HIF] NAPI[2]CPU[1]:    2563    2563    2563   34356       0     460 2563|0|0|0|
06-25 18:58:37.216 17347 17347 D wlan    : [17347:IH:HIF] NAPI[2]CPU[2]:    7096    7098    7096   88739       2     550 7094|4|0|0|
06-25 18:58:37.216 17347 17347 D wlan    : [17347:IH:HIF] NAPI[2]CPU[3]:     883     883     883    1624       0     338 883|0|0|0|
06-25 18:58:37.216 17347 17347 D wlan    : [17347:IH:HIF] NAPI[3]CPU[0]:    1604    1604    1604    4247       0     341 1604|0|0|0|
06-25 18:58:37.216 17347 17347 D wlan    : [17347:IH:HIF] NAPI[3]CPU[1]:    1420    1420    1420    9511       0     384 1420|0|0|0|
06-25 18:58:37.216 17347 17347 D wlan    : [17347:IH:HIF] NAPI[3]CPU[2]:   19773   19776   19773  252895       3     566 19770|6|0|0|
06-25 18:58:37.216 17347 17347 D wlan    : [17347:IH:HIF] NAPI[3]CPU[3]:    7079    7090    7079  124285      11     586 7073|17|0|0|
06-25 18:58:37.216 17347 17347 D wlan    : [17347:IH:HIF] NAPI[4]CPU[0]:    1250    1250    1250    3831       0     178 1250|0|0|0|
06-25 18:58:37.216 17347 17347 D wlan    : [17347:IH:HIF] NAPI[4]CPU[1]:    2318    2318    2318   19605       0     332 2318|0|0|0|
06-25 18:58:37.216 17347 17347 D wlan    : [17347:IH:HIF] NAPI[4]CPU[2]:    9253    9253    9253   23266       0     498 9253|0|0|0|
06-25 18:58:37.216 17347 17347 D wlan    : [17347:IH:HIF] NAPI[4]CPU[3]:    1937    1937    1937    4430       0     400 1937|0|0|0|
06-25 18:58:37.216 17347 17347 D wlan    : [17347:IH:HIF] NAPI[6]CPU[0]:      44      44      44       0       0      46 44|0|0|0|
06-25 18:58:37.216 17347 17347 D wlan    : [17347:IH:HIF] NAPI[6]CPU[4]:     161     161     161     256       0     169 161|0|0|0|
06-25 18:58:37.216 17347 17347 D wlan    : [17347:IH:DP] Tx path Statistics:
06-25 18:58:37.216 17347 17347 D wlan    : [17347:IH:DP] from stack: 113085 msdus (58997831 bytes)
06-25 18:58:37.216 17347 17347 D wlan    : [17347:IH:DP] processed from host: 113055 msdus (7766814 bytes)
06-25 18:58:37.216 17347 17347 D wlan    : [17347:IH:DP] successfully transmitted: 113089 msdus (60674537 bytes)
06-25 18:58:37.216 17347 17347 D wlan    : [17347:IH:DP] Enqueue to SW2TCL1: 43188
06-25 18:58:37.216 17347 17347 D wlan    : [17347:IH:DP] TX completions reaped from ring 0: 61958
06-25 18:58:37.216 17347 17347 D wlan    : [17347:IH:DP] Enqueue to SW2TCL2: 18770
06-25 18:58:37.216 17347 17347 D wlan    : [17347:IH:DP] TX completions reaped from ring 1: 0
06-25 18:58:37.216 17347 17347 D wlan    : [17347:IH:DP] Enqueue to SW2TCL3: 51132
06-25 18:58:37.216 17347 17347 D wlan    : [17347:IH:DP] TX completions reaped from ring 2: 51132
06-25 18:58:37.216 17347 17347 D wlan    : [17347:IH:DP] Invalid release source: 0
06-25 18:58:37.216 17347 17347 D wlan    : [17347:IH:DP] Invalid TX desc from completion ring: 0
06-25 18:58:37.216 17347 17347 D wlan    : [17347:IH:DP] Dropped in host:
06-25 18:58:37.216 17347 17347 D wlan    : [17347:IH:DP] Total packets dropped: 0,
06-25 18:58:37.216 17347 17347 D wlan    : [17347:IH:DP] Descriptor not available: 0
06-25 18:58:37.216 17347 17347 D wlan    : [17347:IH:DP] Ring full: 0
06-25 18:58:37.216 17347 17347 D wlan    : [17347:IH:DP] Enqueue fail: 0
06-25 18:58:37.216 17347 17347 D wlan    : [17347:IH:DP] Pkt dropped in vdev-id check: 0
06-25 18:58:37.216 17347 17347 D wlan    : [17347:IH:DP] DMA Error: 0
06-25 18:58:37.216 17347 17347 D wlan    : [17347:IH:DP] Drop Ingress: 0
06-25 18:58:37.216 17347 17347 D wlan    : [17347:IH:DP] Dropped in hardware:
06-25 18:58:37.216 17347 17347 D wlan    : [17347:IH:DP] total packets dropped: 0
06-25 18:58:37.216 17347 17347 D wlan    : [17347:IH:DP] mpdu age out: 0
06-25 18:58:37.216 17347 17347 D wlan    : [17347:IH:DP] firmware removed packets: 0 (0 bytes)
06-25 18:58:37.216 17347 17347 D wlan    : [17347:IH:DP] firmware removed tx: 0
06-25 18:58:37.216 17347 17347 D wlan    : [17347:IH:DP] firmware removed notx 0
06-25 18:58:37.216 17347 17347 D wlan    : [17347:IH:DP] Invalid peer on tx path: 0
06-25 18:58:37.216 17347 17347 D wlan    : [17347:IH:DP] Tx desc freed in non-completion path: 0
06-25 18:58:37.216 17347 17347 D wlan    : [17347:IH:DP] Tx desc force freed: 0
06-25 18:58:37.216 17347 17347 D wlan    : [17347:IH:DP] Tx packets sent per interrupt:
06-25 18:58:37.216 17347 17347 D wlan    : [17347:IH:DP] Single Packet: 12489
06-25 18:58:37.216 17347 17347 D wlan    : [17347:IH:DP] 2-20 Packets:  16392
06-25 18:58:37.216 17347 17347 D wlan    : [17347:IH:DP] 21-40 Packets: 412
06-25 18:58:37.216 17347 17347 D wlan    : [17347:IH:DP] 41-60 Packets: 73
06-25 18:58:37.216 17347 17347 D wlan    : [17347:IH:DP] 61-80 Packets: 45
06-25 18:58:37.216 17347 17347 D wlan    : [17347:IH:DP] 81-100 Packets: 10
06-25 18:58:37.216 17347 17347 D wlan    : [17347:IH:DP] 101-200 Packets: 12
06-25 18:58:37.216 17347 17347 D wlan    : [17347:IH:DP]     201+ Packets: 0
06-25 18:58:37.216 17347 17347 D wlan    : [17347:IH:DP] Rx path statistics
06-25 18:58:37.216 17347 17347 D wlan    : [17347:IH:DP] delivered 631578 msdus ( 864430999 bytes),
06-25 18:58:37.216 17347 17347 D wlan    : [17347:IH:DP] received on reo[0] 113840 msdus( 154980098 bytes),
06-25 18:58:37.216 17347 17347 D wlan    : [17347:IH:DP] received on reo[1] 126807 msdus( 167527556 bytes),
06-25 18:58:37.216 17347 17347 D wlan    : [17347:IH:DP] received on reo[2] 155352 msdus( 214076151 bytes),
06-25 18:58:37.216 17347 17347 D wlan    : [17347:IH:DP] received on reo[3] 235586 msdus( 327853308 bytes),
06-25 18:58:37.216 17347 17347 D wlan    : [17347:IH:DP] received on lmac[0] 0 msdus (0 bytes),
06-25 18:58:37.216 17347 17347 D wlan    : [17347:IH:DP] received on lmac[1] 0 msdus (0 bytes),
06-25 18:58:37.216 17347 17347 D wlan    : [17347:IH:DP] intra-bss packets 0 msdus ( 0 bytes),
06-25 18:58:37.216 17347 17347 D wlan    : [17347:IH:DP] intra-bss fails 0 msdus ( 0 bytes),
06-25 18:58:37.216 17347 17347 D wlan    : [17347:IH:DP] intra-bss no mdns fwds 0 msdus
06-25 18:58:37.216 17347 17347 D wlan    : [17347:IH:DP] intra-bss EAPOL drops: 0
06-25 18:58:37.216 17347 17347 D wlan    : [17347:IH:DP] raw packets 0 msdus ( 0 bytes),
06-25 18:58:37.216 17347 17347 D wlan    : [17347:IH:DP] mic errors 11910
06-25 18:58:37.216 17347 17347 D wlan    : [17347:IH:DP] Invalid peer on rx path: 0
06-25 18:58:37.216 17347 17347 D wlan    : [17347:IH:DP] sw_peer_id invalid 0
06-25 18:58:37.216 17347 17347 D wlan    : [17347:IH:DP] packet_len invalid 0
06-25 18:58:37.216 17347 17347 D wlan    : [17347:IH:DP] sa or da idx invalid 0
06-25 18:58:37.216 17347 17347 D wlan    : [17347:IH:DP] defrag peer uninit 0
06-25 18:58:37.216 17347 17347 D wlan    : [17347:IH:DP] pkts delivered no peer 0
06-25 18:58:37.216 17347 17347 D wlan    : [17347:IH:DP] RX invalid cookie: 0
06-25 18:58:37.216 17347 17347 D wlan    : [17347:IH:DP] RX stale cookie: 0
06-25 18:58:37.216 17347 17347 D wlan    : [17347:IH:DP] 2k jump delba sent: 0
06-25 18:58:37.216 17347 17347 D wlan    : [17347:IH:DP] 2k jump msdu to stack: 0
06-25 18:58:37.216 17347 17347 D wlan    : [17347:IH:DP] 2k jump msdu drop: 0
06-25 18:58:37.216 17347 17347 D wlan    : [17347:IH:DP] REO err oor msdu to stack 0
06-25 18:58:37.216 17347 17347 D wlan    : [17347:IH:DP] REO err oor msdu drop: 256
06-25 18:58:37.216 17347 17347 D wlan    : [17347:IH:DP] Rx err msdu rejected: 0
06-25 18:58:37.216 17347 17347 D wlan    : [17347:IH:DP] Rx raw frame dropped: 0
06-25 18:58:37.216 17347 17347 D wlan    : [17347:IH:DP] Rx stale link desc cookie: 0
06-25 18:58:37.216 17347 17347 D wlan    : [17347:IH:DP] Rx nbuf sanity fails: 0
06-25 18:58:37.216 17347 17347 D wlan    : [17347:IH:DP] Rx refill duplicate link desc: 0
06-25 18:58:37.216 17347 17347 D wlan    : [17347:IH:DP] Rx ipa smmu map duplicate: 0
06-25 18:58:37.216 17347 17347 D wlan    : [17347:IH:DP] Rx ipa smmu unmap duplicate: 0
06-25 18:58:37.216 17347 17347 D wlan    : [17347:IH:DP] Rx ipa smmu unmap no pipes: 0
06-25 18:58:37.216 17347 17347 D wlan    : [17347:IH:DP] PN-in-Dest error frame pn-check fail: 0
06-25 18:58:37.216 17347 17347 D wlan    : [17347:IH:DP] Reo Statistics
06-25 18:58:37.216 17347 17347 D wlan    : [17347:IH:DP] near_full: 0
06-25 18:58:37.216 17347 17347 D wlan    : [17347:IH:DP] rbm error: 0 msdus
06-25 18:58:37.216 17347 17347 D wlan    : [17347:IH:DP] hal ring access fail: 0 msdus
06-25 18:58:37.216 17347 17347 D wlan    : [17347:IH:DP] hal ring access full fail: 0 msdus
06-25 18:58:37.216 17347 17347 D wlan    : [17347:IH:DP] Rx BAR frames:0
06-25 18:58:37.216 17347 17347 D wlan    : [17347:IH:DP] Reo error number (7): 134 msdus
06-25 18:58:37.216 17347 17347 D wlan    : [17347:IH:DP] Rx packets reaped per interrupt:
06-25 18:58:37.216 17347 17347 D wlan    : [17347:IH:DP] Single Packet: 8749
06-25 18:58:37.216 17347 17347 D wlan    : [17347:IH:DP] 2-20 Packets:  28152
06-25 18:58:37.216 17347 17347 D wlan    : [17347:IH:DP] 21-40 Packets: 8572
06-25 18:58:37.216 17347 17347 D wlan    : [17347:IH:DP] 41-60 Packets: 1800
06-25 18:58:37.216 17347 17347 D wlan    : [17347:IH:DP] 61-80 Packets: 203
06-25 18:58:37.216 17347 17347 D wlan    : [17347:IH:DP] 81-100 Packets: 68
06-25 18:58:37.216 17347 17347 D wlan    : [17347:IH:DP] 101-200 Packets: 55
06-25 18:58:37.216 17347 17347 D wlan    : [17347:IH:DP]    201+ Packets: 6
06-25 18:58:37.216 17347 17347 D wlan    : [17347:IH:DP] dp_txrx_path_stats: tso_enable: 1 lro_enable: 0 rx_hash: 1 napi_enable: 1
06-25 18:58:37.216 17347 17347 D wlan    : [17347:IH:DP] dp_txrx_path_stats: Tx flow stop queue: 15 tx flow start queue offset: 10
06-25 18:58:37.216 17347 17347 D wlan    : [17347:IH:DP] dp_print_soc_interrupt_stats:  0[450] - Total:19339 tx_comps[0]:16834
06-25 18:58:37.216 17347 17347 D wlan    : [17347:IH:DP] dp_print_soc_interrupt_stats:  1[451] - Total:9205 reo[0]:8817
06-25 18:58:37.216 17347 17347 D wlan    : [17347:IH:DP] dp_print_soc_interrupt_stats:  2[452] - Total:11179 reo[1]:10557
06-25 18:58:37.216 17347 17347 D wlan    : [17347:IH:DP] dp_print_soc_interrupt_stats:  3[453] - Total:29890 reo[2]:10604 reo[3]:17628
06-25 18:58:37.216 17347 17347 D wlan    : [17347:IH:DP] dp_print_soc_interrupt_stats:  4[454] - Total:14758 tx_comps[2]:12599
06-25 18:58:37.216 17347 17347 D wlan    : [17347:IH:DP] dp_print_soc_interrupt_stats:  6[456] - Total:205 reo_err:48 wbm_rx_err:0 rxdma2_host_err:0
06-25 18:58:37.216 17347 17347 D wlan    : [17347:IH:DP] vdev_id: 0 Per TID Delay Non-Zero Stats:
06-25 18:58:37.216 17347 17347 D wlan    : [17347:IH:DP] Hardware Tx completion latency stats TID: 0
06-25 18:58:37.216 17347 17347 D wlan    : [17347:IH:DP] Min = 0
06-25 18:58:37.216 17347 17347 D wlan    : [17347:IH:DP] Max = 0
06-25 18:58:37.216 17347 17347 D wlan    : [17347:IH:DP] Avg = 0
06-25 18:58:37.216 17347 17347 D wlan    : [17347:IH:DP] Hardware Tx completion latency stats TID: 1
06-25 18:58:37.216 17347 17347 D wlan    : [17347:IH:DP] Min = 0
06-25 18:58:37.216 17347 17347 D wlan    : [17347:IH:DP] Max = 0
06-25 18:58:37.216 17347 17347 D wlan    : [17347:IH:DP] Avg = 0
06-25 18:58:37.216 17347 17347 D wlan    : [17347:IH:DP] Hardware Tx completion latency stats TID: 2
06-25 18:58:37.216 17347 17347 D wlan    : [17347:IH:DP] Min = 0
06-25 18:58:37.216 17347 17347 D wlan    : [17347:IH:DP] Max = 0
06-25 18:58:37.216 17347 17347 D wlan    : [17347:IH:DP] Avg = 0
06-25 18:58:37.216 17347 17347 D wlan    : [17347:IH:DP] Hardware Tx completion latency stats TID: 3
06-25 18:58:37.216 17347 17347 D wlan    : [17347:IH:DP] Min = 0
06-25 18:58:37.216 17347 17347 D wlan    : [17347:IH:DP] Max = 0
06-25 18:58:37.216 17347 17347 D wlan    : [17347:IH:DP] Avg = 0
06-25 18:58:37.216 17347 17347 D wlan    : [17347:IH:DP] Hardware Tx completion latency stats TID: 4
06-25 18:58:37.216 17347 17347 D wlan    : [17347:IH:DP] Min = 0
06-25 18:58:37.216 17347 17347 D wlan    : [17347:IH:DP] Max = 0
06-25 18:58:37.216 17347 17347 D wlan    : [17347:IH:DP] Avg = 0
06-25 18:58:37.216 17347 17347 D wlan    : [17347:IH:DP] Hardware Tx completion latency stats TID: 5
06-25 18:58:37.216 17347 17347 D wlan    : [17347:IH:DP] Min = 0
06-25 18:58:37.216 17347 17347 D wlan    : [17347:IH:DP] Max = 0
06-25 18:58:37.216 17347 17347 D wlan    : [17347:IH:DP] Avg = 0
06-25 18:58:37.216 17347 17347 D wlan    : [17347:IH:DP] Hardware Tx completion latency stats TID: 6
06-25 18:58:37.216 17347 17347 D wlan    : [17347:IH:DP] Min = 0
06-25 18:58:37.216 17347 17347 D wlan    : [17347:IH:DP] Max = 0
06-25 18:58:37.216 17347 17347 D wlan    : [17347:IH:DP] Avg = 0
06-25 18:58:37.216 17347 17347 D wlan    : [17347:IH:DP] Hardware Tx completion latency stats TID: 7
06-25 18:58:37.216 17347 17347 D wlan    : [17347:IH:DP] Min = 0
06-25 18:58:37.216 17347 17347 D wlan    : [17347:IH:DP] Max = 0
06-25 18:58:37.216 17347 17347 D wlan    : [17347:IH:DP] Avg = 0
06-25 18:58:37.216 17347 17347 D wlan    : [17347:IH:DP] Hardware Tx completion latency stats TID: 8
06-25 18:58:37.216 17347 17347 D wlan    : [17347:IH:DP] Min = 0
06-25 18:58:37.216 17347 17347 D wlan    : [17347:IH:DP] Max = 0
06-25 18:58:37.216 17347 17347 D wlan    : [17347:IH:DP] Avg = 0
06-25 18:58:37.216 17347 17347 D wlan    : [17347:IH:DP] dp_print_fisa_stats: invalid flow index: 0
06-25 18:58:37.216 17347 17347 D wlan    : [17347:IH:DP] dp_print_fisa_stats: workqueue update deferred: 0
06-25 18:58:37.216 17347 17347 D wlan    : [17347:IH:DP] dp_print_fisa_stats: reo_mismatch: cce_match: 0
06-25 18:58:37.216 17347 17347 D wlan    : [17347:IH:DP] dp_print_fisa_stats: reo_mismatch: allow_fse_metdata_mismatch: 0
06-25 18:58:37.216 17347 17347 D wlan    : [17347:IH:DP] dp_print_fisa_stats: reo_mismatch: allow_non_aggr: 0
06-25 18:58:37.216 17347 17347 D wlan    : [17347:IH:DP] FLOW_POOL_STATS G:(1,3,0) | 0 0: (6144,6143,0)
06-25 18:58:37.216 17347 17347 D wlan    : [17347:IL:HDD] STATS |[0 0] (0) 8200/7499056ms 1(5,1) |[255 7] (2) 7499056/7499056ms 1(1,0) |[255 16] (2) 7499056/7499056ms 1(3,0) |
06-25 18:58:37.216 17347 17347 D wlan    : [17347:IH:DP] dp_display_srng_info: SRNG HP-TP data:
06-25 18:58:37.216 17347 17347 D wlan    : [17347:IH:DP] dp_display_srng_info: TCL DATA ring[0]: hp=0x45a0, tp=0x45a0
06-25 18:58:37.216 17347 17347 D wlan    : [17347:IH:DP] dp_display_srng_info: TX comp ring[0]: hp=0x9030, tp=0x9030
06-25 18:58:37.216 17347 17347 D wlan    : [17347:IH:DP] dp_display_srng_info: TCL DATA ring[1]: hp=0x6a90, tp=0x6a90
06-25 18:58:37.216 17347 17347 D wlan    : [17347:IH:DP] dp_display_srng_info: TCL DATA ring[2]: hp=0x9de8, tp=0x9de0
06-25 18:58:37.216 17347 17347 D wlan    : [17347:IH:DP] dp_display_srng_info: TX comp ring[2]: hp=0x3de0, tp=0x3de0
06-25 18:58:37.216 17347 17347 D wlan    : [17347:IH:DP] dp_display_srng_info: REO DST ring[0]: hp=0xb00, tp=0xb00
06-25 18:58:37.216 17347 17347 D wlan    : [17347:IH:DP] dp_display_srng_info: REO DST ring[1]: hp=0x3570, tp=0x3570
06-25 18:58:37.216 17347 17347 D wlan    : [17347:IH:DP] dp_display_srng_info: REO DST ring[2]: hp=0x2d80, tp=0x2d80
06-25 18:58:37.216 17347 17347 D wlan    : [17347:IH:DP] dp_display_srng_info: REO DST ring[3]: hp=0x420, tp=0x420
06-25 18:58:37.216 17347 17347 D wlan    : [17347:IH:DP] dp_display_srng_info: REO exception ring: hp=0x860, tp=0x860
06-25 18:58:37.216 17347 17347 D wlan    : [17347:IH:DP] dp_display_srng_info: WBM RX release ring: hp=0x0, tp=0x0
06-25 18:58:37.216 17347 17347 D wlan    : [17347:IH:DP] dp_display_srng_info: WBM desc release ring: hp=0x440, tp=0x440
06-25 18:58:37.280     0     0 W healthd : battery l=100 v=4401 t=33.0 h=2 st=5 c=-311287 fc=5070000 cc=3 chg=a
06-25 18:58:37.569  1070  6681 E ThermalManagerService: No threshold found for pcb1-usr
06-25 18:58:37.569  1070  6681 E ThermalManagerService: No threshold found for pcb2-usr
06-25 18:58:37.569  1070  6681 E ThermalManagerService: No threshold found for pcb3-usr
06-25 18:58:37.569  1070  6681 E ThermalManagerService: No threshold found for rf-usr
06-25 18:58:37.569  1070  6681 E ThermalManagerService: No threshold found for cam0-usr
06-25 18:58:37.569  1070  6681 E ThermalManagerService: No threshold found for cam1-usr
06-25 18:58:37.569  1070  6681 E ThermalManagerService: No threshold found for cam2-usr
06-25 18:58:37.569  1070  6681 E ThermalManagerService: No threshold found for cam3-usr
06-25 18:58:37.569  1070  6681 E ThermalManagerService: No threshold found for cam4-usr
06-25 18:58:37.569  1070  6681 E ThermalManagerService: No threshold found for cam5-usr
06-25 18:58:37.569  1070  6681 E ThermalManagerService: No threshold found for disp-virt
06-25 18:58:37.569  1070  6681 E ThermalManagerService: No threshold found for pogo-usr
06-25 18:58:37.587   642  1037 E FrameSetCollator: [worldTracking] 31 FrameSets had unexpected timestamps (over 1012.61s). Ex: slot 1 7500576.432ms -> 7500593.098ms (observed period: 16.666ms, expected period: 16.666ms (16.666ms))
06-25 18:58:38.112   637   666 I SyncBossFW: 7501119 [info   ] {PERF}: cpu load cur=0.4023 min=-0.1142 max=0.4666 avg=-0.0378
06-25 18:58:38.570  1070  6681 E ThermalManagerService: No threshold found for pcb1-usr
06-25 18:58:38.570  1070  6681 E ThermalManagerService: No threshold found for pcb2-usr
06-25 18:58:38.570  1070  6681 E ThermalManagerService: No threshold found for pcb3-usr
06-25 18:58:38.570  1070  6681 E ThermalManagerService: No threshold found for rf-usr
06-25 18:58:38.570  1070  6681 E ThermalManagerService: No threshold found for cam0-usr
06-25 18:58:38.570  1070  6681 E ThermalManagerService: No threshold found for cam1-usr
06-25 18:58:38.570  1070  6681 E ThermalManagerService: No threshold found for cam2-usr
06-25 18:58:38.570  1070  6681 E ThermalManagerService: No threshold found for cam3-usr
06-25 18:58:38.570  1070  6681 E ThermalManagerService: No threshold found for cam4-usr
06-25 18:58:38.570  1070  6681 E ThermalManagerService: No threshold found for cam5-usr
06-25 18:58:38.571  1070  6681 E ThermalManagerService: No threshold found for disp-virt
06-25 18:58:38.571  1070  6681 E ThermalManagerService: No threshold found for pogo-usr
06-25 18:58:38.641   642  1037 E FrameSetCollator: [worldTracking] 31 FrameSets had unexpected timestamps (over 1053.03s). Ex: slot 0 7501609.724ms -> 7501643.056ms (observed period: 33.332ms, expected period: 16.666ms (16.666ms))
06-25 18:58:39.583  1070  6681 E ThermalManagerService: No threshold found for pcb1-usr
06-25 18:58:39.583  1070  6681 E ThermalManagerService: No threshold found for pcb2-usr
06-25 18:58:39.583  1070  6681 E ThermalManagerService: No threshold found for pcb3-usr
06-25 18:58:39.583  1070  6681 E ThermalManagerService: No threshold found for rf-usr
06-25 18:58:39.583  1070  6681 E ThermalManagerService: No threshold found for cam0-usr
06-25 18:58:39.583  1070  6681 E ThermalManagerService: No threshold found for cam1-usr
06-25 18:58:39.583  1070  6681 E ThermalManagerService: No threshold found for cam2-usr
06-25 18:58:39.583  1070  6681 E ThermalManagerService: No threshold found for cam3-usr
06-25 18:58:39.583  1070  6681 E ThermalManagerService: No threshold found for cam4-usr
06-25 18:58:39.583  1070  6681 E ThermalManagerService: No threshold found for cam5-usr
06-25 18:58:39.583  1070  6681 E ThermalManagerService: No threshold found for disp-virt
06-25 18:58:39.583  1070  6681 E ThermalManagerService: No threshold found for pogo-usr
06-25 18:58:39.641   642  1037 E FrameSetCollator: [worldTracking] 30 FrameSets had unexpected timestamps (over 1000.25s). Ex: slot 0 7502609.684ms -> 7502643.016ms (observed period: 33.332ms, expected period: 16.666ms (16.666ms))
06-25 18:58:40.583  1070  6681 E ThermalManagerService: No threshold found for pcb1-usr
06-25 18:58:40.583  1070  6681 E ThermalManagerService: No threshold found for pcb2-usr
06-25 18:58:40.583  1070  6681 E ThermalManagerService: No threshold found for pcb3-usr
06-25 18:58:40.583  1070  6681 E ThermalManagerService: No threshold found for rf-usr
06-25 18:58:40.583  1070  6681 E ThermalManagerService: No threshold found for cam0-usr
06-25 18:58:40.583  1070  6681 E ThermalManagerService: No threshold found for cam1-usr
06-25 18:58:40.583  1070  6681 E ThermalManagerService: No threshold found for cam2-usr
06-25 18:58:40.583  1070  6681 E ThermalManagerService: No threshold found for cam3-usr
06-25 18:58:40.583  1070  6681 E ThermalManagerService: No threshold found for cam4-usr
06-25 18:58:40.583  1070  6681 E ThermalManagerService: No threshold found for cam5-usr
06-25 18:58:40.583  1070  6681 E ThermalManagerService: No threshold found for disp-virt
06-25 18:58:40.583  1070  6681 E ThermalManagerService: No threshold found for pogo-usr
06-25 18:58:40.654   642  1037 E FrameSetCollator: [worldTracking] 31 FrameSets had unexpected timestamps (over 1013.20s). Ex: slot 1 7503642.976ms -> 7503659.642ms (observed period: 16.666ms, expected period: 16.666ms (16.666ms))
06-25 18:58:41.315     0     0 W debug_low_async_space_locked: 11 callbacks suppressed
06-25 18:58:41.315     0     0 I binder_alloc: 801: pid 795 spamming oneway? 70 buffers allocated for a total size of 418024
06-25 18:58:41.315     0     0 I binder_alloc: 801: pid 795 spamming oneway? 71 buffers allocated for a total size of 424008
06-25 18:58:41.316     0     0 I binder_alloc: 801: pid 795 spamming oneway? 72 buffers allocated for a total size of 429960
06-25 18:58:41.316     0     0 I binder_alloc: 801: pid 795 spamming oneway? 73 buffers allocated for a total size of 435928
06-25 18:58:41.316     0     0 I binder_alloc: 801: pid 795 spamming oneway? 73 buffers allocated for a total size of 435904
06-25 18:58:41.316     0     0 I binder_alloc: 801: pid 795 spamming oneway? 74 buffers allocated for a total size of 441856
06-25 18:58:41.316     0     0 I binder_alloc: 801: pid 795 spamming oneway? 75 buffers allocated for a total size of 447824
06-25 18:58:41.316     0     0 I binder_alloc: 801: pid 795 spamming oneway? 76 buffers allocated for a total size of 453776
06-25 18:58:41.316     0     0 I binder_alloc: 801: pid 795 spamming oneway? 77 buffers allocated for a total size of 459792
06-25 18:58:41.317     0     0 I binder_alloc: 801: pid 795 spamming oneway? 78 buffers allocated for a total size of 465760
06-25 18:58:41.319     0     0 I binder  : 795:1198 transaction failed 29201/-28, size 5876-0 line 3325
06-25 18:58:41.596  1070  6681 E ThermalManagerService: No threshold found for pcb1-usr
06-25 18:58:41.597  1070  6681 E ThermalManagerService: No threshold found for pcb2-usr
06-25 18:58:41.597  1070  6681 E ThermalManagerService: No threshold found for pcb3-usr
06-25 18:58:41.597  1070  6681 E ThermalManagerService: No threshold found for rf-usr
06-25 18:58:41.597  1070  6681 E ThermalManagerService: No threshold found for cam0-usr
