06-18 22:52:42.190  7547  7547 D wlan    : [7547:IH:DP] wlan_dp_display_txrx_stats: Tx CPU[2]: called 5982, dropped 0, orphaned 4796
06-18 22:52:42.190  7547  7547 D wlan    : [7547:IH:DP] wlan_dp_display_txrx_stats: Tx CPU[3]: called 2767, dropped 0, orphaned 1929
06-18 22:52:42.190  7547  7547 D wlan    : [7547:IH:DP] wlan_dp_display_txrx_stats: Tx CPU[4]: called 2613, dropped 0, orphaned 1760
06-18 22:52:42.190  7547  7547 D wlan    : [7547:IH:DP] wlan_dp_display_txrx_stats: Tx CPU[5]: called 3127, dropped 0, orphaned 2057
06-18 22:52:42.190  7547  7547 D wlan    : [7547:IH:DP] wlan_dp_display_txrx_stats: TX - called 90050, dropped 0 orphan 54389
06-18 22:52:42.190  7547  7547 D wlan    : [7547:IH:DP] wlan_dp_display_txrx_stats: Rx CPU[0]: packets 44130, dropped 0, delivered 44069, refused 0
06-18 22:52:42.190  7547  7547 D wlan    : [7547:IH:DP] wlan_dp_display_txrx_stats: Rx CPU[1]: packets 45364, dropped 0, delivered 45314, refused 0
06-18 22:52:42.190  7547  7547 D wlan    : [7547:IH:DP] wlan_dp_display_txrx_stats: Rx CPU[2]: packets 1228, dropped 0, delivered 1226, refused 0
06-18 22:52:42.190  7547  7547 D wlan    : [7547:IH:DP] wlan_dp_display_txrx_stats: Rx CPU[3]: packets 1226, dropped 0, delivered 1226, refused 0
06-18 22:52:42.190  7547  7547 D wlan    : [7547:IH:DP] wlan_dp_display_txrx_stats: Rx CPU[4]: packets 1073, dropped 0, delivered 1072, refused 0
06-18 22:52:42.190  7547  7547 D wlan    : [7547:IH:DP] wlan_dp_display_txrx_stats: Rx CPU[5]: packets 1580, dropped 0, delivered 1580, refused 0
06-18 22:52:42.190  7547  7547 D wlan    : [7547:IH:DP] wlan_dp_display_txrx_stats: RX - packets 94601, dropped 0, unsol_arp_mcast_drp 112, delivered 94487, refused 0 GRO - agg 90317 drop 0 non-agg 4153 flush_skip 0 low_tput_flush 0 disabled(conc 0 low-tput 1)
06-18 22:52:42.190  7547  7547 D wlan    : [7547:IH:DP] dp_rx_tm_thread_dump_stats: thread:0 - qlen:0 queued:(total:6718 reo[0]:6718 ) dequeued:6718 stack:6718 gro_flushes: 2939 gro_flushes_by_vdev_del: 1 rx_flushes: 0 max_len:31 invalid(peer:0 vdev:0 rx-handle:0 others:0 enq fail:0)
06-18 22:52:42.190  7547  7547 D wlan    : [7547:IH:DP] dp_rx_tm_thread_dump_stats: thread:1 - qlen:0 queued:(total:5459 reo[1]:5459 ) dequeued:5459 stack:5459 gro_flushes: 2372 gro_flushes_by_vdev_del: 1 rx_flushes: 0 max_len:36 invalid(peer:0 vdev:0 rx-handle:0 others:0 enq fail:0)
06-18 22:52:42.190  7547  7547 D wlan    : [7547:IH:DP] dp_rx_tm_thread_dump_stats: thread:2 - qlen:0 queued:(total:6363 reo[2]:6363 ) dequeued:6363 stack:6363 gro_flushes: 2639 gro_flushes_by_vdev_del: 1 rx_flushes: 0 max_len:33 invalid(peer:0 vdev:0 rx-handle:0 others:0 enq fail:0)
06-18 22:52:42.190  7547  7547 D wlan    : [7547:IH:DP] dp_rx_tm_thread_dump_stats: thread:3 - qlen:0 queued:(total:6239 reo[3]:6239 ) dequeued:6239 stack:6239 gro_flushes: 2735 gro_flushes_by_vdev_del: 1 rx_flushes: 0 max_len:33 invalid(peer:0 vdev:0 rx-handle:0 others:0 enq fail:0)
06-18 22:52:42.190  7547  7547 D wlan    : [7547:IH:DP] Reo packets per ring:
06-18 22:52:42.190  7547  7547 D wlan    : [7547:IH:DP] Packets on ring 0:
06-18 22:52:42.190  7547  7547 D wlan    : [7547:IH:DP] Packets arriving on core 0: 302
06-18 22:52:42.190  7547  7547 D wlan    : [7547:IH:DP] Packets arriving on core 1: 296
06-18 22:52:42.190  7547  7547 D wlan    : [7547:IH:DP] Packets arriving on core 2: 3877
06-18 22:52:42.190  7547  7547 D wlan    : [7547:IH:DP] Packets arriving on core 3: 1497
06-18 22:52:42.190  7547  7547 D wlan    : [7547:IH:DP] Packets arriving on core 4: 746
06-18 22:52:42.190  7547  7547 D wlan    : [7547:IH:DP] Total packets on ring 0: 6718
06-18 22:52:42.190  7547  7547 D wlan    : [7547:IH:DP] Packets on ring 1:
06-18 22:52:42.190  7547  7547 D wlan    : [7547:IH:DP] Packets arriving on core 1: 1176
06-18 22:52:42.190  7547  7547 D wlan    : [7547:IH:DP] Packets arriving on core 2: 2760
06-18 22:52:42.190  7547  7547 D wlan    : [7547:IH:DP] Packets arriving on core 3: 271
06-18 22:52:42.190  7547  7547 D wlan    : [7547:IH:DP] Packets arriving on core 4: 1252
06-18 22:52:42.190  7547  7547 D wlan    : [7547:IH:DP] Total packets on ring 1: 5459
06-18 22:52:42.190  7547  7547 D wlan    : [7547:IH:DP] Packets on ring 2:
06-18 22:52:42.190  7547  7547 D wlan    : [7547:IH:DP] Packets arriving on core 1: 416
06-18 22:52:42.190  7547  7547 D wlan    : [7547:IH:DP] Packets arriving on core 2: 3855
06-18 22:52:42.190  7547  7547 D wlan    : [7547:IH:DP] Packets arriving on core 3: 359
06-18 22:52:42.190  7547  7547 D wlan    : [7547:IH:DP] Packets arriving on core 4: 1733
06-18 22:52:42.190  7547  7547 D wlan    : [7547:IH:DP] Total packets on ring 2: 6363
06-18 22:52:42.190  7547  7547 D wlan    : [7547:IH:DP] Packets on ring 3:
06-18 22:52:42.190  7547  7547 D wlan    : [7547:IH:DP] Packets arriving on core 1: 236
06-18 22:52:42.190  7547  7547 D wlan    : [7547:IH:DP] Packets arriving on core 2: 3582
06-18 22:52:42.190  7547  7547 D wlan    : [7547:IH:DP] Packets arriving on core 3: 687
06-18 22:52:42.190  7547  7547 D wlan    : [7547:IH:DP] Packets arriving on core 4: 1734
06-18 22:52:42.190  7547  7547 D wlan    : [7547:IH:DP] Total packets on ring 3: 6239
06-18 22:52:42.190  7547  7547 D wlan    : [7547:IH:DP] Packets on ring 4:
06-18 22:52:42.190  7547  7547 D wlan    : [7547:IH:DP] Total packets on ring 4: 0
06-18 22:52:42.190  7547  7547 D wlan    : [7547:IH:DP] Packets on ring 5:
06-18 22:52:42.190  7547  7547 D wlan    : [7547:IH:DP] Total packets on ring 5: 0
06-18 22:52:42.190  7547  7547 D wlan    : [7547:IH:DP] Packets on ring 6:
06-18 22:52:42.190  7547  7547 D wlan    : [7547:IH:DP] Total packets on ring 6: 0
06-18 22:52:42.190  7547  7547 D wlan    : [7547:IH:DP] Packets on ring 7:
06-18 22:52:42.190  7547  7547 D wlan    : [7547:IH:DP] Total packets on ring 7: 0
06-18 22:52:42.190  7547  7547 D wlan    : [7547:IH:HIF] NAPI[#]CPU[#] |scheds |polls  |comps  |dones  |t-lim  |max(us)|hist(500us buckets)
06-18 22:52:42.190  7547  7547 D wlan    : [7547:IH:HIF] NAPI[0]CPU[1]:     444     444     444    1102       0     205 444|0|0|0|
06-18 22:52:42.191  7547  7547 D wlan    : [7547:IH:HIF] NAPI[0]CPU[2]:    4256    4256    4256    9330       0     421 4256|0|0|0|
06-18 22:52:42.191  7547  7547 D wlan    : [7547:IH:HIF] NAPI[0]CPU[3]:     513     513     513    1270       0     126 513|0|0|0|
06-18 22:52:42.191  7547  7547 D wlan    : [7547:IH:HIF] NAPI[0]CPU[4]:    1996    1996    1996    3961       0     231 1996|0|0|0|
06-18 22:52:42.191  7547  7547 D wlan    : [7547:IH:HIF] NAPI[1]CPU[0]:     150     150     150     302       0     381 150|0|0|0|
06-18 22:52:42.191  7547  7547 D wlan    : [7547:IH:HIF] NAPI[1]CPU[1]:     120     120     120     296       0     526 119|1|0|0|
06-18 22:52:42.191  7547  7547 D wlan    : [7547:IH:HIF] NAPI[1]CPU[2]:    1851    1851    1851    3877       0     336 1851|0|0|0|
06-18 22:52:42.191  7547  7547 D wlan    : [7547:IH:HIF] NAPI[1]CPU[3]:     718     718     718    1497       0     366 718|0|0|0|
06-18 22:52:42.191  7547  7547 D wlan    : [7547:IH:HIF] NAPI[1]CPU[4]:     376     376     376     746       0     258 376|0|0|0|
06-18 22:52:42.191  7547  7547 D wlan    : [7547:IH:HIF] NAPI[2]CPU[1]:     576     576     576    1176       0     377 576|0|0|0|
06-18 22:52:42.191  7547  7547 D wlan    : [7547:IH:HIF] NAPI[2]CPU[2]:    1333    1333    1333    2760       0     310 1333|0|0|0|
06-18 22:52:42.191  7547  7547 D wlan    : [7547:IH:HIF] NAPI[2]CPU[3]:     122     122     122     271       0     298 122|0|0|0|
06-18 22:52:42.191  7547  7547 D wlan    : [7547:IH:HIF] NAPI[2]CPU[4]:     619     619     619    1252       0     516 618|1|0|0|
06-18 22:52:42.191  7547  7547 D wlan    : [7547:IH:HIF] NAPI[3]CPU[1]:     318     318     318     652       0     427 318|0|0|0|
06-18 22:52:42.191  7547  7547 D wlan    : [7547:IH:HIF] NAPI[3]CPU[2]:    3293    3293    3293    7437       0     461 3293|0|0|0|
06-18 22:52:42.191  7547  7547 D wlan    : [7547:IH:HIF] NAPI[3]CPU[3]:     430     430     430    1046       0     208 430|0|0|0|
06-18 22:52:42.191  7547  7547 D wlan    : [7547:IH:HIF] NAPI[3]CPU[4]:    1814    1814    1814    3467       0     348 1814|0|0|0|
06-18 22:52:42.191  7547  7547 D wlan    : [7547:IH:HIF] NAPI[4]CPU[1]:    1371    1371    1371    3581       0     362 1371|0|0|0|
06-18 22:52:42.191  7547  7547 D wlan    : [7547:IH:HIF] NAPI[4]CPU[2]:    2730    2730    2730    5993       0     473 2730|0|0|0|
06-18 22:52:42.191  7547  7547 D wlan    : [7547:IH:HIF] NAPI[4]CPU[3]:     866     866     866    2346       0     221 866|0|0|0|
06-18 22:52:42.191  7547  7547 D wlan    : [7547:IH:HIF] NAPI[4]CPU[4]:    2418    2418    2418    5575       0     223 2418|0|0|0|
06-18 22:52:42.191  7547  7547 D wlan    : [7547:IH:HIF] NAPI[6]CPU[0]:     257     257     257      47       0     218 257|0|0|0|
06-18 22:52:42.191  7547  7547 D wlan    : [7547:IH:HIF] NAPI[6]CPU[4]:     135     135     135      49       0     281 135|0|0|0|
06-18 22:52:42.191  7547  7547 D wlan    : [7547:IH:DP] Tx path Statistics:
06-18 22:52:42.191  7547  7547 D wlan    : [7547:IH:DP] from stack: 17208 msdus (12658752 bytes)
06-18 22:52:42.191  7547  7547 D wlan    : [7547:IH:DP] processed from host: 17208 msdus (1210104 bytes)
06-18 22:52:42.191  7547  7547 D wlan    : [7547:IH:DP] successfully transmitted: 17209 msdus (12917368 bytes)
06-18 22:52:42.191  7547  7547 D wlan    : [7547:IH:DP] Enqueue to SW2TCL1: 7407
06-18 22:52:42.191  7547  7547 D wlan    : [7547:IH:DP] TX completions reaped from ring 0: 15663
06-18 22:52:42.191  7547  7547 D wlan    : [7547:IH:DP] Enqueue to SW2TCL2: 8256
06-18 22:52:42.191  7547  7547 D wlan    : [7547:IH:DP] TX completions reaped from ring 1: 0
06-18 22:52:42.191  7547  7547 D wlan    : [7547:IH:DP] Enqueue to SW2TCL3: 17495
06-18 22:52:42.191  7547  7547 D wlan    : [7547:IH:DP] TX completions reaped from ring 2: 17495
06-18 22:52:42.191  7547  7547 D wlan    : [7547:IH:DP] Invalid release source: 0
06-18 22:52:42.191  7547  7547 D wlan    : [7547:IH:DP] Invalid TX desc from completion ring: 0
06-18 22:52:42.191  7547  7547 D wlan    : [7547:IH:DP] Dropped in host:
06-18 22:52:42.191  7547  7547 D wlan    : [7547:IH:DP] Total packets dropped: 0,
06-18 22:52:42.191  7547  7547 D wlan    : [7547:IH:DP] Descriptor not available: 0
06-18 22:52:42.191  7547  7547 D wlan    : [7547:IH:DP] Ring full: 0
06-18 22:52:42.191  7547  7547 D wlan    : [7547:IH:DP] Enqueue fail: 0
06-18 22:52:42.191  7547  7547 D wlan    : [7547:IH:DP] Pkt dropped in vdev-id check: 0
06-18 22:52:42.191  7547  7547 D wlan    : [7547:IH:DP] DMA Error: 0
06-18 22:52:42.191  7547  7547 D wlan    : [7547:IH:DP] Drop Ingress: 0
06-18 22:52:42.191  7547  7547 D wlan    : [7547:IH:DP] Dropped in hardware:
06-18 22:52:42.191  7547  7547 D wlan    : [7547:IH:DP] total packets dropped: 1
06-18 22:52:42.191  7547  7547 D wlan    : [7547:IH:DP] mpdu age out: 0
06-18 22:52:42.191  7547  7547 D wlan    : [7547:IH:DP] firmware removed packets: 0 (0 bytes)
06-18 22:52:42.191  7547  7547 D wlan    : [7547:IH:DP] firmware removed tx: 1
06-18 22:52:42.191  7547  7547 D wlan    : [7547:IH:DP] firmware removed notx 0
06-18 22:52:42.191  7547  7547 D wlan    : [7547:IH:DP] Invalid peer on tx path: 0
06-18 22:52:42.191  7547  7547 D wlan    : [7547:IH:DP] Tx desc freed in non-completion path: 0
06-18 22:52:42.191  7547  7547 D wlan    : [7547:IH:DP] Tx desc force freed: 0
06-18 22:52:42.191  7547  7547 D wlan    : [7547:IH:DP] Tx packets sent per interrupt:
06-18 22:52:42.191  7547  7547 D wlan    : [7547:IH:DP] Single Packet: 7171
06-18 22:52:42.191  7547  7547 D wlan    : [7547:IH:DP] 2-20 Packets:  5018
06-18 22:52:42.191  7547  7547 D wlan    : [7547:IH:DP] 21-40 Packets: 194
06-18 22:52:42.191  7547  7547 D wlan    : [7547:IH:DP] 41-60 Packets: 4
06-18 22:52:42.191  7547  7547 D wlan    : [7547:IH:DP] 61-80 Packets: 0
06-18 22:52:42.191  7547  7547 D wlan    : [7547:IH:DP] 81-100 Packets: 0
06-18 22:52:42.191  7547  7547 D wlan    : [7547:IH:DP] 101-200 Packets: 0
06-18 22:52:42.191  7547  7547 D wlan    : [7547:IH:DP]     201+ Packets: 0
06-18 22:52:42.191  7547  7547 D wlan    : [7547:IH:DP] Rx path statistics
06-18 22:52:42.191  7547  7547 D wlan    : [7547:IH:DP] delivered 12865 msdus ( 3405976 bytes),
06-18 22:52:42.191  7547  7547 D wlan    : [7547:IH:DP] received on reo[0] 3258 msdus( 1389218 bytes),
06-18 22:52:42.191  7547  7547 D wlan    : [7547:IH:DP] received on reo[1] 2836 msdus( 585088 bytes),
06-18 22:52:42.191  7547  7547 D wlan    : [7547:IH:DP] received on reo[2] 3218 msdus( 639805 bytes),
06-18 22:52:42.191  7547  7547 D wlan    : [7547:IH:DP] received on reo[3] 3555 msdus( 793752 bytes),
06-18 22:52:42.191  7547  7547 D wlan    : [7547:IH:DP] received on lmac[0] 0 msdus (0 bytes),
06-18 22:52:42.191  7547  7547 D wlan    : [7547:IH:DP] received on lmac[1] 0 msdus (0 bytes),
06-18 22:52:42.191  7547  7547 D wlan    : [7547:IH:DP] intra-bss packets 0 msdus ( 0 bytes),
06-18 22:52:42.191  7547  7547 D wlan    : [7547:IH:DP] intra-bss fails 0 msdus ( 0 bytes),
06-18 22:52:42.191  7547  7547 D wlan    : [7547:IH:DP] intra-bss no mdns fwds 0 msdus
06-18 22:52:42.191  7547  7547 D wlan    : [7547:IH:DP] intra-bss EAPOL drops: 0
06-18 22:52:42.191  7547  7547 D wlan    : [7547:IH:DP] raw packets 0 msdus ( 0 bytes),
06-18 22:52:42.191  7547  7547 D wlan    : [7547:IH:DP] mic errors 1748
06-18 22:52:42.191  7547  7547 D wlan    : [7547:IH:DP] Invalid peer on rx path: 0
06-18 22:52:42.191  7547  7547 D wlan    : [7547:IH:DP] sw_peer_id invalid 0
06-18 22:52:42.191  7547  7547 D wlan    : [7547:IH:DP] packet_len invalid 0
06-18 22:52:42.191  7547  7547 D wlan    : [7547:IH:DP] sa or da idx invalid 0
06-18 22:52:42.191  7547  7547 D wlan    : [7547:IH:DP] defrag peer uninit 0
06-18 22:52:42.191  7547  7547 D wlan    : [7547:IH:DP] pkts delivered no peer 0
06-18 22:52:42.191  7547  7547 D wlan    : [7547:IH:DP] RX invalid cookie: 0
06-18 22:52:42.191  7547  7547 D wlan    : [7547:IH:DP] RX stale cookie: 0
06-18 22:52:42.191  7547  7547 D wlan    : [7547:IH:DP] 2k jump delba sent: 0
06-18 22:52:42.191  7547  7547 D wlan    : [7547:IH:DP] 2k jump msdu to stack: 0
06-18 22:52:42.191  7547  7547 D wlan    : [7547:IH:DP] 2k jump msdu drop: 0
06-18 22:52:42.191  7547  7547 D wlan    : [7547:IH:DP] REO err oor msdu to stack 0
06-18 22:52:42.191  7547  7547 D wlan    : [7547:IH:DP] REO err oor msdu drop: 96
06-18 22:52:42.191  7547  7547 D wlan    : [7547:IH:DP] Rx err msdu rejected: 0
06-18 22:52:42.191  7547  7547 D wlan    : [7547:IH:DP] Rx raw frame dropped: 0
06-18 22:52:42.191  7547  7547 D wlan    : [7547:IH:DP] Rx stale link desc cookie: 0
06-18 22:52:42.191  7547  7547 D wlan    : [7547:IH:DP] Rx nbuf sanity fails: 0
06-18 22:52:42.191  7547  7547 D wlan    : [7547:IH:DP] Rx refill duplicate link desc: 0
06-18 22:52:42.191  7547  7547 D wlan    : [7547:IH:DP] Rx ipa smmu map duplicate: 0
06-18 22:52:42.191  7547  7547 D wlan    : [7547:IH:DP] Rx ipa smmu unmap duplicate: 0
06-18 22:52:42.191  7547  7547 D wlan    : [7547:IH:DP] Rx ipa smmu unmap no pipes: 0
06-18 22:52:42.191  7547  7547 D wlan    : [7547:IH:DP] PN-in-Dest error frame pn-check fail: 0
06-18 22:52:42.191  7547  7547 D wlan    : [7547:IH:DP] Reo Statistics
06-18 22:52:42.191  7547  7547 D wlan    : [7547:IH:DP] near_full: 0
06-18 22:52:42.191  7547  7547 D wlan    : [7547:IH:DP] rbm error: 0 msdus
06-18 22:52:42.191  7547  7547 D wlan    : [7547:IH:DP] hal ring access fail: 0 msdus
06-18 22:52:42.191  7547  7547 D wlan    : [7547:IH:DP] hal ring access full fail: 0 msdus
06-18 22:52:42.191  7547  7547 D wlan    : [7547:IH:DP] Rx BAR frames:0
06-18 22:52:42.191  7547  7547 D wlan    : [7547:IH:DP] Reo error number (7): 37 msdus
06-18 22:52:42.191  7547  7547 D wlan    : [7547:IH:DP] Rx packets reaped per interrupt:
06-18 22:52:42.191  7547  7547 D wlan    : [7547:IH:DP] Single Packet: 5157
06-18 22:52:42.191  7547  7547 D wlan    : [7547:IH:DP] 2-20 Packets:  5510
06-18 22:52:42.191  7547  7547 D wlan    : [7547:IH:DP] 21-40 Packets: 20
06-18 22:52:42.191  7547  7547 D wlan    : [7547:IH:DP] 41-60 Packets: 0
06-18 22:52:42.191  7547  7547 D wlan    : [7547:IH:DP] 61-80 Packets: 0
06-18 22:52:42.191  7547  7547 D wlan    : [7547:IH:DP] 81-100 Packets: 0
06-18 22:52:42.191  7547  7547 D wlan    : [7547:IH:DP] 101-200 Packets: 0
06-18 22:52:42.191  7547  7547 D wlan    : [7547:IH:DP]    201+ Packets: 0
06-18 22:52:42.191  7547  7547 D wlan    : [7547:IH:DP] dp_txrx_path_stats: tso_enable: 1 lro_enable: 0 rx_hash: 1 napi_enable: 1
06-18 22:52:42.191  7547  7547 D wlan    : [7547:IH:DP] dp_txrx_path_stats: Tx flow stop queue: 15 tx flow start queue offset: 10
06-18 22:52:42.191  7547  7547 D wlan    : [7547:IH:DP] dp_print_soc_interrupt_stats:  0[449] - Total:7209 tx_comps[0]:6078
06-18 22:52:42.191  7547  7547 D wlan    : [7547:IH:DP] dp_print_soc_interrupt_stats:  1[450] - Total:3215 reo[0]:2941
06-18 22:52:42.191  7547  7547 D wlan    : [7547:IH:DP] dp_print_soc_interrupt_stats:  2[451] - Total:2650 reo[1]:2372
06-18 22:52:42.191  7547  7547 D wlan    : [7547:IH:DP] dp_print_soc_interrupt_stats:  3[452] - Total:5855 reo[2]:2640 reo[3]:2734
06-18 22:52:42.191  7547  7547 D wlan    : [7547:IH:DP] dp_print_soc_interrupt_stats:  4[453] - Total:7385 tx_comps[2]:6311
06-18 22:52:42.191  7547  7547 D wlan    : [7547:IH:DP] dp_print_soc_interrupt_stats:  6[455] - Total:392 reo_err:32 wbm_rx_err:0 rxdma2_host_err:0
06-18 22:52:42.191  7547  7547 D wlan    : [7547:IH:DP] vdev_id: 0 Per TID Delay Non-Zero Stats:
06-18 22:52:42.191  7547  7547 D wlan    : [7547:IH:DP] Hardware Tx completion latency stats TID: 0
06-18 22:52:42.191  7547  7547 D wlan    : [7547:IH:DP] Min = 0
06-18 22:52:42.191  7547  7547 D wlan    : [7547:IH:DP] Max = 0
06-18 22:52:42.191  7547  7547 D wlan    : [7547:IH:DP] Avg = 0
06-18 22:52:42.191  7547  7547 D wlan    : [7547:IH:DP] Hardware Tx completion latency stats TID: 1
06-18 22:52:42.191  7547  7547 D wlan    : [7547:IH:DP] Min = 0
06-18 22:52:42.191  7547  7547 D wlan    : [7547:IH:DP] Max = 0
06-18 22:52:42.191  7547  7547 D wlan    : [7547:IH:DP] Avg = 0
06-18 22:52:42.191  7547  7547 D wlan    : [7547:IH:DP] Hardware Tx completion latency stats TID: 2
06-18 22:52:42.191  7547  7547 D wlan    : [7547:IH:DP] Min = 0
06-18 22:52:42.191  7547  7547 D wlan    : [7547:IH:DP] Max = 0
06-18 22:52:42.191  7547  7547 D wlan    : [7547:IH:DP] Avg = 0
06-18 22:52:42.191  7547  7547 D wlan    : [7547:IH:DP] Hardware Tx completion latency stats TID: 3
06-18 22:52:42.191  7547  7547 D wlan    : [7547:IH:DP] Min = 0
06-18 22:52:42.191  7547  7547 D wlan    : [7547:IH:DP] Max = 0
06-18 22:52:42.191  7547  7547 D wlan    : [7547:IH:DP] Avg = 0
06-18 22:52:42.191  7547  7547 D wlan    : [7547:IH:DP] Hardware Tx completion latency stats TID: 4
06-18 22:52:42.191  7547  7547 D wlan    : [7547:IH:DP] Min = 0
06-18 22:52:42.191  7547  7547 D wlan    : [7547:IH:DP] Max = 0
06-18 22:52:42.191  7547  7547 D wlan    : [7547:IH:DP] Avg = 0
06-18 22:52:42.191  7547  7547 D wlan    : [7547:IH:DP] Hardware Tx completion latency stats TID: 5
06-18 22:52:42.191  7547  7547 D wlan    : [7547:IH:DP] Min = 0
06-18 22:52:42.191  7547  7547 D wlan    : [7547:IH:DP] Max = 0
06-18 22:52:42.191  7547  7547 D wlan    : [7547:IH:DP] Avg = 0
06-18 22:52:42.191  7547  7547 D wlan    : [7547:IH:DP] Hardware Tx completion latency stats TID: 6
06-18 22:52:42.191  7547  7547 D wlan    : [7547:IH:DP] Min = 0
06-18 22:52:42.191  7547  7547 D wlan    : [7547:IH:DP] Max = 0
06-18 22:52:42.191  7547  7547 D wlan    : [7547:IH:DP] Avg = 0
06-18 22:52:42.191  7547  7547 D wlan    : [7547:IH:DP] Hardware Tx completion latency stats TID: 7
06-18 22:52:42.191  7547  7547 D wlan    : [7547:IH:DP] Min = 0
06-18 22:52:42.191  7547  7547 D wlan    : [7547:IH:DP] Max = 0
06-18 22:52:42.191  7547  7547 D wlan    : [7547:IH:DP] Avg = 0
06-18 22:52:42.191  7547  7547 D wlan    : [7547:IH:DP] Hardware Tx completion latency stats TID: 8
06-18 22:52:42.191  7547  7547 D wlan    : [7547:IH:DP] Min = 0
06-18 22:52:42.191  7547  7547 D wlan    : [7547:IH:DP] Max = 0
06-18 22:52:42.191  7547  7547 D wlan    : [7547:IH:DP] Avg = 0
06-18 22:52:42.191  7547  7547 D wlan    : [7547:IH:DP] dp_print_fisa_stats: invalid flow index: 0
06-18 22:52:42.191  7547  7547 D wlan    : [7547:IH:DP] dp_print_fisa_stats: workqueue update deferred: 0
06-18 22:52:42.191  7547  7547 D wlan    : [7547:IH:DP] dp_print_fisa_stats: reo_mismatch: cce_match: 0
06-18 22:52:42.191  7547  7547 D wlan    : [7547:IH:DP] dp_print_fisa_stats: reo_mismatch: allow_fse_metdata_mismatch: 0
06-18 22:52:42.191  7547  7547 D wlan    : [7547:IH:DP] dp_print_fisa_stats: reo_mismatch: allow_non_aggr: 0
06-18 22:52:42.191  7547  7547 D wlan    : [7547:IH:DP] FLOW_POOL_STATS G:(2,5,0) | 0 0: (6144,6144,0)
06-18 22:52:42.191  7547  7547 D wlan    : [7547:IL:HDD] STATS |[0 0] (0) 13845000/26130508ms 1(132,25) |[255 7] (2) 26130504/26130508ms 1(1,0) |[255 16] (2) 26130504/26130504ms 1(3,0) |
06-18 22:52:42.191  7547  7547 D wlan    : [7547:IH:DP] dp_display_srng_info: SRNG HP-TP data:
06-18 22:52:42.191  7547  7547 D wlan    : [7547:IH:DP] dp_display_srng_info: TCL DATA ring[0]: hp=0x4778, tp=0x4778
06-18 22:52:42.191  7547  7547 D wlan    : [7547:IH:DP] dp_display_srng_info: TX comp ring[0]: hp=0xe978, tp=0xe978
06-18 22:52:42.191  7547  7547 D wlan    : [7547:IH:DP] dp_display_srng_info: TCL DATA ring[1]: hp=0x6200, tp=0x6200
06-18 22:52:42.191  7547  7547 D wlan    : [7547:IH:DP] dp_display_srng_info: TCL DATA ring[2]: hp=0x42b8, tp=0x42b8
06-18 22:52:42.191  7547  7547 D wlan    : [7547:IH:DP] dp_display_srng_info: TX comp ring[2]: hp=0x22b8, tp=0x22b8
06-18 22:52:42.191  7547  7547 D wlan    : [7547:IH:DP] dp_display_srng_info: REO DST ring[0]: hp=0x23e0, tp=0x23e0
06-18 22:52:42.191  7547  7547 D wlan    : [7547:IH:DP] dp_display_srng_info: REO DST ring[1]: hp=0x1530, tp=0x1530
06-18 22:52:42.191  7547  7547 D wlan    : [7547:IH:DP] dp_display_srng_info: REO DST ring[2]: hp=0xdb0, tp=0xdb0
06-18 22:52:42.191  7547  7547 D wlan    : [7547:IH:DP] dp_display_srng_info: REO DST ring[3]: hp=0x5f0, tp=0x5f0
06-18 22:52:42.191  7547  7547 D wlan    : [7547:IH:DP] dp_display_srng_info: REO exception ring: hp=0x250, tp=0x250
06-18 22:52:42.191  7547  7547 D wlan    : [7547:IH:DP] dp_display_srng_info: WBM RX release ring: hp=0x0, tp=0x0
06-18 22:52:42.191  7547  7547 D wlan    : [7547:IH:DP] dp_display_srng_info: WBM desc release ring: hp=0x140, tp=0x140
06-18 22:52:42.532  1095  4710 E ThermalManagerService: No threshold found for pcb1-usr
06-18 22:52:42.532  1095  4710 E ThermalManagerService: No threshold found for pcb2-usr
06-18 22:52:42.532  1095  4710 E ThermalManagerService: No threshold found for pcb3-usr
06-18 22:52:42.532  1095  4710 E ThermalManagerService: No threshold found for rf-usr
06-18 22:52:42.532  1095  4710 E ThermalManagerService: No threshold found for cam0-usr
06-18 22:52:42.532  1095  4710 E ThermalManagerService: No threshold found for cam1-usr
06-18 22:52:42.532  1095  4710 E ThermalManagerService: No threshold found for cam2-usr
06-18 22:52:42.532  1095  4710 E ThermalManagerService: No threshold found for cam3-usr
06-18 22:52:42.532  1095  4710 E ThermalManagerService: No threshold found for cam4-usr
06-18 22:52:42.532  1095  4710 E ThermalManagerService: No threshold found for cam5-usr
06-18 22:52:42.532  1095  4710 E ThermalManagerService: No threshold found for disp-virt
06-18 22:52:42.532  1095  4710 E ThermalManagerService: No threshold found for pogo-usr
06-18 22:52:42.859   647  1038 E FrameSetCollator: [worldTracking] 31 FrameSets had unexpected timestamps (over 1012.89s). Ex: slot 1 24413566.552ms -> 24413583.218ms (observed period: 16.666ms, expected period: 16.666ms (16.666ms))
06-18 22:52:43.544  1095  4710 E ThermalManagerService: No threshold found for pcb1-usr
06-18 22:52:43.545  1095  4710 E ThermalManagerService: No threshold found for pcb2-usr
06-18 22:52:43.545  1095  4710 E ThermalManagerService: No threshold found for pcb3-usr
06-18 22:52:43.545  1095  4710 E ThermalManagerService: No threshold found for rf-usr
06-18 22:52:43.545  1095  4710 E ThermalManagerService: No threshold found for cam0-usr
06-18 22:52:43.545  1095  4710 E ThermalManagerService: No threshold found for cam1-usr
06-18 22:52:43.545  1095  4710 E ThermalManagerService: No threshold found for cam2-usr
06-18 22:52:43.545  1095  4710 E ThermalManagerService: No threshold found for cam3-usr
06-18 22:52:43.545  1095  4710 E ThermalManagerService: No threshold found for cam4-usr
06-18 22:52:43.545  1095  4710 E ThermalManagerService: No threshold found for cam5-usr
06-18 22:52:43.545  1095  4710 E ThermalManagerService: No threshold found for disp-virt
06-18 22:52:43.545  1095  4710 E ThermalManagerService: No threshold found for pogo-usr
06-18 22:52:43.913   647  1038 E FrameSetCollator: [worldTracking] 31 FrameSets had unexpected timestamps (over 1053.57s). Ex: slot 0 24414599.844ms -> 24414633.176ms (observed period: 33.332ms, expected period: 16.666ms (16.666ms))
06-18 22:52:44.151  7662  7662 D wlan    : [7662:IH:DP] bbm_request_bus_bandwidth: Bus bandwidth vote level change from 1 to 0 pld_vote: 0
06-18 22:52:44.482  5866  5866 D wlan    : [5866:IH:DP] bbm_request_bus_bandwidth: Bus bandwidth vote level change from 0 to 1 pld_vote: 1
06-18 22:52:44.560  1095  4710 E ThermalManagerService: No threshold found for pcb1-usr
06-18 22:52:44.561  1095  4710 E ThermalManagerService: No threshold found for pcb2-usr
06-18 22:52:44.561  1095  4710 E ThermalManagerService: No threshold found for pcb3-usr
06-18 22:52:44.561  1095  4710 E ThermalManagerService: No threshold found for rf-usr
06-18 22:52:44.561  1095  4710 E ThermalManagerService: No threshold found for cam0-usr
06-18 22:52:44.561  1095  4710 E ThermalManagerService: No threshold found for cam1-usr
06-18 22:52:44.561  1095  4710 E ThermalManagerService: No threshold found for cam2-usr
06-18 22:52:44.561  1095  4710 E ThermalManagerService: No threshold found for cam3-usr
06-18 22:52:44.561  1095  4710 E ThermalManagerService: No threshold found for cam4-usr
06-18 22:52:44.561  1095  4710 E ThermalManagerService: No threshold found for cam5-usr
06-18 22:52:44.561  1095  4710 E ThermalManagerService: No threshold found for disp-virt
06-18 22:52:44.561  1095  4710 E ThermalManagerService: No threshold found for pogo-usr
06-18 22:52:44.913   647  1038 E FrameSetCollator: [worldTracking] 30 FrameSets had unexpected timestamps (over 1000.06s). Ex: slot 0 24415599.804ms -> 24415633.136ms (observed period: 33.332ms, expected period: 16.666ms (16.666ms))
06-18 22:52:45.573  1095  4710 E ThermalManagerService: No threshold found for pcb1-usr
06-18 22:52:45.573  1095  4710 E ThermalManagerService: No threshold found for pcb2-usr
06-18 22:52:45.573  1095  4710 E ThermalManagerService: No threshold found for pcb3-usr
06-18 22:52:45.573  1095  4710 E ThermalManagerService: No threshold found for rf-usr
06-18 22:52:45.573  1095  4710 E ThermalManagerService: No threshold found for cam0-usr
06-18 22:52:45.573  1095  4710 E ThermalManagerService: No threshold found for cam1-usr
06-18 22:52:45.573  1095  4710 E ThermalManagerService: No threshold found for cam2-usr
06-18 22:52:45.573  1095  4710 E ThermalManagerService: No threshold found for cam3-usr
06-18 22:52:45.573  1095  4710 E ThermalManagerService: No threshold found for cam4-usr
06-18 22:52:45.573  1095  4710 E ThermalManagerService: No threshold found for cam5-usr
06-18 22:52:45.573  1095  4710 E ThermalManagerService: No threshold found for disp-virt
06-18 22:52:45.573  1095  4710 E ThermalManagerService: No threshold found for pogo-usr
06-18 22:52:45.926   647  1038 E FrameSetCollator: [worldTracking] 31 FrameSets had unexpected timestamps (over 1012.89s). Ex: slot 1 24416633.096ms -> 24416649.762ms (observed period: 16.666ms, expected period: 16.666ms (16.666ms))
06-18 22:52:46.521   647  4713 I SensorService: [color] Setting camera mux mode to 1
06-18 22:52:46.521   647  4713 I SensorService: updating CameraStream mux states
06-18 22:52:46.521   647  4713 I SensorService: ending update to CameraStream mux states
06-18 22:52:46.521   647  4713 I FrameSetCollator: [color] Updated frame set period to 16666000, with activeSlots [[T,]]
06-18 22:52:46.521   647  4713 I FrameSetDispatcher: [color] Latest MuxModeSettings: 1
06-18 22:52:46.521   647  4713 I FrameSetDispatcher: [color] purpose: passthrough, frame types: GENERIC_SLOT_0 
06-18 22:52:46.521   647  4713 I FrameSetDispatcher: [color] purpose: ocal, frame types: GENERIC_SLOT_0 
06-18 22:52:46.521   647  4713 I FrameSetDispatcher: [color] purpose: active_slots, frame types: GENERIC_SLOT_0 
06-18 22:52:46.521   852  1017 I SensorDataTransforms: [iot:ocal] Staging mux mode update for mode 1 (sequence ID 318)
06-18 22:52:46.521   852  1017 D TrackingService: [ocal]start onMuxStateUpdate. ModeId: ocalOff -> default
06-18 22:52:46.521   852  1017 D TrackingService: [iot][ocal]handleMuxModeNotification started for muxMode[color: default]
06-18 22:52:46.522   647  4713 D CameraStream: [ocal] Client 852 attempting start
06-18 22:52:46.522   836  2238 D MrSystemService: [color]Camera Mux Mode Transition to: default
06-18 22:52:46.524   647  4713 I FrameSetDispatcher: [color] Client pid=852 (IOT): Client thread started
06-18 22:52:46.525   647  4713 I CameraClientManager: [IOT(852)][ocal] client started (estimated 1 started clients total)
06-18 22:52:46.583     0     0 I CAM_INFO: CAM-SENSOR: cam_sensor_driver_cmd: 1129 CAM_ACQUIRE_DEV Success for imx471 id:0x471,slave-addr:0x34 crm:[0]
06-18 22:52:46.585     3     3 I CAM_ERR : CAM-SMMU: cam_smmu_map_user_iova: 3243 fd=558 already in list [3:52:46:575] cb=ife idx=0 handle=52637 len=573440,give same addr back
06-18 22:52:46.585     3     3 I CAM_ERR : CAM-SMMU: cam_smmu_map_user_iova: 3243 fd=559 already in list [3:52:46:576] cb=ife idx=0 handle=52637 len=483328,give same addr back
06-18 22:52:46.586  1095  1175 E ThermalManagerService: No threshold found for pcb1-usr
06-18 22:52:46.586  1095  1175 E ThermalManagerService: No threshold found for pcb2-usr
06-18 22:52:46.586  1095  1175 E ThermalManagerService: No threshold found for pcb3-usr
06-18 22:52:46.586  1095  1175 E ThermalManagerService: No threshold found for rf-usr
06-18 22:52:46.586  1095  1175 E ThermalManagerService: No threshold found for cam0-usr
06-18 22:52:46.586  1095  1175 E ThermalManagerService: No threshold found for cam1-usr
06-18 22:52:46.586  1095  1175 E ThermalManagerService: No threshold found for cam2-usr
06-18 22:52:46.586  1095  1175 E ThermalManagerService: No threshold found for cam3-usr
06-18 22:52:46.586  1095  1175 E ThermalManagerService: No threshold found for cam4-usr
06-18 22:52:46.586  1095  1175 E ThermalManagerService: No threshold found for cam5-usr
06-18 22:52:46.586  1095  1175 E ThermalManagerService: No threshold found for disp-virt
06-18 22:52:46.586  1095  1175 E ThermalManagerService: No threshold found for pogo-usr
06-18 22:52:46.585     3     3 I CAM_ERR : CAM-SMMU: cam_smmu_map_user_iova: 3243 fd=560 already in list [3:52:46:576] cb=ife idx=0 handle=52637 len=495616,give same addr back
06-18 22:52:46.597     0     0 I CAM_INFO: CAM-SENSOR: cam_sensor_driver_cmd: 1129 CAM_ACQUIRE_DEV Success for imx471 id:0x471,slave-addr:0x34 crm:[0]
06-18 22:52:46.599     3     3 I CAM_ERR : CAM-SMMU: cam_smmu_map_user_iova: 3243 fd=622 already in list [3:52:46:589] cb=ife idx=0 handle=52637 len=573440,give same addr back
06-18 22:52:46.599     3     3 I CAM_ERR : CAM-SMMU: cam_smmu_map_user_iova: 3243 fd=623 already in list [3:52:46:590] cb=ife idx=0 handle=52637 len=483328,give same addr back
06-18 22:52:46.599     3     3 I CAM_ERR : CAM-SMMU: cam_smmu_map_user_iova: 3243 fd=624 already in list [3:52:46:590] cb=ife idx=0 handle=52637 len=495616,give same addr back
06-18 22:52:46.607     0     0 I CAM_INFO: CAM-CRM: cam_req_mgr_link_v3: 4594 link reserved 0000000000000000 0 trigger_type:1 num_devs:2 sess_hdl:13042196 no_crm:4
06-18 22:52:46.607     0     0 I CAM_INFO: CAM-ISP: cam_ife_hw_mgr_print_acquire_info: 1922 3:52:46.598 Acquired Single IFE[1] with [8 pix] [0 pd] [0 rdi] ports for ctx:14 per_port_enabled :0 sensor:-559038737
06-18 22:52:46.607     0     0 I CAM_INFO: CAM-ISP: __cam_isp_ctx_acquire_hw_v2: 7781 NO CRM session,top state machine assigned for no crm ctx 14
06-18 22:52:46.612     0     0 I CAM_INFO: CAM-SENSOR: cam_sensor_driver_cmd: 1269 3:52:46.603 CAM_START_DEV Success for imx471 sensor_id:0x471,sensor_slave_addr:0x34
06-18 22:52:46.612     0     0 I CAM_INFO: CAM-CRM: cam_req_mgr_link_v3: 4594 link reserved 0000000000000000 0 trigger_type:1 num_devs:2 sess_hdl:13042196 no_crm:4
06-18 22:52:46.613     0     0 I CAM_INFO: CAM-ISP: cam_ife_hw_mgr_print_acquire_info: 1922 3:52:46.603 Acquired Single IFE[0] with [8 pix] [0 pd] [0 rdi] ports for ctx:15 per_port_enabled :0 sensor:-559038737
06-18 22:52:46.613     0     0 I CAM_INFO: CAM-ISP: __cam_isp_ctx_acquire_hw_v2: 7781 NO CRM session,top state machine assigned for no crm ctx 15
06-18 22:52:46.613   638   652 I SyncBossFW: 24417339 [info   ] {BCM }: bsp_cam_mgr_init for cameras 0x30
06-18 22:52:46.755   647  4713 I FrameSetCollator: [color] Updated frame set period to 16666000, with activeSlots [[T,]]
06-18 22:52:46.755   647  4713 I FrameSetCollator: [color] started at 26141.28
06-18 22:52:46.757   638   652 I SyncBossFW: 24417480 [info   ] {BCM }: bsp_cam_mgr_set_frame_rate_config for cameras 0x30 with shutter period 16666 (us)
06-18 22:52:46.759   647  4713 D CameraStream: [ocal] Client 852 start complete
06-18 22:52:46.761   638   652 I SyncBossFW: 24417483 [info   ] {BCM }: bsp_cam_mgr_get_stream_info for cameras 0x10
06-18 22:52:46.762   638   652 I SyncBossFW: 24417486 [info   ] {BCM }: bsp_cam_mgr_start_streaming for cameras 0x30
06-18 22:52:46.764   852  1017 D TrackingService: [iot][ocal]handleMuxModeNotification finished for muxMode[color: default]
06-18 22:52:46.764   852  1017 D TrackingService: [ocal]end onMuxStateUpdate. ModeId: ocalOff -> default
06-18 22:52:46.764   852  1017 I TrackingService: [                        iot:ocal] Mux Mode Transition from sensor service: ocalOff -> default transition time: 242 ms
06-18 22:52:46.855   647  1038 I FrameSetDispatcher: [color] 1 older Mux Mode settings are removed.
06-18 22:52:46.855   647  8520 I FrameSetDispatcher: [color] Client pid=852 (IOT): Remove old Mux Mode 2: frame types: 
06-18 22:52:46.855   852  7697 D SensorDataTransforms: [iot:ocal] Erased 1 stale entries from the staged mux states.
06-18 22:52:46.855   852  7697 I TrackingService: [iot:ocal] Configuration update starting
06-18 22:52:46.856   852  7697 I TrackingService: [iot:ocal] Configuration update done
06-18 22:52:46.856   852  7697 I TrackingService: [iot:ocal] Finish configuration update starting
06-18 22:52:46.856   852  7697 I TrackingService: [iot:ocal] Finish configuration update done
06-18 22:52:46.869   647  1038 E FrameSetCollator: [color] 1 FrameSets had unexpected timestamps (over 113.83s). Ex: slot 0 24417566.392ms -> 24417583.058ms (observed period: 16.666ms, expected period: 16.666ms (20182.526ms))
06-18 22:52:46.926   647  1038 E FrameSetCollator: [worldTracking] 30 FrameSets had unexpected timestamps (over 1000.02s). Ex: slot 1 24417633.056ms -> 24417649.722ms (observed period: 16.666ms, expected period: 16.666ms (16.666ms))
06-18 22:52:46.618     0     0 I CAM_INFO: CAM-SENSOR: cam_sensor_driver_cmd: 1269 3:52:46.609 CAM_START_DEV Success for imx471 sensor_id:0x471,sensor_slave_addr:0x34
06-18 22:52:47.260     0     0 I binder  : 844:844 transaction failed 29201/-28, size 252-0 line 3325
06-18 22:52:47.263     0     0 I binder  : 844:844 transaction failed 29201/-28, size 252-0 line 3325
06-18 22:52:47.266  1095  4710 W ProcessStats: Tracking association SourceState{fe26a87 com.oculus.identitymanagement.service/10009 BTopFgs #32512} whose proc state 2 is better than process ProcessState{e63583c com.oculus.qplservice/10059 pkg=com.oculus.qplservice} proc state 3 (1 skipped)
06-18 22:52:47.284     0     0 I binder  : 844:916 transaction failed 29201/-28, size 252-0 line 3325
06-18 22:52:47.276  1095  1175 D CompatibilityChangeReporter: Compat change id reported: 197654537; UID 10007; state: ENABLED
06-18 22:52:47.277  1095  1175 D CompatibilityChangeReporter: Compat change id reported: 181136395; UID 10007; state: DISABLED
06-18 22:52:47.277  1095  1175 D CompatibilityChangeReporter: Compat change id reported: 174042936; UID 10007; state: DISABLED
06-18 22:52:47.282  1095  3693 I DisplayDeviceRepository: Display device added: DisplayDeviceInfo{"com.oculus.android_panel_app.AndroidPanelLayer-#main": uniqueId="virtual:com.oculus.systemux,10028,com.oculus.android_panel_app.AndroidPanelLayer-#main,6", 1280 x 800, modeId 555, defaultModeId 555, supportedModes [{id=555, width=1280, height=800, fps=60.0, alternativeRefreshRates=[]}], colorMode 0, supportedColorModes [0], hdrCapabilities null, allmSupported false, gameContentTypeSupported false, density 200, 200.0 x 200.0 dpi, appVsyncOff 0, presDeadline 16666666, touch NONE, rotation 0, type VIRTUAL, deviceProductInfo null, state OFF, owner com.oculus.systemux (uid 10028), frameRateOverride , brightnessMinimum 0.0, brightnessMaximum 0.0, brightnessDefault 0.0, FLAG_PRIVATE, FLAG_NEVER_BLANK, FLAG_OWN_CONTENT_ONLY}
06-18 22:52:47.284  1095  3693 I LogicalDisplayMapper: Applying layout: [{addr: {port=146, model=0x40446dbbd154e4}, dispId: 0(ON)}], Previous layout: [{addr: {port=146, model=0x40446dbbd154e4}, dispId: 0(ON)}]
06-18 22:52:47.284  1095  3693 I LogicalDisplayMapper: Adding new display: 337: DisplayInfo{"com.oculus.android_panel_app.AndroidPanelLayer-#main", displayId 337", displayGroupId -1, FLAG_PRIVATE, real 1280 x 800, largest app 1280 x 800, smallest app 1280 x 800, appVsyncOff 0, presDeadline 16666666, mode 555, defaultMode 555, modes [{id=555, width=1280, height=800, fps=60.0, alternativeRefreshRates=[]}], hdrCapabilities null, userDisabledHdrTypes [], minimalPostProcessingSupported false, rotation 0, state OFF, type VIRTUAL, uniqueId "virtual:com.oculus.systemux,10028,com.oculus.android_panel_app.AndroidPanelLayer-#main,6", app 1280 x 800, density 200 (200.0 x 200.0) dpi, layerStack 337, colorMode 0, supportedColorModes [0], deviceProductInfo null, owner com.oculus.systemux (uid 10028), removeMode 1, refreshRateOverride 0.0, brightnessMinimum 0.0, brightnessMaximum 0.0, brightnessDefault 0.0}
06-18 22:52:47.284  1095  3693 I LogicalDisplayMapper: Setting new display group 0 for display 337, from previous group: null
06-18 22:52:47.287  1095  3693 W DisplayPowerController[337]: Screen brightness nits configuration is unavailable; falling back
06-18 22:52:47.295  1095  1133 I WindowManager: Override config changes=20005df8 {0.0 ?mcc?mnc ?localeList ?layoutDir sw640dp w1024dp h640dp 200dpi lrg land ?uimode ?night -touch -keyb/v/h -nav/h winConfig={ mBounds=Rect(0, 0 - 1280, 800) mAppBounds=Rect(0, 0 - 1280, 800) mMaxBounds=Rect(0, 0 - 1280, 800) mWindowingMode=fullscreen mDisplayWindowingMode=fullscreen mActivityType=undefined mAlwaysOnTop=undefined mRotation=ROTATION_0} ?fontWeightAdjustment} for displayId=337
06-18 22:52:47.304  1095  1133 V WindowManager: Display 337 state is now (1), so update layer mirroring?
06-18 22:52:47.326     0     0 I binder  : 844:916 transaction failed 29201/-28, size 252-0 line 3325
06-18 22:52:47.323  1095  1095 W NotificationHistory: Attempted to add notif for locked/gone/disabled user 0
06-18 22:52:47.338     0     0 I binder  : 844:3113 transaction failed 29201/-28, size 252-0 line 3325
06-18 22:52:47.385  1095  1175 I DisplayDeviceRepository: Display device added: DisplayDeviceInfo{"com.oculus.android_panel_app.AndroidPanelLayer-controlbar7": uniqueId="virtual:com.oculus.systemux,10028,com.oculus.android_panel_app.AndroidPanelLayer-controlbar7,0", 1250 x 50, modeId 556, defaultModeId 556, supportedModes [{id=556, width=1250, height=50, fps=60.0, alternativeRefreshRates=[]}], colorMode 0, supportedColorModes [0], hdrCapabilities null, allmSupported false, gameContentTypeSupported false, density 200, 200.0 x 200.0 dpi, appVsyncOff 0, presDeadline 16666666, touch NONE, rotation 0, type VIRTUAL, deviceProductInfo null, state OFF, owner com.oculus.systemux (uid 10028), frameRateOverride , brightnessMinimum 0.0, brightnessMaximum 0.0, brightnessDefault 0.0, FLAG_PRIVATE, FLAG_NEVER_BLANK, FLAG_OWN_CONTENT_ONLY}
06-18 22:52:47.386  1095  1175 I LogicalDisplayMapper: Applying layout: [{addr: {port=146, model=0x40446dbbd154e4}, dispId: 0(ON)}], Previous layout: [{addr: {port=146, model=0x40446dbbd154e4}, dispId: 0(ON)}]
06-18 22:52:47.386  1095  1175 I LogicalDisplayMapper: Adding new display: 338: DisplayInfo{"com.oculus.android_panel_app.AndroidPanelLayer-controlbar7", displayId 338", displayGroupId -1, FLAG_PRIVATE, real 1250 x 50, largest app 1250 x 50, smallest app 1250 x 50, appVsyncOff 0, presDeadline 16666666, mode 556, defaultMode 556, modes [{id=556, width=1250, height=50, fps=60.0, alternativeRefreshRates=[]}], hdrCapabilities null, userDisabledHdrTypes [], minimalPostProcessingSupported false, rotation 0, state OFF, type VIRTUAL, uniqueId "virtual:com.oculus.systemux,10028,com.oculus.android_panel_app.AndroidPanelLayer-controlbar7,0", app 1250 x 50, density 200 (200.0 x 200.0) dpi, layerStack 338, colorMode 0, supportedColorModes [0], deviceProductInfo null, owner com.oculus.systemux (uid 10028), removeMode 1, refreshRateOverride 0.0, brightnessMinimum 0.0, brightnessMaximum 0.0, brightnessDefault 0.0}
06-18 22:52:47.387  1095  1175 I LogicalDisplayMapper: Setting new display group 0 for display 338, from previous group: null
06-18 22:52:47.387  1095  1175 W DisplayPowerController[338]: Screen brightness nits configuration is unavailable; falling back
06-18 22:52:47.407  1095  1133 I WindowManager: Override config changes=20005df8 {0.0 ?mcc?mnc ?localeList ?layoutDir sw40dp w1000dp h40dp 200dpi nrml long land ?uimode ?night -touch -keyb/v/h -nav/h winConfig={ mBounds=Rect(0, 0 - 1250, 50) mAppBounds=Rect(0, 0 - 1250, 50) mMaxBounds=Rect(0, 0 - 1250, 50) mWindowingMode=fullscreen mDisplayWindowingMode=fullscreen mActivityType=undefined mAlwaysOnTop=undefined mRotation=ROTATION_0} ?fontWeightAdjustment} for displayId=338
06-18 22:52:47.412  1095  1133 V WindowManager: Display 338 state is now (1), so update layer mirroring?
06-18 22:52:47.419  1095  1135 I DisplayDeviceRepository: Display device changed: DisplayDeviceInfo{"com.oculus.android_panel_app.AndroidPanelLayer-controlbar7": uniqueId="virtual:com.oculus.systemux,10028,com.oculus.android_panel_app.AndroidPanelLayer-controlbar7,0", 1280 x 50, modeId 557, defaultModeId 557, supportedModes [{id=557, width=1280, height=50, fps=60.0, alternativeRefreshRates=[]}], colorMode 0, supportedColorModes [0], hdrCapabilities null, allmSupported false, gameContentTypeSupported false, density 200, 200.0 x 200.0 dpi, appVsyncOff 0, presDeadline 16666666, touch NONE, rotation 0, type VIRTUAL, deviceProductInfo null, state OFF, owner com.oculus.systemux (uid 10028), frameRateOverride , brightnessMinimum 0.0, brightnessMaximum 0.0, brightnessDefault 0.0, FLAG_PRIVATE, FLAG_NEVER_BLANK, FLAG_OWN_CONTENT_ONLY}
06-18 22:52:47.424  1095  1133 I WindowManager: Override config changes=20000400 {0.0 ?mcc?mnc ?localeList ?layoutDir sw40dp w1024dp h40dp 200dpi nrml long land ?uimode ?night -touch -keyb/v/h -nav/h winConfig={ mBounds=Rect(0, 0 - 1280, 50) mAppBounds=Rect(0, 0 - 1280, 50) mMaxBounds=Rect(0, 0 - 1280, 50) mWindowingMode=fullscreen mDisplayWindowingMode=fullscreen mActivityType=undefined mAlwaysOnTop=undefined mRotation=ROTATION_0} ?fontWeightAdjustment} for displayId=338
06-18 22:52:47.432  1095  1133 V WindowManager: Display 338 state is now (1), so update layer mirroring?
06-18 22:52:47.435  1095  1133 V WindowManager: Display 338 state is now (1), so update layer mirroring?
06-18 22:52:47.442  1095  1135 I DisplayDeviceRepository: Display device changed: DisplayDeviceInfo{"com.oculus.android_panel_app.AndroidPanelLayer-#main": uniqueId="virtual:com.oculus.systemux,10028,com.oculus.android_panel_app.AndroidPanelLayer-#main,6", 1280 x 800, modeId 555, defaultModeId 555, supportedModes [{id=555, width=1280, height=800, fps=60.0, alternativeRefreshRates=[]}], colorMode 0, supportedColorModes [0], hdrCapabilities null, allmSupported false, gameContentTypeSupported false, density 200, 200.0 x 200.0 dpi, appVsyncOff 0, presDeadline 16666666, touch NONE, rotation 0, type VIRTUAL, deviceProductInfo null, state ON, owner com.oculus.systemux (uid 10028), frameRateOverride , brightnessMinimum 0.0, brightnessMaximum 0.0, brightnessDefault 0.0, FLAG_PRIVATE, FLAG_NEVER_BLANK, FLAG_OWN_CONTENT_ONLY}
06-18 22:52:47.448  1095  1133 V WindowManager: Display 337 state is now (2), so update layer mirroring?
06-18 22:52:47.451  1095  1135 I DisplayDeviceRepository: Display device changed: DisplayDeviceInfo{"com.oculus.android_panel_app.AndroidPanelLayer-controlbar7": uniqueId="virtual:com.oculus.systemux,10028,com.oculus.android_panel_app.AndroidPanelLayer-controlbar7,0", 1280 x 50, modeId 557, defaultModeId 557, supportedModes [{id=557, width=1280, height=50, fps=60.0, alternativeRefreshRates=[]}], colorMode 0, supportedColorModes [0], hdrCapabilities null, allmSupported false, gameContentTypeSupported false, density 200, 200.0 x 200.0 dpi, appVsyncOff 0, presDeadline 16666666, touch NONE, rotation 0, type VIRTUAL, deviceProductInfo null, state OFF, owner com.oculus.systemux (uid 10028), frameRateOverride , brightnessMinimum 0.0, brightnessMaximum 0.0, brightnessDefault 0.0, FLAG_PRIVATE, FLAG_NEVER_BLANK, FLAG_OWN_CONTENT_ONLY}
06-18 22:52:47.452  1095  1135 I DisplayDeviceRepository: Display device changed: DisplayDeviceInfo{"com.oculus.android_panel_app.AndroidPanelLayer-controlbar7": uniqueId="virtual:com.oculus.systemux,10028,com.oculus.android_panel_app.AndroidPanelLayer-controlbar7,0", 1280 x 50, modeId 557, defaultModeId 557, supportedModes [{id=557, width=1280, height=50, fps=60.0, alternativeRefreshRates=[]}], colorMode 0, supportedColorModes [0], hdrCapabilities null, allmSupported false, gameContentTypeSupported false, density 200, 200.0 x 200.0 dpi, appVsyncOff 0, presDeadline 16666666, touch NONE, rotation 0, type VIRTUAL, deviceProductInfo null, state ON, owner com.oculus.systemux (uid 10028), frameRateOverride , brightnessMinimum 0.0, brightnessMaximum 0.0, brightnessDefault 0.0, FLAG_PRIVATE, FLAG_NEVER_BLANK, FLAG_OWN_CONTENT_ONLY}
06-18 22:52:47.465  1095  1133 V WindowManager: Display 338 state is now (2), so update layer mirroring?
06-18 22:52:47.593  1095  4710 E ThermalManagerService: No threshold found for pcb1-usr
06-18 22:52:47.593  1095  4710 E ThermalManagerService: No threshold found for pcb2-usr
06-18 22:52:47.593  1095  4710 E ThermalManagerService: No threshold found for pcb3-usr
06-18 22:52:47.593  1095  4710 E ThermalManagerService: No threshold found for rf-usr
06-18 22:52:47.593  1095  4710 E ThermalManagerService: No threshold found for cam0-usr
06-18 22:52:47.593  1095  4710 E ThermalManagerService: No threshold found for cam1-usr
06-18 22:52:47.593  1095  4710 E ThermalManagerService: No threshold found for cam2-usr
06-18 22:52:47.593  1095  4710 E ThermalManagerService: No threshold found for cam3-usr
06-18 22:52:47.593  1095  4710 E ThermalManagerService: No threshold found for cam4-usr
06-18 22:52:47.593  1095  4710 E ThermalManagerService: No threshold found for cam5-usr
06-18 22:52:47.593  1095  4710 E ThermalManagerService: No threshold found for disp-virt
06-18 22:52:47.593  1095  4710 E ThermalManagerService: No threshold found for pogo-usr
06-18 22:52:47.926   647  1038 E FrameSetCollator: [worldTracking] 30 FrameSets had unexpected timestamps (over 1000.02s). Ex: slot 1 24418633.016ms -> 24418649.682ms (observed period: 16.666ms, expected period: 16.666ms (16.666ms))
06-18 22:52:47.928   647  4713 I SensorService: [color] Setting camera mux mode to 2
06-18 22:52:47.928   647  4713 I SensorService: updating CameraStream mux states
06-18 22:52:47.928   852  1017 I TrackingService: [iot:ocal] Start configuration update starting
06-18 22:52:47.928   852  1017 I TrackingService: [iot:ocal] Start configuration update done
06-18 22:52:47.928   852  1017 I SensorDataTransforms: [iot:ocal] Staging mux mode update for mode 2 (sequence ID 319)
06-18 22:52:47.928   647  4713 I SensorService: ending update to CameraStream mux states
06-18 22:52:47.928   852  1017 D TrackingService: [ocal]start onMuxStateUpdate. ModeId: default -> ocalOff
06-18 22:52:47.928   647  4713 I FrameSetCollator: [color] Updated frame set period to 16666000, with activeSlots [[T,]]
06-18 22:52:47.928   852  1017 D TrackingService: [iot][ocal]handleMuxModeNotification started for muxMode[color: ocalOff]
06-18 22:52:47.928   647  4713 I FrameSetDispatcher: [color] Client pid=852 (IOT): Updated CameraMuxMode: 2, FrameTypes: 
06-18 22:52:47.928   647  4713 I FrameSetDispatcher: [color] Latest MuxModeSettings: 2
06-18 22:52:47.928   647  4713 I FrameSetDispatcher: [color] purpose: passthrough, frame types: GENERIC_SLOT_0 
06-18 22:52:47.928   647  4713 I FrameSetDispatcher: [color] purpose: ocal, frame types: 
06-18 22:52:47.928   647  4713 I FrameSetDispatcher: [color] purpose: active_slots, frame types: GENERIC_SLOT_0 
06-18 22:52:47.928   836  2238 D MrSystemService: [color]Camera Mux Mode Transition to: ocalOff
06-18 22:52:47.928   647  1065 D CameraStream: [ocal] Client 852 attempting stop
06-18 22:52:47.928   647  1065 I FrameSetDispatcher: [color] Client pid=852 (IOT): Client thread stopping
06-18 22:52:47.940   647  1065 I FrameSetDispatcher: [color] Client pid=852 (IOT): Client thread joined
06-18 22:52:47.940   647  1065 I CameraClientManager: [IOT(852)][ocal] client stopped (estimated 0 started clients remaining)
06-18 22:52:47.941   647  1065 I FrameSetCollator: [color] stopped. Ran for 1.19s
