06-18 22:53:27.258  1095  1135 I DisplayDeviceRepository: Display device changed: DisplayDeviceInfo{"com.oculus.android_panel_app.AndroidPanelLayer-toast": uniqueId="virtual:com.oculus.systemux,10028,com.oculus.android_panel_app.AndroidPanelLayer-toast,0", 1 x 1, modeId 563, defaultModeId 563, supportedModes [{id=563, width=1, height=1, fps=60.0, alternativeRefreshRates=[]}], colorMode 0, supportedColorModes [0], hdrCapabilities null, allmSupported false, gameContentTypeSupported false, density 200, 200.0 x 200.0 dpi, appVsyncOff 0, presDeadline 16666666, touch NONE, rotation 0, type VIRTUAL, deviceProductInfo null, state OFF, owner com.oculus.systemux (uid 10028), frameRateOverride , brightnessMinimum 0.0, brightnessMaximum 0.0, brightnessDefault 0.0, FLAG_PRIVATE, FLAG_NEVER_BLANK, FLAG_OWN_CONTENT_ONLY}
06-18 22:53:27.262  1095  1135 I DisplayDeviceRepository: Display device changed: DisplayDeviceInfo{"com.oculus.android_panel_app.AndroidPanelLayer-toast": uniqueId="virtual:com.oculus.systemux,10028,com.oculus.android_panel_app.AndroidPanelLayer-toast,0", 460 x 99, modeId 565, defaultModeId 565, supportedModes [{id=565, width=460, height=99, fps=60.0, alternativeRefreshRates=[]}], colorMode 0, supportedColorModes [0], hdrCapabilities null, allmSupported false, gameContentTypeSupported false, density 200, 200.0 x 200.0 dpi, appVsyncOff 0, presDeadline 16666666, touch NONE, rotation 0, type VIRTUAL, deviceProductInfo null, state OFF, owner com.oculus.systemux (uid 10028), frameRateOverride , brightnessMinimum 0.0, brightnessMaximum 0.0, brightnessDefault 0.0, FLAG_PRIVATE, FLAG_NEVER_BLANK, FLAG_OWN_CONTENT_ONLY}
06-18 22:53:27.269  1095  1133 I WindowManager: Override config changes=20000c80 {0.0 ?mcc?mnc ?localeList ?layoutDir sw79dp w368dp h79dp 200dpi smll land ?uimode ?night -touch -keyb/v/h -nav/h winConfig={ mBounds=Rect(0, 0 - 460, 99) mAppBounds=Rect(0, 0 - 460, 99) mMaxBounds=Rect(0, 0 - 460, 99) mWindowingMode=fullscreen mDisplayWindowingMode=fullscreen mActivityType=undefined mAlwaysOnTop=undefined mRotation=ROTATION_0} ?fontWeightAdjustment} for displayId=317
06-18 22:53:27.272  1095  1133 V WindowManager: Display 317 state is now (1), so update layer mirroring?
06-18 22:53:27.272  1095  1133 V WindowManager: Display 317 state is now (1), so update layer mirroring?
06-18 22:53:27.272  1095  1133 V WindowManager: Display 317 state is now (1), so update layer mirroring?
06-18 22:53:27.276  1095  1135 I DisplayDeviceRepository: Display device changed: DisplayDeviceInfo{"com.oculus.android_panel_app.AndroidPanelLayer-toast": uniqueId="virtual:com.oculus.systemux,10028,com.oculus.android_panel_app.AndroidPanelLayer-toast,0", 460 x 99, modeId 565, defaultModeId 565, supportedModes [{id=565, width=460, height=99, fps=60.0, alternativeRefreshRates=[]}], colorMode 0, supportedColorModes [0], hdrCapabilities null, allmSupported false, gameContentTypeSupported false, density 200, 200.0 x 200.0 dpi, appVsyncOff 0, presDeadline 16666666, touch NONE, rotation 0, type VIRTUAL, deviceProductInfo null, state ON, owner com.oculus.systemux (uid 10028), frameRateOverride , brightnessMinimum 0.0, brightnessMaximum 0.0, brightnessDefault 0.0, FLAG_PRIVATE, FLAG_NEVER_BLANK, FLAG_OWN_CONTENT_ONLY}
06-18 22:53:27.279  1095  1133 V WindowManager: Display 317 state is now (2), so update layer mirroring?
06-18 22:53:27.779   647  1038 E FrameSetCollator: [worldTracking] 30 FrameSets had unexpected timestamps (over 1000.31s). Ex: slot 0 24458464.756ms -> 24458498.088ms (observed period: 33.332ms, expected period: 16.666ms (16.666ms))
06-18 22:53:27.856  1095  1095 E NotificationService: Muting recently noisy 0|com.oculus.systemutilities|101|null|10017
06-18 22:53:27.860  1095  1095 W NotificationHistory: Attempted to add notif for locked/gone/disabled user 0
06-18 22:53:27.979  1095  6095 E ThermalManagerService: No threshold found for pcb1-usr
06-18 22:53:27.979  1095  6095 E ThermalManagerService: No threshold found for pcb2-usr
06-18 22:53:27.979  1095  6095 E ThermalManagerService: No threshold found for pcb3-usr
06-18 22:53:27.979  1095  6095 E ThermalManagerService: No threshold found for rf-usr
06-18 22:53:27.979  1095  6095 E ThermalManagerService: No threshold found for cam0-usr
06-18 22:53:27.979  1095  6095 E ThermalManagerService: No threshold found for cam1-usr
06-18 22:53:27.979  1095  6095 E ThermalManagerService: No threshold found for cam2-usr
06-18 22:53:27.979  1095  6095 E ThermalManagerService: No threshold found for cam3-usr
06-18 22:53:27.979  1095  6095 E ThermalManagerService: No threshold found for cam4-usr
06-18 22:53:27.979  1095  6095 E ThermalManagerService: No threshold found for cam5-usr
06-18 22:53:27.979  1095  6095 E ThermalManagerService: No threshold found for disp-virt
06-18 22:53:27.979  1095  6095 E ThermalManagerService: No threshold found for pogo-usr
06-18 22:53:28.791   647  1038 E FrameSetCollator: [worldTracking] 31 FrameSets had unexpected timestamps (over 1012.47s). Ex: slot 1 24459498.048ms -> 24459514.714ms (observed period: 16.666ms, expected period: 16.666ms (16.666ms))
06-18 22:53:28.981  1095  6094 E ThermalManagerService: No threshold found for pcb1-usr
06-18 22:53:28.981  1095  6094 E ThermalManagerService: No threshold found for pcb2-usr
06-18 22:53:28.981  1095  6094 E ThermalManagerService: No threshold found for pcb3-usr
06-18 22:53:28.981  1095  6094 E ThermalManagerService: No threshold found for rf-usr
06-18 22:53:28.981  1095  6094 E ThermalManagerService: No threshold found for cam0-usr
06-18 22:53:28.981  1095  6094 E ThermalManagerService: No threshold found for cam1-usr
06-18 22:53:28.981  1095  6094 E ThermalManagerService: No threshold found for cam2-usr
06-18 22:53:28.981  1095  6094 E ThermalManagerService: No threshold found for cam3-usr
06-18 22:53:28.981  1095  6094 E ThermalManagerService: No threshold found for cam4-usr
06-18 22:53:28.981  1095  6094 E ThermalManagerService: No threshold found for cam5-usr
06-18 22:53:28.981  1095  6094 E ThermalManagerService: No threshold found for disp-virt
06-18 22:53:28.981  1095  6094 E ThermalManagerService: No threshold found for pogo-usr
06-18 22:53:29.453   647  4713 I SensorService: [color] Setting camera mux mode to 1
06-18 22:53:29.453   647  4713 I SensorService: updating CameraStream mux states
06-18 22:53:29.453   852  1017 I SensorDataTransforms: [iot:ocal] Staging mux mode update for mode 1 (sequence ID 322)
06-18 22:53:29.453   852  1017 D TrackingService: [ocal]start onMuxStateUpdate. ModeId: ocalOff -> default
06-18 22:53:29.453   852  1017 D TrackingService: [iot][ocal]handleMuxModeNotification started for muxMode[color: default]
06-18 22:53:29.453   647  4713 I SensorService: ending update to CameraStream mux states
06-18 22:53:29.453   647  4713 I FrameSetCollator: [color] Updated frame set period to 16666000, with activeSlots [[T,]]
06-18 22:53:29.453   647  4713 I FrameSetDispatcher: [color] Latest MuxModeSettings: 1
06-18 22:53:29.453   647  4713 I FrameSetDispatcher: [color] purpose: passthrough, frame types: GENERIC_SLOT_0 
06-18 22:53:29.453   647  4713 I FrameSetDispatcher: [color] purpose: ocal, frame types: GENERIC_SLOT_0 
06-18 22:53:29.453   647  4713 I FrameSetDispatcher: [color] purpose: active_slots, frame types: GENERIC_SLOT_0 
06-18 22:53:29.453   836  2238 D MrSystemService: [color]Camera Mux Mode Transition to: default
06-18 22:53:29.454   647  1065 D CameraStream: [ocal] Client 852 attempting start
06-18 22:53:29.456   647  1065 I FrameSetDispatcher: [color] Client pid=852 (IOT): Client thread started
06-18 22:53:29.456   647  1065 I CameraClientManager: [IOT(852)][ocal] client started (estimated 1 started clients total)
06-18 22:53:29.512     0     0 I CAM_INFO: CAM-SENSOR: cam_sensor_driver_cmd: 1129 CAM_ACQUIRE_DEV Success for imx471 id:0x471,slave-addr:0x34 crm:[0]
06-18 22:53:29.513     3     3 I CAM_ERR : CAM-SMMU: cam_smmu_map_user_iova: 3243 fd=558 already in list [3:53:29:504] cb=ife idx=0 handle=52637 len=573440,give same addr back
06-18 22:53:29.513     3     3 I CAM_ERR : CAM-SMMU: cam_smmu_map_user_iova: 3243 fd=559 already in list [3:53:29:504] cb=ife idx=0 handle=52637 len=483328,give same addr back
06-18 22:53:29.513     3     3 I CAM_ERR : CAM-SMMU: cam_smmu_map_user_iova: 3243 fd=560 already in list [3:53:29:504] cb=ife idx=0 handle=52637 len=495616,give same addr back
06-18 22:53:29.527     0     0 I CAM_INFO: CAM-SENSOR: cam_sensor_driver_cmd: 1129 CAM_ACQUIRE_DEV Success for imx471 id:0x471,slave-addr:0x34 crm:[0]
06-18 22:53:29.531     3     3 I CAM_ERR : CAM-SMMU: cam_smmu_map_user_iova: 3243 fd=622 already in list [3:53:29:521] cb=ife idx=0 handle=52637 len=573440,give same addr back
06-18 22:53:29.531     3     3 I CAM_ERR : CAM-SMMU: cam_smmu_map_user_iova: 3243 fd=623 already in list [3:53:29:521] cb=ife idx=0 handle=52637 len=483328,give same addr back
06-18 22:53:29.531     3     3 I CAM_ERR : CAM-SMMU: cam_smmu_map_user_iova: 3243 fd=624 already in list [3:53:29:522] cb=ife idx=0 handle=52637 len=495616,give same addr back
06-18 22:53:29.537     0     0 I CAM_INFO: CAM-CRM: cam_req_mgr_link_v3: 4594 link reserved 0000000000000000 0 trigger_type:1 num_devs:2 sess_hdl:1245716 no_crm:4
06-18 22:53:29.537     0     0 I CAM_INFO: CAM-ISP: cam_ife_hw_mgr_print_acquire_info: 1922 3:53:29.528 Acquired Single IFE[1] with [8 pix] [0 pd] [0 rdi] ports for ctx:6 per_port_enabled :0 sensor:-559038737
06-18 22:53:29.537     0     0 I CAM_INFO: CAM-ISP: __cam_isp_ctx_acquire_hw_v2: 7781 NO CRM session,top state machine assigned for no crm ctx 6
06-18 22:53:29.547     0     0 I CAM_INFO: CAM-SENSOR: cam_sensor_driver_cmd: 1269 3:53:29.538 CAM_START_DEV Success for imx471 sensor_id:0x471,sensor_slave_addr:0x34
06-18 22:53:29.547     0     0 I CAM_INFO: CAM-CRM: cam_req_mgr_link_v3: 4594 link reserved 0000000000000000 0 trigger_type:1 num_devs:2 sess_hdl:1245716 no_crm:4
06-18 22:53:29.547     0     0 I CAM_INFO: CAM-ISP: cam_ife_hw_mgr_print_acquire_info: 1922 3:53:29.538 Acquired Single IFE[0] with [8 pix] [0 pd] [0 rdi] ports for ctx:7 per_port_enabled :0 sensor:-559038737
06-18 22:53:29.547     0     0 I CAM_INFO: CAM-ISP: __cam_isp_ctx_acquire_hw_v2: 7781 NO CRM session,top state machine assigned for no crm ctx 7
06-18 22:53:29.546   638   652 I SyncBossFW: 24460271 [info   ] {BCM }: bsp_cam_mgr_init for cameras 0x30
06-18 22:53:29.550   647  7668 W FrameSetDispatcher: [worldTracking] Client pid=852 (IOT): client is taking longer than 33ms to return FrameSets (10x in the past 106.931s)
06-18 22:53:29.692   647  1065 I FrameSetCollator: [color] Updated frame set period to 16666000, with activeSlots [[T,]]
06-18 22:53:29.692   647  1065 I FrameSetCollator: [color] started at 26184.22
06-18 22:53:29.694   638   652 I SyncBossFW: 24460415 [info   ] {BCM }: bsp_cam_mgr_set_frame_rate_config for cameras 0x30 with shutter period 16666 (us)
06-18 22:53:29.696   638   652 I SyncBossFW: 24460418 [info   ] {BCM }: bsp_cam_mgr_get_stream_info for cameras 0x10
06-18 22:53:29.699   647  1065 D CameraStream: [ocal] Client 852 start complete
06-18 22:53:29.702   638   652 I SyncBossFW: 24460422 [info   ] {BCM }: bsp_cam_mgr_start_streaming for cameras 0x30
06-18 22:53:29.707   852  1017 D TrackingService: [iot][ocal]handleMuxModeNotification finished for muxMode[color: default]
06-18 22:53:29.707   852  1017 D TrackingService: [ocal]end onMuxStateUpdate. ModeId: ocalOff -> default
06-18 22:53:29.707   852  1017 I TrackingService: [                        iot:ocal] Mux Mode Transition from sensor service: ocalOff -> default transition time: 253 ms
06-18 22:53:29.787   852  7697 D SensorDataTransforms: [iot:ocal] Erased 1 stale entries from the staged mux states.
06-18 22:53:29.787   852  7697 I TrackingService: [iot:ocal] Configuration update starting
06-18 22:53:29.787   852  7697 I TrackingService: [iot:ocal] Configuration update done
06-18 22:53:29.787   852  7697 I TrackingService: [iot:ocal] Finish configuration update starting
06-18 22:53:29.787   852  7697 I TrackingService: [iot:ocal] Finish configuration update done
06-18 22:53:29.801   647  1038 E FrameSetCollator: [color] 1 FrameSets had unexpected timestamps (over 109.02s). Ex: slot 0 24460498.008ms -> 24460514.674ms (observed period: 16.666ms, expected period: 16.666ms (20399.184ms))
06-18 22:53:29.845   647  1038 E FrameSetCollator: [worldTracking] 31 FrameSets had unexpected timestamps (over 1053.63s). Ex: slot 0 24460531.340ms -> 24460564.672ms (observed period: 33.332ms, expected period: 16.666ms (16.666ms))
06-18 22:53:29.995  1095  6094 E ThermalManagerService: No threshold found for pcb1-usr
06-18 22:53:29.995  1095  6094 E ThermalManagerService: No threshold found for pcb2-usr
06-18 22:53:29.995  1095  6094 E ThermalManagerService: No threshold found for pcb3-usr
06-18 22:53:29.995  1095  6094 E ThermalManagerService: No threshold found for rf-usr
06-18 22:53:29.995  1095  6094 E ThermalManagerService: No threshold found for cam0-usr
06-18 22:53:29.995  1095  6094 E ThermalManagerService: No threshold found for cam1-usr
06-18 22:53:29.995  1095  6094 E ThermalManagerService: No threshold found for cam2-usr
06-18 22:53:29.995  1095  6094 E ThermalManagerService: No threshold found for cam3-usr
06-18 22:53:29.995  1095  6094 E ThermalManagerService: No threshold found for cam4-usr
06-18 22:53:29.995  1095  6094 E ThermalManagerService: No threshold found for cam5-usr
06-18 22:53:29.995  1095  6094 E ThermalManagerService: No threshold found for disp-virt
06-18 22:53:29.995  1095  6094 E ThermalManagerService: No threshold found for pogo-usr
06-18 22:53:30.858   647  1038 E FrameSetCollator: [worldTracking] 31 FrameSets had unexpected timestamps (over 1013.02s). Ex: slot 1 24461564.632ms -> 24461581.298ms (observed period: 16.666ms, expected period: 16.666ms (16.666ms))
06-18 22:53:30.860   647  1065 I SensorService: [color] Setting camera mux mode to 2
06-18 22:53:30.860   647  1065 I SensorService: updating CameraStream mux states
06-18 22:53:30.860   852  1017 I TrackingService: [iot:ocal] Start configuration update starting
06-18 22:53:30.860   852  1017 I TrackingService: [iot:ocal] Start configuration update done
06-18 22:53:30.860   852  1017 I SensorDataTransforms: [iot:ocal] Staging mux mode update for mode 2 (sequence ID 323)
06-18 22:53:30.860   852  1017 D TrackingService: [ocal]start onMuxStateUpdate. ModeId: default -> ocalOff
06-18 22:53:30.860   852  1017 D TrackingService: [iot][ocal]handleMuxModeNotification started for muxMode[color: ocalOff]
06-18 22:53:30.860   647  1065 I SensorService: ending update to CameraStream mux states
06-18 22:53:30.860   647  1065 I FrameSetCollator: [color] Updated frame set period to 16666000, with activeSlots [[T,]]
06-18 22:53:30.860   647  1065 I FrameSetDispatcher: [color] Client pid=852 (IOT): Updated CameraMuxMode: 2, FrameTypes: 
06-18 22:53:30.860   647  1065 I FrameSetDispatcher: [color] Latest MuxModeSettings: 2
06-18 22:53:30.860   647  1065 I FrameSetDispatcher: [color] purpose: passthrough, frame types: GENERIC_SLOT_0 
06-18 22:53:30.860   647  1065 I FrameSetDispatcher: [color] purpose: ocal, frame types: 
06-18 22:53:30.860   647  1065 I FrameSetDispatcher: [color] purpose: active_slots, frame types: GENERIC_SLOT_0 
06-18 22:53:30.860   836  2238 D MrSystemService: [color]Camera Mux Mode Transition to: ocalOff
06-18 22:53:30.861   647  4713 D CameraStream: [ocal] Client 852 attempting stop
06-18 22:53:30.861   647  4713 I FrameSetDispatcher: [color] Client pid=852 (IOT): Client thread stopping
06-18 22:53:30.873   647  4713 I FrameSetDispatcher: [color] Client pid=852 (IOT): Client thread joined
06-18 22:53:30.874   647  4713 I CameraClientManager: [IOT(852)][ocal] client stopped (estimated 0 started clients remaining)
06-18 22:53:30.874   647  4713 I FrameSetCollator: [color] stopped. Ran for 1.18s
06-18 22:53:29.551     0     0 I CAM_INFO: CAM-SENSOR: cam_sensor_driver_cmd: 1269 3:53:29.542 CAM_START_DEV Success for imx471 sensor_id:0x471,sensor_slave_addr:0x34
06-18 22:53:30.884     0     0 I CAM_ERR : CAM-SYNC: cam_sync_get_obj_ref: 451 Error: accessing an uninitialized sync obj = NodeOutputPortFence_BayerXR_IFE0_cam5_OutputPortId0_Full[15]
06-18 22:53:30.884     0     0 I CAM_INFO: CAM-ISP: __cam_isp_ctx_flush_req_in_top_state: 5247 Last request id to flush is 70, ctx_id:6
06-18 22:53:30.914     0     0 I CAM_ERR : CAM-ISP: cam_ife_mgr_cmd: 16237 config done completion timeout, Reg dump will be unreliable rc=0 ctx_index 6
06-18 22:53:30.926     0     0 I CAM_WARN: CAM-ISP: cam_ife_mgr_stop_hw: 9942 config done completion timeout for last applied req_id=68 ctx_index 6
06-18 22:53:30.926     0     0 I CAM_INFO: CAM-ISP: __cam_isp_ctx_flush_req_in_top_state: 5269 Stop HW complete. Reset HW next.
06-18 22:53:30.927     0     0 I CAM_INFO: CAM-ISP: __cam_isp_ctx_flush_req_in_top_state: 5247 Last request id to flush is 70, ctx_id:7
06-18 22:53:30.962     0     0 I CAM_ERR : CAM-ISP: cam_ife_mgr_cmd: 16237 config done completion timeout, Reg dump will be unreliable rc=0 ctx_index 7
06-18 22:53:30.975     0     0 I CAM_WARN: CAM-ISP: cam_ife_mgr_stop_hw: 9942 config done completion timeout for last applied req_id=69 ctx_index 7
06-18 22:53:30.975     0     0 I CAM_INFO: CAM-ISP: __cam_isp_ctx_flush_req_in_top_state: 5269 Stop HW complete. Reset HW next.
06-18 22:53:30.975     0     0 I CAM_WARN: CAM-CORE: cam_context_handle_flush_dev: 547 No flush device in dev 4391191, state 4
06-18 22:53:30.973   638   652 I SyncBossFW: 24461696 [info   ] {BCM }: bsp_cam_mgr_stop_streaming for cameras 0x30
06-18 22:53:30.973   638   652 I SyncBossFW: 24461697 [info   ] {BCM }: bsp_cam_mgr_deinit for cameras 0x30
06-18 22:53:30.975     0     0 I CAM_WARN: CAM-CORE: cam_context_handle_flush_dev: 547 No flush device in dev 11927835, state 4
06-18 22:53:31.003     0     0 I CAM_WARN: CAM-CORE: cam_context_handle_flush_dev: 547 No flush device in dev 4391191, state 4
06-18 22:53:31.004     0     0 I CAM_WARN: CAM-CORE: cam_context_handle_flush_dev: 547 No flush device in dev 11927835, state 4
06-18 22:53:31.004     0     0 I CAM_WARN: CAM-CORE: cam_context_handle_flush_dev: 547 No flush device in dev 4391191, state 4
06-18 22:53:31.005     0     0 I CAM_WARN: CAM-CORE: cam_context_handle_flush_dev: 547 No flush device in dev 11927835, state 4
06-18 22:53:31.014     0     0 I CAM_WARN: CAM-ISP: cam_ife_mgr_stop_hw: 9942 config done completion timeout for last applied req_id=68 ctx_index 6
06-18 22:53:31.009  1095  6095 E ThermalManagerService: No threshold found for pcb1-usr
06-18 22:53:31.009  1095  6095 E ThermalManagerService: No threshold found for pcb2-usr
06-18 22:53:31.009  1095  6095 E ThermalManagerService: No threshold found for pcb3-usr
06-18 22:53:31.009  1095  6095 E ThermalManagerService: No threshold found for rf-usr
06-18 22:53:31.009  1095  6095 E ThermalManagerService: No threshold found for cam0-usr
06-18 22:53:31.009  1095  6095 E ThermalManagerService: No threshold found for cam1-usr
06-18 22:53:31.009  1095  6095 E ThermalManagerService: No threshold found for cam2-usr
06-18 22:53:31.009  1095  6095 E ThermalManagerService: No threshold found for cam3-usr
06-18 22:53:31.009  1095  6095 E ThermalManagerService: No threshold found for cam4-usr
06-18 22:53:31.009  1095  6095 E ThermalManagerService: No threshold found for cam5-usr
06-18 22:53:31.009  1095  6095 E ThermalManagerService: No threshold found for disp-virt
06-18 22:53:31.009  1095  6095 E ThermalManagerService: No threshold found for pogo-usr
06-18 22:53:31.018     0     0 I CAM_INFO: CAM-SENSOR: cam_sensor_driver_cmd: 1305 3:53:31.8 CAM_STOP_DEV Success for imx471 sensor_id:0x471,sensor_slave_addr:0x34
06-18 22:53:31.019     0     0 I CAM_INFO: CAM-ISP: cam_ife_mgr_release_hw: 11184 3:53:31.10 Release HW success ctx id: 6
06-18 22:53:31.034     0     0 I CAM_WARN: CAM-ISP: cam_ife_mgr_stop_hw: 9942 config done completion timeout for last applied req_id=69 ctx_index 7
06-18 22:53:31.037     0     0 I CAM_INFO: CAM-SENSOR: cam_sensor_driver_cmd: 1305 3:53:31.27 CAM_STOP_DEV Success for imx471 sensor_id:0x471,sensor_slave_addr:0x34
06-18 22:53:31.037     0     0 I CAM_INFO: CAM-ISP: cam_ife_mgr_release_hw: 11184 3:53:31.28 Release HW success ctx id: 7
06-18 22:53:31.050  1095  6095 D CompatibilityChangeReporter: Compat change id reported: 149924527; UID 10102; state: ENABLED
06-18 22:53:31.051  1095  6095 D CompatibilityChangeReporter: Compat change id reported: 132649864; UID 10102; state: DISABLED
06-18 22:53:31.053  1095  6095 D CompatibilityChangeReporter: Compat change id reported: 182734110; UID 1000; state: ENABLED
06-18 22:53:31.053  1095  6095 D CompatibilityChangeReporter: Compat change id reported: 182734110; UID 1000; state: DISABLED
06-18 22:53:31.041     0     0 I CAM_INFO: CAM-SENSOR: cam_sensor_driver_cmd: 1188 CAM_RELEASE_DEV Success for imx471 sensor_id:0x471, slave_addr:0x34
06-18 22:53:31.074  1095  6095 I ActivityTaskManager: START u0 {act=android.intent.action.SEND typ=image/jpeg flg=0x10008001 cmp=com.whatsapp/.contact.picker.ContactPicker clip={image/jpeg {U(content)}} (has extras)} from uid 10017
06-18 22:53:31.078   647  4713 D CameraStream: [ocal] Client 852 stop complete
06-18 22:53:31.078   852  1017 D TrackingService: [iot][ocal]handleMuxModeNotification finished for muxMode[color: ocalOff]
06-18 22:53:31.078   852  1017 D TrackingService: [ocal]end onMuxStateUpdate. ModeId: default -> ocalOff
06-18 22:53:31.078   852  1017 I TrackingService: [                        iot:ocal] Mux Mode Transition from sensor service: default -> ocalOff transition time: 217 ms
06-18 22:53:31.097  1095  6095 I Vr2dDisplayResolver: Resolving display for activity: ComponentInfo{com.whatsapp/com.whatsapp.contact.picker.ContactPicker}
06-18 22:53:31.098  1095  6095 D CompatibilityChangeReporter: Compat change id reported: 174042980; UID 10102; state: DISABLED
06-18 22:53:31.099  1095  6095 D CompatibilityChangeReporter: Compat change id reported: 184838306; UID 10102; state: DISABLED
06-18 22:53:31.099  1095  6095 D CompatibilityChangeReporter: Compat change id reported: 185004937; UID 10102; state: DISABLED
06-18 22:53:31.099  1095  6095 D CompatibilityChangeReporter: Compat change id reported: 181136395; UID 10102; state: DISABLED
06-18 22:53:31.100  1095  6095 D CompatibilityChangeReporter: Compat change id reported: 174042936; UID 10102; state: DISABLED
06-18 22:53:31.180  1095  1174 D CompatibilityChangeReporter: Compat change id reported: 135634846; UID 10003; state: DISABLED
06-18 22:53:31.180  1095  1174 D CompatibilityChangeReporter: Compat change id reported: 177438394; UID 10003; state: DISABLED
06-18 22:53:31.180  1095  1174 D CompatibilityChangeReporter: Compat change id reported: 135772972; UID 10003; state: DISABLED
06-18 22:53:31.180  1095  1174 D CompatibilityChangeReporter: Compat change id reported: 135754954; UID 10003; state: DISABLED
06-18 22:53:31.180  1095  1144 D CompatibilityChangeReporter: Compat change id reported: 143937733; UID 10003; state: DISABLED
06-18 22:53:31.192  1095  1144 D ActivityManager: Is background playback GK enabled: true Is background playback enabled for all apps: false
06-18 22:53:31.192  1095  1144 I ActivityManager: Start proc 9065:com.oculus.vrshell.desktop/u0a3 for service {com.oculus.vrshell.desktop/com.oculus.vrshell.desktop.PanelService}
06-18 22:53:31.227  1095  1174 D CompatibilityChangeReporter: Compat change id reported: 168419799; UID 10003; state: DISABLED
06-18 22:53:31.229  1095  1174 D ActivityManager: Is background playback GK enabled: true Is background playback enabled for all apps: false
06-18 22:53:31.063     0     0 I CAM_INFO: CAM-SENSOR: cam_sensor_driver_cmd: 1188 CAM_RELEASE_DEV Success for imx471 sensor_id:0x471, slave_addr:0x34
06-18 22:53:31.292     0     0 I binder  : 844:3113 transaction failed 29201/-28, size 252-0 line 3325
06-18 22:53:31.362  1095  1174 I DisplayDeviceRepository: Display device added: DisplayDeviceInfo{"com.oculus.android_panel_app.AndroidPanelLayer-controlbar6": uniqueId="virtual:com.oculus.systemux,10028,com.oculus.android_panel_app.AndroidPanelLayer-controlbar6,0", 1250 x 50, modeId 566, defaultModeId 566, supportedModes [{id=566, width=1250, height=50, fps=60.0, alternativeRefreshRates=[]}], colorMode 0, supportedColorModes [0], hdrCapabilities null, allmSupported false, gameContentTypeSupported false, density 200, 200.0 x 200.0 dpi, appVsyncOff 0, presDeadline 16666666, touch NONE, rotation 0, type VIRTUAL, deviceProductInfo null, state OFF, owner com.oculus.systemux (uid 10028), frameRateOverride , brightnessMinimum 0.0, brightnessMaximum 0.0, brightnessDefault 0.0, FLAG_PRIVATE, FLAG_NEVER_BLANK, FLAG_OWN_CONTENT_ONLY}
06-18 22:53:31.363  1095  1174 I LogicalDisplayMapper: Applying layout: [{addr: {port=146, model=0x40446dbbd154e4}, dispId: 0(ON)}], Previous layout: [{addr: {port=146, model=0x40446dbbd154e4}, dispId: 0(ON)}]
06-18 22:53:31.363  1095  1174 I LogicalDisplayMapper: Adding new display: 342: DisplayInfo{"com.oculus.android_panel_app.AndroidPanelLayer-controlbar6", displayId 342", displayGroupId -1, FLAG_PRIVATE, real 1250 x 50, largest app 1250 x 50, smallest app 1250 x 50, appVsyncOff 0, presDeadline 16666666, mode 566, defaultMode 566, modes [{id=566, width=1250, height=50, fps=60.0, alternativeRefreshRates=[]}], hdrCapabilities null, userDisabledHdrTypes [], minimalPostProcessingSupported false, rotation 0, state OFF, type VIRTUAL, uniqueId "virtual:com.oculus.systemux,10028,com.oculus.android_panel_app.AndroidPanelLayer-controlbar6,0", app 1250 x 50, density 200 (200.0 x 200.0) dpi, layerStack 342, colorMode 0, supportedColorModes [0], deviceProductInfo null, owner com.oculus.systemux (uid 10028), removeMode 1, refreshRateOverride 0.0, brightnessMinimum 0.0, brightnessMaximum 0.0, brightnessDefault 0.0}
06-18 22:53:31.365  1095  1174 I LogicalDisplayMapper: Setting new display group 0 for display 342, from previous group: null
06-18 22:53:31.368  1095  1174 W DisplayPowerController[342]: Screen brightness nits configuration is unavailable; falling back
06-18 22:53:31.385  1095  1133 I WindowManager: Override config changes=20005df8 {0.0 ?mcc?mnc ?localeList ?layoutDir sw40dp w1000dp h40dp 200dpi nrml long land ?uimode ?night -touch -keyb/v/h -nav/h winConfig={ mBounds=Rect(0, 0 - 1250, 50) mAppBounds=Rect(0, 0 - 1250, 50) mMaxBounds=Rect(0, 0 - 1250, 50) mWindowingMode=fullscreen mDisplayWindowingMode=fullscreen mActivityType=undefined mAlwaysOnTop=undefined mRotation=ROTATION_0} ?fontWeightAdjustment} for displayId=342
06-18 22:53:31.393  1095  1133 V WindowManager: Display 342 state is now (1), so update layer mirroring?
06-18 22:53:31.400  1095  1135 I DisplayDeviceRepository: Display device changed: DisplayDeviceInfo{"com.oculus.android_panel_app.AndroidPanelLayer-controlbar6": uniqueId="virtual:com.oculus.systemux,10028,com.oculus.android_panel_app.AndroidPanelLayer-controlbar6,0", 1281 x 50, modeId 567, defaultModeId 567, supportedModes [{id=567, width=1281, height=50, fps=60.0, alternativeRefreshRates=[]}], colorMode 0, supportedColorModes [0], hdrCapabilities null, allmSupported false, gameContentTypeSupported false, density 200, 200.0 x 200.0 dpi, appVsyncOff 0, presDeadline 16666666, touch NONE, rotation 0, type VIRTUAL, deviceProductInfo null, state OFF, owner com.oculus.systemux (uid 10028), frameRateOverride , brightnessMinimum 0.0, brightnessMaximum 0.0, brightnessDefault 0.0, FLAG_PRIVATE, FLAG_NEVER_BLANK, FLAG_OWN_CONTENT_ONLY}
06-18 22:53:31.406  1095  1133 I WindowManager: Override config changes=20000400 {0.0 ?mcc?mnc ?localeList ?layoutDir sw40dp w1024dp h40dp 200dpi nrml long land ?uimode ?night -touch -keyb/v/h -nav/h winConfig={ mBounds=Rect(0, 0 - 1281, 50) mAppBounds=Rect(0, 0 - 1281, 50) mMaxBounds=Rect(0, 0 - 1281, 50) mWindowingMode=fullscreen mDisplayWindowingMode=fullscreen mActivityType=undefined mAlwaysOnTop=undefined mRotation=ROTATION_0} ?fontWeightAdjustment} for displayId=342
06-18 22:53:31.411  1095  1135 I DisplayDeviceRepository: Display device changed: DisplayDeviceInfo{"com.oculus.android_panel_app.AndroidPanelLayer-controlbar6": uniqueId="virtual:com.oculus.systemux,10028,com.oculus.android_panel_app.AndroidPanelLayer-controlbar6,0", 1281 x 50, modeId 567, defaultModeId 567, supportedModes [{id=567, width=1281, height=50, fps=60.0, alternativeRefreshRates=[]}], colorMode 0, supportedColorModes [0], hdrCapabilities null, allmSupported false, gameContentTypeSupported false, density 200, 200.0 x 200.0 dpi, appVsyncOff 0, presDeadline 16666666, touch NONE, rotation 0, type VIRTUAL, deviceProductInfo null, state ON, owner com.oculus.systemux (uid 10028), frameRateOverride , brightnessMinimum 0.0, brightnessMaximum 0.0, brightnessDefault 0.0, FLAG_PRIVATE, FLAG_NEVER_BLANK, FLAG_OWN_CONTENT_ONLY}
06-18 22:53:31.416  1095  1133 V WindowManager: Display 342 state is now (2), so update layer mirroring?
06-18 22:53:31.418  1095  6095 I DisplayDeviceRepository: Display device added: DisplayDeviceInfo{"VrDesktopDisplay@16700351": uniqueId="virtual:android,1000,VrDesktopDisplay@16700351,0", 1281 x 801, modeId 568, defaultModeId 568, supportedModes [{id=568, width=1281, height=801, fps=60.0, alternativeRefreshRates=[]}], colorMode 0, supportedColorModes [0], hdrCapabilities null, allmSupported false, gameContentTypeSupported false, density 200, 200.0 x 200.0 dpi, appVsyncOff 0, presDeadline 16666666, touch NONE, rotation 0, type VIRTUAL, deviceProductInfo null, state ON, owner android (uid 1000), frameRateOverride , brightnessMinimum 0.0, brightnessMaximum 0.0, brightnessDefault 0.0, FLAG_SECURE, FLAG_SUPPORTS_PROTECTED_BUFFERS, FLAG_OWN_CONTENT_ONLY}
06-18 22:53:31.419  1095  6095 I LogicalDisplayMapper: Applying layout: [{addr: {port=146, model=0x40446dbbd154e4}, dispId: 0(ON)}], Previous layout: [{addr: {port=146, model=0x40446dbbd154e4}, dispId: 0(ON)}]
06-18 22:53:31.419  1095  6095 I LogicalDisplayMapper: Adding new display: 343: DisplayInfo{"VrDesktopDisplay@16700351", displayId 343", displayGroupId -1, FLAG_SECURE, FLAG_SUPPORTS_PROTECTED_BUFFERS, FLAG_TRUSTED, real 1281 x 801, largest app 1281 x 801, smallest app 1281 x 801, appVsyncOff 0, presDeadline 16666666, mode 568, defaultMode 568, modes [{id=568, width=1281, height=801, fps=60.0, alternativeRefreshRates=[]}], hdrCapabilities null, userDisabledHdrTypes [], minimalPostProcessingSupported false, rotation 0, state ON, type VIRTUAL, uniqueId "virtual:android,1000,VrDesktopDisplay@16700351,0", app 1281 x 801, density 200 (200.0 x 200.0) dpi, layerStack 343, colorMode 0, supportedColorModes [0], deviceProductInfo null, owner android (uid 1000), removeMode 1, refreshRateOverride 0.0, brightnessMinimum 0.0, brightnessMaximum 0.0, brightnessDefault 0.0}
06-18 22:53:31.420  1095  6095 I LogicalDisplayMapper: Setting new display group 0 for display 343, from previous group: null
06-18 22:53:31.420  1095  6095 W DisplayPowerController[343]: Screen brightness nits configuration is unavailable; falling back
06-18 22:53:31.421  1095  6095 D VrDesktopContainer: Created a new virtual display: id=343
06-18 22:53:31.421  1095  1133 V WindowManager: Display 342 state is now (2), so update layer mirroring?
06-18 22:53:31.422  1095  1133 V WindowManager: Display 342 state is now (2), so update layer mirroring?
06-18 22:53:31.435  1095  1159 V DisplayPowerController[343]: Brightness [0.0] reason changing to: 'manual', previous reason: '0'.
06-18 22:53:31.475  1095  1133 I WindowManager: Override config changes=20005df8 {0.0 ?mcc?mnc ?localeList ?layoutDir sw640dp w1024dp h640dp 200dpi lrg land ?uimode ?night -touch -keyb/v/h -nav/h winConfig={ mBounds=Rect(0, 0 - 1281, 801) mAppBounds=Rect(0, 0 - 1281, 801) mMaxBounds=Rect(0, 0 - 1281, 801) mWindowingMode=fullscreen mDisplayWindowingMode=fullscreen mActivityType=undefined mAlwaysOnTop=undefined mRotation=ROTATION_0} ?fontWeightAdjustment} for displayId=343
06-18 22:53:31.476  1095  1133 I WindowManager: Screen frozen for +29ms due to new-config
06-18 22:53:31.509  1095  1133 V WindowManager: Display 343 state is now (2), so update layer mirroring?
06-18 22:53:31.510  1095  1133 V WindowManager: Display 343 state is now (2), so update layer mirroring?
06-18 22:53:31.521  1095  6095 W VrDesktopContainer: setInputFocusEnabled: not implemented
06-18 22:53:31.521  1095  6095 W VrDesktopContainer: clear: not implemented
06-18 22:53:31.543  1095  6095 I ActivityTaskManager: START u0 {act=android.intent.action.SEND typ=image/jpeg flg=0x10018101 cmp=com.whatsapp/.contact.picker.ContactPicker clip={image/jpeg {U(content)}} (has extras)} from uid 10017
06-18 22:53:31.545  1095  6095 D CompatibilityChangeReporter: Compat change id reported: 197654537; UID 10102; state: ENABLED
06-18 22:53:31.545  1095  6095 W ActivityTaskManager: Can't find TaskDisplayArea to determine support for multi window. Task id=1119 attached=false
06-18 22:53:31.557  1095  6095 D CompatibilityChangeReporter: Compat change id reported: 168419799; UID 10102; state: DISABLED
06-18 22:53:31.562  1095  1135 D CompatibilityChangeReporter: Compat change id reported: 135634846; UID 10102; state: DISABLED
06-18 22:53:31.562  1095  1135 D CompatibilityChangeReporter: Compat change id reported: 177438394; UID 10102; state: DISABLED
06-18 22:53:31.562  1095  1135 D CompatibilityChangeReporter: Compat change id reported: 135772972; UID 10102; state: DISABLED
06-18 22:53:31.562  1095  1135 D CompatibilityChangeReporter: Compat change id reported: 135754954; UID 10102; state: ENABLED
06-18 22:53:31.562  1095  1144 D CompatibilityChangeReporter: Compat change id reported: 143937733; UID 10102; state: ENABLED
06-18 22:53:31.579  1095  1144 D ActivityManager: Is background playback GK enabled: true Is background playback enabled for all apps: false
06-18 22:53:31.579  1095  1144 I ActivityManager: Start proc 9107:com.whatsapp/u0a102 for top-activity {com.whatsapp/com.whatsapp.contact.picker.ContactPicker}
06-18 22:53:31.632     0     0 I binder  : 844:3113 transaction failed 29201/-28, size 252-0 line 3325
06-18 22:53:31.631  1095  1216 D CompatibilityChangeReporter: Compat change id reported: 171306433; UID 10102; state: ENABLED
06-18 22:53:31.823  1095  4710 D ActivityManager: Is background playback GK enabled: true Is background playback enabled for all apps: false
06-18 22:53:31.823  1095  4710 D ActivityManager: Is background playback GK enabled: true Is background playback enabled for all apps: false
06-18 22:53:31.834     0     0 I binder  : 844:844 transaction failed 29201/-28, size 252-0 line 3325
06-18 22:53:31.836  1095  4488 I DisplayDeviceRepository: Display device removed: DisplayDeviceInfo{"com.oculus.android_panel_app.AndroidPanelLayer-controlbar7": uniqueId="virtual:com.oculus.systemux,10028,com.oculus.android_panel_app.AndroidPanelLayer-controlbar7,0", 1280 x 50, modeId 562, defaultModeId 562, supportedModes [{id=562, width=1280, height=50, fps=60.0, alternativeRefreshRates=[]}], colorMode 0, supportedColorModes [0], hdrCapabilities null, allmSupported false, gameContentTypeSupported false, density 200, 200.0 x 200.0 dpi, appVsyncOff 0, presDeadline 16666666, touch NONE, rotation 0, type VIRTUAL, deviceProductInfo null, state ON, owner com.oculus.systemux (uid 10028), frameRateOverride , brightnessMinimum 0.0, brightnessMaximum 0.0, brightnessDefault 0.0, FLAG_PRIVATE, FLAG_NEVER_BLANK, FLAG_OWN_CONTENT_ONLY}
06-18 22:53:31.837  1095  4488 I LogicalDisplayMapper: Removing display: 340
06-18 22:53:31.912   647  1038 E FrameSetCollator: [worldTracking] 31 FrameSets had unexpected timestamps (over 1053.77s). Ex: slot 0 24462597.924ms -> 24462631.256ms (observed period: 33.332ms, expected period: 16.666ms (16.666ms))
06-18 22:53:32.016  1095  4488 E ThermalManagerService: No threshold found for pcb1-usr
06-18 22:53:32.016  1095  4488 E ThermalManagerService: No threshold found for pcb2-usr
06-18 22:53:32.016  1095  4488 E ThermalManagerService: No threshold found for pcb3-usr
06-18 22:53:32.016  1095  4488 E ThermalManagerService: No threshold found for rf-usr
06-18 22:53:32.016  1095  4488 E ThermalManagerService: No threshold found for cam0-usr
06-18 22:53:32.016  1095  4488 E ThermalManagerService: No threshold found for cam1-usr
06-18 22:53:32.016  1095  4488 E ThermalManagerService: No threshold found for cam2-usr
06-18 22:53:32.016  1095  4488 E ThermalManagerService: No threshold found for cam3-usr
06-18 22:53:32.016  1095  4488 E ThermalManagerService: No threshold found for cam4-usr
06-18 22:53:32.016  1095  4488 E ThermalManagerService: No threshold found for cam5-usr
06-18 22:53:32.016  1095  4488 E ThermalManagerService: No threshold found for disp-virt
06-18 22:53:32.016  1095  4488 E ThermalManagerService: No threshold found for pogo-usr
06-18 22:53:32.351  1095  1135 I DisplayDeviceRepository: Display device changed: DisplayDeviceInfo{"com.oculus.android_panel_app.AndroidPanelLayer-toast": uniqueId="virtual:com.oculus.systemux,10028,com.oculus.android_panel_app.AndroidPanelLayer-toast,0", 460 x 99, modeId 565, defaultModeId 565, supportedModes [{id=565, width=460, height=99, fps=60.0, alternativeRefreshRates=[]}], colorMode 0, supportedColorModes [0], hdrCapabilities null, allmSupported false, gameContentTypeSupported false, density 200, 200.0 x 200.0 dpi, appVsyncOff 0, presDeadline 16666666, touch NONE, rotation 0, type VIRTUAL, deviceProductInfo null, state ON, owner com.oculus.systemux (uid 10028), frameRateOverride , brightnessMinimum 0.0, brightnessMaximum 0.0, brightnessDefault 0.0, FLAG_PRIVATE, FLAG_NEVER_BLANK, FLAG_OWN_CONTENT_ONLY}
06-18 22:53:32.355  1095  1135 I DisplayDeviceRepository: Display device changed: DisplayDeviceInfo{"com.oculus.android_panel_app.AndroidPanelLayer-toast": uniqueId="virtual:com.oculus.systemux,10028,com.oculus.android_panel_app.AndroidPanelLayer-toast,0", 1 x 1, modeId 569, defaultModeId 569, supportedModes [{id=569, width=1, height=1, fps=60.0, alternativeRefreshRates=[]}], colorMode 0, supportedColorModes [0], hdrCapabilities null, allmSupported false, gameContentTypeSupported false, density 200, 200.0 x 200.0 dpi, appVsyncOff 0, presDeadline 16666666, touch NONE, rotation 0, type VIRTUAL, deviceProductInfo null, state OFF, owner com.oculus.systemux (uid 10028), frameRateOverride , brightnessMinimum 0.0, brightnessMaximum 0.0, brightnessDefault 0.0, FLAG_PRIVATE, FLAG_NEVER_BLANK, FLAG_OWN_CONTENT_ONLY}
06-18 22:53:32.361  1095  1133 I WindowManager: Override config changes=20000080 {0.0 ?mcc?mnc ?localeList ?layoutDir sw79dp w368dp h79dp 200dpi smll port ?uimode ?night -touch -keyb/v/h -nav/h winConfig={ mBounds=Rect(0, 0 - 1, 1) mAppBounds=Rect(0, 0 - 1, 1) mMaxBounds=Rect(0, 0 - 1, 1) mWindowingMode=fullscreen mDisplayWindowingMode=fullscreen mActivityType=undefined mAlwaysOnTop=undefined mRotation=ROTATION_0} ?fontWeightAdjustment} for displayId=317
06-18 22:53:32.368  1095  1133 V WindowManager: Display 317 state is now (1), so update layer mirroring?
06-18 22:53:32.375  1095  1133 V WindowManager: Display 317 state is now (1), so update layer mirroring?
06-18 22:53:32.379  1095  1135 I DisplayDeviceRepository: Display device changed: DisplayDeviceInfo{"com.oculus.android_panel_app.AndroidPanelLayer-toast": uniqueId="virtual:com.oculus.systemux,10028,com.oculus.android_panel_app.AndroidPanelLayer-toast,0", 1 x 1, modeId 569, defaultModeId 569, supportedModes [{id=569, width=1, height=1, fps=60.0, alternativeRefreshRates=[]}], colorMode 0, supportedColorModes [0], hdrCapabilities null, allmSupported false, gameContentTypeSupported false, density 200, 200.0 x 200.0 dpi, appVsyncOff 0, presDeadline 16666666, touch NONE, rotation 0, type VIRTUAL, deviceProductInfo null, state ON, owner com.oculus.systemux (uid 10028), frameRateOverride , brightnessMinimum 0.0, brightnessMaximum 0.0, brightnessDefault 0.0, FLAG_PRIVATE, FLAG_NEVER_BLANK, FLAG_OWN_CONTENT_ONLY}
06-18 22:53:32.386  1095  1133 V WindowManager: Display 317 state is now (2), so update layer mirroring?
06-18 22:53:32.446     0     0 W audit   : audit_lost=785 audit_rate_limit=5 audit_backlog_limit=64
06-18 22:53:32.446     0     0 E audit   : rate limit exceeded
--------- beginning of main
06-18 22:53:32.463   624  1446 I PAL: ResourceManager: GetConcurrencyInfo: 5024: stream type 1 Tx conc 0, Rx conc 0, concurrency allowed
06-18 22:53:32.463   624  1446 I PAL: ResourceManager: GetConcurrencyInfo: 5024: stream type 1 Tx conc 0, Rx conc 0, concurrency allowed
06-18 22:53:32.463   624  1446 I PAL: ResourceManager: GetConcurrencyInfo: 5024: stream type 1 Tx conc 0, Rx conc 0, concurrency allowed
06-18 22:53:32.463   624  1446 E PAL: ResourceManager: voteSleepMonitor: 1758: ioctl device is not open
06-18 22:53:32.464   624  1446 D agm_client_wrapper: agm_session_open called with handle = 19797960 , *handle = 0
06-18 22:53:32.464   624  1446 I AGM: device: device_open: 340 PCM device 31 already opened
06-18 22:53:32.464   624  1446 D AGM: graph: graph_open: 630 miid 4661 mid 7001000 tag c0000002
06-18 22:53:32.464   624  1446 D AGM: graph: graph_open: 678 miid 4678 mid 700100e tag c0000004
06-18 22:53:32.464   624  1446 I GPR:    : __gpr_cmd_register_v2:902 GPR Register: Source Port is 8209 heap_index: 0
06-18 22:53:32.466   624  1446 E ACDB    : AcdbCmdGetProcSubgraphCalDataPersist:8217 Error[19]: No calibration found
06-18 22:53:32.466   624  1446 E ACDB    : AcdbCmdGetProcSubgraphCalDataPersist:8217 Error[19]: No calibration found
06-18 22:53:32.466   624  1446 D agm_client_wrapper: agm_session_open Received handle = 0x7f19797960 , *handle = b400007fa9307d80
06-18 22:53:32.466   624  1446 D PLUGIN: pcm: agm_pcm_hw_params: 477 agm_pcm_hw_params: mode: 0
06-18 22:53:32.466   624  1446 I PAL: Session: updateCustomPayload: 619: customPayloadSize = 32
06-18 22:53:32.466   624  1446 E PAL: SessionAlsaUtils: getModuleInstanceId: 1197: No matching MIID found for tag: 0xc0000039, error:-22
06-18 22:53:32.466   624  1446 E PAL: Session: handleDeviceRotation: 707: getModuleInstanceId failed
06-18 22:53:32.466   624  1446 E PAL: SessionAlsaPcm: start: 1450: handleDeviceRotation failed
06-18 22:53:32.466   624  1446 D AGM: device: device_prepare: 411 PCM device 31 already in prepare state
06-18 22:53:32.466   624  1446 D AGM: graph_module: configure_pcm_shared_mem_ep: 1660 entry mod tag c0000002 miid 4661 mid 7001000
06-18 22:53:32.466   624  1446 D AGM: graph_module: configure_pcm_shared_mem_ep: 1736 exit, ret 0
06-18 22:53:32.466   624  1446 E AGM: graph: graph_prepare: 848 device obj:TDM-LPAIF_WSA-RX-PRIMARY in started state, start ref_cnt:1 miid 4678 mid 700100e tag c0000004
06-18 22:53:32.466   624  1446 E AGM: graph: configure_buffer_params: 295 Unsupported buffer mode : 0, Default to Blocking
06-18 22:53:32.468   624  1446 I AGM: device: device_start: 463 PCM device 31 already in start state
06-18 22:53:32.468   624  1446 E PAL: SessionAlsaUtils: getModuleInstanceId: 1197: No matching MIID found for tag: 0xc0000006, error:-22
06-18 22:53:32.468   624  1446 E PAL: SessionAlsaUtils: registerMixerEvent: 1346: Failed to get tage info c0000006, status = -22
06-18 22:53:32.468   624  1446 E PAL: SessionAlsaPcm: start: 1567: Register for Pause failed 22
06-18 22:53:32.468   624  1446 E ACDB    : AcdbCmdGetSubgraphCalDataNonPersist:5898 Error[19]: No calibration found
06-18 22:53:32.468   624  1446 I AHAL: AudioStream: configurePalOutputStream: 3360: notify GEF client of device config
06-18 22:53:32.468   624  1446 D generic_effect_ar: gef_device_config_cb: stream type=4 sample_rate=48000 device=16777216
06-18 22:53:32.470   624  1446 I PAL: SessionAlsaPcm: setParameters: 2507: mixer set module config status=0
06-18 22:53:32.470  1095  1202 I InputDispatcher: Dropping event because there is no touchable window or gesture monitor at (875, 417) in display 343.
06-18 22:53:32.470   624  1446 I PAL: SessionAlsaPcm: setParameters: 2507: mixer set module config status=0
06-18 22:53:32.477  1095  1135 I DisplayDeviceRepository: Display device changed: DisplayDeviceInfo{"com.oculus.android_panel_app.AndroidPanelLayer-toast": uniqueId="virtual:com.oculus.systemux,10028,com.oculus.android_panel_app.AndroidPanelLayer-toast,0", 1 x 1, modeId 569, defaultModeId 569, supportedModes [{id=569, width=1, height=1, fps=60.0, alternativeRefreshRates=[]}], colorMode 0, supportedColorModes [0], hdrCapabilities null, allmSupported false, gameContentTypeSupported false, density 200, 200.0 x 200.0 dpi, appVsyncOff 0, presDeadline 16666666, touch NONE, rotation 0, type VIRTUAL, deviceProductInfo null, state ON, owner com.oculus.systemux (uid 10028), frameRateOverride , brightnessMinimum 0.0, brightnessMaximum 0.0, brightnessDefault 0.0, FLAG_PRIVATE, FLAG_NEVER_BLANK, FLAG_OWN_CONTENT_ONLY}
06-18 22:53:32.478  1095  1135 I DisplayDeviceRepository: Display device changed: DisplayDeviceInfo{"com.oculus.android_panel_app.AndroidPanelLayer-toast": uniqueId="virtual:com.oculus.systemux,10028,com.oculus.android_panel_app.AndroidPanelLayer-toast,0", 1 x 1, modeId 569, defaultModeId 569, supportedModes [{id=569, width=1, height=1, fps=60.0, alternativeRefreshRates=[]}], colorMode 0, supportedColorModes [0], hdrCapabilities null, allmSupported false, gameContentTypeSupported false, density 200, 200.0 x 200.0 dpi, appVsyncOff 0, presDeadline 16666666, touch NONE, rotation 0, type VIRTUAL, deviceProductInfo null, state OFF, owner com.oculus.systemux (uid 10028), frameRateOverride , brightnessMinimum 0.0, brightnessMaximum 0.0, brightnessDefault 0.0, FLAG_PRIVATE, FLAG_NEVER_BLANK, FLAG_OWN_CONTENT_ONLY}
06-18 22:53:32.480  1095  1135 I DisplayDeviceRepository: Display device changed: DisplayDeviceInfo{"com.oculus.android_panel_app.AndroidPanelLayer-toast": uniqueId="virtual:com.oculus.systemux,10028,com.oculus.android_panel_app.AndroidPanelLayer-toast,0", 460 x 99, modeId 570, defaultModeId 570, supportedModes [{id=570, width=460, height=99, fps=60.0, alternativeRefreshRates=[]}], colorMode 0, supportedColorModes [0], hdrCapabilities null, allmSupported false, gameContentTypeSupported false, density 200, 200.0 x 200.0 dpi, appVsyncOff 0, presDeadline 16666666, touch NONE, rotation 0, type VIRTUAL, deviceProductInfo null, state OFF, owner com.oculus.systemux (uid 10028), frameRateOverride , brightnessMinimum 0.0, brightnessMaximum 0.0, brightnessDefault 0.0, FLAG_PRIVATE, FLAG_NEVER_BLANK, FLAG_OWN_CONTENT_ONLY}
06-18 22:53:32.483  1870  2308 I [SEO] PanelAppHost: Setting panel layer visibility of layer "toast" to visible, panel 5 (com.oculus.systemux/com.oculus.panelapp.anytimeui.AnytimeUIPanelService)
06-18 22:53:32.484  1095  1133 I WindowManager: Override config changes=20000080 {0.0 ?mcc?mnc ?localeList ?layoutDir sw79dp w368dp h79dp 200dpi smll land ?uimode ?night -touch -keyb/v/h -nav/h winConfig={ mBounds=Rect(0, 0 - 460, 99) mAppBounds=Rect(0, 0 - 460, 99) mMaxBounds=Rect(0, 0 - 460, 99) mWindowingMode=fullscreen mDisplayWindowingMode=fullscreen mActivityType=undefined mAlwaysOnTop=undefined mRotation=ROTATION_0} ?fontWeightAdjustment} for displayId=317
06-18 22:53:32.486  3469  3469 I AndroidPanelApp: Processing next frame action "layerResize" for layer "toast"
06-18 22:53:32.486  3469  3469 I AndroidPanelApp: Processing pending show layer info for layer toast with width 460 and height 99.
06-18 22:53:32.487  3469  3469 I AndroidPanelApp: layerSupersample no changes
06-18 22:53:32.487  1095  1202 I InputDispatcher: Dropping event because there is no touchable window or gesture monitor at (875, 417) in display 343.
06-18 22:53:32.488  1095  1133 V WindowManager: Display 317 state is now (1), so update layer mirroring?
06-18 22:53:32.488  1095  1133 V WindowManager: Display 317 state is now (1), so update layer mirroring?
06-18 22:53:32.488  1095  1133 V WindowManager: Display 317 state is now (1), so update layer mirroring?
06-18 22:53:32.496  1870  2308 I [SEO] PanelAppHost: Resize layer toast to size 460 x 99 shape: 1 stereo: 0, panel 5 (com.oculus.systemux/com.oculus.panelapp.anytimeui.AnytimeUIPanelService)
06-18 22:53:32.496  1870  2308 I [SEO] PanelRenderLayer: ResetSurface toast 460 x 99 - shape:1 stereo:0
06-18 22:53:32.497  2592  3086 I VrRuntimeService: UpdateSwapChainSamplerState: 1105
06-18 22:53:32.497  2592  3086 I VrRuntimeService: UpdateSwapChainSamplerState: minFilter=5 magFilter=1 wrapModeS=3 warpModeT=3 maxAniso=1.000000 border={0.000000,0.000000,0.000000,0.000000} swizzle={0,1,2,3}
06-18 22:53:32.498  3469  3469 I AndroidPanelApp: Processing next frame action "layerShow" for layer "toast"
06-18 22:53:32.499  1095  1135 I DisplayDeviceRepository: Display device changed: DisplayDeviceInfo{"com.oculus.android_panel_app.AndroidPanelLayer-toast": uniqueId="virtual:com.oculus.systemux,10028,com.oculus.android_panel_app.AndroidPanelLayer-toast,0", 460 x 99, modeId 570, defaultModeId 570, supportedModes [{id=570, width=460, height=99, fps=60.0, alternativeRefreshRates=[]}], colorMode 0, supportedColorModes [0], hdrCapabilities null, allmSupported false, gameContentTypeSupported false, density 200, 200.0 x 200.0 dpi, appVsyncOff 0, presDeadline 16666666, touch NONE, rotation 0, type VIRTUAL, deviceProductInfo null, state OFF, owner com.oculus.systemux (uid 10028), frameRateOverride , brightnessMinimum 0.0, brightnessMaximum 0.0, brightnessDefault 0.0, FLAG_PRIVATE, FLAG_NEVER_BLANK, FLAG_OWN_CONTENT_ONLY}
06-18 22:53:32.499  1095  1202 I InputDispatcher: Dropping event because there is no touchable window or gesture monitor at (875, 417) in display 343.
