06-25 18:59:31.638  2734 17803 I Vsync   : Vsync 8221:  2 x 13.89 ms (72.01 Hz, at 7559.954)
06-25 18:59:31.645  3641  3641 I PanelService: BEGIN: nativeInitializePanelInstance - Configure and set up thread polling.
06-25 18:59:31.646  3641  3641 I PanelService: BEGIN: Call hosted app's Configure method.
06-25 18:59:31.646  3641  3641 I PanelService: END: Call hosted app's Configure method.
06-25 18:59:31.646  3641  3641 I PanelService: END: nativeInitializePanelInstance - Add fd 100 to looper with error code 1
06-25 18:59:31.652  3641 17709 I [SUI] BarAppItemUtil: Writing aui_bar_apps_history to Shared Preferences
06-25 18:59:31.652  3641  3641 I AndroidPanelApp: Processing next frame action "layerShow" for layer "controlbar6"
06-25 18:59:31.653  2167  2462 I [SEO] PanelRenderLayer: ResetSurface #main 0 x 0 - shape:0 stereo:0
06-25 18:59:31.653  2167  2462 W Telemetry: [OpenXR] xrUpdateSwapChainFB: dimensions are invalid; 
06-25 18:59:31.653  2167  2462 I [SEO] SwapChainApiOpenXr: SetAndroidSurfaceParameters: Failed to update swapchain dimensions
06-25 18:59:31.653  2734  3354 I VrRuntimeService: UpdateSwapChainSamplerState: 506
06-25 18:59:31.654  2734  3354 I VrRuntimeService: UpdateSwapChainSamplerState: minFilter=1 magFilter=1 wrapModeS=3 warpModeT=3 maxAniso=1.000000 border={0.000000,0.000000,0.000000,0.000000} swizzle={0,1,2,3}
06-25 18:59:31.654  2167  2462 I [SEO] PanelRenderLayer: OS Panel Resize Notification to OS with width 0, height 0
06-25 18:59:31.654  1070  1102 I DisplayDeviceRepository: Display device changed: DisplayDeviceInfo{"com.oculus.android_panel_app.AndroidPanelLayer-controlbar6": uniqueId="virtual:com.oculus.systemux,10028,com.oculus.android_panel_app.AndroidPanelLayer-controlbar6,0", 1280 x 50, modeId 164, defaultModeId 164, supportedModes [{id=164, width=1280, height=50, fps=60.0, alternativeRefreshRates=[]}], colorMode 0, supportedColorModes [0], hdrCapabilities null, allmSupported false, gameContentTypeSupported false, density 200, 200.0 x 200.0 dpi, appVsyncOff 0, presDeadline 16666666, touch NONE, rotation 0, type VIRTUAL, deviceProductInfo null, state OFF, owner com.oculus.systemux (uid 10028), frameRateOverride , brightnessMinimum 0.0, brightnessMaximum 0.0, brightnessDefault 0.0, FLAG_PRIVATE, FLAG_NEVER_BLANK, FLAG_OWN_CONTENT_ONLY}
06-25 18:59:31.656   843  2930 I Tracking: AnchorCacheHelpers: Wrote Anchor Cache To Disk: 11 anchors 0 anchor loc edges 0 l1 loc edges
06-25 18:59:31.656  1070  1102 I DisplayDeviceRepository: Display device changed: DisplayDeviceInfo{"com.oculus.android_panel_app.AndroidPanelLayer-controlbar6": uniqueId="virtual:com.oculus.systemux,10028,com.oculus.android_panel_app.AndroidPanelLayer-controlbar6,0", 1280 x 50, modeId 164, defaultModeId 164, supportedModes [{id=164, width=1280, height=50, fps=60.0, alternativeRefreshRates=[]}], colorMode 0, supportedColorModes [0], hdrCapabilities null, allmSupported false, gameContentTypeSupported false, density 200, 200.0 x 200.0 dpi, appVsyncOff 0, presDeadline 16666666, touch NONE, rotation 0, type VIRTUAL, deviceProductInfo null, state ON, owner com.oculus.systemux (uid 10028), frameRateOverride , brightnessMinimum 0.0, brightnessMaximum 0.0, brightnessDefault 0.0, FLAG_PRIVATE, FLAG_NEVER_BLANK, FLAG_OWN_CONTENT_ONLY}
06-25 18:59:31.661  1070  1100 V WindowManager: Display 78 state is now (2), so update layer mirroring?
06-25 18:59:31.668  3641  3641 I AndroidPanelApp: Processing pending hide layer for layer #main.
06-25 18:59:31.668  3641  3641 I AndroidPanelApp: Processing pending hide layer for layer videos.
06-25 18:59:31.668  3641  3641 I AndroidPanelApp: Processing pending show layer info for layer videos with width 1280 and height 800.
06-25 18:59:31.668  3641  3641 I AndroidPanelApp: layerSupersample no changes
06-25 18:59:31.668  3641  3641 I AndroidPanelApp: Processing pending show layer info for layer #main with width 1280 and height 800.
06-25 18:59:31.668  3641  3641 I AndroidPanelApp: layerSupersample no changes
06-25 18:59:31.680  2167  2462 I [SEO] PanelAppHost: Setting panel layer visibility of layer "#main" to invisible, panel 41 (com.oculus.systemux/com.oculus.panelapp.fileviewer.FileViewerPanelService)
06-25 18:59:31.680  2167  2462 I [SEO] PanelAppHost: Setting panel layer visibility of layer "videos" to invisible, panel 41 (com.oculus.systemux/com.oculus.panelapp.fileviewer.FileViewerPanelService)
06-25 18:59:31.680  2167  2462 I [SEO] PanelAppHost: Resize layer videos to size 1280 x 800 shape: 2 stereo: 0, panel 41 (com.oculus.systemux/com.oculus.panelapp.fileviewer.FileViewerPanelService)
06-25 18:59:31.680  2167  2462 I [SEO] PanelRenderLayer: ResetSurface videos 1280 x 800 - shape:2 stereo:0
06-25 18:59:31.680  2167  2462 I [SEO] PanelAppHost: Resize layer #main to size 1280 x 800 shape: 2 stereo: 0, panel 41 (com.oculus.systemux/com.oculus.panelapp.fileviewer.FileViewerPanelService)
06-25 18:59:31.680  2167  2462 I [SEO] PanelRenderLayer: ResetSurface #main 1280 x 800 - shape:2 stereo:0
06-25 18:59:31.680  2734  3354 I VrRuntimeService: UpdateAndroidSurfaceSwapChainDimensions: 506: 1280x800
06-25 18:59:31.680  2167  2462 I VrRuntimeClient: SetTextureSwapChainSamplerState: No change in sampler state.
06-25 18:59:31.680  2167  2462 I [SEO] PanelRenderLayer: OS Panel Resize Notification to OS with width 1280, height 800
06-25 18:59:31.680  2167  2462 I [SEO] PanelAppHost: Setting displayId 79 for layer #main
06-25 18:59:31.680  2167  2462 I [SEO] PanelAppHost: Setting displayId 80 for layer videos
06-25 18:59:31.681  2167  2462 I [SEO] ShellVideoContext: StartVideo
06-25 18:59:31.681  2167  2462 I [SEO] ShellVideoContext: Starting Video: file:///storage/emulated/0/Oculus/VideoShots/com.oculus.vrshell-20240625-185835.mp4
06-25 18:59:31.682  2167  2462 I VideoSession: 1719359971682065000 - Created
06-25 18:59:31.682  2167  2462 I VideoSession: 1719359971682065000 - State Changed: closed --> initializing
06-25 18:59:31.682  2167  2462 D VideoSession: 1719359971682065000 - created
06-25 18:59:31.682  2167  2462 D VideoSession: 1719359971682065000 - prepareVideo: url=file:///storage/emulated/0/Oculus/VideoShots/com.oculus.vrshell-20240625-185835.mp4
06-25 18:59:31.682  2167  2462 I VideoSession: 1719359971682065000 - PauseVideo
06-25 18:59:31.683  2167  3572 D VideoPlayerAnalytics: state transition: ('init','start_session')->'loading' at 1719359971682
06-25 18:59:31.683  2167  3572 I VideoPlayerAnalytics: Starting session. ID=1d4515bb-c04a-496a-b9b5-96991da470a4
06-25 18:59:31.685  2167  3572 D VideoPlayerAnalytics: newEvent: {"name":"oculus_video_sdk_playback_event","extra":{"event_type":"on_start_session","time_from_launch_ms":7546127,"ovr_user_id":"100113642830572","board":"eureka","position_ms":0,"event_time_ms":1719359971682}}
06-25 18:59:31.685  2167  3572 D VideoPlayerAnalytics: Event : {"name":"oculus_video_sdk_playback_event","extra":{"event_type":"on_start_session","time_from_launch_ms":7546127,"ovr_user_id":"100113642830572","board":"eureka","position_ms":0,"event_time_ms":1719359971682,"gatekeepers":"{\"disableAnalyticsVideoSourceRedaction\":0,\"enableABR4VBR\":0,\"enableAudioVirtualization\":1,\"enableChromiumDebugLog\":0,\"enableDataCache\":0,\"enableEarlyFrameRelease\":1,\"enableFastSeek\":1,\"enableOzABRConfig\":0,\"enableSmoothTrackSelectionOverride\":1}","session_ID":"1d4515bb-c04a-496a-b9b5-96991da470a4","url":"REDACTED","content_type":"FILE","file_extension":"mp4","projection":"RECT","FOV_X":360,"FOV_Y":180,"video_id":"0","provider":"Unknown","channel":"com.oculus.systemux","did_extract_video":0,"did_extract_audio":0,"did_start_playback":0,"audio_track_count":0}}
06-25 18:59:31.687  2167  3572 I ExoPlayerImpl: Init a3cb033 [ExoPlayerLib/2.7.3] [eureka, Quest 3, Oculus, 32]
06-25 18:59:31.687  3641  3641 I AndroidPanelApp: Processing next frame action "layerShow" for layer "videos"
06-25 18:59:31.688  1070  1102 I DisplayDeviceRepository: Display device changed: DisplayDeviceInfo{"com.oculus.android_panel_app.AndroidPanelLayer-videos": uniqueId="virtual:com.oculus.systemux,10028,com.oculus.android_panel_app.AndroidPanelLayer-videos,0", 1280 x 800, modeId 166, defaultModeId 166, supportedModes [{id=166, width=1280, height=800, fps=60.0, alternativeRefreshRates=[]}], colorMode 0, supportedColorModes [0], hdrCapabilities null, allmSupported false, gameContentTypeSupported false, density 200, 200.0 x 200.0 dpi, appVsyncOff 0, presDeadline 16666666, touch NONE, rotation 0, type VIRTUAL, deviceProductInfo null, state OFF, owner com.oculus.systemux (uid 10028), frameRateOverride , brightnessMinimum 0.0, brightnessMaximum 0.0, brightnessDefault 0.0, FLAG_PRIVATE, FLAG_NEVER_BLANK, FLAG_OWN_CONTENT_ONLY}
06-25 18:59:31.689  1070  1102 I DisplayDeviceRepository: Display device changed: DisplayDeviceInfo{"com.oculus.android_panel_app.AndroidPanelLayer-videos": uniqueId="virtual:com.oculus.systemux,10028,com.oculus.android_panel_app.AndroidPanelLayer-videos,0", 1280 x 800, modeId 166, defaultModeId 166, supportedModes [{id=166, width=1280, height=800, fps=60.0, alternativeRefreshRates=[]}], colorMode 0, supportedColorModes [0], hdrCapabilities null, allmSupported false, gameContentTypeSupported false, density 200, 200.0 x 200.0 dpi, appVsyncOff 0, presDeadline 16666666, touch NONE, rotation 0, type VIRTUAL, deviceProductInfo null, state ON, owner com.oculus.systemux (uid 10028), frameRateOverride , brightnessMinimum 0.0, brightnessMaximum 0.0, brightnessDefault 0.0, FLAG_PRIVATE, FLAG_NEVER_BLANK, FLAG_OWN_CONTENT_ONLY}
06-25 18:59:31.692  1070  1100 V WindowManager: Display 80 state is now (2), so update layer mirroring?
06-25 18:59:31.694  3641  3641 I AndroidPanelApp: Processing next frame action "layerShow" for layer "#main"
06-25 18:59:31.694  1070  1102 I DisplayDeviceRepository: Display device changed: DisplayDeviceInfo{"com.oculus.android_panel_app.AndroidPanelLayer-#main": uniqueId="virtual:com.oculus.systemux,10028,com.oculus.android_panel_app.AndroidPanelLayer-#main,4", 1280 x 800, modeId 165, defaultModeId 165, supportedModes [{id=165, width=1280, height=800, fps=60.0, alternativeRefreshRates=[]}], colorMode 0, supportedColorModes [0], hdrCapabilities null, allmSupported false, gameContentTypeSupported false, density 200, 200.0 x 200.0 dpi, appVsyncOff 0, presDeadline 16666666, touch NONE, rotation 0, type VIRTUAL, deviceProductInfo null, state ON, owner com.oculus.systemux (uid 10028), frameRateOverride , brightnessMinimum 0.0, brightnessMaximum 0.0, brightnessDefault 0.0, FLAG_PRIVATE, FLAG_NEVER_BLANK, FLAG_OWN_CONTENT_ONLY}
06-25 18:59:31.697  1070  1100 V WindowManager: Display 79 state is now (2), so update layer mirroring?
06-25 18:59:31.700  2734  3161 I PerformanceManager_ZSF: perfmgr: SetClockLevels: Apply pending clock request change: 3,2 -> 4,2
06-25 18:59:31.700  2734  3161 I Clocks  : ApplySystemModes( cpu=4, gpu=2 ) - start
06-25 18:59:31.700  2734  3161 I Clocks  : CPU levels [0, 8]
06-25 18:59:31.700  2734  3161 I Clocks  : GPU levels [0, 7]
06-25 18:59:31.700  2734  3161 I ClocksChange: Changing SystemModes to: [VR_MODE_CPU_4,VR_MODE_GPU_2,VR_MODE_BOOSTED,SUSTAINED_PERFORMANCE_VR_MODE]
06-25 18:59:31.700  2734  3161 I Clocks  : ApplySystemModes( cpu=4, gpu=2 ) - end (0.1 ms)
06-25 18:59:31.703  3641  3641 I [SUI] ControlBarPanelApp: borderRadiusType: Top, value: 25
06-25 18:59:31.706  2167  3572 I ExoPlayerImpl: Release a3cb033 [ExoPlayerLib/2.7.3] [eureka, Quest 3, Oculus, 32] [goog.exo.core, goog.exo.ffmpeg]
06-25 18:59:31.707  2167  3572 D VideoSession: 1719359971682065000 - video prepared: {"Aes128Iv":"","Aes128Key":"","AudioChannelLayout":"stereo","AudioMimeType":"audio\/mp4a-latm","AudioRendererName":"","AudioTracks":{"1":2},"Channel":"com.oculus.systemux","ClientAnalyticsData":"","DashManifestXml":"","DidUpdate":false,"DrmProxyUrl":"","DrmResponseFormat":"bytecode","DrmSecurityLevel":"NONE","Duration":0,"EnableFocus":false,"FocusWidthDegrees":0,"FovX":360,"FovY":180,"FrameAspectRatio":1,"FrameRate":0,"FrameRotation":0,"HasCameraMotionData":false,"Horizon":0,"HttpRequestHeaders":{},"InitialHeight":1024,"InitialWidth":1024,"IsLcevcMedia":false,"IsLiveMedia":false,"IsSeekable":true,"IsSyncMedia":false,"Meridian":0,"OffFocusLevel":1,"OverrideProjectionMetadata":false,"PlaybackSpeed":1,"Pose":{"Pitch":0,"Roll":0,"Yaw":0},"Projection":"RECT","ProjectionMetadataSource":"API","Provider":"Unknown","StereoMode":"2D","SubtitleMimeTypes":[],"SubtitleTracks":{},"VideoId":"","VideoMimeType":"video\/avc","VideoRendererName":"","VideoTracks":{"0":"{\"Id\":\"1\",\"width\":1024,\"height\":1024,\"framerate\":-1,\"bitrate\":-1}"},"VideoUrl":"file:\/\/\/storage\/emulated\/0\/Oculus\/VideoShots\/com.oculus.vrshell-20240625-185835.mp4","CanUseExoPlayer":true}
06-25 18:59:31.709  2167  2462 I VideoSession: 1719359971682065000 - StartVideo: player=VideoPlayer_Android, playWhenReady=0
06-25 18:59:31.709  2167  2462 D VideoPlayer_Android: Using OculusExoPlayer
06-25 18:59:31.709  2167  2462 I VideoSession: 1719359971682065000 - State Changed: initializing --> ready
06-25 18:59:31.709  2167  3572 D VideoSession: 1719359971682065000 - startVideo: player=OculusExoPlayer, playWhenReady=false
06-25 18:59:31.709  2167  3572 I VideoDirectDecoder: VideoDirectDecoder
06-25 18:59:31.710  2167  3572 I OculusExoPlayer: Loaded FFmpegAudioRender.
06-25 18:59:31.710  2167  3572 D OculusExoPlayer: FfmpegAudioRenderer is activated.
06-25 18:59:31.710  2167  3572 I ExoPlayerImpl: Init bdbd325 [ExoPlayerLib/2.7.3] [eureka, Quest 3, Oculus, 32]
06-25 18:59:31.711  2167  3572 D OculusExoPlayer: UserAgent = oculus_video_sdk
06-25 18:59:31.711  1070  1102 I DisplayDeviceRepository: Display device changed: DisplayDeviceInfo{"com.oculus.android_panel_app.AndroidPanelLayer-toast": uniqueId="virtual:com.oculus.systemux,10028,com.oculus.android_panel_app.AndroidPanelLayer-toast,0", 460 x 122, modeId 162, defaultModeId 162, supportedModes [{id=162, width=460, height=122, fps=60.0, alternativeRefreshRates=[]}], colorMode 0, supportedColorModes [0], hdrCapabilities null, allmSupported false, gameContentTypeSupported false, density 200, 200.0 x 200.0 dpi, appVsyncOff 0, presDeadline 16666666, touch NONE, rotation 0, type VIRTUAL, deviceProductInfo null, state ON, owner com.oculus.systemux (uid 10028), frameRateOverride , brightnessMinimum 0.0, brightnessMaximum 0.0, brightnessDefault 0.0, FLAG_PRIVATE, FLAG_NEVER_BLANK, FLAG_OWN_CONTENT_ONLY}
06-25 18:59:31.711  2167  3572 D OculusExoPlayer: UserAgent = oculus_video_sdk
06-25 18:59:31.711  2167  3572 D VideoSession: 1719359971682065000 - onBuffering
06-25 18:59:31.711  2167  3572 D VideoSession: 1719359971682065000 - onTimelineChanged: duration=-9223372036854775807, position=0, isSeekable=false, isLive=true
06-25 18:59:31.712  1070  1102 I DisplayDeviceRepository: Display device changed: DisplayDeviceInfo{"com.oculus.android_panel_app.AndroidPanelLayer-toast": uniqueId="virtual:com.oculus.systemux,10028,com.oculus.android_panel_app.AndroidPanelLayer-toast,0", 460 x 122, modeId 162, defaultModeId 162, supportedModes [{id=162, width=460, height=122, fps=60.0, alternativeRefreshRates=[]}], colorMode 0, supportedColorModes [0], hdrCapabilities null, allmSupported false, gameContentTypeSupported false, density 200, 200.0 x 200.0 dpi, appVsyncOff 0, presDeadline 16666666, touch NONE, rotation 0, type VIRTUAL, deviceProductInfo null, state OFF, owner com.oculus.systemux (uid 10028), frameRateOverride , brightnessMinimum 0.0, brightnessMaximum 0.0, brightnessDefault 0.0, FLAG_PRIVATE, FLAG_NEVER_BLANK, FLAG_OWN_CONTENT_ONLY}
06-25 18:59:31.714  1070  1100 V WindowManager: Display 77 state is now (1), so update layer mirroring?
06-25 18:59:31.715  1070  1102 I DisplayDeviceRepository: Display device changed: DisplayDeviceInfo{"com.oculus.android_panel_app.AndroidPanelLayer-toast": uniqueId="virtual:com.oculus.systemux,10028,com.oculus.android_panel_app.AndroidPanelLayer-toast,0", 1 x 1, modeId 167, defaultModeId 167, supportedModes [{id=167, width=1, height=1, fps=60.0, alternativeRefreshRates=[]}], colorMode 0, supportedColorModes [0], hdrCapabilities null, allmSupported false, gameContentTypeSupported false, density 200, 200.0 x 200.0 dpi, appVsyncOff 0, presDeadline 16666666, touch NONE, rotation 0, type VIRTUAL, deviceProductInfo null, state OFF, owner com.oculus.systemux (uid 10028), frameRateOverride , brightnessMinimum 0.0, brightnessMaximum 0.0, brightnessDefault 0.0, FLAG_PRIVATE, FLAG_NEVER_BLANK, FLAG_OWN_CONTENT_ONLY}
06-25 18:59:31.721  2167  2462 I [SEO] PanelCommandHandler: PanelApp com.oculus.systemux/com.oculus.panelapp.fileviewer.FileViewerPanelService requests Cooperative State change:cooperative
06-25 18:59:31.721  2167  2462 I [SEO] PanelAppHost: Cooperative State Hint set to cooperative, panel 41 (com.oculus.systemux/com.oculus.panelapp.fileviewer.FileViewerPanelService)
06-25 18:59:31.721  2167  2462 I [SEO] PanelAppHost: Setting panel layer visibility of layer "videos" to visible, panel 41 (com.oculus.systemux/com.oculus.panelapp.fileviewer.FileViewerPanelService)
06-25 18:59:31.721  2167  2462 I [SEO] PanelAppHost: Setting panel layer visibility of layer "videos" to invisible, panel 41 (com.oculus.systemux/com.oculus.panelapp.fileviewer.FileViewerPanelService)
06-25 18:59:31.721  2167  2462 I [SEO] PanelCommandHandler: PanelApp com.oculus.systemux/com.oculus.panelapp.fileviewer.FileViewerPanelService requests Cooperative State change:cooperative
06-25 18:59:31.721  2167  2462 I [SEO] PanelAppHost: Cooperative State Hint set to cooperative, panel 41 (com.oculus.systemux/com.oculus.panelapp.fileviewer.FileViewerPanelService)
06-25 18:59:31.721  2167  2462 I [SEO] PanelAppHost: Setting panel layer visibility of layer "videos" to visible, panel 41 (com.oculus.systemux/com.oculus.panelapp.fileviewer.FileViewerPanelService)
06-25 18:59:31.721  1070  1100 I WindowManager: Override config changes=20000080 {0.0 ?mcc?mnc ?localeList ?layoutDir sw97dp w368dp h97dp 200dpi smll port ?uimode ?night -touch -keyb/v/h -nav/h winConfig={ mBounds=Rect(0, 0 - 1, 1) mAppBounds=Rect(0, 0 - 1, 1) mMaxBounds=Rect(0, 0 - 1, 1) mWindowingMode=fullscreen mDisplayWindowingMode=fullscreen mActivityType=undefined mAlwaysOnTop=undefined mRotation=ROTATION_0} ?fontWeightAdjustment} for displayId=77
06-25 18:59:31.722  2167  2462 I [SEO] ShellVideoContext: StartVideo
06-25 18:59:31.722  2167  2462 I [SEO] ShellVideoContext: Starting Video: file:///storage/emulated/0/Oculus/VideoShots/com.oculus.vrshell-20240625-185835.mp4
06-25 18:59:31.722  2167  2462 I VideoSession: 1719359971682065000 - StopVideo
06-25 18:59:31.722  2167  2462 I VideoSession: 1719359971682065000 - State Changed: ready --> stopped
06-25 18:59:31.723  2167  2462 I [SEO] LayerSwapChainResource: LayerSwapChainResource width(1280), height(800), swap chain length(3), mips(4)
06-25 18:59:31.723  2734  3354 I VrRuntimeService: CreateSwapChain: 1890596101
06-25 18:59:31.723  2734  3354 I VrRuntimeService: CreateSwapChain: api:gles 0 0x8c43 1280 800 4 3 1 0 3
06-25 18:59:31.723  2167  3572 D VideoSession: 1719359971682065000 - stopVideo
06-25 18:59:31.723  2167  3572 D VideoSession: 1719359971682065000 - onStopBuffering
06-25 18:59:31.723  2167  3572 I ExoPlayerImpl: Release bdbd325 [ExoPlayerLib/2.7.3] [eureka, Quest 3, Oculus, 32] [goog.exo.core, goog.exo.ffmpeg]
06-25 18:59:31.724  2167  3572 V VideoSession: 1719359971682065000 - onDroppedFrames: elapsedTimeMs=1719359971724, delayedCount=0, unconsumedCount=0, decodedFrameCount=0
06-25 18:59:31.724  2167  3572 D VideoSession: 1719359971682065000 - onRelease
06-25 18:59:31.724  2167  3572 I VideoPlayer_Android: nativePlayerReleased
06-25 18:59:31.725  1070  1100 V WindowManager: Display 77 state is now (1), so update layer mirroring?
06-25 18:59:31.727  2734  3354 I VrRuntimeServer: CreateTextureSwapChain: result importswapchaingles 1
06-25 18:59:31.728  3641  3662 I OpenGLRenderer: Davey! duration=9223364476857ms; Flags=0, FrameTimelineVsyncId=498567, IntendedVsync=7559996666908, Vsync=7560018889130, InputEventId=0, HandleInputStart=7560025691282, AnimationStart=7560025692428, PerformTraversalsStart=7560026166855, DrawStart=7560030683782, FrameDeadline=7560023444682, FrameInterval=7560025685969, FrameStartTime=11111111, SyncQueued=7560031452428, SyncStart=7560031750344, IssueDrawCommandsStart=7560031825292, SwapBuffers=7560032054146, FrameCompleted=9223372036854775807, DequeueBufferDuration=13646, QueueBufferDuration=477135, GpuCompleted=9223372036854775807, SwapBuffersCompleted=7560032689563, DisplayPresentTime=0, 
06-25 18:59:31.728  3641  3662 I OpenGLRenderer: Davey! duration=9223364476858ms; Flags=0, FrameTimelineVsyncId=498567, IntendedVsync=7559996666908, Vsync=7560018889130, InputEventId=0, HandleInputStart=7560025691282, AnimationStart=7560025692428, PerformTraversalsStart=7560026166855, DrawStart=7560034323730, FrameDeadline=7560034555793, FrameInterval=7560025685969, FrameStartTime=11111111, SyncQueued=7560034625084, SyncStart=7560034692532, IssueDrawCommandsStart=7560034738417, SwapBuffers=7560035591386, FrameCompleted=9223372036854775807, DequeueBufferDuration=11615, QueueBufferDuration=754271, GpuCompleted=9223372036854775807, SwapBuffersCompleted=7560036553365, DisplayPresentTime=7165915821877851236, 
06-25 18:59:31.729  2167  2462 I [SEO] SwapChainApiOpenXr: Swapchain created: 1280,800 - 3
06-25 18:59:31.729  2734  3354 I VrRuntimeService: UpdateSwapChainSamplerState: 513
06-25 18:59:31.729  2734  3354 I VrRuntimeService: UpdateSwapChainSamplerState: minFilter=1 magFilter=1 wrapModeS=3 warpModeT=3 maxAniso=1.000000 border={0.000000,0.000000,0.000000,0.000000} swizzle={0,1,2,3}
06-25 18:59:31.751 17347 17347 D wlan    : [17347:IH:DP] bbm_request_bus_bandwidth: Bus bandwidth vote level change from 1 to 2 pld_vote: 2
06-25 18:59:31.751 17347 17347 D wlan    : [17347:IH:DP] dp_pld_request_bus_bandwidth: tx:226[226(off)+0(no-off)] rx:48[48(off)+0(no-off)] next_level(vote 2 rx 1 tx 1 rtpm 0) pm_qos(rx:0,00 tx:0,00 on_low_tput:0)
06-25 18:59:31.732  1070  1100 V WindowManager: Display 77 state is now (1), so update layer mirroring?
06-25 18:59:31.735  2167  2462 D VideoSession: 1719359971682065000 - deleted
06-25 18:59:31.736  2167  3572 D VideoPlayerAnalytics: newEvent: {"name":"oculus_video_sdk_playback_event","extra":{"event_type":"on_dropped_frames","time_from_launch_ms":7546180,"ovr_user_id":"100113642830572","board":"eureka","position_ms":0,"event_time_ms":1719359971735}}
06-25 18:59:31.736  2167  3572 D VideoPlayerAnalytics: Event : {"name":"oculus_video_sdk_playback_event","extra":{"event_type":"on_dropped_frames","time_from_launch_ms":7546180,"ovr_user_id":"100113642830572","board":"eureka","position_ms":0,"event_time_ms":1719359971735,"session_ID":"1d4515bb-c04a-496a-b9b5-96991da470a4","url":"REDACTED","content_type":"FILE","file_extension":"mp4","projection":"RECT","FOV_X":360,"FOV_Y":180,"video_id":"0","provider":"Unknown","channel":"com.oculus.systemux","did_extract_video":0,"did_extract_audio":0,"did_start_playback":0,"audio_track_count":0,"spherical_metadata":"{\"API\":{\"ProjectionMetadataSource\":\"API\",\"StereoMode\":\"2D\",\"Projection\":\"RECT\",\"Pose\":{\"Yaw\":0,\"Pitch\":0,\"Roll\":0},\"FovX\":360,\"FovY\":180,\"Meridian\":0,\"Horizon\":0}}","elapsed_time_ms":0,"dropped_delayed_frames_count":0,"dropped_unconsumed_frames_count":0,"dropped_frames_count":0,"decoded_frames_count":0}}
06-25 18:59:31.736  2167  3572 D VideoPlayerAnalytics: state transition: ('loading','complete_session')->'session_end' at 1719359971735
06-25 18:59:31.736  2167  3572 D VideoPlayerAnalytics: newEvent: {"name":"oculus_video_sdk_playback_event","extra":{"event_type":"on_stop_session","time_from_launch_ms":7546180,"ovr_user_id":"100113642830572","board":"eureka","position_ms":0,"event_time_ms":1719359971735}}
06-25 18:59:31.736  2167  3572 W VideoPlayerAnalytics: HVQ not available for Session 1719359971682065000, skip logging.
06-25 18:59:31.736  2167  3572 D VideoPlayerAnalytics: Event : {"name":"oculus_video_sdk_playback_event","extra":{"event_type":"on_stop_session","time_from_launch_ms":7546180,"ovr_user_id":"100113642830572","board":"eureka","position_ms":0,"event_time_ms":1719359971735,"gatekeepers":"{\"disableAnalyticsVideoSourceRedaction\":0,\"enableABR4VBR\":0,\"enableAudioVirtualization\":1,\"enableChromiumDebugLog\":0,\"enableDataCache\":0,\"enableEarlyFrameRelease\":1,\"enableFastSeek\":1,\"enableOzABRConfig\":0,\"enableSmoothTrackSelectionOverride\":1}","session_ID":"1d4515bb-c04a-496a-b9b5-96991da470a4","url":"REDACTED","content_type":"FILE","file_extension":"mp4","projection":"RECT","FOV_X":360,"FOV_Y":180,"video_id":"0","provider":"Unknown","channel":"com.oculus.systemux","did_extract_video":0,"did_extract_audio":0,"did_start_playback":0,"audio_track_count":0,"spherical_metadata":"{\"API\":{\"ProjectionMetadataSource\":\"API\",\"StereoMode\":\"2D\",\"Projection\":\"RECT\",\"Pose\":{\"Yaw\":0,\"Pitch\":0,\"Roll\":0},\"FovX\":360,\"FovY\":180,\"Mer
06-25 18:59:31.736  2167  3572 D VideoPlayerAnalytics: idian\":0,\"Horizon\":0}}","session_duration_ms":53,"paused_duration_ms":0,"unload_duration_ms":0,"seek_duration_ms_count":0,"seek_duration_ms_avg":0,"seek_duration_ms_min":0,"seek_duration_ms_max":0,"seek_duration_ms_sample":0,"seek_duration_ms_p_50":0,"seek_duration_ms_sum":0,"resume_duration_ms_count":0,"resume_duration_ms_avg":0,"resume_duration_ms_min":0,"resume_duration_ms_max":0,"resume_duration_ms_sample":0,"resume_duration_ms_p_50":0,"resume_duration_ms_sum":0,"stall_duration_ms_count":0,"stall_duration_ms_avg":0,"stall_duration_ms_min":0,"stall_duration_ms_max":0,"stall_duration_ms_sample":0,"stall_duration_ms_p_50":0,"stall_duration_ms_sum":0,"playback_duration_ms":0,"dropped_delayed_frames_count":0,"dropped_unconsumed_frames_count":0,"dropped_frames_count":0,"decoded_frames_count":0,"streamed_bytes_count":0,"buffering_duration_ms_count":1,"buffering_duration_ms_avg":12,"buffering_duration_ms_min":12,"buffering_duration_ms_max":12,"buffering_duration_ms_sample":12,"buffering
06-25 18:59:31.736  2167  3572 D VideoPlayerAnalytics: _duration_ms_p_50":12,"buffering_duration_ms_sum":12,"app_render_time_error_ms_count":0,"app_render_time_error_ms_avg":0,"app_render_time_error_ms_std_dev":0,"incl_display_time_error_ms_count":0,"incl_display_time_error_ms_avg":0,"incl_display_time_error_ms_std_dev":0,"excl_display_time_error_ms_count":0,"excl_display_time_error_ms_avg":0,"excl_display_time_error_ms_std_dev":0,"incl_display_interval_error_ms_count":0,"incl_display_interval_error_ms_avg":0,"incl_display_interval_error_ms_std_dev":0,"excl_display_interval_error_ms_count":0,"excl_display_interval_error_ms_avg":0,"excl_display_interval_error_ms_std_dev":0,"dropped_frame_cluster_size_count":0,"dropped_frame_cluster_size_avg":0,"dropped_frame_cluster_size_std_dev":0,"theater_rendering_percentage":0,"power_consumed_mAh":0,"max_position_ms":0,"playback_percentage":0,"video_track_selection_data":"[{\"idx\":-1,\"selected_duration_ms\":29}]","video_track_count":1}}
06-25 18:59:31.736  2167  3572 I VideoPlayerAnalytics: Completed session. ID=1d4515bb-c04a-496a-b9b5-96991da470a4
06-25 18:59:31.737  2167  2462 I VideoSession: 1719359971682065000 - State Changed: stopped --> closed
06-25 18:59:31.737  2167  2462 I VideoSession: 1719359971682065000 - Deleted
06-25 18:59:31.737  2167  2462 I VideoSession: 1719359971737364000 - Created
06-25 18:59:31.737  2167  2462 I VideoSession: 1719359971737364000 - State Changed: closed --> initializing
06-25 18:59:31.737  2167  2462 D VideoSession: 1719359971737364000 - created
06-25 18:59:31.738  2167  2462 D VideoSession: 1719359971737364000 - prepareVideo: url=file:///storage/emulated/0/Oculus/VideoShots/com.oculus.vrshell-20240625-185835.mp4
06-25 18:59:31.738  2167  2462 I VideoSession: 1719359971737364000 - PauseVideo
06-25 18:59:31.738  2167  3572 D VideoPlayerAnalytics: state transition: ('init','start_session')->'loading' at 1719359971737
06-25 18:59:31.738  2167  3572 I VideoPlayerAnalytics: Starting session. ID=37a9b3f1-215d-4640-8787-201a2543f494
06-25 18:59:31.738  2167  3572 D VideoPlayerAnalytics: newEvent: {"name":"oculus_video_sdk_playback_event","extra":{"event_type":"on_start_session","time_from_launch_ms":7546182,"ovr_user_id":"100113642830572","board":"eureka","position_ms":0,"event_time_ms":1719359971737}}
06-25 18:59:31.738  2167  3572 D VideoPlayerAnalytics: Event : {"name":"oculus_video_sdk_playback_event","extra":{"event_type":"on_start_session","time_from_launch_ms":7546182,"ovr_user_id":"100113642830572","board":"eureka","position_ms":0,"event_time_ms":1719359971737,"gatekeepers":"{\"disableAnalyticsVideoSourceRedaction\":0,\"enableABR4VBR\":0,\"enableAudioVirtualization\":1,\"enableChromiumDebugLog\":0,\"enableDataCache\":0,\"enableEarlyFrameRelease\":1,\"enableFastSeek\":1,\"enableOzABRConfig\":0,\"enableSmoothTrackSelectionOverride\":1}","session_ID":"37a9b3f1-215d-4640-8787-201a2543f494","url":"REDACTED","content_type":"FILE","file_extension":"mp4","projection":"RECT","FOV_X":360,"FOV_Y":180,"video_id":"0","provider":"Unknown","channel":"com.oculus.systemux","did_extract_video":0,"did_extract_audio":0,"did_start_playback":0,"audio_track_count":0}}
06-25 18:59:31.738  2167  3572 I ExoPlayerImpl: Init 69b7ca1 [ExoPlayerLib/2.7.3] [eureka, Quest 3, Oculus, 32]
06-25 18:59:31.740  3641  3662 I OpenGLRenderer: Davey! duration=9223364476858ms; Flags=1, FrameTimelineVsyncId=498567, IntendedVsync=7559996666908, Vsync=7560018889130, InputEventId=0, HandleInputStart=7560025691282, AnimationStart=7560025692428, PerformTraversalsStart=7560026166855, DrawStart=7560048363886, FrameDeadline=7560023444682, FrameInterval=7560025685969, FrameStartTime=11111111, SyncQueued=7560048621438, SyncStart=7560048691751, IssueDrawCommandsStart=7560048737376, SwapBuffers=7560049265865, FrameCompleted=9223372036854775807, DequeueBufferDuration=9739, QueueBufferDuration=241667, GpuCompleted=9223372036854775807, SwapBuffersCompleted=7560049697792, DisplayPresentTime=288230414806417407, 
06-25 18:59:31.754  3641  3918 I OpenGLRenderer: Davey! duration=9223364476858ms; Flags=1, FrameTimelineVsyncId=498567, IntendedVsync=7559996666908, Vsync=7560018889130, InputEventId=0, HandleInputStart=7560025691282, AnimationStart=7560025692428, PerformTraversalsStart=7560026166855, DrawStart=7560060649303, FrameDeadline=7560023444682, FrameInterval=7560025685969, FrameStartTime=11111111, SyncQueued=7560061598938, SyncStart=7560061690969, IssueDrawCommandsStart=7560061814823, SwapBuffers=7560063713834, FrameCompleted=9223372036854775807, DequeueBufferDuration=11406, QueueBufferDuration=1958385, GpuCompleted=9223372036854775807, SwapBuffersCompleted=7560065842167, DisplayPresentTime=0, 
06-25 18:59:31.756  2167  3572 I ExoPlayerImpl: Release 69b7ca1 [ExoPlayerLib/2.7.3] [eureka, Quest 3, Oculus, 32] [goog.exo.core, goog.exo.ffmpeg]
06-25 18:59:31.757  2167  3572 D VideoSession: 1719359971737364000 - video prepared: {"Aes128Iv":"","Aes128Key":"","AudioChannelLayout":"stereo","AudioMimeType":"audio\/mp4a-latm","AudioRendererName":"","AudioTracks":{"1":2},"Channel":"com.oculus.systemux","ClientAnalyticsData":"","DashManifestXml":"","DidUpdate":false,"DrmProxyUrl":"","DrmResponseFormat":"bytecode","DrmSecurityLevel":"NONE","Duration":0,"EnableFocus":false,"FocusWidthDegrees":0,"FovX":360,"FovY":180,"FrameAspectRatio":1,"FrameRate":0,"FrameRotation":0,"HasCameraMotionData":false,"Horizon":0,"HttpRequestHeaders":{},"InitialHeight":1024,"InitialWidth":1024,"IsLcevcMedia":false,"IsLiveMedia":false,"IsSeekable":true,"IsSyncMedia":false,"Meridian":0,"OffFocusLevel":1,"OverrideProjectionMetadata":true,"PlaybackSpeed":1,"Pose":{"Pitch":0,"Roll":0,"Yaw":0},"Projection":"RECT","ProjectionMetadataSource":"API","Provider":"Unknown","StereoMode":"2D","SubtitleMimeTypes":[],"SubtitleTracks":{},"VideoId":"","VideoMimeType":"video\/avc","VideoRendererName":"","VideoTracks":{"0":"{\"Id\":\"1\",\"width\":1024,\"height\":1024,\"framerate\":-1,\"bitrate\":-1}"},"VideoUrl":"file:\/\/\/storage\/emulated\/0\/Oculus\/VideoShots\/com.oculus.vrshell-20240625-185835.mp4","CanUseExoPlayer":true}
06-25 18:59:31.761  3641  3641 I AndroidPanelApp: Processing next frame action "layerResize" for layer "toast"
06-25 18:59:31.761  3641  3641 I AndroidPanelApp: Processing pending show layer info for layer toast with width 1 and height 1.
06-25 18:59:31.761  3641  3641 I AndroidPanelApp: layerSupersample no changes
06-25 18:59:31.763  2167  2462 I [SEO] PanelAppHost: Resize layer videos to size 1280 x 800 shape: 2 stereo: 0, panel 41 (com.oculus.systemux/com.oculus.panelapp.fileviewer.FileViewerPanelService)
06-25 18:59:31.763  2167  2462 I [SEO] PanelRenderLayer: ResetSurface videos 1280 x 800 - shape:2 stereo:0
06-25 18:59:31.763  2167  2462 I [SEO] PanelAppHost: Setting panel layer visibility of layer "videos" to visible, panel 41 (com.oculus.systemux/com.oculus.panelapp.fileviewer.FileViewerPanelService)
06-25 18:59:31.763  2167  2462 I [SEO] PanelAppHost: Resize layer toast to size 1 x 1 shape: 1 stereo: 0, panel 2 (com.oculus.systemux/com.oculus.panelapp.anytimeui.AnytimeUIPanelService)
06-25 18:59:31.763  2167  2462 I [SEO] PanelRenderLayer: ResetSurface toast 1 x 1 - shape:1 stereo:0
06-25 18:59:31.763  2734  3354 I VrRuntimeService: UpdateSwapChainSamplerState: 504
06-25 18:59:31.763  2734  3354 I VrRuntimeService: UpdateSwapChainSamplerState: minFilter=5 magFilter=1 wrapModeS=3 warpModeT=3 maxAniso=1.000000 border={0.000000,0.000000,0.000000,0.000000} swizzle={0,1,2,3}
06-25 18:59:31.763  2167  2462 I [SEO] PanelAppHost: Setting panel layer visibility of layer "controlbar6" to visible, panel 8 (com.oculus.systemux/com.oculus.panelapp.controlbar.ControlBarPanelService)
06-25 18:59:31.767  2167  2462 I VideoSession: 1719359971737364000 - StartVideo: player=VideoPlayer_Android, playWhenReady=0
06-25 18:59:31.767  2167  2462 D VideoPlayer_Android: Using OculusExoPlayer
06-25 18:59:31.767  2167  2462 I VideoSession: 1719359971737364000 - State Changed: initializing --> ready
06-25 18:59:31.768  2167  3572 D VideoSession: 1719359971737364000 - startVideo: player=OculusExoPlayer, playWhenReady=false
06-25 18:59:31.768  2167  3572 I VideoDirectDecoder: VideoDirectDecoder
06-25 18:59:31.768  2167  3572 I OculusExoPlayer: Loaded FFmpegAudioRender.
06-25 18:59:31.768  2167  3572 D OculusExoPlayer: FfmpegAudioRenderer is activated.
06-25 18:59:31.768  2167  3572 I ExoPlayerImpl: Init 4120c23 [ExoPlayerLib/2.7.3] [eureka, Quest 3, Oculus, 32]
06-25 18:59:31.768  3641  3662 I OpenGLRenderer: Davey! duration=9223364476858ms; Flags=1, FrameTimelineVsyncId=498567, IntendedVsync=7559996666908, Vsync=7560018889130, InputEventId=0, HandleInputStart=7560025691282, AnimationStart=7560025692428, PerformTraversalsStart=7560026166855, DrawStart=7560075704667, FrameDeadline=7560023444682, FrameInterval=7560025685969, FrameStartTime=11111111, SyncQueued=7560075799823, SyncStart=7560075873105, IssueDrawCommandsStart=7560075959303, SwapBuffers=7560076997532, FrameCompleted=9223372036854775807, DequeueBufferDuration=15677, QueueBufferDuration=241615, GpuCompleted=9223372036854775807, SwapBuffersCompleted=7560077403990, DisplayPresentTime=0, 
06-25 18:59:31.770  2167  2462 I VrRuntimeClient: WarpSwap: hasInhibitedLayer = 0, currentAudioInhibited = 1
06-25 18:59:31.771  2167  3572 D OculusExoPlayer: UserAgent = oculus_video_sdk
06-25 18:59:31.771  2167  3572 D OculusExoPlayer: UserAgent = oculus_video_sdk
06-25 18:59:31.772  2167  3572 D VideoSession: 1719359971737364000 - onBuffering
06-25 18:59:31.774  2167  3572 D VideoSession: 1719359971737364000 - onTimelineChanged: duration=-9223372036854775807, position=0, isSeekable=false, isLive=true
06-25 18:59:31.775  3641  3641 I AndroidPanelApp: Processing next frame action "layerShow" for layer "toast"
06-25 18:59:31.776  1070  1102 I DisplayDeviceRepository: Display device changed: DisplayDeviceInfo{"com.oculus.android_panel_app.AndroidPanelLayer-toast": uniqueId="virtual:com.oculus.systemux,10028,com.oculus.android_panel_app.AndroidPanelLayer-toast,0", 1 x 1, modeId 167, defaultModeId 167, supportedModes [{id=167, width=1, height=1, fps=60.0, alternativeRefreshRates=[]}], colorMode 0, supportedColorModes [0], hdrCapabilities null, allmSupported false, gameContentTypeSupported false, density 200, 200.0 x 200.0 dpi, appVsyncOff 0, presDeadline 16666666, touch NONE, rotation 0, type VIRTUAL, deviceProductInfo null, state OFF, owner com.oculus.systemux (uid 10028), frameRateOverride , brightnessMinimum 0.0, brightnessMaximum 0.0, brightnessDefault 0.0, FLAG_PRIVATE, FLAG_NEVER_BLANK, FLAG_OWN_CONTENT_ONLY}
06-25 18:59:31.778  2167  2462 I [SEO] PanelAppHost: Setting panel layer visibility of layer "videos" to visible, panel 41 (com.oculus.systemux/com.oculus.panelapp.fileviewer.FileViewerPanelService)
06-25 18:59:31.779  2167  2462 I [SEO] PanelAppHost: Setting panel layer visibility of layer "#main" to visible, panel 41 (com.oculus.systemux/com.oculus.panelapp.fileviewer.FileViewerPanelService)
06-25 18:59:31.780  2167  2462 I VideoSession: 1719359971737364000 - OnTimelineInfo: duration=0, isSeekable=0
06-25 18:59:31.780  2167  2462 I VideoSession: 1719359971737364000 - ResumeVideo
06-25 18:59:31.780  2167  2462 I VideoSession: 1719359971737364000 - ResumeVideo failed
06-25 18:59:31.780  1070  1102 I DisplayDeviceRepository: Display device changed: DisplayDeviceInfo{"com.oculus.android_panel_app.AndroidPanelLayer-toast": uniqueId="virtual:com.oculus.systemux,10028,com.oculus.android_panel_app.AndroidPanelLayer-toast,0", 1 x 1, modeId 167, defaultModeId 167, supportedModes [{id=167, width=1, height=1, fps=60.0, alternativeRefreshRates=[]}], colorMode 0, supportedColorModes [0], hdrCapabilities null, allmSupported false, gameContentTypeSupported false, density 200, 200.0 x 200.0 dpi, appVsyncOff 0, presDeadline 16666666, touch NONE, rotation 0, type VIRTUAL, deviceProductInfo null, state ON, owner com.oculus.systemux (uid 10028), frameRateOverride , brightnessMinimum 0.0, brightnessMaximum 0.0, brightnessDefault 0.0, FLAG_PRIVATE, FLAG_NEVER_BLANK, FLAG_OWN_CONTENT_ONLY}
06-25 18:59:31.783  1070  1100 V WindowManager: Display 77 state is now (2), so update layer mirroring?
06-25 18:59:31.784  3641  3662 I OpenGLRenderer: Davey! duration=9223364476816ms; Flags=0, FrameTimelineVsyncId=498576, IntendedVsync=7560038330368, Vsync=7560071663701, InputEventId=0, HandleInputStart=7560079473886, AnimationStart=7560079474980, PerformTraversalsStart=7560079500553, DrawStart=7560087890396, FrameDeadline=7560076219253, FrameInterval=7560079471021, FrameStartTime=11111111, SyncQueued=7560088310969, SyncStart=7560088379563, IssueDrawCommandsStart=7560088800709, SwapBuffers=7560089926542, FrameCompleted=9223372036854775807, DequeueBufferDuration=16198, QueueBufferDuration=322812, GpuCompleted=9223372036854775807, SwapBuffersCompleted=7560090432792, DisplayPresentTime=0, 
06-25 18:59:31.785  2734 17803 I SwapChain_Surface: AttachSurfaceSwapChainGLES: attaching swapchain(id=122 ptr=0x6eeb87a800) with SurfaceTexture 0x18f6
06-25 18:59:31.785  2734 17803 W rruntimeservic: [SurfaceTexture-54-2734-9] bindTextureImage: clearing GL error: 0x500
06-25 18:59:31.788  2734 17803 I ScreenCaptureBase: GlobalInhibitState changed to 0
06-25 18:59:31.788  2734 17803 I ClientSurface: ClientSurface.setSecure: vr_compositor secure=0
06-25 18:59:31.789  2167  3572 D VideoSession: 1719359971737364000 - onTimelineChanged: duration=53731, position=0, isSeekable=true, isLive=false
06-25 18:59:31.795  2167  2462 I VideoSession: 1719359971737364000 - OnTimelineInfo: duration=53731, isSeekable=1
06-25 18:59:31.798  2167  2462 I [SEO] LayerSwapChainResource: LayerSwapChainResource width(1), height(1), swap chain length(3), mips(1)
06-25 18:59:31.799  2734  3354 I VrRuntimeService: CreateSwapChain: 1890596101
06-25 18:59:31.799  2734  3354 I VrRuntimeService: CreateSwapChain: api:gles 0 0x8c43 1 1 1 3 1 0 3
06-25 18:59:31.800  2734  3354 I VrRuntimeServer: CreateTextureSwapChain: result importswapchaingles 1
06-25 18:59:31.801  2167 19546 I VideoDirectDecoder: Allocating new video codec
06-25 18:59:31.801  2167  3572 D VideoSession: 1719359971737364000 - onVideoFormatChanged: formatId=1, width=1024, height=1024, pixelWidthHeightRatio=1.0, rotationDegrees=0, frameRate=0.0, bitrate=-1, videoMimeType=video/avc, videoRendererName=com.oculus.video.renderer.OculusMediaCodecVideoRenderer, VQM=0.0
06-25 18:59:31.802  2167  3572 D VideoPlayerAnalytics: newEvent: {"name":"oculus_video_sdk_playback_event","extra":{"event_type":"on_video_format_changed","time_from_launch_ms":7546246,"ovr_user_id":"100113642830572","board":"eureka","position_ms":0,"event_time_ms":1719359971801}}
06-25 18:59:31.802  2167  3572 D VideoPlayerAnalytics: Event : {"name":"oculus_video_sdk_playback_event","extra":{"event_type":"on_video_format_changed","time_from_launch_ms":7546246,"ovr_user_id":"100113642830572","board":"eureka","position_ms":0,"event_time_ms":1719359971801,"session_ID":"37a9b3f1-215d-4640-8787-201a2543f494","url":"REDACTED","content_type":"FILE","file_extension":"mp4","projection":"RECT","FOV_X":360,"FOV_Y":180,"video_id":"0","provider":"Unknown","channel":"com.oculus.systemux","did_extract_video":0,"did_extract_audio":0,"did_start_playback":0,"audio_track_count":0,"spherical_metadata":"{\"API\":{\"ProjectionMetadataSource\":\"API\",\"StereoMode\":\"2D\",\"Projection\":\"RECT\",\"Pose\":{\"Yaw\":0,\"Pitch\":0,\"Roll\":0},\"FovX\":360,\"FovY\":180,\"Meridian\":0,\"Horizon\":0},\"selected\":{\"ProjectionMetadataSource\":\"API\",\"StereoMode\":\"2D\",\"Projection\":\"RECT\",\"Pose\":{\"Yaw\":0,\"Pitch\":0,\"Roll\":0},\"FovX\":360,\"FovY\":180,\"Meridian\":0,\"Horizon\":0}}","next_format_id":"1"}}
06-25 18:59:31.802  2167 19549 D CCodec  : allocate(c2.android.aac.decoder)
06-25 18:59:31.802  2167 19546 D MediaCodecList: codecHandlesFormat: no format, so no extra checks
06-25 18:59:31.803  2167 19546 D MediaCodecList: codecHandlesFormat: no format, so no extra checks
06-25 18:59:31.803  2167  2462 I [SEO] SwapChainApiOpenXr: Swapchain created: 1,1 - 3
06-25 18:59:31.803  2167  2462 I VrRuntimeClient: SetTextureSwapChainSamplerState: No change in sampler state.
06-25 18:59:31.803  2167  2462 I [SEO] SwapChainApiOpenXr: Destroying SwapChain:0x6f55062200
06-25 18:59:31.803  2734  3354 I VrRuntimeService: DestroySwapChain: swapchain=504
06-25 18:59:31.804  2734  2867 I ResourceCreationThread: Destroying texture swap chain id=504 ptr=0x6ede984800
06-25 18:59:31.804  2167 19551 D CCodec  : allocate(c2.qti.avc.decoder)
06-25 18:59:31.804  2734  3354 I VrRuntimeServer: DestroyTextureSwapChain: id=504, ptr=0x6ede984800, deferred=0, result=destroyswapchain 1
06-25 18:59:31.805  2734 17803 I Vsync   : Vsync 8233:  2 x 13.89 ms (72.01 Hz, at 7560.121)
06-25 18:59:31.806  2167  2462 I VrRuntimeClient: WarpSwap: hasInhibitedLayer = 1, currentAudioInhibited = 0
06-25 18:59:31.806  2167 19549 I CCodec  : setting up 'default' as default (vendor) store
06-25 18:59:31.807  2167  2462 I [SEO] SwapChainApiOpenXr: Destroying SwapChain:0x6ee41e3280
06-25 18:59:31.807  2734  3354 I VrRuntimeService: DestroySwapChain: swapchain=511
06-25 18:59:31.808  2167  2462 I [SEO] PanelAppHost: Setting panel layer visibility of layer "toast" to visible, panel 2 (com.oculus.systemux/com.oculus.panelapp.anytimeui.AnytimeUIPanelService)
06-25 18:59:31.809   818  8278 V C2Store : in init
06-25 18:59:31.809   818  8278 V C2Store : loading dll
06-25 18:59:31.810  2167  2184 I VideoDirectDecoder: ~VideoDirectDecoder()
06-25 18:59:31.810  2167  2184 W System  : A resource failed to call release. 
06-25 18:59:31.810  2167  3572 D VideoPlayerAnalytics: newEvent: {"name":"oculus_video_sdk_playback_event","extra":{"event_type":"on_extract_video","time_from_launch_ms":7546255,"ovr_user_id":"100113642830572","board":"eureka","position_ms":0,"event_time_ms":1719359971810}}
06-25 18:59:31.811  2167  3572 D VideoPlayerAnalytics: Event : {"name":"oculus_video_sdk_playback_event","extra":{"event_type":"on_extract_video","time_from_launch_ms":7546255,"ovr_user_id":"100113642830572","board":"eureka","position_ms":0,"event_time_ms":1719359971810,"session_ID":"37a9b3f1-215d-4640-8787-201a2543f494","url":"REDACTED","content_type":"FILE","file_extension":"mp4","projection":"RECT","FOV_X":360,"FOV_Y":180,"video_id":"0","provider":"Unknown","channel":"com.oculus.systemux","did_extract_video":1,"did_extract_audio":0,"did_start_playback":0,"width":1024,"height":1024,"duration_ms":53731,"is_3D":0,"is_seekable":1,"is_sync_media":0,"is_live_media":0,"video_mime_type":"video\/avc","video_renderer_name":"com.oculus.video.renderer.OculusMediaCodecVideoRenderer","audio_track_count":0,"spherical_metadata":"{\"API\":{\"ProjectionMetadataSource\":\"API\",\"StereoMode\":\"2D\",\"Projection\":\"RECT\",\"Pose\":{\"Yaw\":0,\"Pitch\":0,\"Roll\":0},\"FovX\":360,\"FovY\":180,\"Meridian\":0,\"Horizon\":0},\"selected\":{\"ProjectionMetadata
06-25 18:59:31.811  2167  3572 D VideoPlayerAnalytics: Source\":\"API\",\"StereoMode\":\"2D\",\"Projection\":\"RECT\",\"Pose\":{\"Yaw\":0,\"Pitch\":0,\"Roll\":0},\"FovX\":360,\"FovY\":180,\"Meridian\":0,\"Horizon\":0}}"}}
06-25 18:59:31.812  2734 17803 I SwapChain_Surface: AttachSurfaceSwapChainGLES: 0x6eebaca800 with SurfaceTexture 0x1cf6 attached on init
06-25 18:59:31.813  2734 17803 W rruntimeservic: [SurfaceTexture-696-2734-22] bindTextureImage: clearing GL error: 0x500
06-25 18:59:31.814  2167 19551 I CCodec  : setting up 'default' as default (vendor) store
06-25 18:59:31.815   632   632 I QC2Registry: search [c2.qti.avc.decoder] in mEntries
06-25 18:59:31.815   632   632 I QC2Comp : [c2.qti.avc.decoder] PreProcessingPipelining 0
06-25 18:59:31.815   632   632 I QC2Registry: search [c2.qti.avc.decoder] in mEntries
06-25 18:59:31.815  2167 19549 I CCodec  : Created component [c2.android.aac.decoder]
06-25 18:59:31.815  2167 19549 D CCodecConfig: read media type: audio/mp4a-latm
06-25 18:59:31.815   632   632 E vendor.qti.media.c2@1.0-service: Missing dependency coding.temporal-layering
06-25 18:59:31.816  2734 17803 I ScreenCaptureBase: GlobalInhibitState changed to 1
06-25 18:59:31.816  2734 17803 I ClientSurface: ClientSurface.setSecure: vr_compositor secure=1
06-25 18:59:31.817   632   632 I vendor.qti.media.c2@1.0-service: missing struct descriptor #Param::CoreIndex(--002) for field mastering of struct #Param::CoreIndex(--180a)
06-25 18:59:31.817   632   632 I QC2Registry: search [c2.qti.avc.decoder] in mEntries
06-25 18:59:31.817   632   632 I QC2Comp : Create: Allocated component[27] for name c2.qti.avc.decoder : [64 bit]
06-25 18:59:31.817   632   632 I QC2Comp : Create Latency:2.60 ms
06-25 18:59:31.817   632   632 I QC2CompStore: Created component(c2.qti.avc.decoder) id(27)
06-25 18:59:31.818  2167 19551 I CCodec  : Created component [c2.qti.avc.decoder]
06-25 18:59:31.818  2167 19551 D CCodecConfig: read media type: video/avc
06-25 18:59:31.819  2167 19549 D ReflectedParamUpdater: extent() != 1 for single value type: algo.buffers.max-count.values
06-25 18:59:31.819  2167 19549 D ReflectedParamUpdater: extent() != 1 for single value type: output.subscribed-indices.values
06-25 18:59:31.820  2167 19549 D ReflectedParamUpdater: extent() != 1 for single value type: input.buffers.allocator-ids.values
06-25 18:59:31.820  2167 19549 D ReflectedParamUpdater: extent() != 1 for single value type: output.buffers.allocator-ids.values
06-25 18:59:31.820  2167 19549 D ReflectedParamUpdater: extent() != 1 for single value type: algo.buffers.allocator-ids.values
06-25 18:59:31.822  2167 19549 D ReflectedParamUpdater: extent() != 1 for single value type: output.buffers.pool-ids.values
06-25 18:59:31.822  2167 19551 D ReflectedParamUpdater: extent() != 1 for single value type: vendor.qti-ext-transcode-info-stats.stats_info
06-25 18:59:31.822  2167 19549 D ReflectedParamUpdater: extent() != 1 for single value type: algo.buffers.pool-ids.values
06-25 18:59:31.823  2167 19551 D ReflectedParamUpdater: extent() != 1 for single value type: output.buffers.pool-ids.values
06-25 18:59:31.828  2167 19549 I CCodecConfig: query failed after returning 19 values (BAD_INDEX)
06-25 18:59:31.828  2167 19549 D CCodecConfig: c2 config diff is Dict {
06-25 18:59:31.828  2167 19549 D CCodecConfig:   c2::u32 coded.aac-packaging.value = 0
06-25 18:59:31.828  2167 19549 D CCodecConfig:   c2::u32 coded.bitrate.value = 64000
06-25 18:59:31.828  2167 19549 D CCodecConfig:   c2::u32 coded.pl.level = 0
06-25 18:59:31.828  2167 19549 D CCodecConfig:   c2::u32 coded.pl.profile = 8192
06-25 18:59:31.828  2167 19549 D CCodecConfig:   c2::i32 coding.drc.album-mode.value = 0
06-25 18:59:31.828  2167 19549 D CCodecConfig:   c2::float coding.drc.attenuation-factor.value = 1
06-25 18:59:31.828  2167 19549 D CCodecConfig:   c2::float coding.drc.boost-factor.value = 1
06-25 18:59:31.828  2167 19549 D CCodecConfig:   c2::i32 coding.drc.compression-mode.value = 3
06-25 18:59:31.828  2167 19549 D CCodecConfig:   c2::i32 coding.drc.effect-type.value = 3
06-25 18:59:31.828  2167 19549 D CCodecConfig:   c2::float coding.drc.encoded-level.value = 0.25
06-25 18:59:31.828  2167 19549 D CCodecConfig:   c2::float coding.drc.reference-level.value = -16
06-25 18:59:31.828  2167 19549 D CCodecConfig:   c2::u32 input.buffers.max-size.value = 8192
06-25 18:59:31.828  2167 19549 D CCodecConfig:   c2::u32 input.delay.value = 0
06-25 18:59:31.828  2167 19549 D CCodecConfig:   string input.media-type.value = "audio/mp4a-latm"
06-25 18:59:31.828  2167 19549 D CCodecConfig:   c2::u32 output.delay.value = 2
06-25 18:59:31.828  2167 19549 D CCodecConfig:   c2::float output.drc.output-loudness.value = 0.25
06-25 18:59:31.828  2167 19549 D CCodecConfig:   string output.media-type.value = "audio/raw"
06-25 18:59:31.828  2167 19549 D CCodecConfig:   c2::u32 raw.channel-count.value = 1
