06-19 21:58:00.580 30246 30351 I Clay    : PresenceServiceSystem: Failed to poll
06-19 21:58:00.607 30309 30816 I VrRuntimeService: DestroySwapChain: swapchain=1020
06-19 21:58:00.607 30309 30527 I ResourceCreationThread: Destroying texture swap chain id=1020 ptr=0x7ba0924000
06-19 21:58:00.607 30309 30527 I SwapChain: DestroyTextureSwapChain: chain id=1020, ptr=0x7ba0924000
06-19 21:58:00.611 30309 30816 I VrRuntimeServer: DestroyTextureSwapChain: id=1020, ptr=0x7ba0924000, deferred=0, result=destroyswapchain 1
06-19 21:58:00.611  3062  3148 I MRSVC   : MIXEDREALITY: MrServiceView: renderIteration: Hibernating the rendering thread since ID is off and no active PT layers.
06-19 21:58:00.613 30246 30351 I Clay    : PresenceServiceSystem: Failed to poll
06-19 21:58:00.645   647  1038 E FrameSetCollator: [worldTracking] 31 FrameSets had unexpected timestamps (over 1052.47s). Ex: slot 0 2170156.324ms -> 2170189.656ms (observed period: 33.332ms, expected period: 16.666ms (16.666ms))
06-19 21:58:00.647 30246 30351 I Clay    : PresenceServiceSystem: Failed to poll
06-19 21:58:00.649   647 12619 I libcamerahal: [INSIGHTS][2.01s] recv/ret/req heartbeat: cam0: 90/90/90, cam1: 90/90/90, cam2: 91/91/90, cam3: 90/90/91
06-19 21:58:00.666 13021 13145 D UE      : [2024.06.20-02.58.00:666][  0]LogAudio: Display: Audio Device (ID: 1) registered with world 'VRTemplateMap'.
06-19 21:58:00.666 13021 13145 D UE      : [2024.06.20-02.58.00:666][  0]LogWorldMetrics: [Initialize]
06-19 21:58:00.667 13021 13145 D UE      : [2024.06.20-02.58.00:667][  0]LogRenderer: SceneCulling instance hierarchy is disabled as UseNanite(VULKAN_ES3_1_ANDROID) returned false, for scene: 'World /Game/VRTemplate/Maps/VRTemplateMap.VRTemplateMap'.
06-19 21:58:00.668 13021 13145 D UE      : [2024.06.20-02.58.00:668][  0]LogLoad: Game class is 'VRGameMode_C'
06-19 21:58:00.672 13021 13145 D UE      : [2024.06.20-02.58.00:672][  0]LogWorld: Bringing World /Game/VRTemplate/Maps/VRTemplateMap.VRTemplateMap up for play (max tick rate 0) at 2024.06.19-21.58.00
06-19 21:58:00.672 13021 13145 D UE      : [2024.06.20-02.58.00:672][  0]LogWorld: Bringing up level for play took: 0.003478
06-19 21:58:00.673 13021 13145 D UE      : [2024.06.20-02.58.00:673][  0]LogOnline: Warning: OSS: FOnlineSubsystemGooglePlayModule was disabled
06-19 21:58:00.679 13021 13145 D UE      : [2024.06.20-02.58.00:679][  0]LogSlate: New Slate User Created. Platform User Id 8, User Index 8, Is Virtual User: 1
06-19 21:58:00.679 13021 13145 D UE      : [2024.06.20-02.58.00:679][  0]LogSlate: Slate User Registered.  User Index 8, Is Virtual User: 1
06-19 21:58:00.680 30246 30351 I Clay    : PresenceServiceSystem: Failed to poll
06-19 21:58:00.682 13021 13145 D UE      : [2024.06.20-02.58.00:682][  0]vr.PixelDensity = "1"
06-19 21:58:00.682 13021 13145 D UE      : [2024.06.20-02.58.00:682][  0]LogLoad: Took 0.137026 seconds to LoadMap(/Game/VRTemplate/Maps/VRTemplateMap)
06-19 21:58:00.682 13021 13145 D UE      : [2024.06.20-02.58.00:682][  0]LogGlobalStatus: LoadMap Load map complete /Game/VRTemplate/Maps/VRTemplateMap
06-19 21:58:00.691   852 12620 W Tracking: VEGA:HM:MAP_TRACKING: Validation failed on Submap id = 2, version = 1734250452
06-19 21:58:00.705 30309 12639 I Vsync   : Vsync 4311:  2 x 13.89 ms (72.01 Hz, at 39119.709)
06-19 21:58:00.714 30246 30351 I Clay    : PresenceServiceSystem: Failed to poll
06-19 21:58:00.724 13021 13184 D UE      : [2024.06.20-02.58.00:724][  0]LogHMD: Warning: Swapchain format not supported (50), falling back to runtime preferred format (43).
06-19 21:58:00.724 30309 13201 I VrRuntimeService: CreateSwapChain: 1388950683
06-19 21:58:00.724 30309 13201 I VrRuntimeService: CreateSwapChain: api:vk 2 0x2b 1680 1760 1 3 2 0 3
06-19 21:58:00.727 30309 13201 I VrRuntimeServer: CreateTextureSwapChain: result importswapchaingles 1
06-19 21:58:00.729 13021 13184 I SwapChain_Vulkan_Memory_Export: Imported texture has requirements 3, ends up index 0
06-19 21:58:00.729 13021 13184 I SwapChain_Vulkan_Memory_Export: Imported texture has requirements 3, ends up index 0
06-19 21:58:00.730 13021 13184 I SwapChain_Vulkan_Memory_Export: Imported texture has requirements 3, ends up index 0
06-19 21:58:00.730 30309 13201 I VrRuntimeService: CreateSwapChain: 1388950683
06-19 21:58:00.730 30309 13201 I VrRuntimeService: CreateSwapChain: api:vk 2 0x81 1680 1760 1 3 2 0 50
06-19 21:58:00.734 30309 13201 I VrRuntimeServer: CreateTextureSwapChain: result importswapchaingles 1
06-19 21:58:00.737 13021 13184 I SwapChain_Vulkan_Memory_Export: Imported texture has requirements 3, ends up index 0
06-19 21:58:00.737 13021 13184 I SwapChain_Vulkan_Memory_Export: Imported texture has requirements 3, ends up index 0
06-19 21:58:00.737 13021 13184 I SwapChain_Vulkan_Memory_Export: Imported texture has requirements 3, ends up index 0
06-19 21:58:00.747 30309 12639 I Vsync   : Vsync 4314:  2 x 13.89 ms (72.01 Hz, at 39119.751)
06-19 21:58:00.750 30246 30351 I Clay    : PresenceServiceSystem: Failed to poll
06-19 21:58:00.757 13021 13145 D UE      : [2024.06.20-02.58.00:757][  0]LogSlate: Took 0.000419 seconds to synchronously load lazily loaded font '../../../Engine/Content/Slate/Fonts/Roboto-Regular.ttf' (155K)
06-19 21:58:00.758 13021 13145 D UE      : [2024.06.20-02.58.00:758][  0]LogRHI: Display: ShaderPipelineCache: Paused Batching. 1
06-19 21:58:00.758 13021 13145 D UE      : [2024.06.20-02.58.00:758][  0]LogRHI: Display: ShaderPipelineCache: Resumed Batching. 0
06-19 21:58:00.758 13021 13145 D UE      : [2024.06.20-02.58.00:758][  0]LogRHI: Display: ShaderPipelineCache: Batching Resumed.
06-19 21:58:00.759   852 12620 W Tracking: VEGA:HM:MAP_TRACKING: Validation failed on Submap id = 0, version = 171572542
06-19 21:58:00.762 13021 13184 D UE      : [2024.06.20-02.58.00:762][  0]LogRenderer: Warning: Resizing VR buffer to 1680 by 1760
06-19 21:58:00.764  1095  1862 E TaskPersister: File error accessing recents directory (directory doesn't exist?).
06-19 21:58:00.766   632   699 E perfservice: Same callback registered already
06-19 21:58:00.766   857  2211 E VrDeviceManagerService: registerThermalCallback failed, status: No error, ret: Same callback registered already
06-19 21:58:00.767   857  2211 E VrDeviceManagerService: getCurrentTemperatures: Thermal HAL unavailable!
06-19 21:58:00.767   632   699 E perfservice: Same callback registered already
06-19 21:58:00.767   857  2211 E VrDeviceManagerService: registerThermalCallback failed, status: No error, ret: Same callback registered already
06-19 21:58:00.767   857  2211 E VrDeviceManagerService: getCurrentTemperatures: Thermal HAL unavailable!
06-19 21:58:00.768 13021 13184 D UE      : [2024.06.20-02.58.00:768][  0]LogSlate: Took 0.000259 seconds to synchronously load lazily loaded font '../../../Engine/Content/Slate/Fonts/Roboto-Regular.ttf' (155K)
06-19 21:58:00.769 13021 13145 D UE      : [2024.06.20-02.58.00:769][  0]LogInit: Display: Engine is initialized. Leaving FEngineLoop::Init()
06-19 21:58:00.769 13021 13145 D UE      : [2024.06.20-02.58.00:769][  0]LogAndroid: Passed GEngineLoop.Init()
06-19 21:58:00.769 13021 13145 D UE      : [2024.06.20-02.58.00:769][  0]LogLoad: (Engine Initialization) Total time: 1.72 seconds
06-19 21:58:00.769  1095  1127 E ThermalManagerService: No threshold found for pcb1-usr
06-19 21:58:00.769  1095  1127 E ThermalManagerService: No threshold found for pcb2-usr
06-19 21:58:00.769  1095  1127 E ThermalManagerService: No threshold found for pcb3-usr
06-19 21:58:00.769  1095  1127 E ThermalManagerService: No threshold found for rf-usr
06-19 21:58:00.769  1095  1127 E ThermalManagerService: No threshold found for cam0-usr
06-19 21:58:00.769  1095  1127 E ThermalManagerService: No threshold found for cam1-usr
06-19 21:58:00.769  1095  1127 E ThermalManagerService: No threshold found for cam2-usr
06-19 21:58:00.769  1095  1127 E ThermalManagerService: No threshold found for cam3-usr
06-19 21:58:00.769  1095  1127 E ThermalManagerService: No threshold found for cam4-usr
06-19 21:58:00.769  1095  1127 E ThermalManagerService: No threshold found for cam5-usr
06-19 21:58:00.769  1095  1127 E ThermalManagerService: No threshold found for disp-virt
06-19 21:58:00.769  1095  1127 E ThermalManagerService: No threshold found for pogo-usr
06-19 21:58:00.770 13021 13145 D UE      : [2024.06.20-02.58.00:770][  0]LogAndroidEvents: Display: LogAndroidEvents::DequeueAppEvent : 9, [width=-1, height=-1], APP_EVENT_STATE_ON_START
06-19 21:58:00.770 13021 13145 D UE      : [2024.06.20-02.58.00:770][  0]LogAndroidEvents: Display: LogAndroidEvents::DequeueAppEvent : 7, [width=-1, height=-1], APP_EVENT_STATE_ON_RESUME
06-19 21:58:00.770 13021 13145 D UE      : [2024.06.20-02.58.00:770][  0]LogAndroidEvents: Display: LogAndroidEvents::DequeueAppEvent : 11, [width=-1, height=-1], APP_EVENT_STATE_WINDOW_GAINED_FOCUS
06-19 21:58:00.770 13021 13145 D UE      : [2024.06.20-02.58.00:770][  0]LogAndroidEvents: Display: LogAndroidEvents::DequeueAppEvent : 0, [width=4128, height=2208], APP_EVENT_STATE_WINDOW_CREATED
06-19 21:58:00.770 13021 13145 D UE      : [2024.06.20-02.58.00:770][  0]LogAndroidEvents: Display: ExecWindowCreated
06-19 21:58:00.770 13021 13145 D UE      : AndroidEGL::ReInitWindow()
06-19 21:58:00.770 13021 13145 D UE      : [2024.06.20-02.58.00:770][  0]LogAndroidEvents: Display: LogAndroidEvents::DequeueAppEvent : 14, [width=-1, height=-1], APP_EVENT_STATE_APP_ACTIVATED
06-19 21:58:00.770 13021 13145 D UE      : [2024.06.20-02.58.00:770][  0]LogAndroidEvents: Display: LogAndroidEvents::DequeueAppEvent : 16, [width=-1, height=-1], APP_EVENT_RUN_CALLBACK
06-19 21:58:00.770 13021 13145 D UE      : [2024.06.20-02.58.00:770][  0]LogAndroidEvents: Display: Event thread callback running.
06-19 21:58:00.770 13021 13145 D UE      : [2024.06.20-02.58.00:770][  0]LogAndroid: performing app foregrounding callback.
06-19 21:58:00.770 13021 13145 D UE      : [GameActivity] Registering volume receiver
06-19 21:58:00.771 13021 13145 D UE      : [GameActivity] startVolumeReceiver: 15
06-19 21:58:00.771 13021 13145 D UE      : nativeVolumeEvent(15)
06-19 21:58:00.771 13021 13145 D UE      : [GameActivity] Registering battery receiver
06-19 21:58:00.773 13021 13145 D UE      : [GameActivity] Registering headset receiver
06-19 21:58:00.773 13021 13021 D UE      : [GameActivity] Battery: status = 3, rawlevel = 100, scale = 100
06-19 21:58:00.773 13021 13021 D UE      : nativeBatteryEvent(stat = 3, lvl = 100  temp = 43.00 C)
06-19 21:58:00.773 13021 13184 D UE      : [2024.06.20-02.58.00:773][  0]LogRHI: Display: Encountered a new compute PSO: 1725478661
06-19 21:58:00.773 13021 13184 D UE      : [2024.06.20-02.58.00:773][  0]LogRHI: Display: Encountered a new compute PSO: 1950359266
06-19 21:58:00.773 13021 13184 D UE      : [2024.06.20-02.58.00:773][  0]LogRHI: Display: Encountered a new graphics PSO: 2413587083
06-19 21:58:00.774 13021 13184 D UE      : [2024.06.20-02.58.00:774][  0]LogRHI: Display: Encountered a new compute PSO: 1401829888
06-19 21:58:00.774 13021 13145 D UE      : [GameActivity] startHeadsetReceiver: 0
06-19 21:58:00.774 13021 13145 D UE      : nativeHeadsetEvent(0)
06-19 21:58:00.774 13021 13145 D UE      : [2024.06.20-02.58.00:774][  0]LogCore: Display: AppLifetime: Application has entered foreground
06-19 21:58:00.774 13021 13184 D UE      : [2024.06.20-02.58.00:774][  0]LogRHI: Display: Encountered a new graphics PSO: 1796545185
06-19 21:58:00.774 13021 13184 D UE      : [2024.06.20-02.58.00:774][  0]LogRHI: Display: Encountered a new graphics PSO: 968207049
06-19 21:58:00.774 13021 13184 D UE      : [2024.06.20-02.58.00:774][  0]LogRHI: Display: Encountered a new graphics PSO: 2821966820
06-19 21:58:00.775 13021 13184 D UE      : [2024.06.20-02.58.00:775][  0]LogRHI: Display: Encountered a new graphics PSO: 526021961
06-19 21:58:00.775 13021 13184 D UE      : [2024.06.20-02.58.00:775][  0]LogRHI: Display: Encountered a new graphics PSO: 1414988324
06-19 21:58:00.775 13021 13184 D UE      : [2024.06.20-02.58.00:775][  0]LogRHI: Display: Encountered a new graphics PSO: 3652833742
06-19 21:58:00.775 13021 13184 D UE      : [2024.06.20-02.58.00:775][  0]LogRHI: Display: Encountered a new graphics PSO: 2300261629
06-19 21:58:00.775 13021 13184 D UE      : [2024.06.20-02.58.00:775][  0]LogRHI: Display: Encountered a new graphics PSO: 73224976
06-19 21:58:00.775 13021 13184 D UE      : [2024.06.20-02.58.00:775][  0]LogRHI: Display: Encountered a new graphics PSO: 660892155
06-19 21:58:00.775 13021 13184 D UE      : [2024.06.20-02.58.00:775][  0]LogRHI: Display: Encountered a new graphics PSO: 502337340
06-19 21:58:00.775 13021 13184 D UE      : [2024.06.20-02.58.00:775][  0]LogRHI: Display: Encountered a new graphics PSO: 1833087700
06-19 21:58:00.784 30246 30351 I Clay    : PresenceServiceSystem: Failed to poll
06-19 21:58:00.802 30309 12639 I Vsync   : Vsync 4318:  2 x 13.89 ms (72.01 Hz, at 39119.806)
06-19 21:58:00.814 13021 13151 I AdrenoVK-0: Unknown ext struct 1000241002
06-19 21:58:00.817 30246 30351 I Clay    : PresenceServiceSystem: Failed to poll
06-19 21:58:00.844 30309 12639 I Vsync   : Vsync 4321:  2 x 13.89 ms (72.01 Hz, at 39119.848)
06-19 21:58:00.851 30246 30351 I Clay    : PresenceServiceSystem: Failed to poll
06-19 21:58:00.871   836 13187 D MrSystemService: MrEngine pause.
06-19 21:58:00.872   647 12160 D CameraStream: [mr_monochrome] Client 836 attempting stop
06-19 21:58:00.872   647 12160 I FrameSetDispatcher: [worldTracking] Client pid=836 (MrSSCamS): Client thread stopping
06-19 21:58:00.872   647 12160 I FrameSetDispatcher: [worldTracking] Client pid=836 (MrSSCamS): Client thread joined
06-19 21:58:00.872   647 12160 I CameraClientManager: [MrSSCamS(836)][mr_monochrome] client stopped (estimated 0 started clients remaining)
06-19 21:58:00.872   647 12160 D NiceCameraSystem: CameraSystem attempting stopping cameras for purpose mr_monochrome
06-19 21:58:00.872   647 12160 D NiceCameraSystem: Completed stopping cameras for purpose mr_monochrome
06-19 21:58:00.872   647 12160 D CameraStream: [mr_monochrome] Client 836 stop complete
06-19 21:58:00.874   647 12160 D CameraStream: [projector_assisted_depth] Client 836 attempting stop
06-19 21:58:00.874   647 12160 I FrameSetDispatcher: [worldTracking] Client pid=836 (MrSSCamS): Client thread stopping
06-19 21:58:00.874   647 12160 I FrameSetDispatcher: [worldTracking] Client pid=836 (MrSSCamS): Client thread joined
06-19 21:58:00.876   647 12160 I CameraClientManager: [MrSSCamS(836)][projector_assisted_depth] client stopped (estimated 0 started clients remaining)
06-19 21:58:00.876   647 12160 D NiceCameraSystem: CameraSystem attempting stopping cameras for purpose projector_assisted_depth
06-19 21:58:00.876   647 12160 D NiceCameraSystem: Completed stopping cameras for purpose projector_assisted_depth
06-19 21:58:00.876   647 12160 D CameraStream: [projector_assisted_depth] Client 836 stop complete
06-19 21:58:00.876   647 12160 D CameraStream: [passthrough] Client 836 attempting stop
06-19 21:58:00.876   647 12160 I FrameSetDispatcher: [color] Client pid=836 (MrSSCamS): Client thread stopping
06-19 21:58:00.884 30246 30351 I Clay    : PresenceServiceSystem: Failed to poll
06-19 21:58:00.908   647 12759 W FrameSetDispatcher: [color] Client pid=836 (MrSSCamS): client is taking longer than 33ms to return FrameSets (1x in the past 46.361s)
06-19 21:58:00.908   647 12759 W FrameSetDispatcher: [color] Client pid=836 (MrSSCamS): stopped while receiving FrameSet
06-19 21:58:00.908   647 12759 I FrameSetDispatcher: [color] Client pid=836 (MrSSCamS): Recycled sent FrameSet[GENERIC_SLOT_0] from sendFMQ
06-19 21:58:00.908   647 12160 I FrameSetDispatcher: [color] Client pid=836 (MrSSCamS): Client thread joined
06-19 21:58:00.908   647 12160 I CameraClientManager: [MrSSCamS(836)][passthrough] client stopped (estimated 0 started clients remaining)
06-19 21:58:00.908   647 12160 I FrameSetCollator: [color] stopped. Ran for 46.15s
06-19 21:58:00.908   647 12160 I libcamerahal: [INSIGHTS][1.97s] recv/ret/req heartbeat: cam4: 117/119/118, cam5: 117/119/117
06-19 21:58:00.908   647 12160 I XrCameraHal: XrCameraPhysical.cpp:Stop: Camera 4 StopCamera
06-19 21:58:00.908   647 12160 I XrCameraHal: XrCameraPhysical.cpp:Stop: Camera 5 StopCamera
06-19 21:58:00.908   647 12160 I XrCameraHal: XrStreamManager.cpp:stopStreaming: Camera (logical) 6 Camera stop streaming
06-19 21:58:00.908   647 12160 I XrCameraHal: XrStreamManager.cpp:stopStreaming: Camera (logical) 6 Camera calling flush
06-19 21:58:00.908   647 12160 I CamX    : [ DUMP][HAL    ] camxhaldevice.cpp:3366 LogRequest() Frame Number ## REQUEST_ERROR ## RESULT_ERROR ## BUFFER_ERROR ## Shutter ##  Metadata[Rcvd/Tot] ## Output[Rcvd/Tot(inErr)] ## Input ## S0[Rcvd/StatusOK/BufErrNotify](0xb4000078d17d3f38)[0] ## S1[Rcvd/StatusOK/BufErrNotify](0xb4000078d17d3fd8)[0] ## 
06-19 21:58:00.909   647 12765 E CamX    : [ERROR][CORE   ] camxhpsession.cpp:1890 ExecuteSessionRecurrentRequest() Partial batched request submitted for sesssionId : 2769.Active PipelineMask : 3 and Request Submitted PipelineMask : 2
06-19 21:58:00.909   647 12765 E CamX    : [ERROR][SYNC   ] camxsyncmanager.cpp:672 Signal() Sync signal IOCTL failed: syncObj:-2147483626 rc:-1
06-19 21:58:00.909   647 12765 E CamX    : [ERROR][CSL    ] camxcslhw.cpp:4389 CSLFenceSignalHW() Sync Signal() failed: hFence:-2147483626 result:1
06-19 21:58:00.909   647 12765 E CamX    : [ERROR][CORE   ] camxcsl.cpp:1018 CSLFenceSignal() CSLFenceSignal failed
06-19 21:58:00.909   647 12765 E CamX    : [ERROR][CORE   ] camxhpsession.cpp:1905 ExecuteSessionRecurrentRequest() Stop processing request
06-19 21:58:00.909   647  1028 E CamX    : [ERROR][CORE   ] camxnodelite.cpp:5959 CSLFenceCallback() Node::BayerXR_IFE0_cam4 : Type 65536 portId=0 Fence 536870925 signaled with failure 2 in node fence handler FOR 2769
06-19 21:58:00.850     0     0 I CAM_ERR : CAM-SYNC: cam_sync_get_obj_ref: 451 Error: accessing an uninitialized sync obj = NodeOutputPortFence_BayerXR_IPE0_cam5_OutputPortId8_Display[22]
06-19 21:58:00.915 30573 30936 I [CT]    : SlamAnchorClientRuntimeIPC: Kicked off bulk re-registration of 3 slam anchors.
06-19 21:58:00.918 30246 30351 I Clay    : PresenceServiceSystem: Failed to poll
06-19 21:58:00.929 30573 30713 W [CT]    : Anchor:SlamAnchorMemoryOSSDKClient: [Throttled count=479] Skipping invalid anchorHandle when attempting to cache AnchorStates
06-19 21:58:00.932   852 12631 I Tracking: CONSTELLATION: CST Left: Successfully reinitialized 6DoF filter. Keep Cov and Calib States = Y. Keep velocity state and covariance = N,Covariance of meas: 6.79587e-06 6.31133e-06 4.33424e-06  0.00046477  0.00106599  0.00156216
06-19 21:58:00.851     0     0 I CAM_INFO: CAM-ISP: __cam_isp_ctx_flush_req_in_top_state: 5247 Last request id to flush is 2769, ctx_id:2
06-19 21:58:00.947   647 12762 E CamX    : [ERROR][CORE   ] camxhppipeline.cpp:9626 ImportInputMetaForOfflineProcessing() pipeline BayerXR_0_cam_4 Get Result metadata slot failed OfflineInputPool=0xb4000078b068aa00 MetadataSlotOfflineInput=0xb4000078a6f16940 MetaBuffer=0x0 for request=2769
06-19 21:58:00.947   647 12762 E CamX    : [ERROR][CORE   ] camxhppipeline.cpp:5690 PrepareOfflinePath() Fail to import inputMetadata for requestId=2769 of sequenceId=12970367442223104001 for Node:BayerXR_AWB0_cam4
06-19 21:58:00.947   647 12762 E CamX    : [ERROR][CORE   ] camxnodelite.cpp:9295 FillTuningModeData() Node::BayerXR_AWB0_cam4 Can't fetch TuningModeData 0x0 ret=0
06-19 21:58:00.951 30246 30351 I Clay    : PresenceServiceSystem: Failed to poll
06-19 21:58:00.882     0     0 I CAM_ERR : CAM-ISP: cam_ife_mgr_cmd: 16237 config done completion timeout, Reg dump will be unreliable rc=0 ctx_index 2
06-19 21:58:00.894     0     0 I CAM_WARN: CAM-ISP: cam_ife_mgr_stop_hw: 9942 config done completion timeout for last applied req_id=2767 ctx_index 2
06-19 21:58:00.894     0     0 I CAM_INFO: CAM-ISP: __cam_isp_ctx_flush_req_in_top_state: 5269 Stop HW complete. Reset HW next.
06-19 21:58:00.953   647 12762 E CamX    : [ERROR][CORE   ] camxhppipeline.cpp:9626 ImportInputMetaForOfflineProcessing() pipeline BayerXR_0_cam_4 Get Result metadata slot failed OfflineInputPool=0xb4000078b068aa00 MetadataSlotOfflineInput=0xb4000078a6f16940 MetaBuffer=0x0 for request=2769
06-19 21:58:00.953   647 12762 E CamX    : [ERROR][CORE   ] camxhppipeline.cpp:5690 PrepareOfflinePath() Fail to import inputMetadata for requestId=2769 of sequenceId=12970367442223104001 for Node:BayerXR_Stats0_cam4
06-19 21:58:00.953   647 12762 E CamX    : [ERROR][CORE   ] camxnodelite.cpp:9295 FillTuningModeData() Node::BayerXR_Stats0_cam4 Can't fetch TuningModeData 0x0 ret=0
06-19 21:58:00.959   852  8829 I Tracking: INPUT_TRACKING: ControllerInHandClassifier Right (8769527bc9039ab5): Transition from OutOfHand -> InHand due to no longer static and tracked orientation delta 10.2deg from static motion.
06-19 21:58:00.959   852 12620 W Tracking: VEGA:HM:MAP_TRACKING: Validation failed on Submap id = 2, version = 1734250452
06-19 21:58:00.894     0     0 I CAM_INFO: CAM-ISP: __cam_isp_ctx_flush_req_in_top_state: 5247 Last request id to flush is 2769, ctx_id:3
06-19 21:58:00.985 30246 30351 I Clay    : PresenceServiceSystem: Failed to poll
06-19 21:58:00.997   647 12160 I XrCameraHal: XrStreamManager.cpp:stopStreaming: Camera (logical) 6 Camera flush completed
06-19 21:58:00.997   647 12765 I XrCameraHal: XrStreamManager.cpp:streamLoop: Camera (logical) 6 stream loop complete
06-19 21:58:00.997   647 12160 I XrCameraHal: XrStreamManager.cpp:destroyRequestThread: Camera (logical) 6 destroying request thread
06-19 21:58:00.998   647 12160 I XrCameraHal: XrStreamManager.cpp:stopStreaming: Camera (logical) 6 Camera flushed buffers
06-19 21:58:00.926     0     0 I CAM_ERR : CAM-ISP: cam_ife_mgr_cmd: 16237 config done completion timeout, Reg dump will be unreliable rc=0 ctx_index 3
06-19 21:58:00.938     0     0 I CAM_WARN: CAM-ISP: cam_ife_mgr_stop_hw: 9942 config done completion timeout for last applied req_id=2768 ctx_index 3
06-19 21:58:00.938     0     0 I CAM_INFO: CAM-ISP: __cam_isp_ctx_flush_req_in_top_state: 5269 Stop HW complete. Reset HW next.
06-19 21:58:00.938     0     0 I CAM_WARN: CAM-CORE: cam_context_handle_flush_dev: 547 No flush device in dev 2949399, state 4
06-19 21:58:01.004   638   652 I SyncBossFW: 2170550 [info   ] {BCM }: bsp_cam_mgr_stop_streaming for cameras 0x30
06-19 21:58:01.004   638   652 I SyncBossFW: 2170552 [info   ] {BCM }: bsp_cam_mgr_deinit for cameras 0x30
06-19 21:58:01.019 30246 30351 I Clay    : PresenceServiceSystem: Failed to poll
06-19 21:58:01.021   647 12160 I XrCameraHal: XrCameraPhysical.cpp:DisableCamera: Camera 4 DisableCamera
06-19 21:58:01.021   647 12160 I XrCameraHal: XrCameraPhysical.cpp:DisableCamera: Camera 5 DisableCamera
06-19 21:58:01.021   647 12160 I XrCameraHal: XrStreamManager.cpp:teardownStreams: Camera (logical) 6 Camera teardownStreams()
06-19 21:58:01.021   647 12160 I XrCameraHal: XrStreamManager.cpp:teardownStreams: Camera (logical) 6 Camera close()
06-19 21:58:01.021   647 12160 I CamX    : [ DUMP][CORE   ] camxresourcemanager.cpp:106 DumpState() [IPEHw : 0], AvailableResource = 100
06-19 21:58:01.021   647 12160 I CamX    : [ DUMP][CORE   ] camxresourcemanager.cpp:106 DumpState() [IFEHw : 0], AvailableResource = 100
06-19 21:58:01.021   647 12160 I CamX    : [ DUMP][CORE   ] camxresourcemanager.cpp:106 DumpState() [IFEHw : 1], AvailableResource = 100
06-19 21:58:01.021   647 12160 I CamX    : [ DUMP][CORE   ] camxresourcemanager.cpp:106 DumpState() [SensorHw : 0], AvailableResource = 100
06-19 21:58:01.021   647 12160 I CamX    : [ DUMP][CORE   ] camxresourcemanager.cpp:106 DumpState() [SensorHw : 1], AvailableResource = 100
06-19 21:58:01.021   647 12160 I CamX    : [ DUMP][CORE   ] camxresourcemanager.cpp:106 DumpState() [SensorHw : 2], AvailableResource = 100
06-19 21:58:01.021   647 12160 I CamX    : [ DUMP][CORE   ] camxresourcemanager.cpp:106 DumpState() [SensorHw : 3], AvailableResource = 100
06-19 21:58:01.021   647 12160 I CamX    : [ DUMP][CORE   ] camxresourcemanager.cpp:106 DumpState() [SensorHw : 4], AvailableResource = 100
06-19 21:58:01.021   647 12160 I CamX    : [ DUMP][CORE   ] camxresourcemanager.cpp:106 DumpState() [SensorHw : 5], AvailableResource = 100
06-19 21:58:01.021   647 12160 I CamX    : [ DUMP][CORE   ] camxresourcemanager.cpp:106 DumpState() [CSIPHYHw : 6], AvailableResource = 100
06-19 21:58:01.021   647 12160 I CamX    : [ DUMP][CORE   ] camxresourcemanager.cpp:106 DumpState() [CSIPHYHw : 2], AvailableResource = 100
06-19 21:58:01.021   647 12160 I CamX    : [ DUMP][CORE   ] camxresourcemanager.cpp:106 DumpState() [CSIPHYHw : 5], AvailableResource = 100
06-19 21:58:01.021   647 12160 I CamX    : [ DUMP][CORE   ] camxresourcemanager.cpp:106 DumpState() [CSIPHYHw : 1], AvailableResource = 100
06-19 21:58:01.021   647 12160 I CamX    : [ DUMP][CORE   ] camxresourcemanager.cpp:106 DumpState() [CSIPHYHw : 4], AvailableResource = 100
06-19 21:58:01.021   647 12160 I CamX    : [ DUMP][CORE   ] camxresourcemanager.cpp:106 DumpState() [CSIPHYHw : 3], AvailableResource = 100
06-19 21:58:01.021   912   912 I SDM     : ResourceImpl::SetMaxBandwidthMode: new bandwidth mode=0
06-19 21:58:01.021   912   912 I SDM     : ResourceAlloc::SetMaxBandwidthMode: new bandwidth mode=0
06-19 21:58:01.022   647 12160 I CamX    : [ DUMP][HAL    ] camxhaldevice.cpp:3366 LogRequest() Frame Number ## REQUEST_ERROR ## RESULT_ERROR ## BUFFER_ERROR ## Shutter ##  Metadata[Rcvd/Tot] ## Output[Rcvd/Tot(inErr)] ## Input ## S0[Rcvd/StatusOK/BufErrNotify](0xb4000078d17d3f38)[0] ## S1[Rcvd/StatusOK/BufErrNotify](0xb4000078d17d3fd8)[0] ## 
06-19 21:58:00.939     0     0 I CAM_WARN: CAM-CORE: cam_context_handle_flush_dev: 547 No flush device in dev 8913179, state 4
06-19 21:58:00.963     0     0 I CAM_WARN: CAM-CORE: cam_context_handle_flush_dev: 547 No flush device in dev 2949399, state 4
06-19 21:58:00.963     0     0 I CAM_WARN: CAM-CORE: cam_context_handle_flush_dev: 547 No flush device in dev 8913179, state 4
06-19 21:58:00.963     0     0 I CAM_WARN: CAM-CORE: cam_context_handle_flush_dev: 547 No flush device in dev 2949399, state 4
06-19 21:58:01.024   852 12620 W Tracking: VEGA:HM:MAP_TRACKING: Validation failed on Submap id = 0, version = 171572542
06-19 21:58:00.963     0     0 I CAM_WARN: CAM-CORE: cam_context_handle_flush_dev: 547 No flush device in dev 8913179, state 4
06-19 21:58:00.973     0     0 I logd    : logdr: UID=2000 GID=2000 PID=13213 b tail=0 logMask=10099 pid=0 start=0ns deadline=0ns
06-19 21:58:00.974     0     0 I CAM_WARN: CAM-ISP: cam_ife_mgr_stop_hw: 9942 config done completion timeout for last applied req_id=2767 ctx_index 2
06-19 21:58:00.975     0     0 I CAM_INFO: CAM-SENSOR: cam_sensor_driver_cmd: 1305 2:58:1.34 CAM_STOP_DEV Success for imx471 sensor_id:0x471,sensor_slave_addr:0x34
06-19 21:58:00.976     0     0 I CAM_INFO: CAM-ISP: cam_ife_mgr_release_hw: 11184 2:58:1.35 Release HW success ctx id: 2
06-19 21:58:00.986     0     0 I CAM_WARN: CAM-ISP: cam_ife_mgr_stop_hw: 9942 config done completion timeout for last applied req_id=2768 ctx_index 3
06-19 21:58:00.988     0     0 I CAM_INFO: CAM-SENSOR: cam_sensor_driver_cmd: 1305 2:58:1.46 CAM_STOP_DEV Success for imx471 sensor_id:0x471,sensor_slave_addr:0x34
06-19 21:58:01.049   647 12160 I CamX    : [ DUMP][CSL    ] camxcslhwinternal.cpp:4500 CSLHwInternalKMDRelease() Release for device type CSLHwCSIPHY, index 4, took 9 us, start 39120052295 us, end 39120052304 us
06-19 21:58:01.051 13021 13183 I AdrenoVK-0: Unknown ext struct 1000241002
06-19 21:58:01.051   647 12160 I CamX    : [ DUMP][CSL    ] camxcslhwinternal.cpp:4500 CSLHwInternalKMDRelease() Release for device type CSLHwImageSensor, index 18, took 1860 us, start 39120052431 us, end 39120054291 us
06-19 21:58:00.988     0     0 I CAM_INFO: CAM-ISP: cam_ife_mgr_release_hw: 11184 2:58:1.47 Release HW success ctx id: 3
06-19 21:58:01.052 30246 30351 I Clay    : PresenceServiceSystem: Failed to poll
06-19 21:58:01.053   647 12160 I CorePi: AWB: AWBStatsDetector.cpp: ~AWBStatsDetector: Destroy stats detector IBRWarmStatsDetect
06-19 21:58:01.053   647 12160 I CorePi: AWB: AWBStatsDetector.cpp: ~AWBStatsDetector: Destroy stats detector IBRDayStatsDetect
06-19 21:58:01.053   647 12160 I CorePi: AWB: AWBStatsDetector.cpp: ~AWBStatsDetector: Destroy stats detector OfficeGreenGlassWeighter
06-19 21:58:01.053   647 12160 I CorePi: AWB: AWBSceneAnalyzer.cpp: ~AWBSceneAnalyzer: Destory Scene Analzyer: IndoorBlueReject
06-19 21:58:01.053   647 12160 I CorePi: AWB: AWBConvergence.cpp: ~AWBConvergence: Destroy AWB Convergence
06-19 21:58:01.053   647 12160 I CorePi: AWB: AWBStatsDetector.cpp: ~AWBStatsDetector: Destroy stats detector HighCCTWarmStats
06-19 21:58:01.053   647 12160 I CorePi: AWB: AWBControl.cpp: destroy: Destroy AWB Control
06-19 21:58:01.058   647 12160 I CamX    : [ DUMP][CSL    ] camxcslhwinternal.cpp:4500 CSLHwInternalKMDRelease() Release for device type CSLHwIFE, index 0, took 231 us, start 39120061642 us, end 39120061873 us
06-19 21:58:01.063   647 12160 E CamX    : [ERROR][IQMod  ] camxswgme100.cpp:824 ~SWGME100() BayerXR_IPE0_cam5 eis utils log apis not initialized
06-19 21:58:01.070   647 12160 I CamX    : [ DUMP][CSL    ] camxcslhwinternal.cpp:4500 CSLHwInternalKMDRelease() Release for device type CSLHwICP, index 11, took 3576 us, start 39120069682 us, end 39120073258 us
06-19 21:58:01.072   647 12160 I CamX    : [ DUMP][CSL    ] camxcslhwinternal.cpp:4500 CSLHwInternalKMDRelease() Release for device type CSLHwCSIPHY, index 5, took 8 us, start 39120075705 us, end 39120075713 us
06-19 21:58:01.074   647 12160 I CamX    : [ DUMP][CSL    ] camxcslhwinternal.cpp:4500 CSLHwInternalKMDRelease() Release for device type CSLHwImageSensor, index 17, took 2321 us, start 39120075804 us, end 39120078125 us
06-19 21:58:01.076   647 12160 I CorePi: AWB: AWBStatsDetector.cpp: ~AWBStatsDetector: Destroy stats detector IBRWarmStatsDetect
06-19 21:58:01.076   647 12160 I CorePi: AWB: AWBStatsDetector.cpp: ~AWBStatsDetector: Destroy stats detector IBRDayStatsDetect
06-19 21:58:01.076   647 12160 I CorePi: AWB: AWBStatsDetector.cpp: ~AWBStatsDetector: Destroy stats detector OfficeGreenGlassWeighter
06-19 21:58:01.076   647 12160 I CorePi: AWB: AWBSceneAnalyzer.cpp: ~AWBSceneAnalyzer: Destory Scene Analzyer: IndoorBlueReject
06-19 21:58:01.076   647 12160 I CorePi: AWB: AWBConvergence.cpp: ~AWBConvergence: Destroy AWB Convergence
06-19 21:58:01.076   647 12160 I CorePi: AWB: AWBStatsDetector.cpp: ~AWBStatsDetector: Destroy stats detector HighCCTWarmStats
06-19 21:58:01.076   647 12160 I CorePi: AWB: AWBControl.cpp: destroy: Destroy AWB Control
06-19 21:58:00.992     0     0 I CAM_INFO: CAM-SENSOR: cam_sensor_driver_cmd: 1188 CAM_RELEASE_DEV Success for imx471 sensor_id:0x471, slave_addr:0x34
06-19 21:58:01.078   647 12160 I CamX    : [ DUMP][CSL    ] camxcslhwinternal.cpp:4500 CSLHwInternalKMDRelease() Release for device type CSLHwIFE, index 0, took 75 us, start 39120081122 us, end 39120081197 us
06-19 21:58:01.082   647 12160 E CamX    : [ERROR][IQMod  ] camxswgme100.cpp:824 ~SWGME100() BayerXR_IPE0_cam4 eis utils log apis not initialized
06-19 21:58:01.086 30246 30351 I Clay    : PresenceServiceSystem: Failed to poll
06-19 21:58:01.086 30246 30351 I Clay    : BaseApp : hibernate event recorded: eh=UNHI,PEND,CANC,PEND,CANC,PEND,HBNT,UNHI,PEND,HBNT,UNHI,PEND,HBNT,UNHI,PEND,HBNT  et=00e58f9c,00e58fd9,00e59029,00e5917e,00e5920b,00e622e3,00e62bc0,00e65d2b,00e762ac,00e766a2,00e83a3b,00e88417,00e88bf9,00e95ad0,00ea1546,00ea195c,
06-19 21:58:01.087 30309 30788 I VrRuntimeService: DestroySwapChain: swapchain=1000
06-19 21:58:01.087 30309 30527 I ResourceCreationThread: Destroying texture swap chain id=1000 ptr=0x7b9f401800
06-19 21:58:01.087 30309 30527 I SwapChain: DestroyTextureSwapChain: chain id=1000, ptr=0x7b9f401800
06-19 21:58:01.087 30309 30788 I VrRuntimeServer: DestroyTextureSwapChain: id=1000, ptr=0x7b9f401800, deferred=0, result=destroyswapchain 1
06-19 21:58:01.088 30309 30788 I VrRuntimeService: DestroySwapChain: swapchain=1002
06-19 21:58:01.088 30309 30527 I ResourceCreationThread: Destroying texture swap chain id=1002 ptr=0x7c032e3800
06-19 21:58:01.088 30309 30527 I SwapChain: DestroyTextureSwapChain: chain id=1002, ptr=0x7c032e3800
06-19 21:58:01.088 30309 30788 I VrRuntimeServer: DestroyTextureSwapChain: id=1002, ptr=0x7c032e3800, deferred=0, result=destroyswapchain 1
06-19 21:58:01.091 30309 30788 I VrRuntimeService: DestroySwapChain: swapchain=1010
06-19 21:58:01.091 30309 30527 I ResourceCreationThread: Destroying texture swap chain id=1010 ptr=0x7b9f3ba800
06-19 21:58:01.091 30309 30527 I SwapChain: DestroyTextureSwapChain: chain id=1010, ptr=0x7b9f3ba800
06-19 21:58:01.092   647 12160 I CamX    : [ DUMP][CSL    ] camxcslhwinternal.cpp:4500 CSLHwInternalKMDRelease() Release for device type CSLHwICP, index 11, took 5267 us, start 39120090151 us, end 39120095418 us
06-19 21:58:01.092 30309 30788 I VrRuntimeServer: DestroyTextureSwapChain: id=1010, ptr=0x7b9f3ba800, deferred=0, result=destroyswapchain 1
06-19 21:58:01.092 30309 30788 I VrRuntimeService: DestroySwapChain: swapchain=1017
06-19 21:58:01.092 30309 30527 I ResourceCreationThread: Destroying texture swap chain id=1017 ptr=0x7b9f72d000
06-19 21:58:01.092 30309 30527 I SwapChain: DestroyTextureSwapChain: chain id=1017, ptr=0x7b9f72d000
06-19 21:58:01.093 30309 30788 I VrRuntimeServer: DestroyTextureSwapChain: id=1017, ptr=0x7b9f72d000, deferred=0, result=destroyswapchain 1
06-19 21:58:01.098   647 12160 I XrCameraHal: XrStreamManager.cpp:teardownStreams: Camera (logical) 6 Camera close() complete
06-19 21:58:01.098   647 12160 D CameraStream: [passthrough] Client 836 stop complete
06-19 21:58:01.098   836 13187 I MRSS    : MIXEDREALITY: CameraComputeCapability: Camera stopped
06-19 21:58:01.098 30246 30351 I Clay    : SoundSystem: setPaused(true), m_paused=false
06-19 21:58:01.098 30246 30351 D AAudio  : AAudioStream_requestStop(s#2) called
06-19 21:58:01.098 30246 30351 D AAudioStream: setState(s#2) from 4 to 9
06-19 21:58:01.098 30246 30351 D AudioTrack: stop(127): called with 2334720 frames delivered
06-19 21:58:01.098 30246 30351 I TBAudioEngine: [stop] aaudio player request result: OK [0]
06-19 21:58:01.223   643 12589 I VD628x  : Flicker channel saturating : applying new gain
06-19 21:58:01.263 30573 30713 I [CT]    : SP:AF:AnchorFramework: calculateRigidScenePose: Located 19 / 19 anchors for calculating rigid scene pose
06-19 21:58:01.263 30573 30713 I [CT]    : SP:AF:AnchorAccuracy: New Rigid Scene calculated using 19 anchors attached to 1 IAs. 2.013730945000134 seconds since last update
06-19 21:58:01.263 30573 30713 I [CT]    : SP:AF:AnchorAccuracy: New scene origin pose: -0.936262845993042 -0.9939972758293152 0.6425809860229492 : 0.39148399233818054 -0.39148396253585815 -0.5888466238975525 -0.5888465642929077
06-19 21:58:01.263 30573 30713 I [CT]    : SP:AF:AnchorAccuracy: New scene origin pose moved: 5.327801773091778e-05 translation 5.334698926162673e-06 rotation
06-19 21:58:01.293   852 12620 W Tracking: VEGA:HM:MAP_TRACKING: Validation failed on Submap id = 0, version = 171572542
06-19 21:58:01.293   852 12620 W Tracking: VEGA:HM:MAP_TRACKING: Validation failed on Submap id = 2, version = 1734250452
06-19 21:58:01.465   852 12631 E Tracking: CONSTELLATION:IMU_STATUS: da7a0f37bc734fd (L): Timestamp not increasing: current time 2171.00629s <= last log time 26766.622426s
06-19 21:58:01.558   852 12620 W Tracking: VEGA:HM:MAP_TRACKING: Validation failed on Submap id = 0, version = 171572542
06-19 21:58:01.625   852 12620 W Tracking: VEGA:HM:MAP_TRACKING: Validation failed on Submap id = 2, version = 1734250452
06-19 21:58:01.659   647  1038 E FrameSetCollator: [worldTracking] 31 FrameSets had unexpected timestamps (over 1013.93s). Ex: slot 1 2171189.616ms -> 2171206.282ms (observed period: 16.666ms, expected period: 16.666ms (16.666ms))
06-19 21:58:01.714   871   871 E adbd    : failed to connect to socket 'tcp:6666': Connection refused
06-19 21:58:01.768   632   699 E perfservice: Same callback registered already
06-19 21:58:01.768   857  2211 E VrDeviceManagerService: registerThermalCallback failed, status: No error, ret: Same callback registered already
06-19 21:58:01.768   857  2211 E VrDeviceManagerService: getCurrentTemperatures: Thermal HAL unavailable!
06-19 21:58:01.769   632   699 E perfservice: Same callback registered already
06-19 21:58:01.769   857  2732 E VrDeviceManagerService: registerThermalCallback failed, status: No error, ret: Same callback registered already
06-19 21:58:01.769   857  2732 E VrDeviceManagerService: getCurrentTemperatures: Thermal HAL unavailable!
06-19 21:58:01.812 13021 13145 D UE      : [2024.06.20-02.58.01:812][  0]LogTcpMessaging: Initializing TcpMessaging bridge, listening on 127.0.0.1:6666
06-19 21:58:01.919 30573 30936 I [CT]    : SlamAnchorClientRuntimeIPC: Kicked off bulk re-registration of 3 slam anchors.
06-19 21:58:01.931 30573 30713 W [CT]    : Anchor:SlamAnchorMemoryOSSDKClient: [Throttled count=479] Skipping invalid anchorHandle when attempting to cache AnchorStates
06-19 21:58:01.949  2197  5988 I         : unknown config and param: ios_lightspeed_data_trace_config__sync_client_mode_enabled
06-19 21:58:01.951  2197  5988 I         : unknown config and param: ios_lightspeed_data_trace_config__sync_client_mode_enabled
06-19 21:58:01.959   852 12620 W Tracking: VEGA:HM:MAP_TRACKING: Validation failed on Submap id = 2, version = 1734250452
06-19 21:58:02.024   852 12620 W Tracking: VEGA:HM:MAP_TRACKING: Validation failed on Submap id = 0, version = 171572542
06-19 21:58:02.225   852 12620 W Tracking: VEGA:HM:MAP_TRACKING: Validation failed on Submap id = 2, version = 1734250452
06-19 21:58:02.385 13021 13145 D UE      : [2024.06.20-02.58.02:385][  0]LogUdpMessaging: Initializing bridge on interface 0.0.0.0:0 to multicast group 230.0.0.1:6666.
06-19 21:58:02.386 13021 13145 D UE      : [2024.06.20-02.58.02:386][  0]LogSockets: (BSD_Android) Address 192.168.0.70:0 Wifi (1)
06-19 21:58:02.386 13021 13145 D UE      : [2024.06.20-02.58.02:386][  0]LogUdpMessaging: Display: Added local interface '192.168.0.70' to multicast group '230.0.0.1:6666'
06-19 21:58:02.387 13021 13145 D UE      : [2024.06.20-02.58.02:387][  0]LogCore: Display: AppLifetime: Application has reactivated
06-19 21:58:02.387 13021 13145 D UE      : [2024.06.20-02.58.02:387][  0]LogAndroidEvents: Android resume audio
06-19 21:58:02.387 13021 13145 D UE      : [2024.06.20-02.58.02:387][  0]LogAndroidEvents: Display: LogAndroidEvents::DequeueAppEvent : 1, [width=4128, height=2208], APP_EVENT_STATE_WINDOW_RESIZED
06-19 21:58:02.388 13021 13145 D UE      : AndroidEGL::ReInitWindow()
06-19 21:58:02.388 13021 13145 D UE      : [2024.06.20-02.58.02:388][  0]LogAndroidEvents: Display: LogAndroidEvents::DequeueAppEvent : 4, [width=-1, height=-1], APP_EVENT_STATE_WINDOW_REDRAW_NEEDED
06-19 21:58:02.388 13021 13145 D UE      : [2024.06.20-02.58.02:388][  0]LogAndroidEvents: Display: Application Event : 4  not handled. 
06-19 21:58:02.388 13021 13145 D UE      : [2024.06.20-02.58.02:388][  0]LogAndroidEvents: Display: LogAndroidEvents::DequeueAppEvent : 2, [width=-1, height=-1], APP_EVENT_STATE_WINDOW_CHANGED
06-19 21:58:02.389 13021 13145 D UE      : AndroidEGL::ReInitWindow()
06-19 21:58:02.389 13021 13145 D UE      : [2024.06.20-02.58.02:389][  0]LogAndroidEvents: Display: LogAndroidEvents::DequeueAppEvent : 15, [width=-1, height=-1], APP_EVENT_STATE_SAFE_ZONE_UPDATED
06-19 21:58:02.389 13021 13145 D UE      : ***** RequestedContentScaleFactor different 0.000000 != -1.000000, not using res cache (0)
06-19 21:58:02.389 13021 13145 D UE      : ***** RequestedMobileResX different 0 != -1, not using res cache (0)
06-19 21:58:02.389 13021 13145 D UE      : ***** RequestedMobileResY different 0 != -1, not using res cache (0)
06-19 21:58:02.389 13021 13145 D UE      : ***** WindowDPI is 0, not using res cache (0)
06-19 21:58:02.389 13021 13145 D UE      : ***** SceneMaxDesiredPixelCount is 0, not using res cache (0)
06-19 21:58:02.389 13021 13145 D UE      : ***** SceneMinDPI is 0, not using res cache (0)
06-19 21:58:02.389 13021 13145 D UE      : ***** WindowWidth is -1, not using res cache (0)
06-19 21:58:02.389 13021 13145 D UE      : [2024.06.20-02.58.02:389][  0]LogAndroid: Mobile HDR: no
06-19 21:58:02.389 13021 13145 D UE      : [2024.06.20-02.58.02:389][  0]LogAndroid: ***** Cached WindowRect 4128, 2208 (0)
06-19 21:58:02.391  1095  1785 W ActivityManager: Unable to start service Intent { act=FOREGROUND_CLIENT cmp=com.oculus.guardian/com.oculus.vrguardianservice.VrGuardianUserService (has extras) } U=0: not found
06-19 21:58:02.392 13021 13145 I OpenXR  : PostSessionStateChange: XR_SESSION_STATE_UNKNOWN -> XR_SESSION_STATE_IDLE
06-19 21:58:02.392 13021 13145 I Deque   : AddEventToQueue called. eventInfo.type: 18, eventInfo.next: 1
06-19 21:58:02.392 13021 13145 I OpenXR  : PostSessionStateChange: XR_SESSION_STATE_IDLE -> XR_SESSION_STATE_READY
06-19 21:58:02.392 13021 13145 I Deque   : AddEventToQueue called. eventInfo.type: 18, eventInfo.next: 1
06-19 21:58:02.393 13021 13145 V OpenXR_Actions: -- xrSuggestInteractionProfileBindings -
06-19 21:58:02.394 13021 13145 V OpenXR_Actions: -- xrSuggestInteractionProfileBindings -
06-19 21:58:02.394 13021 13145 V OpenXR_Actions: -- xrSuggestInteractionProfileBindings -
06-19 21:58:02.395 13021 13145 V OpenXR_Actions: xrSuggestInteractionProfileBindings: adding binding actionPathBinding=9, action=ia_grab_left, subactionMask=1, pathActionType=2
06-19 21:58:02.395 13021 13145 V OpenXR_Actions: xrSuggestInteractionProfileBindings: adding binding actionPathBinding=25, action=ia_grab_right, subactionMask=2, pathActionType=2
06-19 21:58:02.395 13021 13145 V OpenXR_Actions: xrSuggestInteractionProfileBindings: adding binding actionPathBinding=28, action=ia_move, subactionMask=2, pathActionType=2
06-19 21:58:02.395 13021 13145 V OpenXR_Actions: xrSuggestInteractionProfileBindings: adding binding actionPathBinding=29, action=ia_move_y, subactionMask=2, pathActionType=2
06-19 21:58:02.395 13021 13145 V OpenXR_Actions: xrSuggestInteractionProfileBindings: adding binding actionPathBinding=10, action=ia_voicecommand, subactionMask=1, pathActionType=2
06-19 21:58:02.395 13021 13145 V OpenXR_Actions: xrSuggestInteractionProfileBindings: adding binding actionPathBinding=12, action=player_camera_mov, subactionMask=1, pathActionType=2
06-19 21:58:02.395 13021 13145 V OpenXR_Actions: xrSuggestInteractionProfileBindings: adding binding actionPathBinding=10, action=ia_menu_interact_left, subactionMask=1, pathActionType=2
06-19 21:58:02.395 13021 13145 V OpenXR_Actions: xrSuggestInteractionProfileBindings: adding binding actionPathBinding=26, action=ia_menu_interact_right, subactionMask=2, pathActionType=2
06-19 21:58:02.395 13021 13145 V OpenXR_Actions: xrSuggestInteractionProfileBindings: adding binding actionPathBinding=54, action=ia_menu_cursor_left, subactionMask=1, pathActionType=3
06-19 21:58:02.395 13021 13145 V OpenXR_Actions: xrSuggestInteractionProfileBindings: adding binding actionPathBinding=55, action=ia_menu_cursor_right, subactionMask=2, pathActionType=3
06-19 21:58:02.395 13021 13145 V OpenXR_Actions: xrSuggestInteractionProfileBindings: adding binding actionPathBinding=26, action=ia_shoot_right, subactionMask=2, pathActionType=2
06-19 21:58:02.395 13021 13145 V OpenXR_Actions: xrSuggestInteractionProfileBindings: adding binding actionPathBinding=19, action=left-controller-grip-pose, subactionMask=1, pathActionType=4
06-19 21:58:02.395 13021 13145 V OpenXR_Actions: xrSuggestInteractionProfileBindings: adding binding actionPathBinding=35, action=right-controller-grip-pose, subactionMask=2, pathActionType=4
06-19 21:58:02.395 13021 13145 V OpenXR_Actions: xrSuggestInteractionProfileBindings: adding binding actionPathBinding=18, action=left-controller-aim-pose, subactionMask=1, pathActionType=4
06-19 21:58:02.395 13021 13145 V OpenXR_Actions: xrSuggestInteractionProfileBindings: adding binding actionPathBinding=34, action=right-controller-aim-pose, subactionMask=2, pathActionType=4
06-19 21:58:02.395 13021 13145 V OpenXR_Actions: xrSuggestInteractionProfileBindings: adding binding actionPathBinding=19, action=left-controller-palm-pose, subactionMask=1, pathActionType=4
06-19 21:58:02.395 13021 13145 V OpenXR_Actions: xrSuggestInteractionProfileBindings: adding binding actionPathBinding=35, action=right-controller-palm-pose, subactionMask=2, pathActionType=4
06-19 21:58:02.395 13021 13145 V OpenXR_Actions: xrSuggestInteractionProfileBindings: adding binding actionPathBinding=17, action=left-controller-vibration, subactionMask=1, pathActionType=100
06-19 21:58:02.395 13021 13145 V OpenXR_Actions: xrSuggestInteractionProfileBindings: adding binding actionPathBinding=33, action=right-controller-vibration, subactionMask=2, pathActionType=100
06-19 21:58:02.395 13021 13145 V OpenXR_Actions: -- xrSuggestInteractionProfileBindings -
06-19 21:58:02.395 13021 13145 I OpenXR_Hands: ------------ xrCreateHandTrackerEXT -----------
06-19 21:58:02.395 13021 13145 I OpenXR_Hands: ------------ xrCreateHandTrackerEXT -----------
06-19 21:58:02.395 13021 13145 I OpenXR  : ------------ xrBeginSession [start] -----------
06-19 21:58:02.395 13021 13145 I DRR     : DRR is supported: 1
06-19 21:58:02.395 13021 13145 I DRR     : DRR is enabled: 0
06-19 21:58:02.395 13021 13145 D OsSdk   : TrackingServiceConnection ctor
06-19 21:58:02.395 13021 13145 I Sensor  : OSSDKTRACKING Initializing controller tracking
06-19 21:58:02.395 13021 13145 I Sensor  : OSSDKTRACKING Controller tracker != nullpointer 0xb400007bfd6cdac0, 1
06-19 21:58:02.400 13021 13145 I DeviceStatus: nativeHeadsetEvent(0)
06-19 21:58:02.401 13021 13145 I VrRuntimeClient: SetCompositorClientFeatureFlag ClientFeatureFlag 0 
06-19 21:58:02.401 13021 13145 I RuntimeIPCClient [RUNTIMEIPC]: InitServerStateBuffer: SUCCESS. 0, Client: com.YourCompany.Metaverse_Game1:com.YourCompany.Metaverse_Game1:13021, Server: com.oculus.guardian:com.oculus.vrguardianservice (guardianserver)
06-19 21:58:02.401 13021 13145 I VrRuntimeClient: Mounted state at BeginSession: True
06-19 21:58:02.402 13021 13145 I AppLoadTimeTelemetryCommon: App load time recorded [packageName=com.YourCompany.Metaverse_Game1, time=7.105639, method="BeginSession", launchType="Launch"]
06-19 21:58:02.402 13021 13145 I LogTimer: CPUTIME: VrRuntimeClient_BeginSession took 6.7349 ms
06-19 21:58:02.402   857  2732 E VrDeviceManagerService: Permission denied: process 13021 (uid 10007) doesn't have the required permission: com.oculus.permission.SET_VR_DEVICE_PARAMS
06-19 21:58:02.402   857  2732 E VrDeviceManagerService: Permission denied: process 13021 (uid 10007) doesn't have the required permission: com.oculus.permission.READ_VR_DEVICE_PARAMS
06-19 21:58:02.403 13021 13145 I ClientInputSettings: HANDTRACKING: enabled input settings, setting hand mode control settings to ControllersOnly
06-19 21:58:02.403 13021 13145 I ClientInputSettings: HANDTRACKING package name is com.YourCompany.Metaverse_Game1
06-19 21:58:02.403 13021 13145 I ClientInputSettings: HANDTRACKING: feature flag set to 0
06-19 21:58:02.403 13021 13145 I ClientInputInterface: HANDTRACKING sethandmanifest 0
06-19 21:58:02.403 13021 13145 I InputHooks_Internal: Enabling Native Input Hooks
06-19 21:58:02.406 13021 13145 W Metaverse_Game: Accessing hidden method Landroid/content/Context;->startServiceAsUser(Landroid/content/Intent;Landroid/os/UserHandle;)Landroid/content/ComponentName; (unsupported, reflection, allowed)
06-19 21:58:02.406 13021 13145 W Metaverse_Game: Accessing hidden method Landroid/content/Context;->registerReceiverAsUser(Landroid/content/BroadcastReceiver;Landroid/os/UserHandle;Landroid/content/IntentFilter;Ljava/lang/String;Landroid/os/Handler;)Landroid/content/Intent; (unsupported, reflection, allowed)
06-19 21:58:02.406 13021 13145 I InputDeviceManager: ovrInputDeviceManager::Initialize
06-19 21:58:02.407 13021 13145 I [CT]    : HandPosePrediction: Set sampler config enum for v59 30 Hz
06-19 21:58:02.407 13021 13145 I [CT]    : HandPosePrediction: Set sampler config enum for v59 30 Hz
06-19 21:58:02.407 13021 13145 I InputDevice_Hand: BodyPoweredHands checkSysPropForBodyAPIOverride 0
06-19 21:58:02.407 13021 13145 I InputDevice_Hand: BodyPoweredHands checkSysPropForBodyAPIOverride 0
06-19 21:58:02.407 13021 13145 W InputDevice_TrackedRemote: Did not pass RIPC GK, fetching controller input data from shared memory
06-19 21:58:02.407 13021 13145 I InputDeviceManager: HANDTRACKING Pointer filter profile changed to: 0
06-19 21:58:02.407 13021 13145 I InputDeviceManager: HANDTRACKING Pointer filter profile changed to: 0
06-19 21:58:02.407 13021 13145 I PhaseSync: PhaseSync::PhaseSync PaddingLowerLimit 0.350000 StandardDeviations 2.000000 PaddingUpperLimit 0.750000 on instance 0
06-19 21:58:02.407 13021 13145 I FrameSync: FrameSync Initialized Instance 1
06-19 21:58:02.407 13021 13145 I VrRuntimeClient: PhaseSync Instance created
06-19 21:58:02.408  1095  1785 W ActivityManager: Unable to start service Intent { act=FOREGROUND_CLIENT cmp=com.oculus.guardian/com.oculus.vrguardianservice.VrGuardianUserService (has extras) } U=0: not found
06-19 21:58:02.408 30309 13201 I VrRuntimeService: RuntimeServiceSDKServer::EnableRendering: 0x7c02d26330, 2, com.YourCompany.Metaverse_Game1
06-19 21:58:02.408 30309 13201 I ClientMgr: EnableRendering2: Calling SetFocusedClient: 1388950683
06-19 21:58:02.409 30309 13201 I ClientMgr: FocusedClient changed.
06-19 21:58:02.409 30309 13201 I ClientMgr: ClientMgr::SetFocusedClient: 13021:com.YourCompany.Metaverse_Game1 type 0
