06-25 21:24:55.602   642   642 I CorePi: AWB: AWBGrayWorldWeightAdjust.cpp: initialize: initialize BlueRejection succeed
06-25 21:24:55.602   642   642 I CorePi: AWB: AWBStatsDetector.cpp: initialize: Initialize detection stats IBRWarmStatsDetect successfully!
06-25 21:24:55.602   642   642 I CorePi: AWB: AWBStatsDetector.cpp: initialize: Initialize detection stats IBRDayStatsDetect successfully!
06-25 21:24:55.602   642   642 I CorePi: AWB: AWBStatsDetector.cpp: initialize: Initialize detection stats OfficeGreenGlassWeighter successfully!
06-25 21:24:55.602   642   642 I CorePi: AWB: AWBSceneAnalyzer.cpp: initialize: Initialize Scene Analzyer: IndoorBlueReject succeed
06-25 21:24:55.602   642   642 I CorePi: AWB: AWBControl.cpp: create: Create AWB control succeed
06-25 21:24:55.602   642   642 I CorePi: AWB: AWBInterface.cpp: createCorePiAWBInterface: Create Meta AWB interface succeed!
06-25 21:24:55.616     0     0 I CAM_INFO: CAM-SENSOR: cam_sensor_driver_cmd: 1129 CAM_ACQUIRE_DEV Success for imx471 id:0x471,slave-addr:0x34 crm:[0]
06-25 21:24:55.622     2     2 I CAM_ERR : CAM-SMMU: cam_smmu_map_user_iova: 3243 fd=622 already in list [2:24:55:604] cb=ife idx=0 handle=28342 len=573440,give same addr back
06-25 21:24:55.622     2     2 I CAM_ERR : CAM-SMMU: cam_smmu_map_user_iova: 3243 fd=623 already in list [2:24:55:604] cb=ife idx=0 handle=28342 len=483328,give same addr back
06-25 21:24:55.605   642   642 E CamX    : [ERROR][PPROC  ] camxnodelite.cpp:16159 GetOEMFeatureTypeMask() BayerXR_IPE0_cam4 Invalid pointer pHwCfgWrapper 0x0 
06-25 21:24:55.623     2     2 I CAM_ERR : CAM-SMMU: cam_smmu_map_user_iova: 3243 fd=624 already in list [2:24:55:605] cb=ife idx=0 handle=28342 len=495616,give same addr back
06-25 21:24:55.634     0     0 I CAM_INFO: CAM-CRM: cam_req_mgr_link_v3: 4594 link reserved 0000000000000000 0 trigger_type:1 num_devs:2 sess_hdl:15794708 no_crm:4
06-25 21:24:55.634     0     0 I CAM_INFO: CAM-ISP: cam_ife_hw_mgr_print_acquire_info: 1922 2:24:55.616 Acquired Single IFE[1] with [8 pix] [0 pd] [0 rdi] ports for ctx:0 per_port_enabled :0 sensor:-559038737
06-25 21:24:55.634     0     0 I CAM_INFO: CAM-ISP: __cam_isp_ctx_acquire_hw_v2: 7781 NO CRM session,top state machine assigned for no crm ctx 0
06-25 21:24:55.639     0     0 I CAM_INFO: CAM-SENSOR: cam_sensor_driver_cmd: 1270 2:24:55.621 CAM_START_DEV[5] Success for imx471 sensor_id:0x471,sensor_slave_addr:0x34
06-25 21:24:55.640     0     0 I CAM_INFO: CAM-CRM: cam_req_mgr_link_v3: 4594 link reserved 0000000000000000 0 trigger_type:1 num_devs:2 sess_hdl:15794708 no_crm:4
06-25 21:24:55.641     0     0 I CAM_INFO: CAM-ISP: cam_ife_hw_mgr_print_acquire_info: 1922 2:24:55.623 Acquired Single IFE[0] with [8 pix] [0 pd] [0 rdi] ports for ctx:1 per_port_enabled :0 sensor:-559038737
06-25 21:24:55.641     0     0 I CAM_INFO: CAM-ISP: __cam_isp_ctx_acquire_hw_v2: 7781 NO CRM session,top state machine assigned for no crm ctx 1
06-25 21:24:55.629   642   642 I XrCameraHal: XrCameraPhysical.cpp:EnableCamera: Camera 5 EnableCamera
06-25 21:24:55.629   642   642 I XrCameraHal: XrCameraLogical.cpp:onEnableCamera: 5 already enabled
06-25 21:24:55.632   637   666 I SyncBossFW: 4477345 [info   ] {BCM }: general_cam_mgr_init for cameras 0x30
06-25 21:24:55.778   642   642 I XrCameraHal: XrCameraPhysical.cpp:UpdateFrameSettings: Camera 4 UpdateFrameSettings
06-25 21:24:55.779   642   642 I XrCameraHal: XrCameraPhysical.cpp:UpdateFrameSettings: Camera 5 UpdateFrameSettings
06-25 21:24:55.781   642   642 I FrameSetCollator: [color] Updated frame set period to 16666000, with activeSlots [[T,]]
06-25 21:24:55.781   642   642 I FrameSetCollator: [color] started at 15168.50
06-25 21:24:55.781   642   642 I XrCameraHal: XrCameraPhysical.cpp:Start: Camera 4 StartCamera
06-25 21:24:55.781   642   642 I XrCameraHal: XrStreamManager.cpp:startStreaming: Camera (logical) 6 starting stream thread
06-25 21:24:55.781   642   642 I XrCameraHal: XrCameraPhysical.cpp:Start: Camera 5 StartCamera
06-25 21:24:55.781   642   642 I XrCameraHal: XrCameraLogical.cpp:onStartCamera: Camera 5 already started
06-25 21:24:55.783   637   666 I SyncBossFW: 4477492 [info   ] {BCM }: general_cam_mgr_set_frame_rate_config for cameras 0x30 with shutter period 16666 (us)
06-25 21:24:55.784   642   642 D CameraStream: [ocal] Client [IOT(843)]: start complete
06-25 21:24:55.786   843  3186 D TrackingService: [iot][ocal]handleMuxModeNotification finished for muxMode[color: default]
06-25 21:24:55.786   843  3186 D TrackingService: [ocal]end onMuxStateUpdate. ModeId: ocalOff -> default
06-25 21:24:55.787   843  3186 I TrackingService: [                        iot:ocal] Mux Mode Transition from sensor service: ocalOff -> default transition time: 256 ms
06-25 21:24:55.787   637   666 I SyncBossFW: 4477495 [info   ] {BCM }: general_cam_mgr_get_stream_info for cameras 0x10
06-25 21:24:55.787   637   666 I SyncBossFW: 4477498 [info   ] {BCM }: general_cam_mgr_start_streaming for cameras 0x30
06-25 21:24:55.871   642  1037 E FrameSetCollator: [worldTracking] 31 FrameSets had unexpected timestamps (over 1013.43s). Ex: slot 1 4477564.024ms -> 4477580.690ms (observed period: 16.666ms, expected period: 16.666ms (16.666ms))
06-25 21:24:55.885   843 30571 D SensorDataTransforms: [iot:ocal] Erased 1 stale entries from the staged mux states.
06-25 21:24:55.885   843 30571 I TrackingService: [iot:ocal] Configuration update starting
06-25 21:24:55.885   642   888 I DUMPSYS_LOG: {"additional_data":{"camera_fps":[{"fps":3.2040822651565271,"frames":69,"id":4},{"fps":3.2040822651565271,"frames":69,"id":5}]},"event":"CameraFPS","service":"SensorService","tid":"513264311216","ts":1719368695885421,"ts_proc":15168600187}
06-25 21:24:55.886   843 30571 I TrackingService: [iot:ocal] Configuration update done
06-25 21:24:55.886   843 30571 I TrackingService: [iot:ocal] Finish configuration update starting
06-25 21:24:55.887   843 30571 I TrackingService: [iot:ocal] Finish configuration update done
06-25 21:24:55.899   642  1037 E FrameSetCollator: [color] 1 FrameSets had unexpected timestamps (over 117.88s). Ex: slot 0 4477580.690ms -> 4477597.356ms (observed period: 16.666ms, expected period: 16.666ms (20399.184ms))
06-25 21:24:55.937   843 30570 I Tracking: RateDownsampler: First Active Window frameset available. Window will remain active for 1 seconds
06-25 21:24:56.002 31072 31456 I VrApi   : FPS=72/72,Prd=29ms,Tear=0,Early=0,Stale=0,Stale2/5/10/max=0/0/0/0,VSnc=1,Lat=-1,Fov=0,CPU4/GPU=2/2,1382/456MHz,OC=3F,TA=0/0/0,SP=N/N/N,Mem=2092MHz,Free=3192MB,PLS=0,Temp=38.0C/0.0C,TW=0.88ms,App=3.92ms,GD=0.00ms,CPU&GPU=12.28ms,LCnt=1(DR73,LM0),GPU%=0.36,CPU%=0.54(W0.55),DSF=1.00,CFL=10.07/14.87,ICFLp95=13.43,LD=0,SF=1.00,LP=0,DVFS=0
06-25 21:24:56.065  1070  5366 E ThermalManagerService: No threshold found for pcb1-usr
06-25 21:24:56.065  1070  5366 E ThermalManagerService: No threshold found for pcb2-usr
06-25 21:24:56.065  1070  5366 E ThermalManagerService: No threshold found for pcb3-usr
06-25 21:24:56.065  1070  5366 E ThermalManagerService: No threshold found for rf-usr
06-25 21:24:56.065  1070  5366 E ThermalManagerService: No threshold found for cam0-usr
06-25 21:24:56.065  1070  5366 E ThermalManagerService: No threshold found for cam1-usr
06-25 21:24:56.065  1070  5366 E ThermalManagerService: No threshold found for cam2-usr
06-25 21:24:56.065  1070  5366 E ThermalManagerService: No threshold found for cam3-usr
06-25 21:24:56.065  1070  5366 E ThermalManagerService: No threshold found for cam4-usr
06-25 21:24:56.065  1070  5366 E ThermalManagerService: No threshold found for cam5-usr
06-25 21:24:56.065  1070  5366 E ThermalManagerService: No threshold found for disp-virt
06-25 21:24:56.065  1070  5366 E ThermalManagerService: No threshold found for pogo-usr
06-25 21:24:56.119  2895  2944 W [CT]    : Anchor:SlamAnchorMemoryOSSDKClient: [Throttled count=239] Skipping invalid anchorHandle when attempting to cache AnchorStates
06-25 21:24:56.479  2895  3540 I [CT]    : SlamAnchorClientRuntimeIPC: Kicked off bulk re-registration of 3 slam anchors.
06-25 21:24:56.677  2734 31262 I VrRuntimeService: DestroySwapChain: swapchain=845
06-25 21:24:56.777  2734 30530 V CompositorUtil: TryDelete: Deleting 1 swapchains
06-25 21:24:56.777  2734 30530 V CompositorUtil: SwapChainDeferDeletion: destroying texture swap chain id=845 ptr=0x6f3dea1800, client id=11
06-25 21:24:56.836   843 30515 I Tracking: CONSTELLATION:IMU_STATUS: da7a0f37bc734fd (L): [FusionTracked=1.000, OutputTracked=0.000, OutputValid=0.000] [AccelSat=0.000, GyroSat=0.000] 
06-25 21:24:56.838   843 30515 I Tracking: CONSTELLATION:IMU_STATUS: 8769527bc9039ab5 (R): [FusionTracked=1.000, OutputTracked=0.000, OutputValid=0.000] [AccelSat=0.000, GyroSat=0.000] 
06-25 21:24:56.924   642  1037 E FrameSetCollator: [worldTracking] 31 FrameSets had unexpected timestamps (over 1053.35s). Ex: slot 0 4478597.316ms -> 4478630.648ms (observed period: 33.332ms, expected period: 16.666ms (16.666ms))
06-25 21:24:57.001   843 30570 I Tracking: RateDownsampler: Stats: Number of valid framesets = 17 in this active window
06-25 21:24:57.001   642   642 I SensorService: [color] Setting camera mux mode to 2
06-25 21:24:57.001   642   642 I SensorService: updating CameraStream mux states
06-25 21:24:57.002   827  1761 D MrSystemService: [color]Camera Mux Mode Transition to: ocalOff
06-25 21:24:57.002   642   642 I SensorService: ending update to CameraStream mux states
06-25 21:24:57.002   843  3186 I TrackingService: [iot:ocal] Start configuration update starting
06-25 21:24:57.002   843  3186 I TrackingService: [iot:ocal] Start configuration update done
06-25 21:24:57.002   843  3186 I SensorDataTransforms: [iot:ocal] Staging mux mode update for mode 2 (sequence ID 165)
06-25 21:24:57.002   843  3186 D TrackingService: [ocal]start onMuxStateUpdate. ModeId: default -> ocalOff
06-25 21:24:57.002   642   642 I FrameSetCollator: [color] Updated frame set period to 16666000, with activeSlots [[T,]]
06-25 21:24:57.002 31072 31456 I VrApi   : FPS=72/72,Prd=29ms,Tear=0,Early=0,Stale=2,Stale2/5/10/max=1/0/0/2,VSnc=1,Lat=-1,Fov=0,CPU4/GPU=2/2,1382/456MHz,OC=3F,TA=0/0/0,SP=N/N/N,Mem=2736MHz,Free=3192MB,PLS=0,Temp=38.0C/0.0C,TW=0.92ms,App=3.75ms,GD=0.00ms,CPU&GPU=12.63ms,LCnt=2(DR73,LM2),GPU%=0.36,CPU%=0.59(W0.67),DSF=1.00,CFL=10.25/15.67,ICFLp95=14.45,LD=0,SF=1.00,LP=0,DVFS=0
06-25 21:24:57.004   642   642 I FrameSetDispatcher: [color] Client pid=843 (IOT): Updated CameraMuxMode: 2, FrameTypes: 
06-25 21:24:57.004   642   642 I FrameSetDispatcher: [color] Latest MuxModeSettings: 2
06-25 21:24:57.004   642   642 I FrameSetDispatcher: [color] purpose: passthrough, frame types: GENERIC_SLOT_0 
06-25 21:24:57.004   642   642 I FrameSetDispatcher: [color] purpose: ocal, frame types: 
06-25 21:24:57.004   642   642 I FrameSetDispatcher: [color] purpose: active_slots, frame types: GENERIC_SLOT_0 
06-25 21:24:57.002   843  3186 D TrackingService: [iot][ocal]handleMuxModeNotification started for muxMode[color: ocalOff]
06-25 21:24:57.005   642   642 D CameraStream: [ocal] Client [IOT(843)] attempting stop
06-25 21:24:57.005   642   642 I FrameSetDispatcher: [color] Client pid=843 (IOT): Client thread stopping
06-25 21:24:57.015   642   642 I CameraClientManager: [IOT(843)][ocal] client stopped (estimated 0 started clients remaining)
06-25 21:24:57.015   642   642 I FrameSetCollator: [color] stopped. Ran for 1.23s
06-25 21:24:57.015   642   642 I libcamerahal: [INSIGHTS][1.24s] recv/ret/req heartbeat: cam4: 68/68/73, cam5: 69/68/73
06-25 21:24:57.015   642   642 I XrCameraHal: XrCameraPhysical.cpp:Stop: Camera 4 StopCamera
06-25 21:24:57.015   642   642 I XrCameraHal: XrCameraPhysical.cpp:Stop: Camera 5 StopCamera
06-25 21:24:57.015   642   642 I XrCameraHal: XrStreamManager.cpp:stopStreaming: Camera (logical) 6 Camera stop streaming
06-25 21:24:57.016   642   642 I XrCameraHal: XrStreamManager.cpp:destroyRequestThread: Camera (logical) 6 destroying request thread
06-25 21:24:57.019   642 31747 I XrCameraHal: XrStreamManager.cpp:streamLoop: Camera (logical) 6 stream loop complete
06-25 21:24:57.019   642   642 I XrCameraHal: XrStreamManager.cpp:stopStreaming: Camera (logical) 6 Camera calling flush
06-25 21:24:57.019   642   642 I CamX    : [ DUMP][HAL    ] camxhaldevice.cpp:3448 LogRequest() Frame Number ## REQUEST_ERROR ## RESULT_ERROR ## BUFFER_ERROR ## Shutter ##  Metadata[Rcvd/Tot] ## Output[Rcvd/Tot(inErr)] ## Input ## S0[Rcvd/StatusOK/BufErrNotify](0xb40000775f680fd8)[0] ## S1[Rcvd/StatusOK/BufErrNotify](0xb40000775f6815d8)[0] ## 
06-25 21:24:55.647     0     0 I CAM_INFO: CAM-SENSOR: cam_sensor_driver_cmd: 1270 2:24:55.629 CAM_START_DEV[4] Success for imx471 sensor_id:0x471,sensor_slave_addr:0x34
06-25 21:24:57.038     0     0 I CAM_INFO: CAM-ISP: __cam_isp_ctx_flush_req_in_top_state: 5247 Last request id to flush is 73, ctx_id:0
06-25 21:24:57.067     0     0 I CAM_ERR : CAM-ISP: cam_ife_mgr_cmd: 16237 config done completion timeout, Reg dump will be unreliable rc=0 ctx_index 0
06-25 21:24:57.079     0     0 I CAM_WARN: CAM-ISP: cam_ife_mgr_stop_hw: 9942 config done completion timeout for last applied req_id=71 ctx_index 0
06-25 21:24:57.079     0     0 I CAM_INFO: CAM-ISP: __cam_isp_ctx_flush_req_in_top_state: 5269 Stop HW complete. Reset HW next.
06-25 21:24:57.078  1070  5366 E ThermalManagerService: No threshold found for pcb1-usr
06-25 21:24:57.079  1070  5366 E ThermalManagerService: No threshold found for pcb2-usr
06-25 21:24:57.079  1070  5366 E ThermalManagerService: No threshold found for pcb3-usr
06-25 21:24:57.079  1070  5366 E ThermalManagerService: No threshold found for rf-usr
06-25 21:24:57.079  1070  5366 E ThermalManagerService: No threshold found for cam0-usr
06-25 21:24:57.079  1070  5366 E ThermalManagerService: No threshold found for cam1-usr
06-25 21:24:57.079  1070  5366 E ThermalManagerService: No threshold found for cam2-usr
06-25 21:24:57.079  1070  5366 E ThermalManagerService: No threshold found for cam3-usr
06-25 21:24:57.079  1070  5366 E ThermalManagerService: No threshold found for cam4-usr
06-25 21:24:57.079  1070  5366 E ThermalManagerService: No threshold found for cam5-usr
06-25 21:24:57.079  1070  5366 E ThermalManagerService: No threshold found for disp-virt
06-25 21:24:57.079  1070  5366 E ThermalManagerService: No threshold found for pogo-usr
06-25 21:24:57.080     0     0 I CAM_INFO: CAM-ISP: __cam_isp_ctx_flush_req_in_top_state: 5247 Last request id to flush is 73, ctx_id:1
06-25 21:24:57.111     0     0 I CAM_ERR : CAM-ISP: cam_ife_mgr_cmd: 16237 config done completion timeout, Reg dump will be unreliable rc=0 ctx_index 1
06-25 21:24:57.123     0     0 I CAM_WARN: CAM-ISP: cam_ife_mgr_stop_hw: 9942 config done completion timeout for last applied req_id=73 ctx_index 1
06-25 21:24:57.105   642   642 I XrCameraHal: XrStreamManager.cpp:stopStreaming: Camera (logical) 6 Camera flush completed
06-25 21:24:57.105   642   642 I XrCameraHal: XrStreamManager.cpp:stopStreaming: Camera (logical) 6 Camera flushed buffers
06-25 21:24:57.123     0     0 I CAM_INFO: CAM-ISP: __cam_isp_ctx_flush_req_in_top_state: 5269 Stop HW complete. Reset HW next.
06-25 21:24:57.123     0     0 I CAM_WARN: CAM-CORE: cam_context_handle_flush_dev: 547 No flush device in dev 8585495, state 4
06-25 21:24:57.111   637   666 I SyncBossFW: 4478822 [info   ] {BCM }: general_cam_mgr_stop_streaming for cameras 0x30
06-25 21:24:57.114   637   666 I SyncBossFW: 4478827 [info   ] {BCM }: general_cam_mgr_deinit for cameras 0x30
06-25 21:24:57.133   642   642 I XrCameraHal: XrCameraPhysical.cpp:DisableCamera: Camera 4 DisableCamera
06-25 21:24:57.133   642   642 I XrCameraHal: XrCameraPhysical.cpp:DisableCamera: Camera 5 DisableCamera
06-25 21:24:57.133   642   642 I XrCameraHal: XrStreamManager.cpp:teardownStreams: Camera (logical) 6 Camera teardownStreams()
06-25 21:24:57.133   642   642 I XrCameraHal: XrStreamManager.cpp:teardownStreams: Camera (logical) 6 Camera close()
06-25 21:24:57.133   642   642 I CamX    : [ DUMP][CORE   ] camxresourcemanager.cpp:106 DumpState() [IPEHw : 0], AvailableResource = 100
06-25 21:24:57.133   642   642 I CamX    : [ DUMP][CORE   ] camxresourcemanager.cpp:106 DumpState() [IFEHw : 0], AvailableResource = 100
06-25 21:24:57.133   642   642 I CamX    : [ DUMP][CORE   ] camxresourcemanager.cpp:106 DumpState() [IFEHw : 1], AvailableResource = 100
06-25 21:24:57.133   642   642 I CamX    : [ DUMP][CORE   ] camxresourcemanager.cpp:106 DumpState() [SensorHw : 0], AvailableResource = 100
06-25 21:24:57.133   642   642 I CamX    : [ DUMP][CORE   ] camxresourcemanager.cpp:106 DumpState() [SensorHw : 1], AvailableResource = 100
06-25 21:24:57.133   642   642 I CamX    : [ DUMP][CORE   ] camxresourcemanager.cpp:106 DumpState() [SensorHw : 2], AvailableResource = 100
06-25 21:24:57.133   642   642 I CamX    : [ DUMP][CORE   ] camxresourcemanager.cpp:106 DumpState() [SensorHw : 3], AvailableResource = 100
06-25 21:24:57.133   642   642 I CamX    : [ DUMP][CORE   ] camxresourcemanager.cpp:106 DumpState() [SensorHw : 4], AvailableResource = 100
06-25 21:24:57.134   642   642 I CamX    : [ DUMP][CORE   ] camxresourcemanager.cpp:106 DumpState() [SensorHw : 5], AvailableResource = 100
06-25 21:24:57.134   642   642 I CamX    : [ DUMP][CORE   ] camxresourcemanager.cpp:106 DumpState() [CSIPHYHw : 6], AvailableResource = 100
06-25 21:24:57.134   642   642 I CamX    : [ DUMP][CORE   ] camxresourcemanager.cpp:106 DumpState() [CSIPHYHw : 2], AvailableResource = 100
06-25 21:24:57.134   642   642 I CamX    : [ DUMP][CORE   ] camxresourcemanager.cpp:106 DumpState() [CSIPHYHw : 5], AvailableResource = 100
06-25 21:24:57.134   642   642 I CamX    : [ DUMP][CORE   ] camxresourcemanager.cpp:106 DumpState() [CSIPHYHw : 1], AvailableResource = 100
06-25 21:24:57.134   642   642 I CamX    : [ DUMP][CORE   ] camxresourcemanager.cpp:106 DumpState() [CSIPHYHw : 4], AvailableResource = 100
06-25 21:24:57.134   642   642 I CamX    : [ DUMP][CORE   ] camxresourcemanager.cpp:106 DumpState() [CSIPHYHw : 3], AvailableResource = 100
06-25 21:24:57.135   887   887 I SDM     : ResourceImpl::SetMaxBandwidthMode: new bandwidth mode=0
06-25 21:24:57.135   887   887 I SDM     : ResourceAlloc::SetMaxBandwidthMode: new bandwidth mode=0
06-25 21:24:57.123     0     0 I CAM_WARN: CAM-CORE: cam_context_handle_flush_dev: 547 No flush device in dev 8913179, state 4
06-25 21:24:57.154     0     0 I CAM_WARN: CAM-CORE: cam_context_handle_flush_dev: 547 No flush device in dev 8585495, state 4
06-25 21:24:57.154     0     0 I CAM_WARN: CAM-CORE: cam_context_handle_flush_dev: 547 No flush device in dev 8913179, state 4
06-25 21:24:57.154     0     0 I CAM_WARN: CAM-CORE: cam_context_handle_flush_dev: 547 No flush device in dev 8585495, state 4
06-25 21:24:57.154     0     0 I CAM_WARN: CAM-CORE: cam_context_handle_flush_dev: 547 No flush device in dev 8913179, state 4
06-25 21:24:57.163     0     0 I CAM_WARN: CAM-ISP: cam_ife_mgr_stop_hw: 9942 config done completion timeout for last applied req_id=71 ctx_index 0
06-25 21:24:57.165     0     0 I CAM_INFO: CAM-SENSOR: cam_sensor_driver_cmd: 1306 2:24:57.147 CAM_STOP_DEV Success for imx471 sensor_id:0x471,sensor_slave_addr:0x34
06-25 21:24:57.165     0     0 I CAM_INFO: CAM-ISP: cam_ife_mgr_release_hw: 11184 2:24:57.147 Release HW success ctx id: 0
06-25 21:24:57.175     0     0 I CAM_WARN: CAM-ISP: cam_ife_mgr_stop_hw: 9942 config done completion timeout for last applied req_id=73 ctx_index 1
06-25 21:24:57.177     0     0 I CAM_INFO: CAM-SENSOR: cam_sensor_driver_cmd: 1306 2:24:57.159 CAM_STOP_DEV Success for imx471 sensor_id:0x471,sensor_slave_addr:0x34
06-25 21:24:57.163   642   642 I CamX    : [ DUMP][CSL    ] camxcslhwinternal.cpp:4500 CSLHwInternalKMDRelease() Release for device type CSLHwCSIPHY, index 4, took 9 us, start 15169878193 us, end 15169878202 us
06-25 21:24:57.165   642   642 I CamX    : [ DUMP][CSL    ] camxcslhwinternal.cpp:4500 CSLHwInternalKMDRelease() Release for device type CSLHwImageSensor, index 18, took 2000 us, start 15169878365 us, end 15169880365 us
06-25 21:24:57.177     0     0 I CAM_INFO: CAM-ISP: cam_ife_mgr_release_hw: 11184 2:24:57.159 Release HW success ctx id: 1
06-25 21:24:57.168   642   642 I CorePi: AWB: AWBStatsDetector.cpp: ~AWBStatsDetector: Destroy stats detector IBRWarmStatsDetect
06-25 21:24:57.168   642   642 I CorePi: AWB: AWBStatsDetector.cpp: ~AWBStatsDetector: Destroy stats detector IBRDayStatsDetect
06-25 21:24:57.168   642   642 I CorePi: AWB: AWBStatsDetector.cpp: ~AWBStatsDetector: Destroy stats detector OfficeGreenGlassWeighter
06-25 21:24:57.168   642   642 I CorePi: AWB: AWBSceneAnalyzer.cpp: ~AWBSceneAnalyzer: Destory Scene Analzyer: IndoorBlueReject
06-25 21:24:57.168   642   642 I CorePi: AWB: AWBConvergence.cpp: ~AWBConvergence: Destroy AWB Convergence
06-25 21:24:57.168   642   642 I CorePi: AWB: AWBStatsDetector.cpp: ~AWBStatsDetector: Destroy stats detector HighCCTWarmStats
06-25 21:24:57.168   642   642 I CorePi: AWB: AWBControl.cpp: destroy: Destroy AWB Control
06-25 21:24:57.170   642   642 I CamX    : [ DUMP][CSL    ] camxcslhwinternal.cpp:4500 CSLHwInternalKMDRelease() Release for device type CSLHwIFE, index 0, took 57 us, start 15169884795 us, end 15169884852 us
06-25 21:24:57.173   642   642 E CamX    : [ERROR][IQMod  ] camxswis100.cpp:2454 ~SWIS100() BayerXR_IPE0_cam5 eis utils log apis not initialized
06-25 21:24:57.176   642   642 I CamX    : [ DUMP][CSL    ] camxcslhwinternal.cpp:4500 CSLHwInternalKMDRelease() Release for device type CSLHwICP, index 11, took 906 us, start 15169890061 us, end 15169890967 us
06-25 21:24:57.180   642   642 I CamX    : [ DUMP][CSL    ] camxcslhwinternal.cpp:4500 CSLHwInternalKMDRelease() Release for device type CSLHwCSIPHY, index 5, took 17 us, start 15169895315 us, end 15169895332 us
06-25 21:24:57.183   642   642 I CamX    : [ DUMP][CSL    ] camxcslhwinternal.cpp:4500 CSLHwInternalKMDRelease() Release for device type CSLHwImageSensor, index 17, took 2259 us, start 15169895549 us, end 15169897808 us
06-25 21:24:57.183     0     0 I CAM_INFO: CAM-SENSOR: cam_sensor_driver_cmd: 1188 CAM_RELEASE_DEV Success for imx471 sensor_id:0x471, slave_addr:0x34
06-25 21:24:57.184   642   642 I CorePi: AWB: AWBStatsDetector.cpp: ~AWBStatsDetector: Destroy stats detector IBRWarmStatsDetect
06-25 21:24:57.184   642   642 I CorePi: AWB: AWBStatsDetector.cpp: ~AWBStatsDetector: Destroy stats detector IBRDayStatsDetect
06-25 21:24:57.184   642   642 I CorePi: AWB: AWBStatsDetector.cpp: ~AWBStatsDetector: Destroy stats detector OfficeGreenGlassWeighter
06-25 21:24:57.184   642   642 I CorePi: AWB: AWBSceneAnalyzer.cpp: ~AWBSceneAnalyzer: Destory Scene Analzyer: IndoorBlueReject
06-25 21:24:57.185   642   642 I CorePi: AWB: AWBConvergence.cpp: ~AWBConvergence: Destroy AWB Convergence
06-25 21:24:57.185   642   642 I CorePi: AWB: AWBStatsDetector.cpp: ~AWBStatsDetector: Destroy stats detector HighCCTWarmStats
06-25 21:24:57.185   642   642 I CorePi: AWB: AWBControl.cpp: destroy: Destroy AWB Control
06-25 21:24:57.186   642   642 I CamX    : [ DUMP][CSL    ] camxcslhwinternal.cpp:4500 CSLHwInternalKMDRelease() Release for device type CSLHwIFE, index 0, took 74 us, start 15169901142 us, end 15169901216 us
06-25 21:24:57.187  2895  2944 W [CT]    : Anchor:SlamAnchorMemoryOSSDKClient: [Throttled count=239] Skipping invalid anchorHandle when attempting to cache AnchorStates
06-25 21:24:57.187  2895  2944 I [CT]    : SP:AF:AnchorFramework: calculateRigidScenePose: Located 19 / 19 anchors for calculating rigid scene pose
06-25 21:24:57.187  2895  2944 I [CT]    : SP:AF:AnchorAccuracy: New Rigid Scene calculated using 19 anchors attached to 1 IAs. 2.051695207999728 seconds since last update
06-25 21:24:57.187  2895  2944 I [CT]    : SP:AF:AnchorAccuracy: New scene origin pose: -1.2770689725875854 -1.478475570678711 0.507455587387085 : 0.3053971529006958 -0.3053971230983734 -0.6377559304237366 -0.6377558708190918
06-25 21:24:57.187  2895  2944 I [CT]    : SP:AF:AnchorAccuracy: New scene origin pose moved: 0.0009122113697230816 translation 8.288035314762965e-05 rotation
06-25 21:24:57.189   642   642 E CamX    : [ERROR][IQMod  ] camxswis100.cpp:2454 ~SWIS100() BayerXR_IPE0_cam4 eis utils log apis not initialized
06-25 21:24:57.197   642   642 I CamX    : [ DUMP][CSL    ] camxcslhwinternal.cpp:4500 CSLHwInternalKMDRelease() Release for device type CSLHwICP, index 11, took 2046 us, start 15169910445 us, end 15169912491 us
06-25 21:24:57.202   642   642 I XrCameraHal: XrStreamManager.cpp:teardownStreams: Camera (logical) 6 Camera close() complete
06-25 21:24:57.202   642   642 D CameraStream: [ocal] Client [IOT(843)]: stop complete
06-25 21:24:57.203   843  3186 D TrackingService: [iot][ocal]handleMuxModeNotification finished for muxMode[color: ocalOff]
06-25 21:24:57.205   843  3186 D TrackingService: [ocal]end onMuxStateUpdate. ModeId: default -> ocalOff
06-25 21:24:57.205   843  3186 I TrackingService: [                        iot:ocal] Mux Mode Transition from sensor service: default -> ocalOff transition time: 203 ms
06-25 21:24:57.290   642 30567 I libcamerahal: [INSIGHTS][2.02s] recv/ret/req heartbeat: cam0: 90/90/90, cam1: 90/90/91, cam2: 91/91/91, cam3: 91/91/90
06-25 21:24:57.343   843 31316 I Tracking: CONSTELLATION:VISION_STATUS: da7a0f37bc734fd (L): BlobDetection:[#BlobsDetected=(45.42, 6.16)]Matching:[MatchSuccess=1.000, MatchCost=(0.00366, 0.00000), #MatchedBlobs=(20.08, 0.47), #MatchedLeds=(8.00, 0.00), RematchM=0.434, SkipRefine=0.000] MatchMethod:[Prox=1.000, ConstBrute=0.000, UnconstBrute=0.000] MatchResets[AnomBlobSize=0.000, SharedMatch=0.000, DenseReacq=0.000] | Fusion:[FusionError=0.000, ImuFromCamMs=(-4477547.398, 2138717.781), RematchF=0.000] FusionUpdates:[Successful=0.000, Reliable=0.000, TightFusion=0.000, FullPose=0.000, StaticPrior=0.000, StaticForHandTrans=0.000, PoseUpdateMD=(0.0000, 0.0000)] FusionResets[6DoFReset=0.000, ResetSuccess=0.000] FusionStatus[HasPosition=0.000, HasVelocity=0.000] 
06-25 21:24:57.343   843 31316 I Tracking: CONSTELLATION:VISION_STATUS: 8769527bc9039ab5 (R): BlobDetection:[#BlobsDetected=(45.42, 6.16)]Matching:[MatchSuccess=1.000, MatchCost=(0.00569, 0.00000), #MatchedBlobs=(24.50, 4.14), #MatchedLeds=(8.00, 0.00), RematchM=0.474, SkipRefine=0.000] MatchMethod:[Prox=1.000, ConstBrute=0.000, UnconstBrute=0.000] MatchResets[AnomBlobSize=0.000, SharedMatch=0.000, DenseReacq=0.000] | Fusion:[FusionError=0.000, ImuFromCamMs=(-4477547.398, 2138717.781), RematchF=0.000] FusionUpdates:[Successful=0.000, Reliable=0.000, TightFusion=0.000, FullPose=0.000, StaticPrior=0.000, StaticForHandTrans=0.000, PoseUpdateMD=(0.0000, 0.0000)] FusionResets[6DoFReset=0.000, ResetSuccess=0.000] FusionStatus[HasPosition=0.000, HasVelocity=0.000] 
06-25 21:24:57.542  2895  3540 I [CT]    : SlamAnchorClientRuntimeIPC: Kicked off bulk re-registration of 3 slam anchors.
06-25 21:24:57.937   642  1037 E FrameSetCollator: [worldTracking] 31 FrameSets had unexpected timestamps (over 1012.83s). Ex: slot 1 4479630.608ms -> 4479647.274ms (observed period: 16.666ms, expected period: 16.666ms (16.666ms))
06-25 21:24:58.002 31072 31456 I VrApi   : FPS=73/72,Prd=29ms,Tear=0,Early=0,Stale=0,Stale2/5/10/max=0/0/0/0,VSnc=1,Lat=-1,Fov=0,CPU4/GPU=2/2,1382/456MHz,OC=3F,TA=0/0/0,SP=N/N/N,Mem=3196MHz,Free=3192MB,PLS=0,Temp=38.0C/0.0C,TW=0.68ms,App=3.75ms,GD=0.00ms,CPU&GPU=12.37ms,LCnt=2(DR72,LM2),GPU%=0.35,CPU%=0.58(W0.62),DSF=1.00,CFL=10.60/15.20,ICFLp95=13.95,LD=0,SF=1.00,LP=0,DVFS=0
06-25 21:24:58.080 31072 31212 D UE      : [GameActivity] --- memstats: 
06-25 21:24:58.080 31072 31212 D UE      : memstat: Used memory:  (updated): 667589
06-25 21:24:58.080 31072 31212 D UE      : memstat: VmSize:	 8312000 kB
06-25 21:24:58.080 31072 31212 D UE      : memstat: VmHWM:	  554996 kB
06-25 21:24:58.080 31072 31212 D UE      : memstat: VmRSS:	  554148 kB
06-25 21:24:58.080 31072 31212 D UE      : memstat: VmData:	 1626296 kB
06-25 21:24:58.080 31072 31212 D UE      : memstat: VmSwap:	     208 kB
06-25 21:24:58.092  1070  5366 E ThermalManagerService: No threshold found for pcb1-usr
06-25 21:24:58.092  1070  5366 E ThermalManagerService: No threshold found for pcb2-usr
06-25 21:24:58.092  1070  5366 E ThermalManagerService: No threshold found for pcb3-usr
06-25 21:24:58.092  1070  5366 E ThermalManagerService: No threshold found for rf-usr
06-25 21:24:58.093  1070  5366 E ThermalManagerService: No threshold found for cam0-usr
06-25 21:24:58.093  1070  5366 E ThermalManagerService: No threshold found for cam1-usr
06-25 21:24:58.093  1070  5366 E ThermalManagerService: No threshold found for cam2-usr
06-25 21:24:58.093  1070  5366 E ThermalManagerService: No threshold found for cam3-usr
06-25 21:24:58.093  1070  5366 E ThermalManagerService: No threshold found for cam4-usr
06-25 21:24:58.093  1070  5366 E ThermalManagerService: No threshold found for cam5-usr
06-25 21:24:58.093  1070  5366 E ThermalManagerService: No threshold found for disp-virt
06-25 21:24:58.093  1070  5366 E ThermalManagerService: No threshold found for pogo-usr
06-25 21:24:58.245  2895  2944 W [CT]    : Anchor:SlamAnchorMemoryOSSDKClient: [Throttled count=239] Skipping invalid anchorHandle when attempting to cache AnchorStates
06-25 21:24:58.442   843 30440 I Tracking: BOLT:HexagonTelemetry: Global DSP utilization: 8.05% (402 / 5002 ms), Scalar Util: 0.00%, HVX Util: 0.00%, HMX Util: 0.00%, Freq: 1171.2 MHz
06-25 21:24:58.599  2895  3540 I [CT]    : SlamAnchorClientRuntimeIPC: Kicked off bulk re-registration of 3 slam anchors.
06-25 21:24:58.728   641 30441 D libflickersensor: Recording telemetry for aggregation period of 29.9 seconds
06-25 21:24:58.940   843  2929 I Tracking: VEGA_MAP_BUILDER: Created keyrig
06-25 21:24:58.946   843  2929 I Tracking: MapCullingHelpers: Culled 0 L1 nodes, 1 individual keyrigs, and 4 individual points
06-25 21:24:58.990   642  1037 E FrameSetCollator: [worldTracking] 31 FrameSets had unexpected timestamps (over 1053.40s). Ex: slot 0 4480663.900ms -> 4480697.232ms (observed period: 33.332ms, expected period: 16.666ms (16.666ms))
06-25 21:24:58.995  1070  5366 I ActivityManager: Killing 30117:com.meta.federatedcomputing.oculus/u0a35 (adj 985): empty #17
06-25 21:24:58.995  1070  5366 I ActivityManager: Killing 29065:com.android.packageinstaller/u0a26 (adj 985): empty #18
06-25 21:24:58.997  1909  1909 W ContextScope: Warning: Memory Leak Likely! Caching values for context: com.oculus.auth.authenticator.oculus.OculusAuthenticatorService@cc972b6
06-25 21:24:58.997  1909  1909 W ContextScope:  You should make this context implement the PropertyBag interface to avoid this leak
06-25 21:24:59.001  1909  3173 I AuthLogger: Action succeeded: OBTAIN_TOKEN, callingPackage: com.oculus.companion.server, accountType: com.oculus, tokenType: , extras: {calling_app_id=null, token_scope=ROOT, expiration_time_ms=9223372036854775807, outcome=token}, duration: 1ms
06-25 21:24:59.003 31072 31456 I VrApi   : FPS=72/72,Prd=29ms,Tear=0,Early=0,Stale=0,Stale2/5/10/max=0/0/0/0,VSnc=1,Lat=-1,Fov=0,CPU4/GPU=2/2,1382/456MHz,OC=3F,TA=0/0/0,SP=N/N/N,Mem=2092MHz,Free=3192MB,PLS=0,Temp=38.0C/0.0C,TW=0.68ms,App=3.89ms,GD=0.00ms,CPU&GPU=12.14ms,LCnt=1(DR72,LM0),GPU%=0.35,CPU%=0.56(W0.60),DSF=1.00,CFL=10.10/14.98,ICFLp95=13.59,LD=0,SF=1.00,LP=0,DVFS=0
06-25 21:24:59.006  1070  1112 I libprocessgroup: Successfully killed process cgroup uid 10035 pid 30117 in 10ms
06-25 21:24:59.025  1548  5078 D DeviceCertLibrary: verifyKeyForCurrentSecureState for device_registration_key returned status: 0
06-25 21:24:59.025  1548  5078 D DeviceCertLibrary: containsAlias for device_registration_key: true
06-25 21:24:59.029   583   867 E PreferencesService: Telemetry report: com.meta.federatedcomputing.oculus:connection_to_preferences_manager_lost:non_essential_data_opted_in_value
06-25 21:24:59.032   606   606 I Zygote  : Process 30117 exited due to signal 9 (Killed)
06-25 21:24:59.032   606   606 I Zygote  : Process 29065 exited due to signal 9 (Killed)
06-25 21:24:59.032  1070  1112 I libprocessgroup: Successfully killed process cgroup uid 10026 pid 29065 in 0ms
06-25 21:24:59.096  1070  1513 E ThermalManagerService: No threshold found for pcb1-usr
06-25 21:24:59.096  1070  1513 E ThermalManagerService: No threshold found for pcb2-usr
06-25 21:24:59.096  1070  1513 E ThermalManagerService: No threshold found for pcb3-usr
06-25 21:24:59.096  1070  1513 E ThermalManagerService: No threshold found for rf-usr
06-25 21:24:59.096  1070  1513 E ThermalManagerService: No threshold found for cam0-usr
06-25 21:24:59.096  1070  1513 E ThermalManagerService: No threshold found for cam1-usr
06-25 21:24:59.096  1070  1513 E ThermalManagerService: No threshold found for cam2-usr
06-25 21:24:59.096  1070  1513 E ThermalManagerService: No threshold found for cam3-usr
06-25 21:24:59.096  1070  1513 E ThermalManagerService: No threshold found for cam4-usr
06-25 21:24:59.096  1070  1513 E ThermalManagerService: No threshold found for cam5-usr
06-25 21:24:59.096  1070  1513 E ThermalManagerService: No threshold found for disp-virt
06-25 21:24:59.096  1070  1513 E ThermalManagerService: No threshold found for pogo-usr
06-25 21:24:59.233  2895  2944 I [CT]    : SP:AF:AnchorFramework: calculateRigidScenePose: Located 19 / 19 anchors for calculating rigid scene pose
06-25 21:24:59.233  2895  2944 I [CT]    : SP:AF:AnchorAccuracy: New Rigid Scene calculated using 19 anchors attached to 1 IAs. 2.046415885000897 seconds since last update
06-25 21:24:59.233  2895  2944 I [CT]    : SP:AF:AnchorAccuracy: New scene origin pose: -1.276901364326477 -1.4785544872283936 0.5072697997093201 : 0.3053889870643616 -0.3053889572620392 -0.6377598643302917 -0.637759804725647
06-25 21:24:59.233  2895  2944 I [CT]    : SP:AF:AnchorAccuracy: New scene origin pose moved: 0.0002624903863761574 translation 2.5630015443312004e-05 rotation
06-25 21:24:59.267   843 30570 I Tracking: VioSubmapHelpers: Initializing Submap id = 1, version = 1893061798 relative to Odometry.
06-25 21:24:59.267   843 30570 I Tracking: TrackedMapContext: Stop tracking Submap id = 1, version = 1893029756 at index: 2 / 3
06-25 21:24:59.267   843 30570 I Tracking: SVTTS: Starting map tracking on Submap id = 1, version = 1893061798, total 2
06-25 21:24:59.294   642 30569 I libcamerahal: [INSIGHTS][2.01s] recv/ret/req heartbeat: cam0: 91/91/91, cam1: 91/91/90, cam2: 90/90/90, cam3: 90/90/91
06-25 21:24:59.305  2895  2944 W [CT]    : Anchor:SlamAnchorMemoryOSSDKClient: [Throttled count=239] Skipping invalid anchorHandle when attempting to cache AnchorStates
06-25 21:24:59.363   642   888 I DUMPSYS_LOG: {"additional_data":{"camera_fps":[{"fps":45.053432366824765,"frames":451,"id":0},{"fps":45.053432366824765,"frames":451,"id":1},{"fps":45.053432366824765,"frames":451,"id":2},{"fps":45.053432366824765,"frames":451,"id":3}]},"event":"CameraFPS","service":"SensorService","tid":"513264311216","ts":1719368699363245,"ts_proc":15172078011}
06-25 21:24:59.405   843 30570 W Tracking: VEGA:HM:MAP_TRACKING: Validation failed on Submap id = 1, version = 1893061798
06-25 21:24:59.590 31072 31210 D UE      : [2024.06.26-02.24.59:590][510]LogBlueprintUserMessages: [PC_PlayerController_Game_C_2147482492] 175.288391
06-25 21:24:59.606 31072 31247 D UE      : [2024.06.26-02.24.59:606][511]LogHMD: Warning: Swapchain format not supported (50), falling back to runtime preferred format (43).
06-25 21:24:59.607  2734 31262 I VrRuntimeService: CreateSwapChain: 3619405044
06-25 21:24:59.607  2734 31262 I VrRuntimeService: CreateSwapChain: api:vk 0 0x2b 1024 1024 1 3 1 0 3
06-25 21:24:59.611  2734 31262 I VrRuntimeServer: CreateTextureSwapChain: result importswapchaingles 1
06-25 21:24:59.615 31072 31247 I SwapChain_Vulkan_Memory_Export: Imported texture has requirements 3, ends up index 0
06-25 21:24:59.615 31072 31247 I SwapChain_Vulkan_Memory_Export: Imported texture has requirements 3, ends up index 0
06-25 21:24:59.616 31072 31247 I SwapChain_Vulkan_Memory_Export: Imported texture has requirements 3, ends up index 0
06-25 21:24:59.656  2895  3540 I [CT]    : SlamAnchorClientRuntimeIPC: Kicked off bulk re-registration of 3 slam anchors.
06-25 21:24:59.739   843  2929 I Tracking: VEGA_MAP_BUILDER: Created keyrig
06-25 21:24:59.742   843  2929 I Tracking: MapCullingHelpers: Culled 0 L1 nodes, 1 individual keyrigs, and 24 individual points
06-25 21:24:59.796   843 30570 I Tracking: VioSubmapHelpers: Initializing Submap id = 1, version = 312601472 relative to Odometry.
06-25 21:24:59.796   843 30570 I Tracking: TrackedMapContext: Stop tracking Submap id = 1, version = 1893061798 at index: 2 / 3
06-25 21:24:59.796   843 30570 I Tracking: SVTTS: Starting map tracking on Submap id = 1, version = 312601472, total 2
06-25 21:24:59.938   843 30570 W Tracking: VEGA:HM:MAP_TRACKING: Validation failed on Submap id = 1, version = 312601472
06-25 21:25:00.003 31072 31456 I VrApi   : FPS=72/72,Prd=28ms,Tear=0,Early=0,Stale=0,Stale2/5/10/max=0/0/0/0,VSnc=1,Lat=-1,Fov=0,CPU4/GPU=2/2,1382/456MHz,OC=3F,TA=0/0/0,SP=N/N/N,Mem=2736MHz,Free=3192MB,PLS=0,Temp=38.0C/0.0C,TW=0.68ms,App=3.66ms,GD=0.00ms,CPU&GPU=11.63ms,LCnt=1(DR73,LM0),GPU%=0.33,CPU%=0.52(W0.59),DSF=1.00,CFL=10.11/14.56,ICFLp95=13.38,LD=0,SF=1.00,LP=0,DVFS=0
06-25 21:25:00.003   642  1037 E FrameSetCollator: [worldTracking] 31 FrameSets had unexpected timestamps (over 1013.19s). Ex: slot 1 4481697.192ms -> 4481713.858ms (observed period: 16.666ms, expected period: 16.666ms (16.666ms))
06-25 21:25:00.063   843 30570 I Tracking: VioSubmapHelpers: Initializing Submap id = 1, version = 1609777191 relative to Odometry.
06-25 21:25:00.064   843 30570 I Tracking: TrackedMapContext: Stop tracking Submap id = 1, version = 312601472 at index: 2 / 3
06-25 21:25:00.064   843 30570 I Tracking: SVTTS: Starting map tracking on Submap id = 1, version = 1609777191, total 2
06-25 21:25:00.103  1070  1998 E ThermalManagerService: No threshold found for pcb1-usr
06-25 21:25:00.103  1070  1998 E ThermalManagerService: No threshold found for pcb2-usr
06-25 21:25:00.103  1070  1998 E ThermalManagerService: No threshold found for pcb3-usr
06-25 21:25:00.103  1070  1998 E ThermalManagerService: No threshold found for rf-usr
06-25 21:25:00.103  1070  1998 E ThermalManagerService: No threshold found for cam0-usr
06-25 21:25:00.103  1070  1998 E ThermalManagerService: No threshold found for cam1-usr
06-25 21:25:00.103  1070  1998 E ThermalManagerService: No threshold found for cam2-usr
06-25 21:25:00.103  1070  1998 E ThermalManagerService: No threshold found for cam3-usr
06-25 21:25:00.103  1070  1998 E ThermalManagerService: No threshold found for cam4-usr
06-25 21:25:00.103  1070  1998 E ThermalManagerService: No threshold found for cam5-usr
06-25 21:25:00.104  1070  1998 E ThermalManagerService: No threshold found for disp-virt
06-25 21:25:00.104  1070  1998 E ThermalManagerService: No threshold found for pogo-usr
06-25 21:25:00.202   843 30570 W Tracking: VEGA:HM:MAP_TRACKING: Validation failed on Submap id = 1, version = 1609777191
06-25 21:25:00.363  2895  2944 W [CT]    : Anchor:SlamAnchorMemoryOSSDKClient: [Throttled count=239] Skipping invalid anchorHandle when attempting to cache AnchorStates
06-25 21:25:00.712  2895  3540 I [CT]    : SlamAnchorClientRuntimeIPC: Kicked off bulk re-registration of 3 slam anchors.
06-25 21:25:01.003 31072 31456 I VrApi   : FPS=72/72,Prd=29ms,Tear=0,Early=0,Stale=0,Stale2/5/10/max=0/0/0/0,VSnc=1,Lat=-1,Fov=0,CPU4/GPU=2/2,1382/456MHz,OC=3F,TA=0/0/0,SP=N/N/N,Mem=2736MHz,Free=3192MB,PLS=0,Temp=38.0C/0.0C,TW=0.87ms,App=4.05ms,GD=0.00ms,CPU&GPU=12.73ms,LCnt=1(DR73,LM0),GPU%=0.38,CPU%=0.68(W0.68),DSF=1.00,CFL=10.15/14.68,ICFLp95=13.33,LD=0,SF=1.00,LP=0,DVFS=0
06-25 21:25:01.057   642  1037 E FrameSetCollator: [worldTracking] 31 FrameSets had unexpected timestamps (over 1053.02s). Ex: slot 0 4482730.484ms -> 4482763.816ms (observed period: 33.332ms, expected period: 16.666ms (16.666ms))
06-25 21:25:01.105  1070  1998 E ThermalManagerService: No threshold found for pcb1-usr
06-25 21:25:01.105  1070  1998 E ThermalManagerService: No threshold found for pcb2-usr
06-25 21:25:01.105  1070  1998 E ThermalManagerService: No threshold found for pcb3-usr
06-25 21:25:01.105  1070  1998 E ThermalManagerService: No threshold found for rf-usr
06-25 21:25:01.105  1070  1998 E ThermalManagerService: No threshold found for cam0-usr
06-25 21:25:01.105  1070  1998 E ThermalManagerService: No threshold found for cam1-usr
06-25 21:25:01.105  1070  1998 E ThermalManagerService: No threshold found for cam2-usr
06-25 21:25:01.105  1070  1998 E ThermalManagerService: No threshold found for cam3-usr
06-25 21:25:01.105  1070  1998 E ThermalManagerService: No threshold found for cam4-usr
06-25 21:25:01.105  1070  1998 E ThermalManagerService: No threshold found for cam5-usr
06-25 21:25:01.105  1070  1998 E ThermalManagerService: No threshold found for disp-virt
06-25 21:25:01.105  1070  1998 E ThermalManagerService: No threshold found for pogo-usr
06-25 21:25:01.281  2895  2944 I [CT]    : SP:AF:AnchorFramework: calculateRigidScenePose: Located 19 / 19 anchors for calculating rigid scene pose
06-25 21:25:01.282  2895  2944 I [CT]    : SP:AF:AnchorAccuracy: New Rigid Scene calculated using 19 anchors attached to 1 IAs. 2.0479596859986486 seconds since last update
06-25 21:25:01.282  2895  2944 I [CT]    : SP:AF:AnchorAccuracy: New scene origin pose: -1.2794361114501953 -1.477320909500122 0.5068263411521912 : 0.30480170249938965 -0.30480170249938965 -0.6380407214164734 -0.6380406618118286
06-25 21:25:01.282  2895  2944 I [CT]    : SP:AF:AnchorAccuracy: New scene origin pose moved: 0.0028538552578538656 translation 0.001841247547417879 rotation
06-25 21:25:01.323   642 30567 I libcamerahal: [INSIGHTS][2.03s] recv/ret/req heartbeat: cam0: 90/90/90, cam1: 90/90/91, cam2: 91/91/91, cam3: 91/91/90
06-25 21:25:01.423  2895  2944 W [CT]    : Anchor:SlamAnchorMemoryOSSDKClient: [Throttled count=239] Skipping invalid anchorHandle when attempting to cache AnchorStates
06-25 21:25:01.609  2734 31262 I VrRuntimeService: DestroySwapChain: swapchain=846
06-25 21:24:57.201     0     0 I CAM_INFO: CAM-SENSOR: cam_sensor_driver_cmd: 1188 CAM_RELEASE_DEV Success for imx471 sensor_id:0x471, slave_addr:0x34
06-25 21:25:01.687 29971 29971 D wlan    : [29971:IH:HIF] hif_rtpm_display_last_busy_hist: RTPM last busy ts:312829978130 client:HIF_RTPM_CE from:ce_engine_service_reg [wlan]
06-25 21:25:01.687 29971 29971 D wlan    : [29971:IH:HIF] hif_rtpm_display_last_busy_hist: RTPM client:HIF_RTPM_DP busy_ts:312822394327 get_ts:312818361728 put_ts:312818362102 get_cnt:21388 put_cnt:21388
06-25 21:25:01.687 29971 29971 D wlan    : [29971:IH:HIF] hif_rtpm_display_last_busy_hist: RTPM client:HIF_RTPM_CE busy_ts:312829978130 get_ts:0 put_ts:0 get_cnt:0 put_cnt:0
06-25 21:25:01.687 29971 29971 D wlan    : [29971:IH:HIF] hif_rtpm_display_last_busy_hist: RTPM CE-1 last busy_cnt:2 cur_idx:2 ts1:226843117342 ts2:0 ts3:0 ts4:0
06-25 21:25:01.687 29971 29971 D wlan    : [29971:IH:HIF] hif_rtpm_display_last_busy_hist: RTPM CE-2 last busy_cnt:46674 cur_idx:46674 ts1:312829978127 ts2:312829936241 ts3:312829951686 ts4:312829967104
06-25 21:25:01.687 29971 29971 D wlan    : [29971:IH:HIF] hif_rtpm_display_last_busy_hist: RTPM CE-7 last busy_cnt:0 cur_idx:0 ts1:0 ts2:0 ts3:0 ts4:0
06-25 21:25:01.687 29971 29971 D wlan    : [29971:IH:DP] wlan_dp_display_txrx_stats: dp_intf: 0
06-25 21:25:01.687 29971 29971 D wlan    : [29971:IH:DP] wlan_dp_display_txrx_stats: Tx CPU[0]: called 40978, dropped 0, orphaned 15075
06-25 21:25:01.687 29971 29971 D wlan    : [29971:IH:DP] wlan_dp_display_txrx_stats: Tx CPU[1]: called 44567, dropped 0, orphaned 16401
06-25 21:25:01.687 29971 29971 D wlan    : [29971:IH:DP] wlan_dp_display_txrx_stats: Tx CPU[2]: called 13827, dropped 0, orphaned 6331
06-25 21:25:01.687 29971 29971 D wlan    : [29971:IH:DP] wlan_dp_display_txrx_stats: Tx CPU[3]: called 7381, dropped 0, orphaned 1766
06-25 21:25:01.687 29971 29971 D wlan    : [29971:IH:DP] wlan_dp_display_txrx_stats: Tx CPU[4]: called 6928, dropped 0, orphaned 1886
06-25 21:25:01.687 29971 29971 D wlan    : [29971:IH:DP] wlan_dp_display_txrx_stats: Tx CPU[5]: called 6903, dropped 0, orphaned 1824
06-25 21:25:01.687 29971 29971 D wlan    : [29971:IH:DP] wlan_dp_display_txrx_stats: TX - called 120584, dropped 0 orphan 43283
06-25 21:25:01.687 29971 29971 D wlan    : [29971:IH:DP] wlan_dp_display_txrx_stats: Rx CPU[0]: packets 204040, dropped 0, delivered 204030, refused 0
06-25 21:25:01.687 29971 29971 D wlan    : [29971:IH:DP] wlan_dp_display_txrx_stats: Rx CPU[1]: packets 223496, dropped 0, delivered 223484, refused 0
06-25 21:25:01.687 29971 29971 D wlan    : [29971:IH:DP] wlan_dp_display_txrx_stats: Rx CPU[2]: packets 77228, dropped 0, delivered 77227, refused 0
06-25 21:25:01.687 29971 29971 D wlan    : [29971:IH:DP] wlan_dp_display_txrx_stats: Rx CPU[3]: packets 57011, dropped 0, delivered 57011, refused 0
06-25 21:25:01.687 29971 29971 D wlan    : [29971:IH:DP] wlan_dp_display_txrx_stats: Rx CPU[4]: packets 51137, dropped 0, delivered 51137, refused 0
06-25 21:25:01.687 29971 29971 D wlan    : [29971:IH:DP] wlan_dp_display_txrx_stats: Rx CPU[5]: packets 53463, dropped 0, delivered 53463, refused 0
06-25 21:25:01.687 29971 29971 D wlan    : [29971:IH:DP] wlan_dp_display_txrx_stats: RX - packets 666375, dropped 0, unsol_arp_mcast_drp 23, delivered 666352, refused 0 GRO - agg 663257 drop 0 non-agg 3087 flush_skip 0 low_tput_flush 0 disabled(conc 0 low-tput 1)
06-25 21:25:01.687 29971 29971 D wlan    : [29971:IH:DP] dp_rx_tm_thread_dump_stats: thread:0 - qlen:0 queued:(total:3502 reo[0]:3502 ) dequeued:3502 stack:3502 gro_flushes: 1588 gro_flushes_by_vdev_del: 0 rx_flushes: 0 max_len:31 invalid(peer:0 vdev:0 rx-handle:0 others:0 enq fail:0)
06-25 21:25:01.687 29971 29971 D wlan    : [29971:IH:DP] dp_rx_tm_thread_dump_stats: thread:1 - qlen:0 queued:(total:4874 reo[1]:4874 ) dequeued:4874 stack:4874 gro_flushes: 2669 gro_flushes_by_vdev_del: 0 rx_flushes: 0 max_len:18 invalid(peer:0 vdev:0 rx-handle:0 others:0 enq fail:0)
06-25 21:25:01.687 29971 29971 D wlan    : [29971:IH:DP] dp_rx_tm_thread_dump_stats: thread:2 - qlen:0 queued:(total:3918 reo[2]:3918 ) dequeued:3918 stack:3918 gro_flushes: 1946 gro_flushes_by_vdev_del: 0 rx_flushes: 0 max_len:19 invalid(peer:0 vdev:0 rx-handle:0 others:0 enq fail:0)
06-25 21:25:01.687 29971 29971 D wlan    : [29971:IH:DP] dp_rx_tm_thread_dump_stats: thread:3 - qlen:0 queued:(total:3961 reo[3]:3961 ) dequeued:3961 stack:3961 gro_flushes: 1750 gro_flushes_by_vdev_del: 0 rx_flushes: 0 max_len:21 invalid(peer:0 vdev:0 rx-handle:0 others:0 enq fail:0)
06-25 21:25:01.687 29971 29971 D wlan    : [29971:IH:DP] Reo packets per ring:
06-25 21:25:01.688 29971 29971 D wlan    : [29971:IH:DP] Packets on ring 0:
06-25 21:25:01.688 29971 29971 D wlan    : [29971:IH:DP] Packets arriving on core 0: 948
06-25 21:25:01.688 29971 29971 D wlan    : [29971:IH:DP] Packets arriving on core 2: 2523
06-25 21:25:01.688 29971 29971 D wlan    : [29971:IH:DP] Packets arriving on core 3: 31
06-25 21:25:01.688 29971 29971 D wlan    : [29971:IH:DP] Total packets on ring 0: 3502
06-25 21:25:01.688 29971 29971 D wlan    : [29971:IH:DP] Packets on ring 1:
06-25 21:25:01.688 29971 29971 D wlan    : [29971:IH:DP] Packets arriving on core 0: 310
06-25 21:25:01.688 29971 29971 D wlan    : [29971:IH:DP] Packets arriving on core 2: 463
06-25 21:25:01.688 29971 29971 D wlan    : [29971:IH:DP] Packets arriving on core 3: 151
06-25 21:25:01.688 29971 29971 D wlan    : [29971:IH:DP] Packets arriving on core 4: 3950
06-25 21:25:01.688 29971 29971 D wlan    : [29971:IH:DP] Total packets on ring 1: 4874
06-25 21:25:01.688 29971 29971 D wlan    : [29971:IH:DP] Packets on ring 2:
06-25 21:25:01.688 29971 29971 D wlan    : [29971:IH:DP] Packets arriving on core 0: 332
06-25 21:25:01.688 29971 29971 D wlan    : [29971:IH:DP] Packets arriving on core 2: 252
06-25 21:25:01.688 29971 29971 D wlan    : [29971:IH:DP] Packets arriving on core 3: 127
06-25 21:25:01.688 29971 29971 D wlan    : [29971:IH:DP] Packets arriving on core 4: 3207
06-25 21:25:01.688 29971 29971 D wlan    : [29971:IH:DP] Total packets on ring 2: 3918
06-25 21:25:01.688 29971 29971 D wlan    : [29971:IH:DP] Packets on ring 3:
06-25 21:25:01.688 29971 29971 D wlan    : [29971:IH:DP] Packets arriving on core 0: 501
06-25 21:25:01.688 29971 29971 D wlan    : [29971:IH:DP] Packets arriving on core 2: 387
06-25 21:25:01.688 29971 29971 D wlan    : [29971:IH:DP] Packets arriving on core 3: 41
06-25 21:25:01.688 29971 29971 D wlan    : [29971:IH:DP] Packets arriving on core 4: 3032
06-25 21:25:01.688 29971 29971 D wlan    : [29971:IH:DP] Total packets on ring 3: 3961
06-25 21:25:01.688 29971 29971 D wlan    : [29971:IH:DP] Packets on ring 4:
06-25 21:25:01.688 29971 29971 D wlan    : [29971:IH:DP] Total packets on ring 4: 0
06-25 21:25:01.688 29971 29971 D wlan    : [29971:IH:DP] Packets on ring 5:
06-25 21:25:01.688 29971 29971 D wlan    : [29971:IH:DP] Total packets on ring 5: 0
06-25 21:25:01.688 29971 29971 D wlan    : [29971:IH:DP] Packets on ring 6:
06-25 21:25:01.688 29971 29971 D wlan    : [29971:IH:DP] Total packets on ring 6: 0
06-25 21:25:01.688 29971 29971 D wlan    : [29971:IH:DP] Packets on ring 7:
06-25 21:25:01.688 29971 29971 D wlan    : [29971:IH:DP] Total packets on ring 7: 0
06-25 21:25:01.688 29971 29971 D wlan    : [29971:IH:HIF] NAPI[#]CPU[#] |scheds |polls  |comps  |dones  |t-lim  |max(us)|hist(500us buckets)
06-25 21:25:01.688 29971 29971 D wlan    : [29971:IH:HIF] NAPI[0]CPU[0]:     187     187     187     372       0     168 187|0|0|0|
06-25 21:25:01.688 29971 29971 D wlan    : [29971:IH:HIF] NAPI[0]CPU[1]:    2974    2974    2974    6833       0     219 2974|0|0|0|
06-25 21:25:01.688 29971 29971 D wlan    : [29971:IH:HIF] NAPI[0]CPU[3]:     734     734     734    1501       0     168 734|0|0|0|
