06-18 22:53:04.735  1095  1280 E ThermalManagerService: No threshold found for cam1-usr
06-18 22:53:04.735  1095  1280 E ThermalManagerService: No threshold found for cam2-usr
06-18 22:53:04.735  1095  1280 E ThermalManagerService: No threshold found for cam3-usr
06-18 22:53:04.735  1095  1280 E ThermalManagerService: No threshold found for cam4-usr
06-18 22:53:04.735  1095  1280 E ThermalManagerService: No threshold found for cam5-usr
06-18 22:53:04.735  1095  1280 E ThermalManagerService: No threshold found for disp-virt
06-18 22:53:04.735  1095  1280 E ThermalManagerService: No threshold found for pogo-usr
06-18 22:53:05.172 28984 28984 D wlan    : [28984:IH:DP] bbm_request_bus_bandwidth: Bus bandwidth vote level change from 1 to 0 pld_vote: 0
06-18 22:53:05.312   647  1038 E FrameSetCollator: [worldTracking] 31 FrameSets had unexpected timestamps (over 1053.52s). Ex: slot 0 24435998.988ms -> 24436032.320ms (observed period: 33.332ms, expected period: 16.666ms (16.666ms))
06-18 22:53:05.530  5866  5866 D wlan    : [5866:IH:DP] bbm_request_bus_bandwidth: Bus bandwidth vote level change from 0 to 1 pld_vote: 1
06-18 22:53:05.750  1095  1280 E ThermalManagerService: No threshold found for pcb1-usr
06-18 22:53:05.750  1095  1280 E ThermalManagerService: No threshold found for pcb2-usr
06-18 22:53:05.750  1095  1280 E ThermalManagerService: No threshold found for pcb3-usr
06-18 22:53:05.750  1095  1280 E ThermalManagerService: No threshold found for rf-usr
06-18 22:53:05.750  1095  1280 E ThermalManagerService: No threshold found for cam0-usr
06-18 22:53:05.750  1095  1280 E ThermalManagerService: No threshold found for cam1-usr
06-18 22:53:05.750  1095  1280 E ThermalManagerService: No threshold found for cam2-usr
06-18 22:53:05.750  1095  1280 E ThermalManagerService: No threshold found for cam3-usr
06-18 22:53:05.750  1095  1280 E ThermalManagerService: No threshold found for cam4-usr
06-18 22:53:05.750  1095  1280 E ThermalManagerService: No threshold found for cam5-usr
06-18 22:53:05.750  1095  1280 E ThermalManagerService: No threshold found for disp-virt
06-18 22:53:05.750  1095  1280 E ThermalManagerService: No threshold found for pogo-usr
06-18 22:53:06.234  5866  5866 D wlan    : [5866:IH:DP] bbm_request_bus_bandwidth: Bus bandwidth vote level change from 1 to 0 pld_vote: 0
06-18 22:53:06.325   647  1038 E FrameSetCollator: [worldTracking] 31 FrameSets had unexpected timestamps (over 1012.97s). Ex: slot 1 24437032.280ms -> 24437048.946ms (observed period: 16.666ms, expected period: 16.666ms (16.666ms))
06-18 22:53:06.530  6118  6118 D wlan    : [6118:IH:DP] bbm_request_bus_bandwidth: Bus bandwidth vote level change from 0 to 1 pld_vote: 1
06-18 22:53:06.762  1095  1280 E ThermalManagerService: No threshold found for pcb1-usr
06-18 22:53:06.762  1095  1280 E ThermalManagerService: No threshold found for pcb2-usr
06-18 22:53:06.762  1095  1280 E ThermalManagerService: No threshold found for pcb3-usr
06-18 22:53:06.762  1095  1280 E ThermalManagerService: No threshold found for rf-usr
06-18 22:53:06.762  1095  1280 E ThermalManagerService: No threshold found for cam0-usr
06-18 22:53:06.762  1095  1280 E ThermalManagerService: No threshold found for cam1-usr
06-18 22:53:06.762  1095  1280 E ThermalManagerService: No threshold found for cam2-usr
06-18 22:53:06.762  1095  1280 E ThermalManagerService: No threshold found for cam3-usr
06-18 22:53:06.762  1095  1280 E ThermalManagerService: No threshold found for cam4-usr
06-18 22:53:06.762  1095  1280 E ThermalManagerService: No threshold found for cam5-usr
06-18 22:53:06.762  1095  1280 E ThermalManagerService: No threshold found for disp-virt
06-18 22:53:06.762  1095  1280 E ThermalManagerService: No threshold found for pogo-usr
06-18 22:53:07.379   647  1038 E FrameSetCollator: [worldTracking] 31 FrameSets had unexpected timestamps (over 1053.83s). Ex: slot 0 24438065.572ms -> 24438098.904ms (observed period: 33.332ms, expected period: 16.666ms (16.666ms))
06-18 22:53:07.764  1095  6095 E ThermalManagerService: No threshold found for pcb1-usr
06-18 22:53:07.764  1095  6095 E ThermalManagerService: No threshold found for pcb2-usr
06-18 22:53:07.764  1095  6095 E ThermalManagerService: No threshold found for pcb3-usr
06-18 22:53:07.764  1095  6095 E ThermalManagerService: No threshold found for rf-usr
06-18 22:53:07.764  1095  6095 E ThermalManagerService: No threshold found for cam0-usr
06-18 22:53:07.764  1095  6095 E ThermalManagerService: No threshold found for cam1-usr
06-18 22:53:07.764  1095  6095 E ThermalManagerService: No threshold found for cam2-usr
06-18 22:53:07.764  1095  6095 E ThermalManagerService: No threshold found for cam3-usr
06-18 22:53:07.764  1095  6095 E ThermalManagerService: No threshold found for cam4-usr
06-18 22:53:07.764  1095  6095 E ThermalManagerService: No threshold found for cam5-usr
06-18 22:53:07.764  1095  6095 E ThermalManagerService: No threshold found for disp-virt
06-18 22:53:07.764  1095  6095 E ThermalManagerService: No threshold found for pogo-usr
06-18 22:53:07.985   647  1065 I SensorService: [color] Setting camera mux mode to 1
06-18 22:53:07.985   647  1065 I SensorService: updating CameraStream mux states
06-18 22:53:07.986   647  1065 I SensorService: ending update to CameraStream mux states
06-18 22:53:07.986   647  1065 I FrameSetCollator: [color] Updated frame set period to 16666000, with activeSlots [[T,]]
06-18 22:53:07.986   647  1065 I FrameSetDispatcher: [color] Latest MuxModeSettings: 1
06-18 22:53:07.986   647  1065 I FrameSetDispatcher: [color] purpose: passthrough, frame types: GENERIC_SLOT_0 
06-18 22:53:07.986   647  1065 I FrameSetDispatcher: [color] purpose: ocal, frame types: GENERIC_SLOT_0 
06-18 22:53:07.986   647  1065 I FrameSetDispatcher: [color] purpose: active_slots, frame types: GENERIC_SLOT_0 
06-18 22:53:07.988   836  2238 D MrSystemService: [color]Camera Mux Mode Transition to: default
06-18 22:53:07.988   852  1017 I SensorDataTransforms: [iot:ocal] Staging mux mode update for mode 1 (sequence ID 320)
06-18 22:53:07.988   852  1017 D TrackingService: [ocal]start onMuxStateUpdate. ModeId: ocalOff -> default
06-18 22:53:07.988   852  1017 D TrackingService: [iot][ocal]handleMuxModeNotification started for muxMode[color: default]
06-18 22:53:07.989   647  1065 D CameraStream: [ocal] Client 852 attempting start
06-18 22:53:07.990   647  1065 I FrameSetDispatcher: [color] Client pid=852 (IOT): Client thread started
06-18 22:53:07.990   647  1065 I CameraClientManager: [IOT(852)][ocal] client started (estimated 1 started clients total)
06-18 22:53:08.045     0     0 I CAM_INFO: CAM-SENSOR: cam_sensor_driver_cmd: 1129 CAM_ACQUIRE_DEV Success for imx471 id:0x471,slave-addr:0x34 crm:[0]
06-18 22:53:08.047     3     3 I CAM_ERR : CAM-SMMU: cam_smmu_map_user_iova: 3243 fd=558 already in list [3:53:8:38] cb=ife idx=0 handle=52637 len=573440,give same addr back
06-18 22:53:08.047     3     3 I CAM_ERR : CAM-SMMU: cam_smmu_map_user_iova: 3243 fd=559 already in list [3:53:8:38] cb=ife idx=0 handle=52637 len=483328,give same addr back
06-18 22:53:08.047     3     3 I CAM_ERR : CAM-SMMU: cam_smmu_map_user_iova: 3243 fd=560 already in list [3:53:8:38] cb=ife idx=0 handle=52637 len=495616,give same addr back
06-18 22:53:08.059     0     0 I CAM_INFO: CAM-SENSOR: cam_sensor_driver_cmd: 1129 CAM_ACQUIRE_DEV Success for imx471 id:0x471,slave-addr:0x34 crm:[0]
06-18 22:53:08.063     3     3 I CAM_ERR : CAM-SMMU: cam_smmu_map_user_iova: 3243 fd=622 already in list [3:53:8:53] cb=ife idx=0 handle=52637 len=573440,give same addr back
06-18 22:53:08.063     3     3 I CAM_ERR : CAM-SMMU: cam_smmu_map_user_iova: 3243 fd=623 already in list [3:53:8:54] cb=ife idx=0 handle=52637 len=483328,give same addr back
06-18 22:53:08.063     3     3 I CAM_ERR : CAM-SMMU: cam_smmu_map_user_iova: 3243 fd=624 already in list [3:53:8:54] cb=ife idx=0 handle=52637 len=495616,give same addr back
06-18 22:53:08.070     0     0 I CAM_INFO: CAM-CRM: cam_req_mgr_link_v3: 4594 link reserved 0000000000000000 0 trigger_type:1 num_devs:2 sess_hdl:6554132 no_crm:4
06-18 22:53:08.070     0     0 I CAM_INFO: CAM-ISP: cam_ife_hw_mgr_print_acquire_info: 1922 3:53:8.61 Acquired Single IFE[1] with [8 pix] [0 pd] [0 rdi] ports for ctx:2 per_port_enabled :0 sensor:-559038737
06-18 22:53:08.070     0     0 I CAM_INFO: CAM-ISP: __cam_isp_ctx_acquire_hw_v2: 7781 NO CRM session,top state machine assigned for no crm ctx 2
06-18 22:53:08.078     0     0 I CAM_INFO: CAM-SENSOR: cam_sensor_driver_cmd: 1269 3:53:8.68 CAM_START_DEV Success for imx471 sensor_id:0x471,sensor_slave_addr:0x34
06-18 22:53:08.078     0     0 I CAM_INFO: CAM-CRM: cam_req_mgr_link_v3: 4594 link reserved 0000000000000000 0 trigger_type:1 num_devs:2 sess_hdl:6554132 no_crm:4
06-18 22:53:08.079     0     0 I CAM_INFO: CAM-ISP: cam_ife_hw_mgr_print_acquire_info: 1922 3:53:8.69 Acquired Single IFE[0] with [8 pix] [0 pd] [0 rdi] ports for ctx:3 per_port_enabled :0 sensor:-559038737
06-18 22:53:08.079     0     0 I CAM_INFO: CAM-ISP: __cam_isp_ctx_acquire_hw_v2: 7781 NO CRM session,top state machine assigned for no crm ctx 3
06-18 22:53:08.078   638   652 I SyncBossFW: 24438804 [info   ] {BCM }: bsp_cam_mgr_init for cameras 0x30
06-18 22:53:08.221   647  1065 I FrameSetCollator: [color] Updated frame set period to 16666000, with activeSlots [[T,]]
06-18 22:53:08.221   647  1065 I FrameSetCollator: [color] started at 26162.74
06-18 22:53:08.223   647  1065 D CameraStream: [ocal] Client 852 start complete
06-18 22:53:08.227   638   652 I SyncBossFW: 24438946 [info   ] {BCM }: bsp_cam_mgr_set_frame_rate_config for cameras 0x30 with shutter period 16666 (us)
06-18 22:53:08.227   638   652 I SyncBossFW: 24438948 [info   ] {BCM }: bsp_cam_mgr_get_stream_info for cameras 0x10
06-18 22:53:08.227   638   652 I SyncBossFW: 24438950 [info   ] {BCM }: bsp_cam_mgr_start_streaming for cameras 0x30
06-18 22:53:08.232   852  1017 D TrackingService: [iot][ocal]handleMuxModeNotification finished for muxMode[color: default]
06-18 22:53:08.232   852  1017 D TrackingService: [ocal]end onMuxStateUpdate. ModeId: ocalOff -> default
06-18 22:53:08.232   852  1017 I TrackingService: [                        iot:ocal] Mux Mode Transition from sensor service: ocalOff -> default transition time: 244 ms
06-18 22:53:08.318   647  1038 E FrameSetCollator: [color] releasing incomplete frame set:(deadlineMissed, frameTypeMismatch, muxModeMisMatch) = (1, 0, 0), (captureDevTs, currentTs, tolerance, current+tolerance) = (24439032200000, 24439015534000, 30000, 24439015564000), (frame.frameType, frameSet.frameType) = (GENERIC_SLOT_0, GENERIC_SLOT_0), (frame.modeIndex, frameSet.modeIndex) = (1, 1)
06-18 22:53:08.318   647  1038 E FrameSetCollator: [color] 1 FrameSets had unexpected timestamps (over 97.21s). Ex: slot 0 24439015.534ms -> 24439032.200ms (observed period: 16.666ms, expected period: 16.666ms (20365.852ms))
06-18 22:53:08.318   852  7697 D SensorDataTransforms: [iot:ocal] Erased 1 stale entries from the staged mux states.
06-18 22:53:08.318   852  7697 I TrackingService: [iot:ocal] Configuration update starting
06-18 22:53:08.318   852  7697 I TrackingService: [iot:ocal] Configuration update done
06-18 22:53:08.318   852  7697 I TrackingService: [iot:ocal] Finish configuration update starting
06-18 22:53:08.319   852  7697 I TrackingService: [iot:ocal] Finish configuration update done
06-18 22:53:08.319   852  7697 W TrackingService: 1 late color frame set were dropped: timestamp 24439.015534, current monochrome 24439.032200
06-18 22:53:08.392   647  1038 E FrameSetCollator: [worldTracking] 31 FrameSets had unexpected timestamps (over 1012.78s). Ex: slot 1 24439098.864ms -> 24439115.530ms (observed period: 16.666ms, expected period: 16.666ms (16.666ms))
06-18 22:53:08.774  1095  6095 E ThermalManagerService: No threshold found for pcb1-usr
06-18 22:53:08.774  1095  6095 E ThermalManagerService: No threshold found for pcb2-usr
06-18 22:53:08.774  1095  6095 E ThermalManagerService: No threshold found for pcb3-usr
06-18 22:53:08.774  1095  6095 E ThermalManagerService: No threshold found for rf-usr
06-18 22:53:08.774  1095  6095 E ThermalManagerService: No threshold found for cam0-usr
06-18 22:53:08.774  1095  6095 E ThermalManagerService: No threshold found for cam1-usr
06-18 22:53:08.774  1095  6095 E ThermalManagerService: No threshold found for cam2-usr
06-18 22:53:08.774  1095  6095 E ThermalManagerService: No threshold found for cam3-usr
06-18 22:53:08.774  1095  6095 E ThermalManagerService: No threshold found for cam4-usr
06-18 22:53:08.774  1095  6095 E ThermalManagerService: No threshold found for cam5-usr
06-18 22:53:08.774  1095  6095 E ThermalManagerService: No threshold found for disp-virt
06-18 22:53:08.774  1095  6095 E ThermalManagerService: No threshold found for pogo-usr
06-18 22:53:09.391   647  1065 I SensorService: [color] Setting camera mux mode to 2
06-18 22:53:09.391   647  1065 I SensorService: updating CameraStream mux states
06-18 22:53:09.391   647  1065 I SensorService: ending update to CameraStream mux states
06-18 22:53:09.392   852  1017 I TrackingService: [iot:ocal] Start configuration update starting
06-18 22:53:09.392   852  1017 I TrackingService: [iot:ocal] Start configuration update done
06-18 22:53:09.392   852  1017 I SensorDataTransforms: [iot:ocal] Staging mux mode update for mode 2 (sequence ID 321)
06-18 22:53:09.392   852  1017 D TrackingService: [ocal]start onMuxStateUpdate. ModeId: default -> ocalOff
06-18 22:53:09.392   836  2238 D MrSystemService: [color]Camera Mux Mode Transition to: ocalOff
06-18 22:53:09.392   852  1017 D TrackingService: [iot][ocal]handleMuxModeNotification started for muxMode[color: ocalOff]
06-18 22:53:09.392   647  1065 I FrameSetCollator: [color] Updated frame set period to 16666000, with activeSlots [[T,]]
06-18 22:53:09.392   647  1065 I FrameSetDispatcher: [color] Client pid=852 (IOT): Updated CameraMuxMode: 2, FrameTypes: 
06-18 22:53:09.392   647  1065 I FrameSetDispatcher: [color] Latest MuxModeSettings: 2
06-18 22:53:09.392   647  1065 I FrameSetDispatcher: [color] purpose: passthrough, frame types: GENERIC_SLOT_0 
06-18 22:53:09.392   647  1065 I FrameSetDispatcher: [color] purpose: ocal, frame types: 
06-18 22:53:09.392   647  1065 I FrameSetDispatcher: [color] purpose: active_slots, frame types: GENERIC_SLOT_0 
06-18 22:53:09.392   647  4713 D CameraStream: [ocal] Client 852 attempting stop
06-18 22:53:09.392   647  4713 I FrameSetDispatcher: [color] Client pid=852 (IOT): Client thread stopping
06-18 22:53:09.403   647  4713 I FrameSetDispatcher: [color] Client pid=852 (IOT): Client thread joined
06-18 22:53:09.403   647  4713 I CameraClientManager: [IOT(852)][ocal] client stopped (estimated 0 started clients remaining)
06-18 22:53:09.403   647  4713 I FrameSetCollator: [color] stopped. Ran for 1.18s
06-18 22:53:08.084     0     0 I CAM_INFO: CAM-SENSOR: cam_sensor_driver_cmd: 1269 3:53:8.75 CAM_START_DEV Success for imx471 sensor_id:0x471,sensor_slave_addr:0x34
06-18 22:53:09.414     0     0 I CAM_INFO: CAM-ISP: __cam_isp_ctx_flush_req_in_top_state: 5247 Last request id to flush is 70, ctx_id:2
06-18 22:53:09.446     0     0 I CAM_ERR : CAM-ISP: cam_ife_mgr_cmd: 16237 config done completion timeout, Reg dump will be unreliable rc=0 ctx_index 2
06-18 22:53:09.446   647  1038 E FrameSetCollator: [worldTracking] 31 FrameSets had unexpected timestamps (over 1053.73s). Ex: slot 0 24440132.156ms -> 24440165.488ms (observed period: 33.332ms, expected period: 16.666ms (16.666ms))
06-18 22:53:09.446     0     0 I CAM_WARN: CAM-ISP: cam_ife_mgr_handle_reg_dump: 304 Reg dump values might be from more than one request
06-18 22:53:09.458     0     0 I CAM_WARN: CAM-ISP: cam_ife_mgr_stop_hw: 9942 config done completion timeout for last applied req_id=67 ctx_index 2
06-18 22:53:09.458     0     0 I CAM_INFO: CAM-ISP: __cam_isp_ctx_flush_req_in_top_state: 5269 Stop HW complete. Reset HW next.
06-18 22:53:09.458     0     0 I CAM_INFO: CAM-ISP: __cam_isp_ctx_flush_req_in_top_state: 5247 Last request id to flush is 70, ctx_id:3
06-18 22:53:09.490     0     0 I CAM_ERR : CAM-ISP: cam_ife_mgr_cmd: 16237 config done completion timeout, Reg dump will be unreliable rc=0 ctx_index 3
06-18 22:53:09.490     0     0 I CAM_WARN: CAM-ISP: cam_ife_mgr_handle_reg_dump: 304 Reg dump values might be from more than one request
06-18 22:53:09.502     0     0 I CAM_WARN: CAM-ISP: cam_ife_mgr_stop_hw: 9942 config done completion timeout for last applied req_id=69 ctx_index 3
06-18 22:53:09.502     0     0 I CAM_INFO: CAM-ISP: __cam_isp_ctx_flush_req_in_top_state: 5269 Stop HW complete. Reset HW next.
06-18 22:53:09.502     0     0 I CAM_WARN: CAM-CORE: cam_context_handle_flush_dev: 547 No flush device in dev 2687255, state 4
06-18 22:53:09.751   638   652 I SyncBossFW: 24440473 [info   ] {BCM }: bsp_cam_mgr_stop_streaming for cameras 0x30
06-18 22:53:09.755   638   652 I SyncBossFW: 24440476 [info   ] {BCM }: bsp_cam_mgr_deinit for cameras 0x30
06-18 22:53:09.502     0     0 I CAM_WARN: CAM-CORE: cam_context_handle_flush_dev: 547 No flush device in dev 1048859, state 4
06-18 22:53:09.780     0     0 I CAM_WARN: CAM-CORE: cam_context_handle_flush_dev: 547 No flush device in dev 2687255, state 4
06-18 22:53:09.780     0     0 I CAM_WARN: CAM-CORE: cam_context_handle_flush_dev: 547 No flush device in dev 1048859, state 4
06-18 22:53:09.780     0     0 I CAM_WARN: CAM-CORE: cam_context_handle_flush_dev: 547 No flush device in dev 2687255, state 4
06-18 22:53:09.777  1095  6095 E ThermalManagerService: No threshold found for pcb1-usr
06-18 22:53:09.777  1095  6095 E ThermalManagerService: No threshold found for pcb2-usr
06-18 22:53:09.777  1095  6095 E ThermalManagerService: No threshold found for pcb3-usr
06-18 22:53:09.777  1095  6095 E ThermalManagerService: No threshold found for rf-usr
06-18 22:53:09.777  1095  6095 E ThermalManagerService: No threshold found for cam0-usr
06-18 22:53:09.777  1095  6095 E ThermalManagerService: No threshold found for cam1-usr
06-18 22:53:09.777  1095  6095 E ThermalManagerService: No threshold found for cam2-usr
06-18 22:53:09.777  1095  6095 E ThermalManagerService: No threshold found for cam3-usr
06-18 22:53:09.777  1095  6095 E ThermalManagerService: No threshold found for cam4-usr
06-18 22:53:09.777  1095  6095 E ThermalManagerService: No threshold found for cam5-usr
06-18 22:53:09.777  1095  6095 E ThermalManagerService: No threshold found for disp-virt
06-18 22:53:09.777  1095  6095 E ThermalManagerService: No threshold found for pogo-usr
06-18 22:53:09.780     0     0 I CAM_WARN: CAM-CORE: cam_context_handle_flush_dev: 547 No flush device in dev 1048859, state 4
06-18 22:53:09.957     0     0 W healthd : battery l=73 v=4102 t=44.0 h=2 st=3 c=-194829 fc=4958000 cc=1 chg=a
06-18 22:53:10.042     0     0 I CAM_WARN: CAM-ISP: cam_ife_mgr_stop_hw: 9942 config done completion timeout for last applied req_id=67 ctx_index 2
06-18 22:53:10.044     0     0 I CAM_INFO: CAM-SENSOR: cam_sensor_driver_cmd: 1305 3:53:10.34 CAM_STOP_DEV Success for imx471 sensor_id:0x471,sensor_slave_addr:0x34
06-18 22:53:10.044     0     0 I CAM_INFO: CAM-ISP: cam_ife_mgr_release_hw: 11184 3:53:10.35 Release HW success ctx id: 2
06-18 22:53:10.054     0     0 I CAM_WARN: CAM-ISP: cam_ife_mgr_stop_hw: 9942 config done completion timeout for last applied req_id=69 ctx_index 3
06-18 22:53:10.056     0     0 I CAM_INFO: CAM-SENSOR: cam_sensor_driver_cmd: 1305 3:53:10.47 CAM_STOP_DEV Success for imx471 sensor_id:0x471,sensor_slave_addr:0x34
06-18 22:53:10.056     0     0 I CAM_INFO: CAM-ISP: cam_ife_mgr_release_hw: 11184 3:53:10.47 Release HW success ctx id: 3
06-18 22:53:10.060     0     0 I CAM_INFO: CAM-SENSOR: cam_sensor_driver_cmd: 1188 CAM_RELEASE_DEV Success for imx471 sensor_id:0x471, slave_addr:0x34
06-18 22:53:10.083   647  4713 D CameraStream: [ocal] Client 852 stop complete
06-18 22:53:10.083   852  1017 D TrackingService: [iot][ocal]handleMuxModeNotification finished for muxMode[color: ocalOff]
06-18 22:53:10.083   852  1017 D TrackingService: [ocal]end onMuxStateUpdate. ModeId: default -> ocalOff
06-18 22:53:10.083   852  1017 I TrackingService: [                        iot:ocal] Mux Mode Transition from sensor service: default -> ocalOff transition time: 691 ms
06-18 22:53:10.459   647  1038 E FrameSetCollator: [worldTracking] 31 FrameSets had unexpected timestamps (over 1013.03s). Ex: slot 1 24441165.448ms -> 24441182.114ms (observed period: 16.666ms, expected period: 16.666ms (16.666ms))
06-18 22:53:10.790  1095  1281 E ThermalManagerService: No threshold found for pcb1-usr
06-18 22:53:10.790  1095  1281 E ThermalManagerService: No threshold found for pcb2-usr
06-18 22:53:10.790  1095  1281 E ThermalManagerService: No threshold found for pcb3-usr
06-18 22:53:10.790  1095  1281 E ThermalManagerService: No threshold found for rf-usr
06-18 22:53:10.790  1095  1281 E ThermalManagerService: No threshold found for cam0-usr
06-18 22:53:10.790  1095  1281 E ThermalManagerService: No threshold found for cam1-usr
06-18 22:53:10.790  1095  1281 E ThermalManagerService: No threshold found for cam2-usr
06-18 22:53:10.790  1095  1281 E ThermalManagerService: No threshold found for cam3-usr
06-18 22:53:10.790  1095  1281 E ThermalManagerService: No threshold found for cam4-usr
06-18 22:53:10.790  1095  1281 E ThermalManagerService: No threshold found for cam5-usr
06-18 22:53:10.790  1095  1281 E ThermalManagerService: No threshold found for disp-virt
06-18 22:53:10.790  1095  1281 E ThermalManagerService: No threshold found for pogo-usr
06-18 22:53:11.512   647  1038 E FrameSetCollator: [worldTracking] 31 FrameSets had unexpected timestamps (over 1053.50s). Ex: slot 0 24442198.740ms -> 24442232.072ms (observed period: 33.332ms, expected period: 16.666ms (16.666ms))
06-18 22:53:11.805  1095  3690 E ThermalManagerService: No threshold found for pcb1-usr
06-18 22:53:11.805  1095  3690 E ThermalManagerService: No threshold found for pcb2-usr
06-18 22:53:11.805  1095  3690 E ThermalManagerService: No threshold found for pcb3-usr
06-18 22:53:11.805  1095  3690 E ThermalManagerService: No threshold found for rf-usr
06-18 22:53:11.805  1095  3690 E ThermalManagerService: No threshold found for cam0-usr
06-18 22:53:11.805  1095  3690 E ThermalManagerService: No threshold found for cam1-usr
06-18 22:53:11.805  1095  3690 E ThermalManagerService: No threshold found for cam2-usr
06-18 22:53:11.805  1095  3690 E ThermalManagerService: No threshold found for cam3-usr
06-18 22:53:11.805  1095  3690 E ThermalManagerService: No threshold found for cam4-usr
06-18 22:53:11.805  1095  3690 E ThermalManagerService: No threshold found for cam5-usr
06-18 22:53:11.805  1095  3690 E ThermalManagerService: No threshold found for disp-virt
06-18 22:53:11.805  1095  3690 E ThermalManagerService: No threshold found for pogo-usr
06-18 22:53:10.078     0     0 I CAM_INFO: CAM-SENSOR: cam_sensor_driver_cmd: 1188 CAM_RELEASE_DEV Success for imx471 sensor_id:0x471, slave_addr:0x34
06-18 22:53:12.290 31596 31596 D wlan    : [31596:IH:DP] bbm_request_bus_bandwidth: Bus bandwidth vote level change from 1 to 0 pld_vote: 0
06-18 22:53:12.512   647  1038 E FrameSetCollator: [worldTracking] 30 FrameSets had unexpected timestamps (over 1000.15s). Ex: slot 0 24443198.700ms -> 24443232.032ms (observed period: 33.332ms, expected period: 16.666ms (16.666ms))
06-18 22:53:12.550  6118  6118 D wlan    : [6118:IH:DP] bbm_request_bus_bandwidth: Bus bandwidth vote level change from 0 to 1 pld_vote: 1
06-18 22:53:12.842  1095  3690 E ThermalManagerService: No threshold found for pcb1-usr
06-18 22:53:12.842  1095  3690 E ThermalManagerService: No threshold found for pcb2-usr
06-18 22:53:12.842  1095  3690 E ThermalManagerService: No threshold found for pcb3-usr
06-18 22:53:12.842  1095  3690 E ThermalManagerService: No threshold found for rf-usr
06-18 22:53:12.842  1095  3690 E ThermalManagerService: No threshold found for cam0-usr
06-18 22:53:12.842  1095  3690 E ThermalManagerService: No threshold found for cam1-usr
06-18 22:53:12.842  1095  3690 E ThermalManagerService: No threshold found for cam2-usr
06-18 22:53:12.842  1095  3690 E ThermalManagerService: No threshold found for cam3-usr
06-18 22:53:12.842  1095  3690 E ThermalManagerService: No threshold found for cam4-usr
06-18 22:53:12.842  1095  3690 E ThermalManagerService: No threshold found for cam5-usr
06-18 22:53:12.842  1095  3690 E ThermalManagerService: No threshold found for disp-virt
06-18 22:53:12.842  1095  3690 E ThermalManagerService: No threshold found for pogo-usr
06-18 22:53:13.061  1095  1143 W ActivityManager: Stopping service due to app idle: u0a32 -1m10s14ms com.oculus.appsafety/.AppSafetyService
06-18 22:53:13.102  6118  6118 D wlan    : [6118:IH:DP] bbm_request_bus_bandwidth: Bus bandwidth vote level change from 1 to 0 pld_vote: 0
06-18 22:53:13.398 31596 31596 D wlan    : [31596:IH:DP] bbm_request_bus_bandwidth: Bus bandwidth vote level change from 0 to 1 pld_vote: 1
06-18 22:53:13.525   647  1038 E FrameSetCollator: [worldTracking] 31 FrameSets had unexpected timestamps (over 1012.72s). Ex: slot 1 24444231.992ms -> 24444248.658ms (observed period: 16.666ms, expected period: 16.666ms (16.666ms))
06-18 22:53:13.843  1095  3690 E ThermalManagerService: No threshold found for pcb1-usr
06-18 22:53:13.844  1095  3690 E ThermalManagerService: No threshold found for pcb2-usr
06-18 22:53:13.844  1095  3690 E ThermalManagerService: No threshold found for pcb3-usr
06-18 22:53:13.844  1095  3690 E ThermalManagerService: No threshold found for rf-usr
06-18 22:53:13.844  1095  3690 E ThermalManagerService: No threshold found for cam0-usr
06-18 22:53:13.844  1095  3690 E ThermalManagerService: No threshold found for cam1-usr
06-18 22:53:13.844  1095  3690 E ThermalManagerService: No threshold found for cam2-usr
06-18 22:53:13.844  1095  3690 E ThermalManagerService: No threshold found for cam3-usr
06-18 22:53:13.844  1095  3690 E ThermalManagerService: No threshold found for cam4-usr
06-18 22:53:13.844  1095  3690 E ThermalManagerService: No threshold found for cam5-usr
06-18 22:53:13.844  1095  3690 E ThermalManagerService: No threshold found for disp-virt
06-18 22:53:13.844  1095  3690 E ThermalManagerService: No threshold found for pogo-usr
06-18 22:53:14.525   647  1038 E FrameSetCollator: [worldTracking] 30 FrameSets had unexpected timestamps (over 1000.06s). Ex: slot 1 24445231.952ms -> 24445248.618ms (observed period: 16.666ms, expected period: 16.666ms (16.666ms))
06-18 22:53:14.849  1095  3690 E ThermalManagerService: No threshold found for pcb1-usr
06-18 22:53:14.849  1095  3690 E ThermalManagerService: No threshold found for pcb2-usr
06-18 22:53:14.849  1095  3690 E ThermalManagerService: No threshold found for pcb3-usr
06-18 22:53:14.849  1095  3690 E ThermalManagerService: No threshold found for rf-usr
06-18 22:53:14.849  1095  3690 E ThermalManagerService: No threshold found for cam0-usr
06-18 22:53:14.849  1095  3690 E ThermalManagerService: No threshold found for cam1-usr
06-18 22:53:14.849  1095  3690 E ThermalManagerService: No threshold found for cam2-usr
06-18 22:53:14.849  1095  3690 E ThermalManagerService: No threshold found for cam3-usr
06-18 22:53:14.849  1095  3690 E ThermalManagerService: No threshold found for cam4-usr
06-18 22:53:14.849  1095  3690 E ThermalManagerService: No threshold found for cam5-usr
06-18 22:53:14.849  1095  3690 E ThermalManagerService: No threshold found for disp-virt
06-18 22:53:14.849  1095  3690 E ThermalManagerService: No threshold found for pogo-usr
06-18 22:53:15.223  5883  5883 D wlan    : [5883:IH:HIF] hif_rtpm_display_last_busy_hist: RTPM last busy ts:1755530565265 client:HIF_RTPM_CE from:ce_engine_service_reg [wlan]
06-18 22:53:15.223  5883  5883 D wlan    : [5883:IH:HIF] hif_rtpm_display_last_busy_hist: RTPM client:HIF_RTPM_DP busy_ts:1755529739591 get_ts:1755528059591 put_ts:1755528060002 get_cnt:32788 put_cnt:32788
06-18 22:53:15.223  5883  5883 D wlan    : [5883:IH:HIF] hif_rtpm_display_last_busy_hist: RTPM client:HIF_RTPM_CE busy_ts:1755530565265 get_ts:0 put_ts:0 get_cnt:0 put_cnt:0
06-18 22:53:15.223  5883  5883 D wlan    : [5883:IH:HIF] hif_rtpm_display_last_busy_hist: RTPM CE-1 last busy_cnt:4 cur_idx:4 ts1:1705169666474 ts2:0 ts3:0 ts4:0
06-18 22:53:15.223  5883  5883 D wlan    : [5883:IH:HIF] hif_rtpm_display_last_busy_hist: RTPM CE-2 last busy_cnt:53715 cur_idx:53715 ts1:1755530565262 ts2:1755530479155 ts3:1755530511682 ts4:1755530540290
06-18 22:53:15.223  5883  5883 D wlan    : [5883:IH:HIF] hif_rtpm_display_last_busy_hist: RTPM CE-7 last busy_cnt:0 cur_idx:0 ts1:0 ts2:0 ts3:0 ts4:0
06-18 22:53:15.223  5883  5883 D wlan    : [5883:IH:DP] wlan_dp_display_txrx_stats: dp_intf: 0
06-18 22:53:15.223  5883  5883 D wlan    : [5883:IH:DP] wlan_dp_display_txrx_stats: Tx CPU[0]: called 37388, dropped 0, orphaned 21676
06-18 22:53:15.223  5883  5883 D wlan    : [5883:IH:DP] wlan_dp_display_txrx_stats: Tx CPU[1]: called 38641, dropped 0, orphaned 22497
06-18 22:53:15.223  5883  5883 D wlan    : [5883:IH:DP] wlan_dp_display_txrx_stats: Tx CPU[2]: called 6021, dropped 0, orphaned 4832
06-18 22:53:15.223  5883  5883 D wlan    : [5883:IH:DP] wlan_dp_display_txrx_stats: Tx CPU[3]: called 2785, dropped 0, orphaned 1943
06-18 22:53:15.223  5883  5883 D wlan    : [5883:IH:DP] wlan_dp_display_txrx_stats: Tx CPU[4]: called 2633, dropped 0, orphaned 1772
06-18 22:53:15.223  5883  5883 D wlan    : [5883:IH:DP] wlan_dp_display_txrx_stats: Tx CPU[5]: called 3136, dropped 0, orphaned 2063
06-18 22:53:15.223  5883  5883 D wlan    : [5883:IH:DP] wlan_dp_display_txrx_stats: TX - called 90604, dropped 0 orphan 54783
06-18 22:53:15.223  5883  5883 D wlan    : [5883:IH:DP] wlan_dp_display_txrx_stats: Rx CPU[0]: packets 44394, dropped 0, delivered 44333, refused 0
06-18 22:53:15.223  5883  5883 D wlan    : [5883:IH:DP] wlan_dp_display_txrx_stats: Rx CPU[1]: packets 45648, dropped 0, delivered 45598, refused 0
06-18 22:53:15.223  5883  5883 D wlan    : [5883:IH:DP] wlan_dp_display_txrx_stats: Rx CPU[2]: packets 1237, dropped 0, delivered 1235, refused 0
06-18 22:53:15.223  5883  5883 D wlan    : [5883:IH:DP] wlan_dp_display_txrx_stats: Rx CPU[3]: packets 1226, dropped 0, delivered 1226, refused 0
06-18 22:53:15.223  5883  5883 D wlan    : [5883:IH:DP] wlan_dp_display_txrx_stats: Rx CPU[4]: packets 1074, dropped 0, delivered 1073, refused 0
06-18 22:53:15.223  5883  5883 D wlan    : [5883:IH:DP] wlan_dp_display_txrx_stats: Rx CPU[5]: packets 1582, dropped 0, delivered 1582, refused 0
06-18 22:53:15.223  5883  5883 D wlan    : [5883:IH:DP] wlan_dp_display_txrx_stats: RX - packets 95161, dropped 0, unsol_arp_mcast_drp 112, delivered 95047, refused 0 GRO - agg 90815 drop 0 non-agg 4215 flush_skip 0 low_tput_flush 0 disabled(conc 0 low-tput 1)
06-18 22:53:15.223  5883  5883 D wlan    : [5883:IH:DP] dp_rx_tm_thread_dump_stats: thread:0 - qlen:0 queued:(total:6785 reo[0]:6785 ) dequeued:6785 stack:6785 gro_flushes: 2973 gro_flushes_by_vdev_del: 1 rx_flushes: 0 max_len:31 invalid(peer:0 vdev:0 rx-handle:0 others:0 enq fail:0)
06-18 22:53:15.223  5883  5883 D wlan    : [5883:IH:DP] dp_rx_tm_thread_dump_stats: thread:1 - qlen:0 queued:(total:5555 reo[1]:5555 ) dequeued:5555 stack:5555 gro_flushes: 2438 gro_flushes_by_vdev_del: 1 rx_flushes: 0 max_len:36 invalid(peer:0 vdev:0 rx-handle:0 others:0 enq fail:0)
06-18 22:53:15.223  5883  5883 D wlan    : [5883:IH:DP] dp_rx_tm_thread_dump_stats: thread:2 - qlen:0 queued:(total:6661 reo[2]:6661 ) dequeued:6661 stack:6661 gro_flushes: 2715 gro_flushes_by_vdev_del: 1 rx_flushes: 0 max_len:33 invalid(peer:0 vdev:0 rx-handle:0 others:0 enq fail:0)
06-18 22:53:15.223  5883  5883 D wlan    : [5883:IH:DP] dp_rx_tm_thread_dump_stats: thread:3 - qlen:0 queued:(total:6338 reo[3]:6338 ) dequeued:6338 stack:6338 gro_flushes: 2791 gro_flushes_by_vdev_del: 1 rx_flushes: 0 max_len:33 invalid(peer:0 vdev:0 rx-handle:0 others:0 enq fail:0)
06-18 22:53:15.223  5883  5883 D wlan    : [5883:IH:DP] Reo packets per ring:
06-18 22:53:15.223  5883  5883 D wlan    : [5883:IH:DP] Packets on ring 0:
06-18 22:53:15.223  5883  5883 D wlan    : [5883:IH:DP] Packets arriving on core 0: 302
06-18 22:53:15.223  5883  5883 D wlan    : [5883:IH:DP] Packets arriving on core 1: 296
06-18 22:53:15.223  5883  5883 D wlan    : [5883:IH:DP] Packets arriving on core 2: 3877
06-18 22:53:15.223  5883  5883 D wlan    : [5883:IH:DP] Packets arriving on core 3: 1561
06-18 22:53:15.223  5883  5883 D wlan    : [5883:IH:DP] Packets arriving on core 4: 749
06-18 22:53:15.223  5883  5883 D wlan    : [5883:IH:DP] Total packets on ring 0: 6785
06-18 22:53:15.223  5883  5883 D wlan    : [5883:IH:DP] Packets on ring 1:
06-18 22:53:15.223  5883  5883 D wlan    : [5883:IH:DP] Packets arriving on core 1: 1272
06-18 22:53:15.223  5883  5883 D wlan    : [5883:IH:DP] Packets arriving on core 2: 2760
06-18 22:53:15.223  5883  5883 D wlan    : [5883:IH:DP] Packets arriving on core 3: 271
06-18 22:53:15.223  5883  5883 D wlan    : [5883:IH:DP] Packets arriving on core 4: 1252
06-18 22:53:15.223  5883  5883 D wlan    : [5883:IH:DP] Total packets on ring 1: 5555
06-18 22:53:15.223  5883  5883 D wlan    : [5883:IH:DP] Packets on ring 2:
06-18 22:53:15.223  5883  5883 D wlan    : [5883:IH:DP] Packets arriving on core 1: 416
06-18 22:53:15.223  5883  5883 D wlan    : [5883:IH:DP] Packets arriving on core 2: 3855
06-18 22:53:15.223  5883  5883 D wlan    : [5883:IH:DP] Packets arriving on core 3: 657
06-18 22:53:15.223  5883  5883 D wlan    : [5883:IH:DP] Packets arriving on core 4: 1733
06-18 22:53:15.223  5883  5883 D wlan    : [5883:IH:DP] Total packets on ring 2: 6661
06-18 22:53:15.223  5883  5883 D wlan    : [5883:IH:DP] Packets on ring 3:
06-18 22:53:15.223  5883  5883 D wlan    : [5883:IH:DP] Packets arriving on core 1: 236
06-18 22:53:15.223  5883  5883 D wlan    : [5883:IH:DP] Packets arriving on core 2: 3582
06-18 22:53:15.223  5883  5883 D wlan    : [5883:IH:DP] Packets arriving on core 3: 786
06-18 22:53:15.223  5883  5883 D wlan    : [5883:IH:DP] Packets arriving on core 4: 1734
06-18 22:53:15.223  5883  5883 D wlan    : [5883:IH:DP] Total packets on ring 3: 6338
06-18 22:53:15.223  5883  5883 D wlan    : [5883:IH:DP] Packets on ring 4:
06-18 22:53:15.223  5883  5883 D wlan    : [5883:IH:DP] Total packets on ring 4: 0
06-18 22:53:15.223  5883  5883 D wlan    : [5883:IH:DP] Packets on ring 5:
06-18 22:53:15.223  5883  5883 D wlan    : [5883:IH:DP] Total packets on ring 5: 0
06-18 22:53:15.223  5883  5883 D wlan    : [5883:IH:DP] Packets on ring 6:
06-18 22:53:15.223  5883  5883 D wlan    : [5883:IH:DP] Total packets on ring 6: 0
06-18 22:53:15.223  5883  5883 D wlan    : [5883:IH:DP] Packets on ring 7:
06-18 22:53:15.223  5883  5883 D wlan    : [5883:IH:DP] Total packets on ring 7: 0
06-18 22:53:15.223  5883  5883 D wlan    : [5883:IH:HIF] NAPI[#]CPU[#] |scheds |polls  |comps  |dones  |t-lim  |max(us)|hist(500us buckets)
06-18 22:53:15.223  5883  5883 D wlan    : [5883:IH:HIF] NAPI[0]CPU[1]:     444     444     444    1102       0     205 444|0|0|0|
06-18 22:53:15.223  5883  5883 D wlan    : [5883:IH:HIF] NAPI[0]CPU[2]:    4256    4256    4256    9330       0     421 4256|0|0|0|
06-18 22:53:15.223  5883  5883 D wlan    : [5883:IH:HIF] NAPI[0]CPU[3]:     690     690     690    1646       0     138 690|0|0|0|
06-18 22:53:15.223  5883  5883 D wlan    : [5883:IH:HIF] NAPI[0]CPU[4]:    1996    1996    1996    3961       0     231 1996|0|0|0|
06-18 22:53:15.223  5883  5883 D wlan    : [5883:IH:HIF] NAPI[1]CPU[0]:     150     150     150     302       0     381 150|0|0|0|
06-18 22:53:15.223  5883  5883 D wlan    : [5883:IH:HIF] NAPI[1]CPU[1]:     120     120     120     296       0     526 119|1|0|0|
06-18 22:53:15.223  5883  5883 D wlan    : [5883:IH:HIF] NAPI[1]CPU[2]:    1851    1851    1851    3877       0     336 1851|0|0|0|
06-18 22:53:15.223  5883  5883 D wlan    : [5883:IH:HIF] NAPI[1]CPU[3]:     752     752     752    1561       0     366 752|0|0|0|
06-18 22:53:15.223  5883  5883 D wlan    : [5883:IH:HIF] NAPI[1]CPU[4]:     378     378     378     749       0     258 378|0|0|0|
06-18 22:53:15.223  5883  5883 D wlan    : [5883:IH:HIF] NAPI[2]CPU[1]:     654     654     654    1272       0     377 654|0|0|0|
06-18 22:53:15.223  5883  5883 D wlan    : [5883:IH:HIF] NAPI[2]CPU[2]:    1333    1333    1333    2760       0     310 1333|0|0|0|
06-18 22:53:15.223  5883  5883 D wlan    : [5883:IH:HIF] NAPI[2]CPU[3]:     122     122     122     271       0     298 122|0|0|0|
06-18 22:53:15.223  5883  5883 D wlan    : [5883:IH:HIF] NAPI[2]CPU[4]:     619     619     619    1252       0     516 618|1|0|0|
06-18 22:53:15.223  5883  5883 D wlan    : [5883:IH:HIF] NAPI[3]CPU[1]:     318     318     318     652       0     427 318|0|0|0|
06-18 22:53:15.223  5883  5883 D wlan    : [5883:IH:HIF] NAPI[3]CPU[2]:    3293    3293    3293    7437       0     461 3293|0|0|0|
06-18 22:53:15.223  5883  5883 D wlan    : [5883:IH:HIF] NAPI[3]CPU[3]:     571     571     571    1443       0     208 571|0|0|0|
06-18 22:53:15.223  5883  5883 D wlan    : [5883:IH:HIF] NAPI[3]CPU[4]:    1814    1814    1814    3467       0     348 1814|0|0|0|
06-18 22:53:15.223  5883  5883 D wlan    : [5883:IH:HIF] NAPI[4]CPU[1]:    1371    1371    1371    3581       0     362 1371|0|0|0|
06-18 22:53:15.223  5883  5883 D wlan    : [5883:IH:HIF] NAPI[4]CPU[2]:    2730    2730    2730    5993       0     473 2730|0|0|0|
06-18 22:53:15.223  5883  5883 D wlan    : [5883:IH:HIF] NAPI[4]CPU[3]:     955     955     955    2771       0     221 955|0|0|0|
06-18 22:53:15.223  5883  5883 D wlan    : [5883:IH:HIF] NAPI[4]CPU[4]:    2418    2418    2418    5575       0     223 2418|0|0|0|
06-18 22:53:15.223  5883  5883 D wlan    : [5883:IH:HIF] NAPI[6]CPU[0]:     257     257     257      47       0     218 257|0|0|0|
06-18 22:53:15.223  5883  5883 D wlan    : [5883:IH:HIF] NAPI[6]CPU[4]:     135     135     135      49       0     281 135|0|0|0|
06-18 22:53:15.223  5883  5883 D wlan    : [5883:IH:DP] Tx path Statistics:
06-18 22:53:15.223  5883  5883 D wlan    : [5883:IH:DP] from stack: 18009 msdus (13411868 bytes)
06-18 22:53:15.223  5883  5883 D wlan    : [5883:IH:DP] processed from host: 18009 msdus (1267333 bytes)
06-18 22:53:15.223  5883  5883 D wlan    : [5883:IH:DP] successfully transmitted: 18010 msdus (13686786 bytes)
06-18 22:53:15.223  5883  5883 D wlan    : [5883:IH:DP] Enqueue to SW2TCL1: 7720
06-18 22:53:15.223  5883  5883 D wlan    : [5883:IH:DP] TX completions reaped from ring 0: 16039
06-18 22:53:15.223  5883  5883 D wlan    : [5883:IH:DP] Enqueue to SW2TCL2: 8319
06-18 22:53:15.223  5883  5883 D wlan    : [5883:IH:DP] TX completions reaped from ring 1: 0
06-18 22:53:15.223  5883  5883 D wlan    : [5883:IH:DP] Enqueue to SW2TCL3: 17920
06-18 22:53:15.223  5883  5883 D wlan    : [5883:IH:DP] TX completions reaped from ring 2: 17920
06-18 22:53:15.223  5883  5883 D wlan    : [5883:IH:DP] Invalid release source: 0
06-18 22:53:15.223  5883  5883 D wlan    : [5883:IH:DP] Invalid TX desc from completion ring: 0
06-18 22:53:15.223  5883  5883 D wlan    : [5883:IH:DP] Dropped in host:
06-18 22:53:15.223  5883  5883 D wlan    : [5883:IH:DP] Total packets dropped: 0,
06-18 22:53:15.223  5883  5883 D wlan    : [5883:IH:DP] Descriptor not available: 0
06-18 22:53:15.223  5883  5883 D wlan    : [5883:IH:DP] Ring full: 0
06-18 22:53:15.223  5883  5883 D wlan    : [5883:IH:DP] Enqueue fail: 0
06-18 22:53:15.223  5883  5883 D wlan    : [5883:IH:DP] Pkt dropped in vdev-id check: 0
06-18 22:53:15.223  5883  5883 D wlan    : [5883:IH:DP] DMA Error: 0
06-18 22:53:15.223  5883  5883 D wlan    : [5883:IH:DP] Drop Ingress: 0
06-18 22:53:15.223  5883  5883 D wlan    : [5883:IH:DP] Dropped in hardware:
06-18 22:53:15.223  5883  5883 D wlan    : [5883:IH:DP] total packets dropped: 1
06-18 22:53:15.223  5883  5883 D wlan    : [5883:IH:DP] mpdu age out: 0
06-18 22:53:15.223  5883  5883 D wlan    : [5883:IH:DP] firmware removed packets: 0 (0 bytes)
06-18 22:53:15.223  5883  5883 D wlan    : [5883:IH:DP] firmware removed tx: 1
06-18 22:53:15.223  5883  5883 D wlan    : [5883:IH:DP] firmware removed notx 0
06-18 22:53:15.223  5883  5883 D wlan    : [5883:IH:DP] Invalid peer on tx path: 0
06-18 22:53:15.223  5883  5883 D wlan    : [5883:IH:DP] Tx desc freed in non-completion path: 0
06-18 22:53:15.223  5883  5883 D wlan    : [5883:IH:DP] Tx desc force freed: 0
06-18 22:53:15.223  5883  5883 D wlan    : [5883:IH:DP] Tx packets sent per interrupt:
06-18 22:53:15.223  5883  5883 D wlan    : [5883:IH:DP] Single Packet: 7306
06-18 22:53:15.223  5883  5883 D wlan    : [5883:IH:DP] 2-20 Packets:  5117
06-18 22:53:15.223  5883  5883 D wlan    : [5883:IH:DP] 21-40 Packets: 200
06-18 22:53:15.223  5883  5883 D wlan    : [5883:IH:DP] 41-60 Packets: 4
06-18 22:53:15.223  5883  5883 D wlan    : [5883:IH:DP] 61-80 Packets: 1
06-18 22:53:15.223  5883  5883 D wlan    : [5883:IH:DP] 81-100 Packets: 0
06-18 22:53:15.223  5883  5883 D wlan    : [5883:IH:DP] 101-200 Packets: 0
06-18 22:53:15.223  5883  5883 D wlan    : [5883:IH:DP]     201+ Packets: 0
06-18 22:53:15.223  5883  5883 D wlan    : [5883:IH:DP] Rx path statistics
06-18 22:53:15.223  5883  5883 D wlan    : [5883:IH:DP] delivered 13425 msdus ( 3506506 bytes),
06-18 22:53:15.223  5883  5883 D wlan    : [5883:IH:DP] received on reo[0] 3325 msdus( 1420766 bytes),
06-18 22:53:15.223  5883  5883 D wlan    : [5883:IH:DP] received on reo[1] 2932 msdus( 600286 bytes),
06-18 22:53:15.223  5883  5883 D wlan    : [5883:IH:DP] received on reo[2] 3516 msdus( 677370 bytes),
06-18 22:53:15.223  5883  5883 D wlan    : [5883:IH:DP] received on reo[3] 3654 msdus( 809971 bytes),
06-18 22:53:15.223  5883  5883 D wlan    : [5883:IH:DP] received on lmac[0] 0 msdus (0 bytes),
06-18 22:53:15.223  5883  5883 D wlan    : [5883:IH:DP] received on lmac[1] 0 msdus (0 bytes),
06-18 22:53:15.223  5883  5883 D wlan    : [5883:IH:DP] intra-bss packets 0 msdus ( 0 bytes),
06-18 22:53:15.223  5883  5883 D wlan    : [5883:IH:DP] intra-bss fails 0 msdus ( 0 bytes),
06-18 22:53:15.223  5883  5883 D wlan    : [5883:IH:DP] intra-bss no mdns fwds 0 msdus
06-18 22:53:15.223  5883  5883 D wlan    : [5883:IH:DP] intra-bss EAPOL drops: 0
06-18 22:53:15.223  5883  5883 D wlan    : [5883:IH:DP] raw packets 0 msdus ( 0 bytes),
06-18 22:53:15.223  5883  5883 D wlan    : [5883:IH:DP] mic errors 1800
06-18 22:53:15.223  5883  5883 D wlan    : [5883:IH:DP] Invalid peer on rx path: 0
06-18 22:53:15.223  5883  5883 D wlan    : [5883:IH:DP] sw_peer_id invalid 0
06-18 22:53:15.223  5883  5883 D wlan    : [5883:IH:DP] packet_len invalid 0
06-18 22:53:15.223  5883  5883 D wlan    : [5883:IH:DP] sa or da idx invalid 0
06-18 22:53:15.223  5883  5883 D wlan    : [5883:IH:DP] defrag peer uninit 0
06-18 22:53:15.223  5883  5883 D wlan    : [5883:IH:DP] pkts delivered no peer 0
06-18 22:53:15.223  5883  5883 D wlan    : [5883:IH:DP] RX invalid cookie: 0
06-18 22:53:15.223  5883  5883 D wlan    : [5883:IH:DP] RX stale cookie: 0
06-18 22:53:15.223  5883  5883 D wlan    : [5883:IH:DP] 2k jump delba sent: 0
06-18 22:53:15.223  5883  5883 D wlan    : [5883:IH:DP] 2k jump msdu to stack: 0
06-18 22:53:15.223  5883  5883 D wlan    : [5883:IH:DP] 2k jump msdu drop: 0
06-18 22:53:15.223  5883  5883 D wlan    : [5883:IH:DP] REO err oor msdu to stack 0
06-18 22:53:15.223  5883  5883 D wlan    : [5883:IH:DP] REO err oor msdu drop: 96
06-18 22:53:15.223  5883  5883 D wlan    : [5883:IH:DP] Rx err msdu rejected: 0
06-18 22:53:15.223  5883  5883 D wlan    : [5883:IH:DP] Rx raw frame dropped: 0
06-18 22:53:15.223  5883  5883 D wlan    : [5883:IH:DP] Rx stale link desc cookie: 0
06-18 22:53:15.223  5883  5883 D wlan    : [5883:IH:DP] Rx nbuf sanity fails: 0
06-18 22:53:15.223  5883  5883 D wlan    : [5883:IH:DP] Rx refill duplicate link desc: 0
06-18 22:53:15.223  5883  5883 D wlan    : [5883:IH:DP] Rx ipa smmu map duplicate: 0
06-18 22:53:15.223  5883  5883 D wlan    : [5883:IH:DP] Rx ipa smmu unmap duplicate: 0
06-18 22:53:15.223  5883  5883 D wlan    : [5883:IH:DP] Rx ipa smmu unmap no pipes: 0
06-18 22:53:15.223  5883  5883 D wlan    : [5883:IH:DP] PN-in-Dest error frame pn-check fail: 0
06-18 22:53:15.223  5883  5883 D wlan    : [5883:IH:DP] Reo Statistics
06-18 22:53:15.223  5883  5883 D wlan    : [5883:IH:DP] near_full: 0
06-18 22:53:15.223  5883  5883 D wlan    : [5883:IH:DP] rbm error: 0 msdus
06-18 22:53:15.223  5883  5883 D wlan    : [5883:IH:DP] hal ring access fail: 0 msdus
06-18 22:53:15.223  5883  5883 D wlan    : [5883:IH:DP] hal ring access full fail: 0 msdus
06-18 22:53:15.223  5883  5883 D wlan    : [5883:IH:DP] Rx BAR frames:0
06-18 22:53:15.223  5883  5883 D wlan    : [5883:IH:DP] Reo error number (7): 37 msdus
06-18 22:53:15.223  5883  5883 D wlan    : [5883:IH:DP] Rx packets reaped per interrupt:
06-18 22:53:15.223  5883  5883 D wlan    : [5883:IH:DP] Single Packet: 5279
06-18 22:53:15.223  5883  5883 D wlan    : [5883:IH:DP] 2-20 Packets:  5621
06-18 22:53:15.223  5883  5883 D wlan    : [5883:IH:DP] 21-40 Packets: 20
06-18 22:53:15.223  5883  5883 D wlan    : [5883:IH:DP] 41-60 Packets: 0
06-18 22:53:15.223  5883  5883 D wlan    : [5883:IH:DP] 61-80 Packets: 0
06-18 22:53:15.223  5883  5883 D wlan    : [5883:IH:DP] 81-100 Packets: 0
06-18 22:53:15.223  5883  5883 D wlan    : [5883:IH:DP] 101-200 Packets: 0
06-18 22:53:15.223  5883  5883 D wlan    : [5883:IH:DP]    201+ Packets: 0
06-18 22:53:15.223  5883  5883 D wlan    : [5883:IH:DP] dp_txrx_path_stats: tso_enable: 1 lro_enable: 0 rx_hash: 1 napi_enable: 1
06-18 22:53:15.223  5883  5883 D wlan    : [5883:IH:DP] dp_txrx_path_stats: Tx flow stop queue: 15 tx flow start queue offset: 10
06-18 22:53:15.223  5883  5883 D wlan    : [5883:IH:DP] dp_print_soc_interrupt_stats:  0[449] - Total:7386 tx_comps[0]:6234
06-18 22:53:15.223  5883  5883 D wlan    : [5883:IH:DP] dp_print_soc_interrupt_stats:  1[450] - Total:3251 reo[0]:2975
06-18 22:53:15.223  5883  5883 D wlan    : [5883:IH:DP] dp_print_soc_interrupt_stats:  2[451] - Total:2728 reo[1]:2438
06-18 22:53:15.223  5883  5883 D wlan    : [5883:IH:DP] dp_print_soc_interrupt_stats:  3[452] - Total:5996 reo[2]:2717 reo[3]:2790
06-18 22:53:15.223  5883  5883 D wlan    : [5883:IH:DP] dp_print_soc_interrupt_stats:  4[453] - Total:7474 tx_comps[2]:6396
06-18 22:53:15.223  5883  5883 D wlan    : [5883:IH:DP] dp_print_soc_interrupt_stats:  6[455] - Total:392 reo_err:32 wbm_rx_err:0 rxdma2_host_err:0
06-18 22:53:15.223  5883  5883 D wlan    : [5883:IH:DP] vdev_id: 0 Per TID Delay Non-Zero Stats:
06-18 22:53:15.223  5883  5883 D wlan    : [5883:IH:DP] Hardware Tx completion latency stats TID: 0
06-18 22:53:15.223  5883  5883 D wlan    : [5883:IH:DP] Min = 0
06-18 22:53:15.223  5883  5883 D wlan    : [5883:IH:DP] Max = 0
06-18 22:53:15.223  5883  5883 D wlan    : [5883:IH:DP] Avg = 0
06-18 22:53:15.223  5883  5883 D wlan    : [5883:IH:DP] Hardware Tx completion latency stats TID: 1
06-18 22:53:15.223  5883  5883 D wlan    : [5883:IH:DP] Min = 0
06-18 22:53:15.223  5883  5883 D wlan    : [5883:IH:DP] Max = 0
06-18 22:53:15.223  5883  5883 D wlan    : [5883:IH:DP] Avg = 0
06-18 22:53:15.223  5883  5883 D wlan    : [5883:IH:DP] Hardware Tx completion latency stats TID: 2
06-18 22:53:15.223  5883  5883 D wlan    : [5883:IH:DP] Min = 0
06-18 22:53:15.223  5883  5883 D wlan    : [5883:IH:DP] Max = 0
06-18 22:53:15.223  5883  5883 D wlan    : [5883:IH:DP] Avg = 0
06-18 22:53:15.223  5883  5883 D wlan    : [5883:IH:DP] Hardware Tx completion latency stats TID: 3
06-18 22:53:15.223  5883  5883 D wlan    : [5883:IH:DP] Min = 0
06-18 22:53:15.223  5883  5883 D wlan    : [5883:IH:DP] Max = 0
06-18 22:53:15.223  5883  5883 D wlan    : [5883:IH:DP] Avg = 0
06-18 22:53:15.223  5883  5883 D wlan    : [5883:IH:DP] Hardware Tx completion latency stats TID: 4
06-18 22:53:15.223  5883  5883 D wlan    : [5883:IH:DP] Min = 0
06-18 22:53:15.223  5883  5883 D wlan    : [5883:IH:DP] Max = 0
06-18 22:53:15.223  5883  5883 D wlan    : [5883:IH:DP] Avg = 0
06-18 22:53:15.223  5883  5883 D wlan    : [5883:IH:DP] Hardware Tx completion latency stats TID: 5
06-18 22:53:15.223  5883  5883 D wlan    : [5883:IH:DP] Min = 0
06-18 22:53:15.223  5883  5883 D wlan    : [5883:IH:DP] Max = 0
06-18 22:53:15.223  5883  5883 D wlan    : [5883:IH:DP] Avg = 0
06-18 22:53:15.223  5883  5883 D wlan    : [5883:IH:DP] Hardware Tx completion latency stats TID: 6
06-18 22:53:15.223  5883  5883 D wlan    : [5883:IH:DP] Min = 0
06-18 22:53:15.223  5883  5883 D wlan    : [5883:IH:DP] Max = 0
06-18 22:53:15.223  5883  5883 D wlan    : [5883:IH:DP] Avg = 0
06-18 22:53:15.223  5883  5883 D wlan    : [5883:IH:DP] Hardware Tx completion latency stats TID: 7
06-18 22:53:15.223  5883  5883 D wlan    : [5883:IH:DP] Min = 0
06-18 22:53:15.223  5883  5883 D wlan    : [5883:IH:DP] Max = 0
06-18 22:53:15.223  5883  5883 D wlan    : [5883:IH:DP] Avg = 0
06-18 22:53:15.223  5883  5883 D wlan    : [5883:IH:DP] Hardware Tx completion latency stats TID: 8
06-18 22:53:15.223  5883  5883 D wlan    : [5883:IH:DP] Min = 0
06-18 22:53:15.223  5883  5883 D wlan    : [5883:IH:DP] Max = 0
06-18 22:53:15.223  5883  5883 D wlan    : [5883:IH:DP] Avg = 0
06-18 22:53:15.223  5883  5883 D wlan    : [5883:IH:DP] dp_print_fisa_stats: invalid flow index: 0
06-18 22:53:15.223  5883  5883 D wlan    : [5883:IH:DP] dp_print_fisa_stats: workqueue update deferred: 0
06-18 22:53:15.223  5883  5883 D wlan    : [5883:IH:DP] dp_print_fisa_stats: reo_mismatch: cce_match: 0
06-18 22:53:15.223  5883  5883 D wlan    : [5883:IH:DP] dp_print_fisa_stats: reo_mismatch: allow_fse_metdata_mismatch: 0
06-18 22:53:15.223  5883  5883 D wlan    : [5883:IH:DP] dp_print_fisa_stats: reo_mismatch: allow_non_aggr: 0
06-18 22:53:15.223  5883  5883 D wlan    : [5883:IH:DP] FLOW_POOL_STATS G:(2,5,0) | 0 0: (6144,6144,0)
