--------- beginning of system
06-25 18:58:10.813  1070  6682 I ActivityTaskManager: START u0 {flg=0x10000000 cmp=com.YourCompany.Metaverse_Game1/com.epicgames.unreal.GameActivity (has extras)} from uid 2000
06-25 18:58:10.815  1070  6682 W ActivityTaskManager: Can't find TaskDisplayArea to determine support for multi window. Task id=2737 attached=false
06-25 18:58:10.828  1070  6682 W ActivityTaskManager: Tried to set launchTime (0) < mLastActivityLaunchTime (7476371)
--------- beginning of tracking
06-25 18:58:10.829   843   983 D TrackingService: haptic socket already exists
06-25 18:58:10.829   843   983 D TrackingService: getSocket: com.oculus.shellenv
06-25 18:58:10.829   843   983 I TrackingService: Unregistering client by ITrackingService.unregisterClient
06-25 18:58:10.829   843   983 I TrackingService: Unregistering client by ITrackingService.unregisterClient
06-25 18:58:10.829   843   983 I TrackingService: Unregistering client by ITrackingService.unregisterClient
06-25 18:58:10.829   843   983 I TrackingService: Unregistering client by ITrackingService.unregisterClient
06-25 18:58:10.829   843   983 I TrackingService: Unregistering client by ITrackingService.unregisterClient
06-25 18:58:10.829   843   983 D TrackingService: unregister: com.oculus.shellenv
--------- beginning of kernel
06-25 18:58:10.876     0     0 I [drm:dsi_display_set_mode [msm_drm]] [msm-dsi-info]: mdp_transfer_time=0, hactive=4128, vactive=2208, fps=72, clk_rate=0
06-25 18:58:10.958  1070  1102 W NotificationHistory: Attempted to remove channel for locked/gone/disabled user 0
06-25 18:58:10.961  1070  1070 D CompatibilityChangeReporter: Compat change id reported: 175319604; UID 1000; state: ENABLED
06-25 18:58:10.961  1070  1070 D CompatibilityChangeReporter: Compat change id reported: 175319604; UID 1000; state: DISABLED
06-25 18:58:10.965  1070  1102 V WindowManager: Unknown focus tokens, dropping reportFocusChanged
06-25 18:58:10.968  1070  6681 W ActivityManager: setIsForegroundPanelService: ComponentInfo{com.oculus.vrshell/com.oculus.panelapp.theaterscreen.TheaterScreenPanelService} not found
06-25 18:58:10.968  1070  6681 W ActivityManager: setIsForegroundPanelService: ComponentInfo{com.oculus.vrshell/com.oculus.panelapp.shellhomeux.ShellHomeUXPanelService} not found
06-25 18:58:10.973  1070  6681 I DisplayDeviceRepository: Display device removed: DisplayDeviceInfo{"com.oculus.android_panel_app.AndroidPanelLayer-#main": uniqueId="virtual:com.oculus.systemux,10028,com.oculus.android_panel_app.AndroidPanelLayer-#main,3", 375 x 188, modeId 146, defaultModeId 146, supportedModes [{id=146, width=375, height=188, fps=60.0, alternativeRefreshRates=[]}], colorMode 0, supportedColorModes [0], hdrCapabilities null, allmSupported false, gameContentTypeSupported false, density 200, 200.0 x 200.0 dpi, appVsyncOff 0, presDeadline 16666666, touch NONE, rotation 0, type VIRTUAL, deviceProductInfo null, state ON, owner com.oculus.systemux (uid 10028), frameRateOverride , brightnessMinimum 0.0, brightnessMaximum 0.0, brightnessDefault 0.0, FLAG_PRIVATE, FLAG_NEVER_BLANK, FLAG_OWN_CONTENT_ONLY}
06-25 18:58:10.974  1070  6681 I LogicalDisplayMapper: Removing display: 69
06-25 18:58:11.080 17199 17199 D wlan    : [17199:IH:DP] bbm_request_bus_bandwidth: Bus bandwidth vote level change from 1 to 0 pld_vote: 0
06-25 18:58:11.174   642  1037 E FrameSetCollator: [worldTracking] 30 FrameSets had unexpected timestamps (over 1000.04s). Ex: slot 0 7474144.156ms -> 7474177.488ms (observed period: 33.332ms, expected period: 16.666ms (16.666ms))
06-25 18:58:11.390  1070  6682 W WindowManager: Failed looking up window session=Session{e04726a 18449:u0a10007} callers=com.android.server.wm.WindowManagerService.windowForClientLocked:5848 com.android.server.wm.Session.updateRequestedVisibilities:640 android.view.IWindowSession$Stub.onTransact:1184 
06-25 18:58:11.737     0     0 W audit   : audit_lost=39 audit_rate_limit=5 audit_backlog_limit=64
06-25 18:58:11.737     0     0 E audit   : rate limit exceeded
06-25 18:58:11.871 17347 17347 D wlan    : [17347:IH:DP] bbm_request_bus_bandwidth: Bus bandwidth vote level change from 0 to 1 pld_vote: 1
06-25 18:58:12.174   642  1037 E FrameSetCollator: [worldTracking] 30 FrameSets had unexpected timestamps (over 1000.11s). Ex: slot 0 7475144.116ms -> 7475177.448ms (observed period: 33.332ms, expected period: 16.666ms (16.666ms))
06-25 18:58:12.400  1070  1296 W ActivityManager: Permission Denial: Accessing service com.oculus.vrshell/.ShellService from pid=18449, uid=10007 requires com.oculus.vrshell.OVERLAY_HOST
06-25 18:58:12.405  1070  1296 W ActivityManager: Unable to start service Intent { cmp=com.oculus.guardian/com.oculus.vrguardianservice.VrGuardianService } U=0: not found
06-25 18:58:12.406  1070  1296 W ActivityManager: Unable to start service Intent { cmp=com.oculus.guardian/com.oculus.vrguardianservice.VrGuardianUserService } U=0: not found
06-25 18:58:12.731  1070  1296 E ThermalManagerService: No threshold found for pcb1-usr
06-25 18:58:12.731  1070  1296 E ThermalManagerService: No threshold found for pcb2-usr
06-25 18:58:12.731  1070  1296 E ThermalManagerService: No threshold found for pcb3-usr
06-25 18:58:12.731  1070  1296 E ThermalManagerService: No threshold found for rf-usr
06-25 18:58:12.731  1070  1296 E ThermalManagerService: No threshold found for cam0-usr
06-25 18:58:12.731  1070  1296 E ThermalManagerService: No threshold found for cam1-usr
06-25 18:58:12.731  1070  1296 E ThermalManagerService: No threshold found for cam2-usr
06-25 18:58:12.731  1070  1296 E ThermalManagerService: No threshold found for cam3-usr
06-25 18:58:12.731  1070  1296 E ThermalManagerService: No threshold found for cam4-usr
06-25 18:58:12.731  1070  1296 E ThermalManagerService: No threshold found for cam5-usr
06-25 18:58:12.731  1070  1296 E ThermalManagerService: No threshold found for disp-virt
06-25 18:58:12.731  1070  1296 E ThermalManagerService: No threshold found for pogo-usr
06-25 18:58:12.921     0     0 I logd    : logdr: UID=2000 GID=2000 PID=18623 b tail=0 logMask=10099 pid=0 start=0ns deadline=0ns
06-25 18:58:13.114  1070  1880 E TaskPersister: File error accessing recents directory (directory doesn't exist?).
06-25 18:58:13.174   642  1037 E FrameSetCollator: [worldTracking] 30 FrameSets had unexpected timestamps (over 1000.14s). Ex: slot 0 7476144.076ms -> 7476177.408ms (observed period: 33.332ms, expected period: 16.666ms (16.666ms))
06-25 18:58:14.188   642  1037 E FrameSetCollator: [worldTracking] 31 FrameSets had unexpected timestamps (over 1013.34s). Ex: slot 1 7477177.368ms -> 7477194.034ms (observed period: 16.666ms, expected period: 16.666ms (16.666ms))
06-25 18:58:14.389  1070  1296 W ActivityManager: Unable to start service Intent { act=FOREGROUND_CLIENT cmp=com.oculus.guardian/com.oculus.vrguardianservice.VrGuardianUserService (has extras) } U=0: not found
06-25 18:58:14.405  1070  4878 W ActivityManager: Unable to start service Intent { act=FOREGROUND_CLIENT cmp=com.oculus.guardian/com.oculus.vrguardianservice.VrGuardianUserService (has extras) } U=0: not found
06-25 18:58:14.422   843   983 D TrackingService: getSharedMemory: com.YourCompany.Metaverse_Game1, HEAD_TRACKER
06-25 18:58:14.434   843   983 D TrackingService: getSharedMemory: com.YourCompany.Metaverse_Game1, CONTROLLER
06-25 18:58:14.437  1070  1296 E ThermalManagerService: No threshold found for pcb1-usr
06-25 18:58:14.437  1070  1296 E ThermalManagerService: No threshold found for pcb2-usr
06-25 18:58:14.437  1070  1296 E ThermalManagerService: No threshold found for pcb3-usr
06-25 18:58:14.437  1070  1296 E ThermalManagerService: No threshold found for rf-usr
06-25 18:58:14.437  1070  1296 E ThermalManagerService: No threshold found for cam0-usr
06-25 18:58:14.437  1070  1296 E ThermalManagerService: No threshold found for cam1-usr
06-25 18:58:14.437  1070  1296 E ThermalManagerService: No threshold found for cam2-usr
06-25 18:58:14.437  1070  1296 E ThermalManagerService: No threshold found for cam3-usr
06-25 18:58:14.437  1070  1296 E ThermalManagerService: No threshold found for cam4-usr
06-25 18:58:14.437  1070  1296 E ThermalManagerService: No threshold found for cam5-usr
06-25 18:58:14.437  1070  1296 E ThermalManagerService: No threshold found for disp-virt
06-25 18:58:14.437  1070  1296 E ThermalManagerService: No threshold found for pogo-usr
06-25 18:58:15.188   642  1037 E FrameSetCollator: [worldTracking] 30 FrameSets had unexpected timestamps (over 1000.05s). Ex: slot 1 7478177.328ms -> 7478193.994ms (observed period: 16.666ms, expected period: 16.666ms (16.666ms))
06-25 18:58:15.440  1070  4878 E ThermalManagerService: No threshold found for pcb1-usr
06-25 18:58:15.440  1070  4878 E ThermalManagerService: No threshold found for pcb2-usr
06-25 18:58:15.440  1070  4878 E ThermalManagerService: No threshold found for pcb3-usr
06-25 18:58:15.440  1070  4878 E ThermalManagerService: No threshold found for rf-usr
06-25 18:58:15.440  1070  4878 E ThermalManagerService: No threshold found for cam0-usr
06-25 18:58:15.440  1070  4878 E ThermalManagerService: No threshold found for cam1-usr
06-25 18:58:15.440  1070  4878 E ThermalManagerService: No threshold found for cam2-usr
06-25 18:58:15.440  1070  4878 E ThermalManagerService: No threshold found for cam3-usr
06-25 18:58:15.440  1070  4878 E ThermalManagerService: No threshold found for cam4-usr
06-25 18:58:15.440  1070  4878 E ThermalManagerService: No threshold found for cam5-usr
06-25 18:58:15.440  1070  4878 E ThermalManagerService: No threshold found for disp-virt
06-25 18:58:15.440  1070  4878 E ThermalManagerService: No threshold found for pogo-usr
06-25 18:58:16.241   642  1037 E FrameSetCollator: [worldTracking] 31 FrameSets had unexpected timestamps (over 1052.88s). Ex: slot 0 7479210.620ms -> 7479243.952ms (observed period: 33.332ms, expected period: 16.666ms (16.666ms))
06-25 18:58:16.449  1070  4878 E ThermalManagerService: No threshold found for pcb1-usr
06-25 18:58:16.449  1070  4878 E ThermalManagerService: No threshold found for pcb2-usr
06-25 18:58:16.449  1070  4878 E ThermalManagerService: No threshold found for pcb3-usr
06-25 18:58:16.449  1070  4878 E ThermalManagerService: No threshold found for rf-usr
06-25 18:58:16.449  1070  4878 E ThermalManagerService: No threshold found for cam0-usr
06-25 18:58:16.449  1070  4878 E ThermalManagerService: No threshold found for cam1-usr
06-25 18:58:16.449  1070  4878 E ThermalManagerService: No threshold found for cam2-usr
06-25 18:58:16.449  1070  4878 E ThermalManagerService: No threshold found for cam3-usr
06-25 18:58:16.449  1070  4878 E ThermalManagerService: No threshold found for cam4-usr
06-25 18:58:16.449  1070  4878 E ThermalManagerService: No threshold found for cam5-usr
06-25 18:58:16.449  1070  4878 E ThermalManagerService: No threshold found for disp-virt
06-25 18:58:16.449  1070  4878 E ThermalManagerService: No threshold found for pogo-usr
06-25 18:58:16.656 17347 17347 D wlan    : [17347:IH:HIF] hif_rtpm_display_last_busy_hist: RTPM last busy ts:143773418437 client:HIF_RTPM_DP from:dp_service_srngs [wlan]
06-25 18:58:16.656 17347 17347 D wlan    : [17347:IH:HIF] hif_rtpm_display_last_busy_hist: RTPM client:HIF_RTPM_DP busy_ts:143773412685 get_ts:143773418297 put_ts:143773418437 get_cnt:51671 put_cnt:51671
06-25 18:58:16.656 17347 17347 D wlan    : [17347:IH:HIF] hif_rtpm_display_last_busy_hist: RTPM client:HIF_RTPM_CE busy_ts:143764331380 get_ts:0 put_ts:0 get_cnt:0 put_cnt:0
06-25 18:58:16.656 17347 17347 D wlan    : [17347:IH:HIF] hif_rtpm_display_last_busy_hist: RTPM CE-1 last busy_cnt:2 cur_idx:2 ts1:338409256 ts2:0 ts3:0 ts4:0
06-25 18:58:16.656 17347 17347 D wlan    : [17347:IH:HIF] hif_rtpm_display_last_busy_hist: RTPM CE-2 last busy_cnt:88208 cur_idx:88208 ts1:143764331379 ts2:143764305732 ts3:143764314346 ts4:143764323166
06-25 18:58:16.656 17347 17347 D wlan    : [17347:IH:HIF] hif_rtpm_display_last_busy_hist: RTPM CE-7 last busy_cnt:0 cur_idx:0 ts1:0 ts2:0 ts3:0 ts4:0
06-25 18:58:16.656 17347 17347 D wlan    : [17347:IH:DP] wlan_dp_display_txrx_stats: dp_intf: 0
06-25 18:58:16.656 17347 17347 D wlan    : [17347:IH:DP] wlan_dp_display_txrx_stats: Tx CPU[0]: called 28202, dropped 0, orphaned 7934
06-25 18:58:16.656 17347 17347 D wlan    : [17347:IH:DP] wlan_dp_display_txrx_stats: Tx CPU[1]: called 29738, dropped 0, orphaned 8059
06-25 18:58:16.656 17347 17347 D wlan    : [17347:IH:DP] wlan_dp_display_txrx_stats: Tx CPU[2]: called 10103, dropped 0, orphaned 2767
06-25 18:58:16.656 17347 17347 D wlan    : [17347:IH:DP] wlan_dp_display_txrx_stats: Tx CPU[3]: called 6685, dropped 0, orphaned 1190
06-25 18:58:16.656 17347 17347 D wlan    : [17347:IH:DP] wlan_dp_display_txrx_stats: Tx CPU[4]: called 6303, dropped 0, orphaned 1355
06-25 18:58:16.656 17347 17347 D wlan    : [17347:IH:DP] wlan_dp_display_txrx_stats: Tx CPU[5]: called 6287, dropped 0, orphaned 1339
06-25 18:58:16.656 17347 17347 D wlan    : [17347:IH:DP] wlan_dp_display_txrx_stats: TX - called 87318, dropped 0 orphan 22644
06-25 18:58:16.656 17347 17347 D wlan    : [17347:IH:DP] wlan_dp_display_txrx_stats: Rx CPU[0]: packets 189689, dropped 0, delivered 189682, refused 0
06-25 18:58:16.656 17347 17347 D wlan    : [17347:IH:DP] wlan_dp_display_txrx_stats: Rx CPU[1]: packets 205249, dropped 0, delivered 205242, refused 0
06-25 18:58:16.656 17347 17347 D wlan    : [17347:IH:DP] wlan_dp_display_txrx_stats: Rx CPU[2]: packets 76770, dropped 0, delivered 76769, refused 0
06-25 18:58:16.656 17347 17347 D wlan    : [17347:IH:DP] wlan_dp_display_txrx_stats: Rx CPU[3]: packets 56486, dropped 0, delivered 56486, refused 0
06-25 18:58:16.656 17347 17347 D wlan    : [17347:IH:DP] wlan_dp_display_txrx_stats: Rx CPU[4]: packets 50346, dropped 0, delivered 50346, refused 0
06-25 18:58:16.656 17347 17347 D wlan    : [17347:IH:DP] wlan_dp_display_txrx_stats: Rx CPU[5]: packets 52663, dropped 0, delivered 52663, refused 0
06-25 18:58:16.656 17347 17347 D wlan    : [17347:IH:DP] wlan_dp_display_txrx_stats: RX - packets 631203, dropped 0, unsol_arp_mcast_drp 15, delivered 631188, refused 0 GRO - agg 629624 drop 0 non-agg 1559 flush_skip 0 low_tput_flush 0 disabled(conc 0 low-tput 1)
06-25 18:58:16.656 17347 17347 D wlan    : [17347:IH:DP] dp_rx_tm_thread_dump_stats: thread:0 - qlen:0 queued:(total:113749 reo[0]:113749 ) dequeued:113749 stack:113749 gro_flushes: 8614 gro_flushes_by_vdev_del: 0 rx_flushes: 0 max_len:92 invalid(peer:0 vdev:0 rx-handle:0 others:0 enq fail:0)
06-25 18:58:16.656 17347 17347 D wlan    : [17347:IH:DP] dp_rx_tm_thread_dump_stats: thread:1 - qlen:0 queued:(total:126692 reo[1]:126692 ) dequeued:126692 stack:126692 gro_flushes: 10223 gro_flushes_by_vdev_del: 0 rx_flushes: 0 max_len:95 invalid(peer:0 vdev:0 rx-handle:0 others:0 enq fail:0)
06-25 18:58:16.656 17347 17347 D wlan    : [17347:IH:DP] dp_rx_tm_thread_dump_stats: thread:2 - qlen:0 queued:(total:155251 reo[2]:155251 ) dequeued:155251 stack:155251 gro_flushes: 10073 gro_flushes_by_vdev_del: 0 rx_flushes: 0 max_len:123 invalid(peer:0 vdev:0 rx-handle:0 others:0 enq fail:0)
06-25 18:58:16.656 17347 17347 D wlan    : [17347:IH:DP] dp_rx_tm_thread_dump_stats: thread:3 - qlen:0 queued:(total:235518 reo[3]:235518 ) dequeued:235518 stack:235518 gro_flushes: 17188 gro_flushes_by_vdev_del: 0 rx_flushes: 0 max_len:256 invalid(peer:0 vdev:0 rx-handle:0 others:0 enq fail:0)
06-25 18:58:16.656 17347 17347 D wlan    : [17347:IH:DP] Reo packets per ring:
06-25 18:58:16.656 17347 17347 D wlan    : [17347:IH:DP] Packets on ring 0:
06-25 18:58:16.656 17347 17347 D wlan    : [17347:IH:DP] Packets arriving on core 0: 113749
06-25 18:58:16.656 17347 17347 D wlan    : [17347:IH:DP] Total packets on ring 0: 113749
06-25 18:58:16.656 17347 17347 D wlan    : [17347:IH:DP] Packets on ring 1:
06-25 18:58:16.656 17347 17347 D wlan    : [17347:IH:DP] Packets arriving on core 0: 2088
06-25 18:58:16.656 17347 17347 D wlan    : [17347:IH:DP] Packets arriving on core 1: 34356
06-25 18:58:16.656 17347 17347 D wlan    : [17347:IH:DP] Packets arriving on core 2: 88624
06-25 18:58:16.656 17347 17347 D wlan    : [17347:IH:DP] Packets arriving on core 3: 1624
06-25 18:58:16.656 17347 17347 D wlan    : [17347:IH:DP] Total packets on ring 1: 126692
06-25 18:58:16.656 17347 17347 D wlan    : [17347:IH:DP] Packets on ring 2:
06-25 18:58:16.656 17347 17347 D wlan    : [17347:IH:DP] Packets arriving on core 0: 2067
06-25 18:58:16.656 17347 17347 D wlan    : [17347:IH:DP] Packets arriving on core 1: 8381
06-25 18:58:16.656 17347 17347 D wlan    : [17347:IH:DP] Packets arriving on core 2: 96762
06-25 18:58:16.656 17347 17347 D wlan    : [17347:IH:DP] Packets arriving on core 3: 48041
06-25 18:58:16.656 17347 17347 D wlan    : [17347:IH:DP] Total packets on ring 2: 155251
06-25 18:58:16.656 17347 17347 D wlan    : [17347:IH:DP] Packets on ring 3:
06-25 18:58:16.656 17347 17347 D wlan    : [17347:IH:DP] Packets arriving on core 0: 2180
06-25 18:58:16.656 17347 17347 D wlan    : [17347:IH:DP] Packets arriving on core 1: 1130
06-25 18:58:16.656 17347 17347 D wlan    : [17347:IH:DP] Packets arriving on core 2: 155964
06-25 18:58:16.656 17347 17347 D wlan    : [17347:IH:DP] Packets arriving on core 3: 76244
06-25 18:58:16.656 17347 17347 D wlan    : [17347:IH:DP] Total packets on ring 3: 235518
06-25 18:58:16.656 17347 17347 D wlan    : [17347:IH:DP] Packets on ring 4:
06-25 18:58:16.656 17347 17347 D wlan    : [17347:IH:DP] Total packets on ring 4: 0
06-25 18:58:16.656 17347 17347 D wlan    : [17347:IH:DP] Packets on ring 5:
06-25 18:58:16.656 17347 17347 D wlan    : [17347:IH:DP] Total packets on ring 5: 0
06-25 18:58:16.656 17347 17347 D wlan    : [17347:IH:DP] Packets on ring 6:
06-25 18:58:16.656 17347 17347 D wlan    : [17347:IH:DP] Total packets on ring 6: 0
06-25 18:58:16.656 17347 17347 D wlan    : [17347:IH:DP] Packets on ring 7:
06-25 18:58:16.656 17347 17347 D wlan    : [17347:IH:DP] Total packets on ring 7: 0
06-25 18:58:16.656 17347 17347 D wlan    : [17347:IH:HIF] NAPI[#]CPU[#] |scheds |polls  |comps  |dones  |t-lim  |max(us)|hist(500us buckets)
06-25 18:58:16.656 17347 17347 D wlan    : [17347:IH:HIF] NAPI[0]CPU[0]:    1557    1557    1557    5001       0     167 1557|0|0|0|
06-25 18:58:16.656 17347 17347 D wlan    : [17347:IH:HIF] NAPI[0]CPU[1]:    2441    2441    2441    8049       0     300 2441|0|0|0|
06-25 18:58:16.656 17347 17347 D wlan    : [17347:IH:HIF] NAPI[0]CPU[2]:    9370    9370    9370   25530       0     450 9370|0|0|0|
06-25 18:58:16.656 17347 17347 D wlan    : [17347:IH:HIF] NAPI[0]CPU[3]:    5867    5867    5867   23055       0     546 5866|1|0|0|
06-25 18:58:16.656 17347 17347 D wlan    : [17347:IH:HIF] NAPI[1]CPU[0]:    9169    9170    9169  113749       1     683 9169|1|0|0|
06-25 18:58:16.656 17347 17347 D wlan    : [17347:IH:HIF] NAPI[2]CPU[0]:     635     635     635    2088       0     255 635|0|0|0|
06-25 18:58:16.656 17347 17347 D wlan    : [17347:IH:HIF] NAPI[2]CPU[1]:    2563    2563    2563   34356       0     460 2563|0|0|0|
06-25 18:58:16.656 17347 17347 D wlan    : [17347:IH:HIF] NAPI[2]CPU[2]:    7039    7041    7039   88624       2     550 7037|4|0|0|
06-25 18:58:16.656 17347 17347 D wlan    : [17347:IH:HIF] NAPI[2]CPU[3]:     883     883     883    1624       0     338 883|0|0|0|
06-25 18:58:16.656 17347 17347 D wlan    : [17347:IH:HIF] NAPI[3]CPU[0]:    1604    1604    1604    4247       0     341 1604|0|0|0|
06-25 18:58:16.656 17347 17347 D wlan    : [17347:IH:HIF] NAPI[3]CPU[1]:    1420    1420    1420    9511       0     384 1420|0|0|0|
06-25 18:58:16.656 17347 17347 D wlan    : [17347:IH:HIF] NAPI[3]CPU[2]:   19679   19682   19679  252726       3     566 19676|6|0|0|
06-25 18:58:16.656 17347 17347 D wlan    : [17347:IH:HIF] NAPI[3]CPU[3]:    7079    7090    7079  124285      11     586 7073|17|0|0|
06-25 18:58:16.656 17347 17347 D wlan    : [17347:IH:HIF] NAPI[4]CPU[0]:    1250    1250    1250    3831       0     178 1250|0|0|0|
06-25 18:58:16.656 17347 17347 D wlan    : [17347:IH:HIF] NAPI[4]CPU[1]:    2318    2318    2318   19605       0     332 2318|0|0|0|
06-25 18:58:16.656 17347 17347 D wlan    : [17347:IH:HIF] NAPI[4]CPU[2]:    9149    9149    9149   23009       0     498 9149|0|0|0|
06-25 18:58:16.656 17347 17347 D wlan    : [17347:IH:HIF] NAPI[4]CPU[3]:    1937    1937    1937    4430       0     400 1937|0|0|0|
06-25 18:58:16.656 17347 17347 D wlan    : [17347:IH:HIF] NAPI[6]CPU[0]:      44      44      44       0       0      46 44|0|0|0|
06-25 18:58:16.656 17347 17347 D wlan    : [17347:IH:HIF] NAPI[6]CPU[4]:     161     161     161     256       0     169 161|0|0|0|
06-25 18:58:16.656 17347 17347 D wlan    : [17347:IH:DP] Tx path Statistics:
06-25 18:58:16.656 17347 17347 D wlan    : [17347:IH:DP] from stack: 112505 msdus (58506790 bytes)
06-25 18:58:16.656 17347 17347 D wlan    : [17347:IH:DP] processed from host: 112475 msdus (7725822 bytes)
06-25 18:58:16.656 17347 17347 D wlan    : [17347:IH:DP] successfully transmitted: 112509 msdus (60170626 bytes)
06-25 18:58:16.656 17347 17347 D wlan    : [17347:IH:DP] Enqueue to SW2TCL1: 42922
06-25 18:58:16.656 17347 17347 D wlan    : [17347:IH:DP] TX completions reaped from ring 0: 61635
06-25 18:58:16.656 17347 17347 D wlan    : [17347:IH:DP] Enqueue to SW2TCL2: 18713
06-25 18:58:16.656 17347 17347 D wlan    : [17347:IH:DP] TX completions reaped from ring 1: 0
06-25 18:58:16.656 17347 17347 D wlan    : [17347:IH:DP] Enqueue to SW2TCL3: 50875
06-25 18:58:16.656 17347 17347 D wlan    : [17347:IH:DP] TX completions reaped from ring 2: 50875
06-25 18:58:16.656 17347 17347 D wlan    : [17347:IH:DP] Invalid release source: 0
06-25 18:58:16.656 17347 17347 D wlan    : [17347:IH:DP] Invalid TX desc from completion ring: 0
06-25 18:58:16.656 17347 17347 D wlan    : [17347:IH:DP] Dropped in host:
06-25 18:58:16.656 17347 17347 D wlan    : [17347:IH:DP] Total packets dropped: 0,
06-25 18:58:16.656 17347 17347 D wlan    : [17347:IH:DP] Descriptor not available: 0
06-25 18:58:16.656 17347 17347 D wlan    : [17347:IH:DP] Ring full: 0
06-25 18:58:16.656 17347 17347 D wlan    : [17347:IH:DP] Enqueue fail: 0
06-25 18:58:16.656 17347 17347 D wlan    : [17347:IH:DP] Pkt dropped in vdev-id check: 0
06-25 18:58:16.656 17347 17347 D wlan    : [17347:IH:DP] DMA Error: 0
06-25 18:58:16.656 17347 17347 D wlan    : [17347:IH:DP] Drop Ingress: 0
06-25 18:58:16.656 17347 17347 D wlan    : [17347:IH:DP] Dropped in hardware:
06-25 18:58:16.656 17347 17347 D wlan    : [17347:IH:DP] total packets dropped: 0
06-25 18:58:16.656 17347 17347 D wlan    : [17347:IH:DP] mpdu age out: 0
06-25 18:58:16.656 17347 17347 D wlan    : [17347:IH:DP] firmware removed packets: 0 (0 bytes)
06-25 18:58:16.656 17347 17347 D wlan    : [17347:IH:DP] firmware removed tx: 0
06-25 18:58:16.656 17347 17347 D wlan    : [17347:IH:DP] firmware removed notx 0
06-25 18:58:16.656 17347 17347 D wlan    : [17347:IH:DP] Invalid peer on tx path: 0
06-25 18:58:16.656 17347 17347 D wlan    : [17347:IH:DP] Tx desc freed in non-completion path: 0
06-25 18:58:16.656 17347 17347 D wlan    : [17347:IH:DP] Tx desc force freed: 0
06-25 18:58:16.656 17347 17347 D wlan    : [17347:IH:DP] Tx packets sent per interrupt:
06-25 18:58:16.656 17347 17347 D wlan    : [17347:IH:DP] Single Packet: 12409
06-25 18:58:16.656 17347 17347 D wlan    : [17347:IH:DP] 2-20 Packets:  16300
06-25 18:58:16.656 17347 17347 D wlan    : [17347:IH:DP] 21-40 Packets: 411
06-25 18:58:16.656 17347 17347 D wlan    : [17347:IH:DP] 41-60 Packets: 73
06-25 18:58:16.656 17347 17347 D wlan    : [17347:IH:DP] 61-80 Packets: 45
06-25 18:58:16.656 17347 17347 D wlan    : [17347:IH:DP] 81-100 Packets: 10
06-25 18:58:16.656 17347 17347 D wlan    : [17347:IH:DP] 101-200 Packets: 12
06-25 18:58:16.656 17347 17347 D wlan    : [17347:IH:DP]     201+ Packets: 0
06-25 18:58:16.656 17347 17347 D wlan    : [17347:IH:DP] Rx path statistics
06-25 18:58:16.656 17347 17347 D wlan    : [17347:IH:DP] delivered 631203 msdus ( 864310155 bytes),
06-25 18:58:16.656 17347 17347 D wlan    : [17347:IH:DP] received on reo[0] 113749 msdus( 154960371 bytes),
06-25 18:58:16.656 17347 17347 D wlan    : [17347:IH:DP] received on reo[1] 126692 msdus( 167508851 bytes),
06-25 18:58:16.656 17347 17347 D wlan    : [17347:IH:DP] received on reo[2] 155251 msdus( 214003098 bytes),
06-25 18:58:16.656 17347 17347 D wlan    : [17347:IH:DP] received on reo[3] 235518 msdus( 327843949 bytes),
06-25 18:58:16.656 17347 17347 D wlan    : [17347:IH:DP] received on lmac[0] 0 msdus (0 bytes),
06-25 18:58:16.656 17347 17347 D wlan    : [17347:IH:DP] received on lmac[1] 0 msdus (0 bytes),
06-25 18:58:16.656 17347 17347 D wlan    : [17347:IH:DP] intra-bss packets 0 msdus ( 0 bytes),
06-25 18:58:16.656 17347 17347 D wlan    : [17347:IH:DP] intra-bss fails 0 msdus ( 0 bytes),
06-25 18:58:16.656 17347 17347 D wlan    : [17347:IH:DP] intra-bss no mdns fwds 0 msdus
06-25 18:58:16.656 17347 17347 D wlan    : [17347:IH:DP] intra-bss EAPOL drops: 0
06-25 18:58:16.656 17347 17347 D wlan    : [17347:IH:DP] raw packets 0 msdus ( 0 bytes),
06-25 18:58:16.656 17347 17347 D wlan    : [17347:IH:DP] mic errors 11882
06-25 18:58:16.656 17347 17347 D wlan    : [17347:IH:DP] Invalid peer on rx path: 0
06-25 18:58:16.656 17347 17347 D wlan    : [17347:IH:DP] sw_peer_id invalid 0
06-25 18:58:16.656 17347 17347 D wlan    : [17347:IH:DP] packet_len invalid 0
06-25 18:58:16.656 17347 17347 D wlan    : [17347:IH:DP] sa or da idx invalid 0
06-25 18:58:16.656 17347 17347 D wlan    : [17347:IH:DP] defrag peer uninit 0
06-25 18:58:16.656 17347 17347 D wlan    : [17347:IH:DP] pkts delivered no peer 0
06-25 18:58:16.656 17347 17347 D wlan    : [17347:IH:DP] RX invalid cookie: 0
06-25 18:58:16.656 17347 17347 D wlan    : [17347:IH:DP] RX stale cookie: 0
06-25 18:58:16.656 17347 17347 D wlan    : [17347:IH:DP] 2k jump delba sent: 0
06-25 18:58:16.656 17347 17347 D wlan    : [17347:IH:DP] 2k jump msdu to stack: 0
06-25 18:58:16.656 17347 17347 D wlan    : [17347:IH:DP] 2k jump msdu drop: 0
06-25 18:58:16.656 17347 17347 D wlan    : [17347:IH:DP] REO err oor msdu to stack 0
06-25 18:58:16.656 17347 17347 D wlan    : [17347:IH:DP] REO err oor msdu drop: 256
06-25 18:58:16.656 17347 17347 D wlan    : [17347:IH:DP] Rx err msdu rejected: 0
06-25 18:58:16.656 17347 17347 D wlan    : [17347:IH:DP] Rx raw frame dropped: 0
06-25 18:58:16.656 17347 17347 D wlan    : [17347:IH:DP] Rx stale link desc cookie: 0
06-25 18:58:16.656 17347 17347 D wlan    : [17347:IH:DP] Rx nbuf sanity fails: 0
06-25 18:58:16.656 17347 17347 D wlan    : [17347:IH:DP] Rx refill duplicate link desc: 0
06-25 18:58:16.656 17347 17347 D wlan    : [17347:IH:DP] Rx ipa smmu map duplicate: 0
06-25 18:58:16.656 17347 17347 D wlan    : [17347:IH:DP] Rx ipa smmu unmap duplicate: 0
06-25 18:58:16.656 17347 17347 D wlan    : [17347:IH:DP] Rx ipa smmu unmap no pipes: 0
06-25 18:58:16.656 17347 17347 D wlan    : [17347:IH:DP] PN-in-Dest error frame pn-check fail: 0
06-25 18:58:16.656 17347 17347 D wlan    : [17347:IH:DP] Reo Statistics
06-25 18:58:16.656 17347 17347 D wlan    : [17347:IH:DP] near_full: 0
06-25 18:58:16.656 17347 17347 D wlan    : [17347:IH:DP] rbm error: 0 msdus
06-25 18:58:16.656 17347 17347 D wlan    : [17347:IH:DP] hal ring access fail: 0 msdus
06-25 18:58:16.656 17347 17347 D wlan    : [17347:IH:DP] hal ring access full fail: 0 msdus
06-25 18:58:16.656 17347 17347 D wlan    : [17347:IH:DP] Rx BAR frames:0
06-25 18:58:16.656 17347 17347 D wlan    : [17347:IH:DP] Reo error number (7): 134 msdus
06-25 18:58:16.656 17347 17347 D wlan    : [17347:IH:DP] Rx packets reaped per interrupt:
06-25 18:58:16.656 17347 17347 D wlan    : [17347:IH:DP] Single Packet: 8663
06-25 18:58:16.656 17347 17347 D wlan    : [17347:IH:DP] 2-20 Packets:  28064
06-25 18:58:16.656 17347 17347 D wlan    : [17347:IH:DP] 21-40 Packets: 8572
06-25 18:58:16.656 17347 17347 D wlan    : [17347:IH:DP] 41-60 Packets: 1800
06-25 18:58:16.656 17347 17347 D wlan    : [17347:IH:DP] 61-80 Packets: 203
06-25 18:58:16.656 17347 17347 D wlan    : [17347:IH:DP] 81-100 Packets: 68
06-25 18:58:16.656 17347 17347 D wlan    : [17347:IH:DP] 101-200 Packets: 55
06-25 18:58:16.656 17347 17347 D wlan    : [17347:IH:DP]    201+ Packets: 6
06-25 18:58:16.656 17347 17347 D wlan    : [17347:IH:DP] dp_txrx_path_stats: tso_enable: 1 lro_enable: 0 rx_hash: 1 napi_enable: 1
06-25 18:58:16.656 17347 17347 D wlan    : [17347:IH:DP] dp_txrx_path_stats: Tx flow stop queue: 15 tx flow start queue offset: 10
06-25 18:58:16.656 17347 17347 D wlan    : [17347:IH:DP] dp_print_soc_interrupt_stats:  0[450] - Total:19235 tx_comps[0]:16748
06-25 18:58:16.656 17347 17347 D wlan    : [17347:IH:DP] dp_print_soc_interrupt_stats:  1[451] - Total:9170 reo[0]:8783
06-25 18:58:16.656 17347 17347 D wlan    : [17347:IH:DP] dp_print_soc_interrupt_stats:  2[452] - Total:11122 reo[1]:10503
06-25 18:58:16.656 17347 17347 D wlan    : [17347:IH:DP] dp_print_soc_interrupt_stats:  3[453] - Total:29796 reo[2]:10545 reo[3]:17601
06-25 18:58:16.656 17347 17347 D wlan    : [17347:IH:DP] dp_print_soc_interrupt_stats:  4[454] - Total:14654 tx_comps[2]:12512
06-25 18:58:16.656 17347 17347 D wlan    : [17347:IH:DP] dp_print_soc_interrupt_stats:  6[456] - Total:205 reo_err:48 wbm_rx_err:0 rxdma2_host_err:0
06-25 18:58:16.656 17347 17347 D wlan    : [17347:IH:DP] vdev_id: 0 Per TID Delay Non-Zero Stats:
06-25 18:58:16.656 17347 17347 D wlan    : [17347:IH:DP] Hardware Tx completion latency stats TID: 0
06-25 18:58:16.656 17347 17347 D wlan    : [17347:IH:DP] Min = 0
06-25 18:58:16.656 17347 17347 D wlan    : [17347:IH:DP] Max = 0
06-25 18:58:16.656 17347 17347 D wlan    : [17347:IH:DP] Avg = 0
06-25 18:58:16.656 17347 17347 D wlan    : [17347:IH:DP] Hardware Tx completion latency stats TID: 1
06-25 18:58:16.656 17347 17347 D wlan    : [17347:IH:DP] Min = 0
06-25 18:58:16.656 17347 17347 D wlan    : [17347:IH:DP] Max = 0
06-25 18:58:16.656 17347 17347 D wlan    : [17347:IH:DP] Avg = 0
06-25 18:58:16.656 17347 17347 D wlan    : [17347:IH:DP] Hardware Tx completion latency stats TID: 2
06-25 18:58:16.656 17347 17347 D wlan    : [17347:IH:DP] Min = 0
06-25 18:58:16.656 17347 17347 D wlan    : [17347:IH:DP] Max = 0
06-25 18:58:16.656 17347 17347 D wlan    : [17347:IH:DP] Avg = 0
06-25 18:58:16.656 17347 17347 D wlan    : [17347:IH:DP] Hardware Tx completion latency stats TID: 3
06-25 18:58:16.656 17347 17347 D wlan    : [17347:IH:DP] Min = 0
06-25 18:58:16.656 17347 17347 D wlan    : [17347:IH:DP] Max = 0
06-25 18:58:16.656 17347 17347 D wlan    : [17347:IH:DP] Avg = 0
06-25 18:58:16.656 17347 17347 D wlan    : [17347:IH:DP] Hardware Tx completion latency stats TID: 4
06-25 18:58:16.656 17347 17347 D wlan    : [17347:IH:DP] Min = 0
06-25 18:58:16.656 17347 17347 D wlan    : [17347:IH:DP] Max = 0
06-25 18:58:16.656 17347 17347 D wlan    : [17347:IH:DP] Avg = 0
06-25 18:58:16.656 17347 17347 D wlan    : [17347:IH:DP] Hardware Tx completion latency stats TID: 5
06-25 18:58:16.656 17347 17347 D wlan    : [17347:IH:DP] Min = 0
06-25 18:58:16.656 17347 17347 D wlan    : [17347:IH:DP] Max = 0
06-25 18:58:16.656 17347 17347 D wlan    : [17347:IH:DP] Avg = 0
06-25 18:58:16.656 17347 17347 D wlan    : [17347:IH:DP] Hardware Tx completion latency stats TID: 6
06-25 18:58:16.656 17347 17347 D wlan    : [17347:IH:DP] Min = 0
06-25 18:58:16.656 17347 17347 D wlan    : [17347:IH:DP] Max = 0
06-25 18:58:16.656 17347 17347 D wlan    : [17347:IH:DP] Avg = 0
06-25 18:58:16.656 17347 17347 D wlan    : [17347:IH:DP] Hardware Tx completion latency stats TID: 7
06-25 18:58:16.656 17347 17347 D wlan    : [17347:IH:DP] Min = 0
06-25 18:58:16.656 17347 17347 D wlan    : [17347:IH:DP] Max = 0
06-25 18:58:16.656 17347 17347 D wlan    : [17347:IH:DP] Avg = 0
06-25 18:58:16.656 17347 17347 D wlan    : [17347:IH:DP] Hardware Tx completion latency stats TID: 8
06-25 18:58:16.656 17347 17347 D wlan    : [17347:IH:DP] Min = 0
06-25 18:58:16.656 17347 17347 D wlan    : [17347:IH:DP] Max = 0
06-25 18:58:16.656 17347 17347 D wlan    : [17347:IH:DP] Avg = 0
06-25 18:58:16.656 17347 17347 D wlan    : [17347:IH:DP] dp_print_fisa_stats: invalid flow index: 0
06-25 18:58:16.656 17347 17347 D wlan    : [17347:IH:DP] dp_print_fisa_stats: workqueue update deferred: 0
06-25 18:58:16.656 17347 17347 D wlan    : [17347:IH:DP] dp_print_fisa_stats: reo_mismatch: cce_match: 0
06-25 18:58:16.656 17347 17347 D wlan    : [17347:IH:DP] dp_print_fisa_stats: reo_mismatch: allow_fse_metdata_mismatch: 0
06-25 18:58:16.656 17347 17347 D wlan    : [17347:IH:DP] dp_print_fisa_stats: reo_mismatch: allow_non_aggr: 0
06-25 18:58:16.656 17347 17347 D wlan    : [17347:IH:DP] FLOW_POOL_STATS G:(1,3,0) | 0 0: (6144,6144,0)
06-25 18:58:16.656 17347 17347 D wlan    : [17347:IL:HDD] STATS |[0 0] (0) 8200/7478496ms 1(5,1) |[255 7] (2) 7478496/7478496ms 1(1,0) |[255 16] (2) 7478496/7478496ms 1(3,0) |
06-25 18:58:16.656 17347 17347 D wlan    : [17347:IH:DP] dp_display_srng_info: SRNG HP-TP data:
06-25 18:58:16.656 17347 17347 D wlan    : [17347:IH:DP] dp_display_srng_info: TCL DATA ring[0]: hp=0x3d50, tp=0x3d50
06-25 18:58:16.656 17347 17347 D wlan    : [17347:IH:DP] dp_display_srng_info: TX comp ring[0]: hp=0x8618, tp=0x8618
06-25 18:58:16.656 17347 17347 D wlan    : [17347:IH:DP] dp_display_srng_info: TCL DATA ring[1]: hp=0x68c8, tp=0x68c8
06-25 18:58:16.656 17347 17347 D wlan    : [17347:IH:DP] dp_display_srng_info: TCL DATA ring[2]: hp=0x95d8, tp=0x95d8
06-25 18:58:16.656 17347 17347 D wlan    : [17347:IH:DP] dp_display_srng_info: TX comp ring[2]: hp=0x35d8, tp=0x35d8
06-25 18:58:16.656 17347 17347 D wlan    : [17347:IH:DP] dp_display_srng_info: REO DST ring[0]: hp=0x550, tp=0x550
06-25 18:58:16.656 17347 17347 D wlan    : [17347:IH:DP] dp_display_srng_info: REO DST ring[1]: hp=0x2e40, tp=0x2e40
06-25 18:58:16.656 17347 17347 D wlan    : [17347:IH:DP] dp_display_srng_info: REO DST ring[2]: hp=0x2730, tp=0x2730
06-25 18:58:16.656 17347 17347 D wlan    : [17347:IH:DP] dp_display_srng_info: REO DST ring[3]: hp=0x3fe0, tp=0x3fe0
06-25 18:58:16.656 17347 17347 D wlan    : [17347:IH:DP] dp_display_srng_info: REO exception ring: hp=0x860, tp=0x860
06-25 18:58:16.656 17347 17347 D wlan    : [17347:IH:DP] dp_display_srng_info: WBM RX release ring: hp=0x0, tp=0x0
06-25 18:58:16.656 17347 17347 D wlan    : [17347:IH:DP] dp_display_srng_info: WBM desc release ring: hp=0x440, tp=0x440
06-25 18:58:17.241   642  1037 E FrameSetCollator: [worldTracking] 30 FrameSets had unexpected timestamps (over 1000.17s). Ex: slot 0 7480210.580ms -> 7480243.912ms (observed period: 33.332ms, expected period: 16.666ms (16.666ms))
06-25 18:58:17.266     0     0 W healthd : battery l=100 v=4411 t=32.0 h=2 st=5 c=-96315 fc=5070000 cc=3 chg=a
06-25 18:58:17.453  1070  1085 E ThermalManagerService: No threshold found for pcb1-usr
06-25 18:58:17.453  1070  1085 E ThermalManagerService: No threshold found for pcb2-usr
06-25 18:58:17.453  1070  1085 E ThermalManagerService: No threshold found for pcb3-usr
06-25 18:58:17.454  1070  1085 E ThermalManagerService: No threshold found for rf-usr
06-25 18:58:17.454  1070  1085 E ThermalManagerService: No threshold found for cam0-usr
06-25 18:58:17.454  1070  1085 E ThermalManagerService: No threshold found for cam1-usr
06-25 18:58:17.454  1070  1085 E ThermalManagerService: No threshold found for cam2-usr
06-25 18:58:17.454  1070  1085 E ThermalManagerService: No threshold found for cam3-usr
06-25 18:58:17.454  1070  1085 E ThermalManagerService: No threshold found for cam4-usr
06-25 18:58:17.454  1070  1085 E ThermalManagerService: No threshold found for cam5-usr
06-25 18:58:17.454  1070  1085 E ThermalManagerService: No threshold found for disp-virt
06-25 18:58:17.454  1070  1085 E ThermalManagerService: No threshold found for pogo-usr
06-25 18:58:18.207 17347 17347 D wlan    : [17347:IH:DP] bbm_request_bus_bandwidth: Bus bandwidth vote level change from 1 to 2 pld_vote: 2
06-25 18:58:18.207 17347 17347 D wlan    : [17347:IH:DP] dp_pld_request_bus_bandwidth: tx:121[115(off)+6(no-off)] rx:34[34(off)+0(no-off)] next_level(vote 2 rx 1 tx 1 rtpm 0) pm_qos(rx:0,00 tx:0,00 on_low_tput:0)
06-25 18:58:18.241   642  1037 E FrameSetCollator: [worldTracking] 30 FrameSets had unexpected timestamps (over 1000.18s). Ex: slot 0 7481210.540ms -> 7481243.872ms (observed period: 33.332ms, expected period: 16.666ms (16.666ms))
06-25 18:58:18.323 17347 17347 D wlan    : [17347:IH:DP] bbm_request_bus_bandwidth: Bus bandwidth vote level change from 2 to 1 pld_vote: 1
06-25 18:58:18.323 17347 17347 D wlan    : [17347:IH:DP] dp_pld_request_bus_bandwidth: tx:0[0(off)+0(no-off)] rx:18[18(off)+0(no-off)] next_level(vote 1 rx 1 tx 1 rtpm 0) pm_qos(rx:0,00 tx:0,00 on_low_tput:0)
06-25 18:58:18.456  1070  1085 E ThermalManagerService: No threshold found for pcb1-usr
06-25 18:58:18.456  1070  1085 E ThermalManagerService: No threshold found for pcb2-usr
06-25 18:58:18.456  1070  1085 E ThermalManagerService: No threshold found for pcb3-usr
06-25 18:58:18.456  1070  1085 E ThermalManagerService: No threshold found for rf-usr
06-25 18:58:18.456  1070  1085 E ThermalManagerService: No threshold found for cam0-usr
06-25 18:58:18.456  1070  1085 E ThermalManagerService: No threshold found for cam1-usr
06-25 18:58:18.456  1070  1085 E ThermalManagerService: No threshold found for cam2-usr
06-25 18:58:18.456  1070  1085 E ThermalManagerService: No threshold found for cam3-usr
06-25 18:58:18.456  1070  1085 E ThermalManagerService: No threshold found for cam4-usr
06-25 18:58:18.456  1070  1085 E ThermalManagerService: No threshold found for cam5-usr
06-25 18:58:18.456  1070  1085 E ThermalManagerService: No threshold found for disp-virt
06-25 18:58:18.456  1070  1085 E ThermalManagerService: No threshold found for pogo-usr
06-25 18:58:18.458  1070  1133 W PackageManager: Verification with id 14 not found. It may be invalid or overridden by integrity verification
06-25 18:58:18.635 17347 17347 D wlan    : [17347:IH:DP] bbm_request_bus_bandwidth: Bus bandwidth vote level change from 1 to 2 pld_vote: 2
06-25 18:58:18.635 17347 17347 D wlan    : [17347:IH:DP] dp_pld_request_bus_bandwidth: tx:106[99(off)+7(no-off)] rx:48[48(off)+0(no-off)] next_level(vote 2 rx 1 tx 1 rtpm 0) pm_qos(rx:0,00 tx:0,00 on_low_tput:0)
06-25 18:58:18.747 17347 17347 D wlan    : [17347:IH:DP] bbm_request_bus_bandwidth: Bus bandwidth vote level change from 2 to 1 pld_vote: 1
06-25 18:58:18.747 17347 17347 D wlan    : [17347:IH:DP] dp_pld_request_bus_bandwidth: tx:0[0(off)+0(no-off)] rx:0[0(off)+0(no-off)] next_level(vote 1 rx 1 tx 1 rtpm 0) pm_qos(rx:0,00 tx:0,00 on_low_tput:0)
06-25 18:58:19.241   642  1037 E FrameSetCollator: [worldTracking] 30 FrameSets had unexpected timestamps (over 1000.01s). Ex: slot 0 7482210.500ms -> 7482243.832ms (observed period: 33.332ms, expected period: 16.666ms (16.666ms))
06-25 18:58:19.457  1070  1085 E ThermalManagerService: No threshold found for pcb1-usr
06-25 18:58:19.457  1070  1085 E ThermalManagerService: No threshold found for pcb2-usr
06-25 18:58:19.457  1070  1085 E ThermalManagerService: No threshold found for pcb3-usr
06-25 18:58:19.457  1070  1085 E ThermalManagerService: No threshold found for rf-usr
06-25 18:58:19.457  1070  1085 E ThermalManagerService: No threshold found for cam0-usr
06-25 18:58:19.457  1070  1085 E ThermalManagerService: No threshold found for cam1-usr
06-25 18:58:19.457  1070  1085 E ThermalManagerService: No threshold found for cam2-usr
06-25 18:58:19.457  1070  1085 E ThermalManagerService: No threshold found for cam3-usr
06-25 18:58:19.457  1070  1085 E ThermalManagerService: No threshold found for cam4-usr
06-25 18:58:19.457  1070  1085 E ThermalManagerService: No threshold found for cam5-usr
06-25 18:58:19.457  1070  1085 E ThermalManagerService: No threshold found for disp-virt
06-25 18:58:19.457  1070  1085 E ThermalManagerService: No threshold found for pogo-usr
06-25 18:58:20.254   642  1037 E FrameSetCollator: [worldTracking] 31 FrameSets had unexpected timestamps (over 1013.25s). Ex: slot 1 7483243.792ms -> 7483260.458ms (observed period: 16.666ms, expected period: 16.666ms (16.666ms))
06-25 18:58:20.458  1070  1085 E ThermalManagerService: No threshold found for pcb1-usr
06-25 18:58:20.458  1070  1085 E ThermalManagerService: No threshold found for pcb2-usr
06-25 18:58:20.458  1070  1085 E ThermalManagerService: No threshold found for pcb3-usr
06-25 18:58:20.458  1070  1085 E ThermalManagerService: No threshold found for rf-usr
06-25 18:58:20.458  1070  1085 E ThermalManagerService: No threshold found for cam0-usr
06-25 18:58:20.458  1070  1085 E ThermalManagerService: No threshold found for cam1-usr
06-25 18:58:20.458  1070  1085 E ThermalManagerService: No threshold found for cam2-usr
06-25 18:58:20.458  1070  1085 E ThermalManagerService: No threshold found for cam3-usr
06-25 18:58:20.458  1070  1085 E ThermalManagerService: No threshold found for cam4-usr
06-25 18:58:20.458  1070  1085 E ThermalManagerService: No threshold found for cam5-usr
06-25 18:58:20.458  1070  1085 E ThermalManagerService: No threshold found for disp-virt
06-25 18:58:20.458  1070  1085 E ThermalManagerService: No threshold found for pogo-usr
06-25 18:58:21.307   642  1037 E FrameSetCollator: [worldTracking] 31 FrameSets had unexpected timestamps (over 1053.11s). Ex: slot 0 7484277.084ms -> 7484310.416ms (observed period: 33.332ms, expected period: 16.666ms (16.666ms))
06-25 18:58:21.458  1070  1085 E ThermalManagerService: No threshold found for pcb1-usr
06-25 18:58:21.458  1070  1085 E ThermalManagerService: No threshold found for pcb2-usr
06-25 18:58:21.458  1070  1085 E ThermalManagerService: No threshold found for pcb3-usr
06-25 18:58:21.458  1070  1085 E ThermalManagerService: No threshold found for rf-usr
06-25 18:58:21.458  1070  1085 E ThermalManagerService: No threshold found for cam0-usr
06-25 18:58:21.458  1070  1085 E ThermalManagerService: No threshold found for cam1-usr
06-25 18:58:21.458  1070  1085 E ThermalManagerService: No threshold found for cam2-usr
06-25 18:58:21.458  1070  1085 E ThermalManagerService: No threshold found for cam3-usr
06-25 18:58:21.458  1070  1085 E ThermalManagerService: No threshold found for cam4-usr
06-25 18:58:21.458  1070  1085 E ThermalManagerService: No threshold found for cam5-usr
06-25 18:58:21.458  1070  1085 E ThermalManagerService: No threshold found for disp-virt
06-25 18:58:21.458  1070  1085 E ThermalManagerService: No threshold found for pogo-usr
06-25 18:58:22.308   642  1037 E FrameSetCollator: [worldTracking] 30 FrameSets had unexpected timestamps (over 1000.20s). Ex: slot 0 7485277.044ms -> 7485310.376ms (observed period: 33.332ms, expected period: 16.666ms (16.666ms))
06-25 18:58:22.472  1070  1085 E ThermalManagerService: No threshold found for pcb1-usr
06-25 18:58:22.472  1070  1085 E ThermalManagerService: No threshold found for pcb2-usr
06-25 18:58:22.472  1070  1085 E ThermalManagerService: No threshold found for pcb3-usr
06-25 18:58:22.472  1070  1085 E ThermalManagerService: No threshold found for rf-usr
06-25 18:58:22.472  1070  1085 E ThermalManagerService: No threshold found for cam0-usr
06-25 18:58:22.472  1070  1085 E ThermalManagerService: No threshold found for cam1-usr
06-25 18:58:22.472  1070  1085 E ThermalManagerService: No threshold found for cam2-usr
06-25 18:58:22.472  1070  1085 E ThermalManagerService: No threshold found for cam3-usr
06-25 18:58:22.472  1070  1085 E ThermalManagerService: No threshold found for cam4-usr
06-25 18:58:22.472  1070  1085 E ThermalManagerService: No threshold found for cam5-usr
06-25 18:58:22.472  1070  1085 E ThermalManagerService: No threshold found for disp-virt
06-25 18:58:22.472  1070  1085 E ThermalManagerService: No threshold found for pogo-usr
06-25 18:58:23.308   642  1037 E FrameSetCollator: [worldTracking] 30 FrameSets had unexpected timestamps (over 1000.32s). Ex: slot 0 7486277.004ms -> 7486310.336ms (observed period: 33.332ms, expected period: 16.666ms (16.666ms))
06-25 18:58:23.473  1070  1085 E ThermalManagerService: No threshold found for pcb1-usr
06-25 18:58:23.473  1070  1085 E ThermalManagerService: No threshold found for pcb2-usr
06-25 18:58:23.473  1070  1085 E ThermalManagerService: No threshold found for pcb3-usr
06-25 18:58:23.473  1070  1085 E ThermalManagerService: No threshold found for rf-usr
06-25 18:58:23.473  1070  1085 E ThermalManagerService: No threshold found for cam0-usr
06-25 18:58:23.473  1070  1085 E ThermalManagerService: No threshold found for cam1-usr
06-25 18:58:23.473  1070  1085 E ThermalManagerService: No threshold found for cam2-usr
06-25 18:58:23.473  1070  1085 E ThermalManagerService: No threshold found for cam3-usr
06-25 18:58:23.473  1070  1085 E ThermalManagerService: No threshold found for cam4-usr
06-25 18:58:23.473  1070  1085 E ThermalManagerService: No threshold found for cam5-usr
06-25 18:58:23.473  1070  1085 E ThermalManagerService: No threshold found for disp-virt
06-25 18:58:23.473  1070  1085 E ThermalManagerService: No threshold found for pogo-usr
06-25 18:58:24.321   642  1037 E FrameSetCollator: [worldTracking] 31 FrameSets had unexpected timestamps (over 1012.99s). Ex: slot 1 7487310.296ms -> 7487326.962ms (observed period: 16.666ms, expected period: 16.666ms (16.666ms))
06-25 18:58:24.474  1070  1085 E ThermalManagerService: No threshold found for pcb1-usr
06-25 18:58:24.474  1070  1085 E ThermalManagerService: No threshold found for pcb2-usr
06-25 18:58:24.474  1070  1085 E ThermalManagerService: No threshold found for pcb3-usr
06-25 18:58:24.474  1070  1085 E ThermalManagerService: No threshold found for rf-usr
06-25 18:58:24.474  1070  1085 E ThermalManagerService: No threshold found for cam0-usr
06-25 18:58:24.474  1070  1085 E ThermalManagerService: No threshold found for cam1-usr
06-25 18:58:24.474  1070  1085 E ThermalManagerService: No threshold found for cam2-usr
06-25 18:58:24.474  1070  1085 E ThermalManagerService: No threshold found for cam3-usr
06-25 18:58:24.474  1070  1085 E ThermalManagerService: No threshold found for cam4-usr
06-25 18:58:24.474  1070  1085 E ThermalManagerService: No threshold found for cam5-usr
06-25 18:58:24.474  1070  1085 E ThermalManagerService: No threshold found for disp-virt
06-25 18:58:24.474  1070  1085 E ThermalManagerService: No threshold found for pogo-usr
06-25 18:58:25.321   642  1037 E FrameSetCollator: [worldTracking] 30 FrameSets had unexpected timestamps (over 1000.10s). Ex: slot 1 7488310.256ms -> 7488326.922ms (observed period: 16.666ms, expected period: 16.666ms (16.666ms))
06-25 18:58:25.486  1070  1085 E ThermalManagerService: No threshold found for pcb1-usr
06-25 18:58:25.487  1070  1085 E ThermalManagerService: No threshold found for pcb2-usr
06-25 18:58:25.487  1070  1085 E ThermalManagerService: No threshold found for pcb3-usr
06-25 18:58:25.487  1070  1085 E ThermalManagerService: No threshold found for rf-usr
06-25 18:58:25.487  1070  1085 E ThermalManagerService: No threshold found for cam0-usr
06-25 18:58:25.487  1070  1085 E ThermalManagerService: No threshold found for cam1-usr
06-25 18:58:25.487  1070  1085 E ThermalManagerService: No threshold found for cam2-usr
06-25 18:58:25.487  1070  1085 E ThermalManagerService: No threshold found for cam3-usr
06-25 18:58:25.487  1070  1085 E ThermalManagerService: No threshold found for cam4-usr
06-25 18:58:25.487  1070  1085 E ThermalManagerService: No threshold found for cam5-usr
06-25 18:58:25.487  1070  1085 E ThermalManagerService: No threshold found for disp-virt
06-25 18:58:25.487  1070  1085 E ThermalManagerService: No threshold found for pogo-usr
06-25 18:58:26.374   642  1037 E FrameSetCollator: [worldTracking] 31 FrameSets had unexpected timestamps (over 1052.93s). Ex: slot 0 7489343.548ms -> 7489376.880ms (observed period: 33.332ms, expected period: 16.666ms (16.666ms))
06-25 18:58:26.487  1070  1085 E ThermalManagerService: No threshold found for pcb1-usr
06-25 18:58:26.487  1070  1085 E ThermalManagerService: No threshold found for pcb2-usr
06-25 18:58:26.487  1070  1085 E ThermalManagerService: No threshold found for pcb3-usr
06-25 18:58:26.487  1070  1085 E ThermalManagerService: No threshold found for rf-usr
06-25 18:58:26.487  1070  1085 E ThermalManagerService: No threshold found for cam0-usr
06-25 18:58:26.487  1070  1085 E ThermalManagerService: No threshold found for cam1-usr
06-25 18:58:26.487  1070  1085 E ThermalManagerService: No threshold found for cam2-usr
06-25 18:58:26.487  1070  1085 E ThermalManagerService: No threshold found for cam3-usr
06-25 18:58:26.487  1070  1085 E ThermalManagerService: No threshold found for cam4-usr
06-25 18:58:26.487  1070  1085 E ThermalManagerService: No threshold found for cam5-usr
06-25 18:58:26.487  1070  1085 E ThermalManagerService: No threshold found for disp-virt
06-25 18:58:26.487  1070  1085 E ThermalManagerService: No threshold found for pogo-usr
06-25 18:58:26.984 17347 17347 D wlan    : [17347:IH:HIF] hif_rtpm_display_last_busy_hist: RTPM last busy ts:143970018557 client:HIF_RTPM_DP from:dp_service_srngs [wlan]
06-25 18:58:26.984 17347 17347 D wlan    : [17347:IH:HIF] hif_rtpm_display_last_busy_hist: RTPM client:HIF_RTPM_DP busy_ts:143970018557 get_ts:143966423033 put_ts:143966423264 get_cnt:52088 put_cnt:52088
06-25 18:58:26.984 17347 17347 D wlan    : [17347:IH:HIF] hif_rtpm_display_last_busy_hist: RTPM client:HIF_RTPM_CE busy_ts:143966134449 get_ts:0 put_ts:0 get_cnt:0 put_cnt:0
06-25 18:58:26.984 17347 17347 D wlan    : [17347:IH:HIF] hif_rtpm_display_last_busy_hist: RTPM CE-1 last busy_cnt:2 cur_idx:2 ts1:338409256 ts2:0 ts3:0 ts4:0
06-25 18:58:26.984 17347 17347 D wlan    : [17347:IH:HIF] hif_rtpm_display_last_busy_hist: RTPM CE-2 last busy_cnt:88488 cur_idx:88488 ts1:143966134447 ts2:143966113674 ts3:143966120579 ts4:143966127365
06-25 18:58:26.984 17347 17347 D wlan    : [17347:IH:HIF] hif_rtpm_display_last_busy_hist: RTPM CE-7 last busy_cnt:0 cur_idx:0 ts1:0 ts2:0 ts3:0 ts4:0
