06-18 18:24:20.857  3062  3148 I MRSVC   : MIXEDREALITY: ClientsStatus: Unregistration from 9223372036854775808/com.oculus.mrservice/com.oculus.mrservice accepted.
06-18 18:24:20.857 27865 27988 D UE      : [2024.06.18-23.24.20:857][  0]LogAndroid: Display: Detected thermal sensor `usb-conn` at /sys/devices/virtual/thermal/thermal_zone101/temp
06-18 18:24:20.857 27865 27988 D UE      : [2024.06.18-23.24.20:857][  0]LogAndroid: Display: Detected thermal sensor `bq27z561-0` at /sys/devices/virtual/thermal/thermal_zone102/temp
06-18 18:24:20.857 27865 27988 D UE      : [2024.06.18-23.24.20:857][  0]LogAndroid: Display: Detected thermal sensor `vbat` at /sys/devices/virtual/thermal/thermal_zone103/temp
06-18 18:24:20.857 27865 27988 D UE      : [2024.06.18-23.24.20:857][  0]LogAndroid: Display: Detected thermal sensor `usb` at /sys/devices/virtual/thermal/thermal_zone104/temp
06-18 18:24:20.857 27865 27988 D UE      : [2024.06.18-23.24.20:857][  0]LogAndroid: Display: Detected thermal sensor `battery` at /sys/devices/virtual/thermal/thermal_zone105/temp
06-18 18:24:20.857 27865 27988 D UE      : [2024.06.18-23.24.20:857][  0]LogAndroid: Display: Selecting thermal sensor located at `/sys/devices/virtual/thermal/thermal_zone3/temp`
06-18 18:24:20.857  3062  3148 I MRSVC   : MIXEDREALITY: MrClientModelStates: commitClientState: layer 1091 was queued for destruction
06-18 18:24:20.857  3062  3148 I MRSVC   : MIXEDREALITY: PassthroughPresentationLayerImpl: Deallocating framebuffers for layer 1091.
06-18 18:24:20.857  3062  3148 I MRSVC   : MIXEDREALITY: GlFramebufferFactory: framebuffer pool releasing buffer (elements in pool=0)
06-18 18:24:20.857  3062  3148 I MRSVC   : MIXEDREALITY: GlFramebufferFactory: framebuffer pool released buffer (elements in pool=1). GlobalCount: 1
06-18 18:24:20.857  3062  3148 I MRSVC   : MIXEDREALITY: MrClientModelStates: Cleaned up resources for client 9223372036854775808
06-18 18:24:20.857  3062  3148 I MRSVC   : MIXEDREALITY: MrServiceModelBase: passthroughModeIfChanged: kNone.
06-18 18:24:20.857  3062  3148 I MRSVC   : MIXEDREALITY: MrRuntimeImpl: Changing mode to kNone
06-18 18:24:20.857  3062  3148 I MRSVC   : MIXEDREALITY: MrRuntimeImpl: onPause: Capability Passthrough on device 0.
06-18 18:24:20.857 27865 27988 D UE      : [2024.06.18-23.24.20:857][  0]LogInit: Memory total: Physical=7733.00MB (8GB approx) Available=2917.58MB PageSize=4.0KB
06-18 18:24:20.857 27865 27988 D UE      : [2024.06.18-23.24.20:857][  0]LogInit:  - VirtualMemoryAllocator pools will grow at scale 1
06-18 18:24:20.857 27865 27988 D UE      : [2024.06.18-23.24.20:857][  0]LogCsvProfiler: Display: Metadata set : extradevelopmentmemorymb="0"
06-18 18:24:20.857   836  3144 I MRSS    : MIXEDREALITY: MrSystemServiceIPCServer: ChangeMrCapabilityStatus: client 1487097973, capability Passthrough, command 0.
06-18 18:24:20.859 27865 27988 D UE      : [2024.06.18-23.24.20:859][  0]LogInit: Physics initialised using underlying interface: Chaos
06-18 18:24:20.860  1910  2556 I Clay    : PresenceServiceSystem: Failed to poll
06-18 18:24:20.860  1910  2556 I Clay    : PresenceServiceSystem: Failed to poll
06-18 18:24:20.861 27865 27988 D UE      : [2024.06.18-23.24.20:861][  0]LogInit: Using OS detected language (en-US).
06-18 18:24:20.861 27865 27988 D UE      : [2024.06.18-23.24.20:861][  0]LogInit: Using OS detected locale (en-US).
06-18 18:24:20.861   836  3144 I MRSS    : MIXEDREALITY: PassthroughComputeCapability: onStop: Deleting Passthrough.
06-18 18:24:20.861 27865 27988 D UE      : [2024.06.18-23.24.20:861][  0]LogTextLocalizationManager: No specific localization for 'en-US' exists, so 'en' will be used for the language.
06-18 18:24:20.864   836  3144 I MRSS    : MIXEDREALITY: PassthroughTelemetry: Passthrough compute telemetry over 13.1 seconds:
06-18 18:24:20.864   836  3144 I MRSS    : MIXEDREALITY: PassthroughTelemetry: - using online cal: yes, calibration age: 1.8 minutes
06-18 18:24:20.864   836  3144 I MRSS    : MIXEDREALITY: PassthroughTelemetry: - frames processed (stereo/depth): 396.0 (396.0/0.0)
06-18 18:24:20.864   836  3144 I MRSS    : MIXEDREALITY: PassthroughTelemetry: - avg exp/gain stereo: 8.8/12.0 depth: 0.0/0.0
06-18 18:24:20.864   836  3144 I MRSS    : MIXEDREALITY: PassthroughTelemetry: - per frame: primary: 0.0,0.0,0.0, secondary: 0.0,0.0,0.0, prev mesh: 0.0,0.0,0.0
06-18 18:24:20.864   836  3144 I MRSS    : MIXEDREALITY: PassthroughTelemetry: - mld: model hash: 8553193824261821786
06-18 18:24:20.864   836  3144 I MRSS    : MIXEDREALITY: PassthroughTelemetry: - mld per stereo frame: count: 145850.0, extracted: 0.0, sparsified: 0.0
06-18 18:24:20.864   836  3144 I MRSS    : MIXEDREALITY: PassthroughComputeCapability: sendComputeTelemetry: Logging telemetry.
06-18 18:24:20.867   836  3144 I MRSS    : MIXEDREALITY: MrSystemServiceIPCServer: Got notification for Passthrough, fidelity level: NONE, command: 0
06-18 18:24:20.867   836  3144 I MRSS    : MIXEDREALITY: CapabilityController: Stop Passthrough duration: 9.990052 millisec.
06-18 18:24:20.868   836  3144 I MRSS    : MIXEDREALITY: EnvironmentDepthTelemetry: Environment Depth compute telemetry over 13.1 seconds:
06-18 18:24:20.868   836  3144 I MRSS    : MIXEDREALITY: EnvironmentDepthTelemetry: - using online calibration: yes, calibration age: 108 seconds
06-18 18:24:20.868   836  3144 I MRSS    : MIXEDREALITY: DepthComputeCapability: sendTelemetry: Logging environment depth telemetry.
06-18 18:24:20.868   836  3144 I MRSS    : MIXEDREALITY: DepthComputeCapability: sendTelemetry: Logging depth compute telemetry.
06-18 18:24:20.868   836  3144 I MRSS    : MIXEDREALITY: StereoPipeline: removeClient: removing client Passthrough, active clients: 'Passthrough,SceneReconstruction'.
06-18 18:24:20.869   836  3144 I MRSS    : DEPTH: DepthSystem: deactivateClient: depth client 0 is deactivated.
06-18 18:24:20.869   836  3144 I MRSS    : MIXEDREALITY: StereoPipeline: removeClient: removing client SceneReconstruction, active clients: 'SceneReconstruction'.
06-18 18:24:20.871   836  3144 I MRSS    : DEPTH: DepthSystem: deactivateClient: depth client 3 is deactivated.
06-18 18:24:20.872   836  3144 I MRSS    : MIXEDREALITY: MrSystemServiceIPCServer: Got notification for Depth, fidelity level: NONE, command: 0
06-18 18:24:20.872   836  3144 I MRSS    : MIXEDREALITY: CapabilityController: Stop Depth duration: 4.331667 millisec.
06-18 18:24:20.872  1910  2556 I Clay    : PresenceServiceSystem: Failed to poll
06-18 18:24:20.872   836  3144 I MRSS    : MIXEDREALITY: MrSystemServiceIPCServer: Got notification for Camera, fidelity level: NONE, command: 0
06-18 18:24:20.872   836  3144 I MRSS    : MIXEDREALITY: CapabilityController: Stop Camera duration: 0.114948 millisec.
06-18 18:24:20.872   836  3144 I MRSS    : TELEMETRY_COLLECTOR: Stopping periodic telemetry polling.
06-18 18:24:20.872  1910  2556 I Clay    : PresenceServiceSystem: Failed to poll
06-18 18:24:20.872   836  3144 I MRSS    : MIXEDREALITY: MrSystemServiceIPCServer: Got notification for VisionInterfaceTelemetry, fidelity level: NONE, command: 0
06-18 18:24:20.872   836  3144 I MRSS    : MIXEDREALITY: CapabilityController: Stop VisionInterfaceTelemetry duration: 0.208698 millisec.
06-18 18:24:20.873   836  3144 I MRSS    : MIXEDREALITY: MrSystemService: FramesetTelemetry: valid: -/-, stereo/depth/color: avail:  126/   0/ 253, accepted %: 100.0/0.0/100.0, dropped %: 0.0/0.0/0.0, valid %: 100.0/0.0/100.0, textured %: 0.0/0.0/100.0.
06-18 18:24:20.873   836  3144 I MRSS    : MIXEDREALITY: MrSystemService: FramesetTelemetry: timeouts stereo/color: compute side: 0/0, render side: 0/0, egl: 0.
06-18 18:24:20.873  3062  3148 I MRSVC   : MIXEDREALITY: MrServiceView: renderIteration: Sleeping the rendering thread for 500 ms since ID is off and no active PT layers.
06-18 18:24:20.881  2592 27629 I CompositorVR: Passthrough usage state changed: app 0, guardian 0, background 0
06-18 18:24:20.881  2592 27629 I CompositorVR: Overall Passthrough usage state changed to unused
06-18 18:24:20.883  1910  2556 I Clay    : PresenceServiceSystem: Failed to poll
06-18 18:24:20.884  1910  2556 I Clay    : PresenceServiceSystem: Failed to poll
06-18 18:24:20.884  3062  3148 I MRSVC   : MIXEDREALITY: MrServiceView: renderIteration: Sleeping the rendering thread for 500 ms since ID is off and no active PT layers.
06-18 18:24:20.894 27865 28025 V UE      : [NetworkChangedManager] Connectivity hasn't changed. Current state: CONNECTION_AVAILABLE
06-18 18:24:20.894 27865 28025 V UE      : [NetworkChangedManager] Full network check complete. State: CONNECTION_AVAILABLE
06-18 18:24:20.895  1910  2556 I Clay    : PresenceServiceSystem: Failed to poll
06-18 18:24:20.895  1910  2556 I Clay    : PresenceServiceSystem: Failed to poll
06-18 18:24:20.900  2592 27629 I Vsync   : Vsync 1384:  2 x 13.89 ms (72.01 Hz, at 10035.424)
06-18 18:24:20.905  1910  2556 I Clay    : PresenceServiceSystem: Failed to poll
06-18 18:24:20.906  1910  2556 I Clay    : PresenceServiceSystem: Failed to poll
06-18 18:24:20.916  1910  2556 I Clay    : PresenceServiceSystem: Failed to poll
06-18 18:24:20.916   836 27747 I MRSS    : MIXEDREALITY: ServiceLogic: onFramesetBegin: Frame types for computation: GENERIC_SLOT_0 GENERIC_SLOT_2 GENERIC_SLOT_3 COLOR, rendering: COLOR.
06-18 18:24:20.916  1910  2556 I Clay    : PresenceServiceSystem: Failed to poll
06-18 18:24:20.916   836 27747 I MRSS    : MIXEDREALITY: MrRuntimeCompute: dispatchFrameset : (every 5 seconds). SporadicDepth: OFF, Depth: OFF, VisionInterfaceTelemetry: OFF, Camera: OFF, SceneReconstruction: OFF, Passthrough: OFF, Playspace: OFF, WarpGrid: OFF, MetaForegroundFreespaceScan: OFF, Semantics: OFF, PlaneFreespace: ON, SceneObjects: OFF, MetaBackgroundFreespaceScan: ON, TrackedKeypoints: OFF, Plane: OFF, HeavyTelemetry: OFF, SemanticVolume: OFF, DepthMeshing: OFF
06-18 18:24:20.917 27865 27988 D UE      : [2024.06.18-23.24.20:917][  0]LogSlate: New Slate User Created. Platform User Id 0, User Index 0, Is Virtual User: 0
06-18 18:24:20.917 27865 27988 D UE      : [2024.06.18-23.24.20:917][  0]LogSlate: Slate User Registered.  User Index 0, Is Virtual User: 0
06-18 18:24:20.918   852 27612 I Tracking: Vega: [INSIGHTS] Mode=SuperVega,6DoF,Agg=15s,Inl=6,34,42,Mem=137.3,FrameDur=11.6,33.2,PoseLat=1.6,5.3,CamImuLat=14.6,34.8,Jit=0.4,1.7,Drops(Cam=0,IMU=0),Exp(8.8ms,g=12,I=58,Ir=5.5e+02)(8.8ms,g=12,I=61,Ir=5.8e+02)(13.0ms,g=15,I=53,Ir=2.7e+02)(13.0ms,g=15,I=55,Ir=2.8e+02)(0.0ms,g=0)(0.0ms,g=0)
06-18 18:24:20.927  1910  2556 I Clay    : PresenceServiceSystem: Failed to poll
06-18 18:24:20.928  1910  2556 I Clay    : PresenceServiceSystem: Failed to poll
06-18 18:24:20.931   836 27711 I MRSS    : BOLT:HexagonTelemetry: Global DSP utilization: 29.19% (1460 / 5003 ms), Scalar Util: 0.00%, HVX Util: 0.00%, HMX Util: 0.00%.
06-18 18:24:20.938  1910  2556 I Clay    : PresenceServiceSystem: Failed to poll
06-18 18:24:20.938  1910  2556 I Clay    : PresenceServiceSystem: Failed to poll
06-18 18:24:20.948   647  1038 E FrameSetCollator: [worldTracking] 31 FrameSets had unexpected timestamps (over 1012.33s). Ex: slot 1 8311943.976ms -> 8311960.642ms (observed period: 16.666ms, expected period: 16.666ms (16.666ms))
06-18 18:24:20.949  1910  2556 I Clay    : PresenceServiceSystem: Failed to poll
06-18 18:24:20.949  1910  2556 I Clay    : PresenceServiceSystem: Failed to poll
06-18 18:24:20.959 27865 27988 D UE      : [2024.06.18-23.24.20:959][  0]LogAndroid: VulkanRHI will be used!
06-18 18:24:20.959 27865 27988 D UE      : AndroidEGL:: Terminate! tid: 27988
06-18 18:24:20.959 27865 27988 D UE      : AndroidEGL::ResetDisplay()
06-18 18:24:20.959  1910  2556 I Clay    : PresenceServiceSystem: Failed to poll
06-18 18:24:20.960  1910  2556 I Clay    : PresenceServiceSystem: Failed to poll
06-18 18:24:20.960 27865 27988 D UE      : AndroidEGL::DestroyRenderSurface()
06-18 18:24:20.960 27865 27988 D UE      : AndroidEGL::DestroySharedSurface()
06-18 18:24:20.961 27865 27988 D UE      : Device supports the following refresh rates 90 120 115 110 105 100 96 95 85 80 75 72 
06-18 18:24:20.961 27865 27988 D UE      : [2024.06.18-23.24.20:961][  0]LogAndroid: Vulkan SM5 is available but disabled for this device.
06-18 18:24:20.961 27865 27988 D UE      : [2024.06.18-23.24.20:961][  0]LogVulkanRHI: Vulkan PSO Precaching = 0, PipelineFileCache = 1
06-18 18:24:20.961 27865 27988 D UE      : [2024.06.18-23.24.20:961][  0]LogVulkanRHI: Display: Built with Vulkan header version 1.3.250
06-18 18:24:20.961 27865 27988 D UE      : [2024.06.18-23.24.20:961][  0]LogVulkanRHI: Starting Vulkan Profile check for VP_UE_Vulkan_ES3_1_Android_RT:
06-18 18:24:20.961 27865 27988 D UE      : [2024.06.18-23.24.20:961][  0]LogVulkanRHI: Vulkan Profile check complete.
06-18 18:24:20.961 27865 27988 D UE      : [2024.06.18-23.24.20:961][  0]LogVulkanRHI: Display: Vulkan RayTracing disabled because SM6 shader platform is required (r.RayTracing.RequireSM6=1).
06-18 18:24:20.962 27865 27988 D UE      : [2024.06.18-23.24.20:962][  0]LogVulkanRHI: Using API Version 1.1.
06-18 18:24:20.962 27865 27988 D UE      : [2024.06.18-23.24.20:962][  0]LogVulkanRHI: Warning: HMD requested instance extension [VK_KHR_external_memory_capabilities] isn't part of the engine's core extension list. Adding it on-the-fly...
06-18 18:24:20.962 27865 27988 D UE      : [2024.06.18-23.24.20:962][  0]LogVulkanRHI: Warning: HMD requested instance extension [VK_KHR_get_physical_device_properties2] isn't part of the engine's core extension list. Adding it on-the-fly...
06-18 18:24:20.962 27865 27988 D UE      : [2024.06.18-23.24.20:962][  0]LogVulkanRHI: Display: Found 11 available instance extensions :
06-18 18:24:20.962 27865 27988 D UE      : [2024.06.18-23.24.20:962][  0]LogVulkanRHI: Display:   - VK_EXT_debug_report
06-18 18:24:20.962 27865 27988 D UE      : [2024.06.18-23.24.20:962][  0]LogVulkanRHI: Display:   + VK_EXT_debug_utils
06-18 18:24:20.962 27865 27988 D UE      : [2024.06.18-23.24.20:962][  0]LogVulkanRHI: Display:   + VK_EXT_swapchain_colorspace
06-18 18:24:20.962 27865 27988 D UE      : [2024.06.18-23.24.20:962][  0]LogVulkanRHI: Display:   + VK_KHR_android_surface
06-18 18:24:20.962 27865 27988 D UE      : [2024.06.18-23.24.20:962][  0]LogVulkanRHI: Display:   - VK_KHR_device_group_creation
06-18 18:24:20.962 27865 27988 D UE      : [2024.06.18-23.24.20:962][  0]LogVulkanRHI: Display:   - VK_KHR_external_fence_capabilities
06-18 18:24:20.962 27865 27988 D UE      : [2024.06.18-23.24.20:962][  0]LogVulkanRHI: Display:   + VK_KHR_external_memory_capabilities
06-18 18:24:20.962 27865 27988 D UE      : [2024.06.18-23.24.20:962][  0]LogVulkanRHI: Display:   - VK_KHR_external_semaphore_capabilities
06-18 18:24:20.962 27865 27988 D UE      : [2024.06.18-23.24.20:962][  0]LogVulkanRHI: Display:   + VK_KHR_get_physical_device_properties2
06-18 18:24:20.962 27865 27988 D UE      : [2024.06.18-23.24.20:962][  0]LogVulkanRHI: Display:   - VK_KHR_get_surface_capabilities2
06-18 18:24:20.962 27865 27988 D UE      : [2024.06.18-23.24.20:962][  0]LogVulkanRHI: Display:   + VK_KHR_surface
06-18 18:24:20.962 27865 27988 D UE      : [2024.06.18-23.24.20:962][  0]LogVulkanRHI: Display: Found 0 available instance layers !
06-18 18:24:20.964 27865 27988 I AdrenoVK-0: QUALCOMM build          : b0ed28cdeb, I87200b92e5
06-18 18:24:20.964 27865 27988 I AdrenoVK-0: Build Date              : 02/29/24
06-18 18:24:20.964 27865 27988 I AdrenoVK-0: Shader Compiler Version : E031.45.05.00
06-18 18:24:20.964 27865 27988 I AdrenoVK-0: Local Branch            : 
06-18 18:24:20.964 27865 27988 I AdrenoVK-0: Remote Branch           : 
06-18 18:24:20.964 27865 27988 I AdrenoVK-0: Remote Branch           : 
06-18 18:24:20.964 27865 27988 I AdrenoVK-0: Reconstruct Branch      : 
06-18 18:24:20.964 27865 27988 I AdrenoVK-0: Build Config            : S P 12.1.6 AArch64
06-18 18:24:20.964 27865 27988 I AdrenoVK-0: Driver Path             : /vendor/lib64/hw/vulkan.adreno.so
06-18 18:24:20.964 27865 27988 I AdrenoVK-0: Driver Version          : 0767.0
06-18 18:24:20.964 27865 27988 I AdrenoVK-0: PFP                     : 0x01511169
06-18 18:24:20.964 27865 27988 I AdrenoVK-0: ME                      : 0x00000000
06-18 18:24:20.964 27865 27988 I AdrenoVK-0: Application Name    : Metaverse_Game1
06-18 18:24:20.964 27865 27988 I AdrenoVK-0: Application Version : 0x0204d6d2
06-18 18:24:20.964 27865 27988 I AdrenoVK-0: Engine Name         : UnrealEngine5.4
06-18 18:24:20.964 27865 27988 I AdrenoVK-0: Engine Version      : 0x00000004
06-18 18:24:20.964 27865 27988 I AdrenoVK-0: Api Version         : 0x00401000
06-18 18:24:20.964 27865 27988 D UE      : [2024.06.18-23.24.20:964][  0]LogVulkanRHI: Creating Vulkan Device using VkPhysicalDevice 0xd8bb63f0.
06-18 18:24:20.965 27865 27988 D UE      : [2024.06.18-23.24.20:965][  0]LogVulkanRHI: Display: - DeviceName: Adreno (TM) 740
06-18 18:24:20.965 27865 27988 D UE      : [2024.06.18-23.24.20:965][  0]LogVulkanRHI: Display: - API=1.1.273 (0x401111) Driver=0x802ff000 VendorId=0x5143
06-18 18:24:20.965 27865 27988 D UE      : [2024.06.18-23.24.20:965][  0]LogVulkanRHI: Display: - DeviceID=0x43050b00 Type=1
06-18 18:24:20.965 27865 27988 D UE      : [2024.06.18-23.24.20:965][  0]LogVulkanRHI: Display: - Max Descriptor Sets Bound 7, Timestamps 1
06-18 18:24:20.965 27865 27988 D UE      : [2024.06.18-23.24.20:965][  0]LogVulkanRHI: API Version: 1.1.273|OpenGL ES 3.2 V@0767.0 (GIT@b0ed28cdeb, I87200b92e5, 1709271149) (Date:02/29/24)
06-18 18:24:20.965 27865 27988 D UE      : [2024.06.18-23.24.20:965][  0]LogVulkanRHI: Warning: HMD requested device extension [VK_KHR_external_memory] isn't part of the engine's core extension list. Adding it on-the-fly...
06-18 18:24:20.965 27865 27988 D UE      : [2024.06.18-23.24.20:965][  0]LogVulkanRHI: Display: Found 119 available device extensions :
06-18 18:24:20.965 27865 27988 D UE      : [2024.06.18-23.24.20:965][  0]LogVulkanRHI: Display:   - VK_ANDROID_external_memory_android_hardware_buffer
06-18 18:24:20.965 27865 27988 D UE      : [2024.06.18-23.24.20:965][  0]LogVulkanRHI: Display:   - VK_EXT_4444_formats
06-18 18:24:20.965 27865 27988 D UE      : [2024.06.18-23.24.20:965][  0]LogVulkanRHI: Display:   + VK_EXT_astc_decode_mode
06-18 18:24:20.965 27865 27988 D UE      : [2024.06.18-23.24.20:965][  0]LogVulkanRHI: Display:   - VK_EXT_blend_operation_advanced
06-18 18:24:20.965 27865 27988 D UE      : [2024.06.18-23.24.20:965][  0]LogVulkanRHI: Display:   - VK_EXT_border_color_swizzle
06-18 18:24:20.965 27865 27988 D UE      : [2024.06.18-23.24.20:965][  0]LogVulkanRHI: Display:   - VK_EXT_color_write_enable
06-18 18:24:20.965 27865 27988 D UE      : [2024.06.18-23.24.20:965][  0]LogVulkanRHI: Display:   - VK_EXT_conservative_rasterization
06-18 18:24:20.965 27865 27988 D UE      : [2024.06.18-23.24.20:965][  0]LogVulkanRHI: Display:   - VK_EXT_custom_border_color
06-18 18:24:20.965 27865 27988 D UE      : [2024.06.18-23.24.20:965][  0]LogVulkanRHI: Display:   - VK_EXT_depth_clamp_zero_one
06-18 18:24:20.965 27865 27988 D UE      : [2024.06.18-23.24.20:965][  0]LogVulkanRHI: Display:   - VK_EXT_depth_clip_control
06-18 18:24:20.965 27865 27988 D UE      : [2024.06.18-23.24.20:965][  0]LogVulkanRHI: Display:   - VK_EXT_depth_clip_enable
06-18 18:24:20.965 27865 27988 D UE      : [2024.06.18-23.24.20:965][  0]LogVulkanRHI: Display:   + VK_EXT_descriptor_indexing
06-18 18:24:20.965 27865 27988 D UE      : [2024.06.18-23.24.20:965][  0]LogVulkanRHI: Display:   - VK_EXT_device_address_binding_report
06-18 18:24:20.965 27865 27988 D UE      : [2024.06.18-23.24.20:965][  0]LogVulkanRHI: Display:   + VK_EXT_device_fault
06-18 18:24:20.965 27865 27988 D UE      : [2024.06.18-23.24.20:965][  0]LogVulkanRHI: Display:   - VK_EXT_device_memory_report
06-18 18:24:20.965 27865 27988 D UE      : [2024.06.18-23.24.20:965][  0]LogVulkanRHI: Display:   - VK_EXT_extended_dynamic_state
06-18 18:24:20.965 27865 27988 D UE      : [2024.06.18-23.24.20:965][  0]LogVulkanRHI: Display:   - VK_EXT_extended_dynamic_state2
06-18 18:24:20.965 27865 27988 D UE      : [2024.06.18-23.24.20:965][  0]LogVulkanRHI: Display:   - VK_EXT_filter_cubic
06-18 18:24:20.965 27865 27988 D UE      : [2024.06.18-23.24.20:965][  0]LogVulkanRHI: Display:   + VK_EXT_fragment_density_map
06-18 18:24:20.965 27865 27988 D UE      : [2024.06.18-23.24.20:965][  0]LogVulkanRHI: Display:   + VK_EXT_fragment_density_map2
06-18 18:24:20.965 27865 27988 D UE      : [2024.06.18-23.24.20:965][  0]LogVulkanRHI: Display:   - VK_EXT_global_priority
06-18 18:24:20.965 27865 27988 D UE      : [2024.06.18-23.24.20:965][  0]LogVulkanRHI: Display:   - VK_EXT_global_priority_query
06-18 18:24:20.965 27865 27988 D UE      : [2024.06.18-23.24.20:965][  0]LogVulkanRHI: Display:   + VK_EXT_host_query_reset
06-18 18:24:20.965 27865 27988 D UE      : [2024.06.18-23.24.20:965][  0]LogVulkanRHI: Display:   - VK_EXT_image_2d_view_of_3d
06-18 18:24:20.965 27865 27988 D UE      : [2024.06.18-23.24.20:965][  0]LogVulkanRHI: Display:   - VK_EXT_image_robustness
06-18 18:24:20.965 27865 27988 D UE      : [2024.06.18-23.24.20:965][  0]LogVulkanRHI: Display:   - VK_EXT_image_view_min_lod
06-18 18:24:20.965 27865 27988 D UE      : [2024.06.18-23.24.20:965][  0]LogVulkanRHI: Display:   - VK_EXT_index_type_uint8
06-18 18:24:20.965 27865 27988 D UE      : [2024.06.18-23.24.20:965][  0]LogVulkanRHI: Display:   - VK_EXT_line_rasterization
06-18 18:24:20.965 27865 27988 D UE      : [2024.06.18-23.24.20:965][  0]LogVulkanRHI: Display:   - VK_EXT_load_store_op_none
06-18 18:24:20.965 27865 27988 D UE      : [2024.06.18-23.24.20:965][  0]LogVulkanRHI: Display:   - VK_EXT_multisampled_render_to_single_sampled
06-18 18:24:20.965 27865 27988 D UE      : [2024.06.18-23.24.20:965][  0]LogVulkanRHI: Display:   + VK_EXT_pipeline_creation_cache_control
06-18 18:24:20.965 27865 27988 D UE      : [2024.06.18-23.24.20:965][  0]LogVulkanRHI: Display:   - VK_EXT_pipeline_creation_feedback
06-18 18:24:20.965 27865 27988 D UE      : [2024.06.18-23.24.20:965][  0]LogVulkanRHI: Display:   - VK_EXT_primitive_topology_list_restart
06-18 18:24:20.965 27865 27988 D UE      : [2024.06.18-23.24.20:965][  0]LogVulkanRHI: Display:   - VK_EXT_private_data
06-18 18:24:20.965 27865 27988 D UE      : [2024.06.18-23.24.20:965][  0]LogVulkanRHI: Display:   - VK_EXT_provoking_vertex
06-18 18:24:20.965 27865 27988 D UE      : [2024.06.18-23.24.20:965][  0]LogVulkanRHI: Display:   - VK_EXT_queue_family_foreign
06-18 18:24:20.965 27865 27988 D UE      : [2024.06.18-23.24.20:965][  0]LogVulkanRHI: Display:   - VK_EXT_robustness2
06-18 18:24:20.965 27865 27988 D UE      : [2024.06.18-23.24.20:965][  0]LogVulkanRHI: Display:   - VK_EXT_sample_locations
06-18 18:24:20.965 27865 27988 D UE      : [2024.06.18-23.24.20:965][  0]LogVulkanRHI: Display:   - VK_EXT_sampler_filter_minmax
06-18 18:24:20.965 27865 27988 D UE      : [2024.06.18-23.24.20:965][  0]LogVulkanRHI: Display:   + VK_EXT_scalar_block_layout
06-18 18:24:20.965 27865 27988 D UE      : [2024.06.18-23.24.20:965][  0]LogVulkanRHI: Display:   - VK_EXT_separate_stencil_usage
06-18 18:24:20.965 27865 27988 D UE      : [2024.06.18-23.24.20:965][  0]LogVulkanRHI: Display:   - VK_EXT_shader_atomic_float
06-18 18:24:20.965 27865 27988 D UE      : [2024.06.18-23.24.20:965][  0]LogVulkanRHI: Display:   + VK_EXT_shader_demote_to_helper_invocation
06-18 18:24:20.965 27865 27988 D UE      : [2024.06.18-23.24.20:965][  0]LogVulkanRHI: Display:   - VK_EXT_shader_stencil_export
06-18 18:24:20.966 27865 27988 D UE      : [2024.06.18-23.24.20:966][  0]LogVulkanRHI: Display:   + VK_EXT_shader_viewport_index_layer
06-18 18:24:20.966 27865 27988 D UE      : [2024.06.18-23.24.20:966][  0]LogVulkanRHI: Display:   + VK_EXT_subgroup_size_control
06-18 18:24:20.966 27865 27988 D UE      : [2024.06.18-23.24.20:966][  0]LogVulkanRHI: Display:   - VK_EXT_texel_buffer_alignment
06-18 18:24:20.966 27865 27988 D UE      : [2024.06.18-23.24.20:966][  0]LogVulkanRHI: Display:   + VK_EXT_texture_compression_astc_hdr
06-18 18:24:20.966 27865 27988 D UE      : [2024.06.18-23.24.20:966][  0]LogVulkanRHI: Display:   - VK_EXT_tooling_info
06-18 18:24:20.966 27865 27988 D UE      : [2024.06.18-23.24.20:966][  0]LogVulkanRHI: Display:   - VK_EXT_transform_feedback
06-18 18:24:20.966 27865 27988 D UE      : [2024.06.18-23.24.20:966][  0]LogVulkanRHI: Display:   - VK_EXT_vertex_attribute_divisor
06-18 18:24:20.966 27865 27988 D UE      : [2024.06.18-23.24.20:966][  0]LogVulkanRHI: Display:   - VK_EXT_vertex_input_dynamic_state
06-18 18:24:20.966 27865 27988 D UE      : [2024.06.18-23.24.20:966][  0]LogVulkanRHI: Display:   + VK_GOOGLE_display_timing
06-18 18:24:20.966 27865 27988 D UE      : [2024.06.18-23.24.20:966][  0]LogVulkanRHI: Display:   - VK_IMG_filter_cubic
06-18 18:24:20.966 27865 27988 D UE      : [2024.06.18-23.24.20:966][  0]LogVulkanRHI: Display:   + VK_KHR_16bit_storage
06-18 18:24:20.966 27865 27988 D UE      : [2024.06.18-23.24.20:966][  0]LogVulkanRHI: Display:   - VK_KHR_8bit_storage
06-18 18:24:20.966 27865 27988 D UE      : [2024.06.18-23.24.20:966][  0]LogVulkanRHI: Display:   + VK_KHR_acceleration_structure
06-18 18:24:20.966 27865 27988 D UE      : [2024.06.18-23.24.20:966][  0]LogVulkanRHI: Display:   - VK_KHR_bind_memory2
06-18 18:24:20.966 27865 27988 D UE      : [2024.06.18-23.24.20:966][  0]LogVulkanRHI: Display:   + VK_KHR_buffer_device_address
06-18 18:24:20.966 27865 27988 D UE      : [2024.06.18-23.24.20:966][  0]LogVulkanRHI: Display:   - VK_KHR_copy_commands2
06-18 18:24:20.966 27865 27988 D UE      : [2024.06.18-23.24.20:966][  0]LogVulkanRHI: Display:   + VK_KHR_create_renderpass2
06-18 18:24:20.966 27865 27988 D UE      : [2024.06.18-23.24.20:966][  0]LogVulkanRHI: Display:   - VK_KHR_dedicated_allocation
06-18 18:24:20.966 27865 27988 D UE      : [2024.06.18-23.24.20:966][  0]LogVulkanRHI: Display:   + VK_KHR_deferred_host_operations
06-18 18:24:20.966 27865 27988 D UE      : [2024.06.18-23.24.20:966][  0]LogVulkanRHI: Display:   - VK_KHR_depth_stencil_resolve
06-18 18:24:20.966 27865 27988 D UE      : [2024.06.18-23.24.20:966][  0]LogVulkanRHI: Display:   - VK_KHR_descriptor_update_template
06-18 18:24:20.966 27865 27988 D UE      : [2024.06.18-23.24.20:966][  0]LogVulkanRHI: Display:   - VK_KHR_device_group
06-18 18:24:20.966 27865 27988 D UE      : [2024.06.18-23.24.20:966][  0]LogVulkanRHI: Display:   - VK_KHR_draw_indirect_count
06-18 18:24:20.966 27865 27988 D UE      : [2024.06.18-23.24.20:966][  0]LogVulkanRHI: Display:   + VK_KHR_driver_properties
06-18 18:24:20.966 27865 27988 D UE      : [2024.06.18-23.24.20:966][  0]LogVulkanRHI: Display:   - VK_KHR_external_fence
06-18 18:24:20.966 27865 27988 D UE      : [2024.06.18-23.24.20:966][  0]LogVulkanRHI: Display:   - VK_KHR_external_fence_fd
06-18 18:24:20.966 27865 27988 D UE      : [2024.06.18-23.24.20:966][  0]LogVulkanRHI: Display:   + VK_KHR_external_memory
06-18 18:24:20.966 27865 27988 D UE      : [2024.06.18-23.24.20:966][  0]LogVulkanRHI: Display:   - VK_KHR_external_memory_fd
06-18 18:24:20.966 27865 27988 D UE      : [2024.06.18-23.24.20:966][  0]LogVulkanRHI: Display:   - VK_KHR_external_semaphore
06-18 18:24:20.966 27865 27988 D UE      : [2024.06.18-23.24.20:966][  0]LogVulkanRHI: Display:   - VK_KHR_external_semaphore_fd
06-18 18:24:20.966 27865 27988 D UE      : [2024.06.18-23.24.20:966][  0]LogVulkanRHI: Display:   + VK_KHR_fragment_shading_rate
06-18 18:24:20.966 27865 27988 D UE      : [2024.06.18-23.24.20:966][  0]LogVulkanRHI: Display:   * VK_KHR_get_memory_requirements2
06-18 18:24:20.966 27865 27988 D UE      : [2024.06.18-23.24.20:966][  0]LogVulkanRHI: Display:   + VK_KHR_image_format_list
06-18 18:24:20.966 27865 27988 D UE      : [2024.06.18-23.24.20:966][  0]LogVulkanRHI: Display:   - VK_KHR_imageless_framebuffer
06-18 18:24:20.966 27865 27988 D UE      : [2024.06.18-23.24.20:966][  0]LogVulkanRHI: Display:   - VK_KHR_incremental_present
06-18 18:24:20.966 27865 27988 D UE      : [2024.06.18-23.24.20:966][  0]LogVulkanRHI: Display:   - VK_KHR_maintenance1
06-18 18:24:20.966 27865 27988 D UE      : [2024.06.18-23.24.20:966][  0]LogVulkanRHI: Display:   - VK_KHR_maintenance2
06-18 18:24:20.966 27865 27988 D UE      : [2024.06.18-23.24.20:966][  0]LogVulkanRHI: Display:   - VK_KHR_maintenance3
06-18 18:24:20.966 27865 27988 D UE      : [2024.06.18-23.24.20:966][  0]LogVulkanRHI: Display:   + VK_KHR_maintenance4
06-18 18:24:20.966 27865 27988 D UE      : [2024.06.18-23.24.20:966][  0]LogVulkanRHI: Display:   * VK_KHR_multiview
06-18 18:24:20.966 27865 27988 D UE      : [2024.06.18-23.24.20:966][  0]LogVulkanRHI: Display:   - VK_KHR_pipeline_executable_properties
06-18 18:24:20.966 27865 27988 D UE      : [2024.06.18-23.24.20:966][  0]LogVulkanRHI: Display:   - VK_KHR_push_descriptor
06-18 18:24:20.966 27865 27988 D UE      : [2024.06.18-23.24.20:966][  0]LogVulkanRHI: Display:   + VK_KHR_ray_query
06-18 18:24:20.966 27865 27988 D UE      : [2024.06.18-23.24.20:966][  0]LogVulkanRHI: Display:   - VK_KHR_relaxed_block_layout
06-18 18:24:20.966 27865 27988 D UE      : [2024.06.18-23.24.20:966][  0]LogVulkanRHI: Display:   - VK_KHR_sampler_mirror_clamp_to_edge
06-18 18:24:20.966 27865 27988 D UE      : [2024.06.18-23.24.20:966][  0]LogVulkanRHI: Display:   - VK_KHR_sampler_ycbcr_conversion
06-18 18:24:20.966 27865 27988 D UE      : [2024.06.18-23.24.20:966][  0]LogVulkanRHI: Display:   + VK_KHR_separate_depth_stencil_layouts
06-18 18:24:20.966 27865 27988 D UE      : [2024.06.18-23.24.20:966][  0]LogVulkanRHI: Display:   + VK_KHR_shader_atomic_int64
06-18 18:24:20.966 27865 27988 D UE      : [2024.06.18-23.24.20:966][  0]LogVulkanRHI: Display:   - VK_KHR_shader_clock
06-18 18:24:20.966 27865 27988 D UE      : [2024.06.18-23.24.20:966][  0]LogVulkanRHI: Display:   - VK_KHR_shader_draw_parameters
06-18 18:24:20.966 27865 27988 D UE      : [2024.06.18-23.24.20:966][  0]LogVulkanRHI: Display:   + VK_KHR_shader_float16_int8
06-18 18:24:20.966 27865 27988 D UE      : [2024.06.18-23.24.20:966][  0]LogVulkanRHI: Display:   + VK_KHR_shader_float_controls
06-18 18:24:20.966 27865 27988 D UE      : [2024.06.18-23.24.20:966][  0]LogVulkanRHI: Display:   - VK_KHR_shader_integer_dot_product
06-18 18:24:20.966 27865 27988 D UE      : [2024.06.18-23.24.20:966][  0]LogVulkanRHI: Display:   - VK_KHR_shader_non_semantic_info
06-18 18:24:20.966 27865 27988 D UE      : [2024.06.18-23.24.20:966][  0]LogVulkanRHI: Display:   - VK_KHR_shader_subgroup_extended_types
06-18 18:24:20.966 27865 27988 D UE      : [2024.06.18-23.24.20:966][  0]LogVulkanRHI: Display:   - VK_KHR_shader_terminate_invocation
06-18 18:24:20.966 27865 27988 D UE      : [2024.06.18-23.24.20:966][  0]LogVulkanRHI: Display:   - VK_KHR_shared_presentable_image
06-18 18:24:20.966 27865 27988 D UE      : [2024.06.18-23.24.20:966][  0]LogVulkanRHI: Display:   + VK_KHR_spirv_1_4
06-18 18:24:20.966 27865 27988 D UE      : [2024.06.18-23.24.20:966][  0]LogVulkanRHI: Display:   - VK_KHR_storage_buffer_storage_class
06-18 18:24:20.966 27865 27988 D UE      : [2024.06.18-23.24.20:966][  0]LogVulkanRHI: Display:   + VK_KHR_swapchain
06-18 18:24:20.966 27865 27988 D UE      : [2024.06.18-23.24.20:966][  0]LogVulkanRHI: Display:   + VK_KHR_synchronization2
06-18 18:24:20.966 27865 27988 D UE      : [2024.06.18-23.24.20:966][  0]LogVulkanRHI: Display:   - VK_KHR_timeline_semaphore
06-18 18:24:20.966 27865 27988 D UE      : [2024.06.18-23.24.20:966][  0]LogVulkanRHI: Display:   - VK_KHR_uniform_buffer_standard_layout
06-18 18:24:20.966 27865 27988 D UE      : [2024.06.18-23.24.20:966][  0]LogVulkanRHI: Display:   - VK_KHR_variable_pointers
06-18 18:24:20.966 27865 27988 D UE      : [2024.06.18-23.24.20:966][  0]LogVulkanRHI: Display:   - VK_KHR_vulkan_memory_model
06-18 18:24:20.966 27865 27988 D UE      : [2024.06.18-23.24.20:966][  0]LogVulkanRHI: Display:   - VK_KHR_workgroup_memory_explicit_layout
06-18 18:24:20.966 27865 27988 D UE      : [2024.06.18-23.24.20:966][  0]LogVulkanRHI: Display:   - VK_KHR_zero_initialize_workgroup_memory
06-18 18:24:20.966 27865 27988 D UE      : [2024.06.18-23.24.20:966][  0]LogVulkanRHI: Display:   - VK_QCOM_fragment_density_map_offset
06-18 18:24:20.966 27865 27988 D UE      : [2024.06.18-23.24.20:966][  0]LogVulkanRHI: Display:   - VK_QCOM_multiview_per_view_render_areas
06-18 18:24:20.966 27865 27988 D UE      : [2024.06.18-23.24.20:966][  0]LogVulkanRHI: Display:   - VK_QCOM_multiview_per_view_viewports
06-18 18:24:20.966 27865 27988 D UE      : [2024.06.18-23.24.20:966][  0]LogVulkanRHI: Display:   + VK_QCOM_render_pass_shader_resolve
06-18 18:24:20.966 27865 27988 D UE      : [2024.06.18-23.24.20:966][  0]LogVulkanRHI: Display:   - VK_QCOM_render_pass_store_ops
06-18 18:24:20.966 27865 27988 D UE      : [2024.06.18-23.24.20:966][  0]LogVulkanRHI: Display:   - VK_QCOM_render_pass_transform
06-18 18:24:20.966 27865 27988 D UE      : [2024.06.18-23.24.20:966][  0]LogVulkanRHI: Display:   - VK_QCOM_rotated_copy_commands
06-18 18:24:20.966 27865 27988 D UE      : [2024.06.18-23.24.20:966][  0]LogVulkanRHI: Display:   - VK_QCOM_tile_properties
06-18 18:24:20.967 27865 27988 D UE      : [2024.06.18-23.24.20:966][  0]LogVulkanRHI: Display: Found 0 available device layers !
06-18 18:24:20.967 27865 27988 D UE      : [2024.06.18-23.24.20:967][  0]LogVulkanRHI: Display: Image-based Variable Rate Shading supported via EXTFragmentDensityMap extension. Selected VRS tile size 16 by 16 pixels per VRS image texel.
06-18 18:24:20.967 27865 27988 D UE      : [2024.06.18-23.24.20:967][  0]LogVulkanRHI: Display: Vulkan Variable Rate Shading choice: 3.
06-18 18:24:20.967 27865 27988 D UE      : [2024.06.18-23.24.20:967][  0]LogVulkanRHI: Display: Device properties: Geometry 1 BufferAtomic64 1 ImageAtomic64 0
06-18 18:24:20.967 27865 27988 D UE      : [2024.06.18-23.24.20:967][  0]LogVulkanRHI: Display: Found 2 Queue Families
06-18 18:24:20.967 27865 27988 D UE      : [2024.06.18-23.24.20:967][  0]LogVulkanRHI: Display: Initializing Queue Family 0: 3 queues Gfx Compute Sparse
06-18 18:24:20.967 27865 27988 D UE      : [2024.06.18-23.24.20:967][  0]LogVulkanRHI: Display: Skipping unnecessary Queue Family 1: 1 queues Sparse
06-18 18:24:20.969 27865 27988 D UE      : [2024.06.18-23.24.20:969][  0]LogVulkanRHI: Swappy requires 1 extensions:
06-18 18:24:20.969 27865 27988 D UE      :   VK_GOOGLE_display_timing
06-18 18:24:20.969 27865 27988 D UE      : [2024.06.18-23.24.20:969][  0]LogVulkanRHI: bHasGoogleDisplayTiming = 1
06-18 18:24:20.969 27865 27988 D UE      : [2024.06.18-23.24.20:969][  0]LogVulkanRHI: Display: Using 0 device layers.
06-18 18:24:20.969 27865 27988 D UE      : [2024.06.18-23.24.20:969][  0]LogVulkanRHI: Display: Using 29 device extensions:
06-18 18:24:20.969 27865 27988 D UE      : [2024.06.18-23.24.20:969][  0]LogVulkanRHI: Display: * VK_KHR_swapchain
06-18 18:24:20.969 27865 27988 D UE      : [2024.06.18-23.24.20:969][  0]LogVulkanRHI: Display: * VK_KHR_create_renderpass2
06-18 18:24:20.969 27865 27988 D UE      : [2024.06.18-23.24.20:969][  0]LogVulkanRHI: Display: * VK_KHR_deferred_host_operations
06-18 18:24:20.969 27865 27988 D UE      : [2024.06.18-23.24.20:969][  0]LogVulkanRHI: Display: * VK_KHR_spirv_1_4
06-18 18:24:20.969 27865 27988 D UE      : [2024.06.18-23.24.20:969][  0]LogVulkanRHI: Display: * VK_KHR_shader_float_controls
06-18 18:24:20.969 27865 27988 D UE      : [2024.06.18-23.24.20:969][  0]LogVulkanRHI: Display: * VK_KHR_image_format_list
06-18 18:24:20.969 27865 27988 D UE      : [2024.06.18-23.24.20:969][  0]LogVulkanRHI: Display: * VK_QCOM_render_pass_shader_resolve
06-18 18:24:20.969 27865 27988 D UE      : [2024.06.18-23.24.20:969][  0]LogVulkanRHI: Display: * VK_KHR_maintenance4
06-18 18:24:20.969 27865 27988 D UE      : [2024.06.18-23.24.20:969][  0]LogVulkanRHI: Display: * VK_KHR_shader_atomic_int64
06-18 18:24:20.969 27865 27988 D UE      : [2024.06.18-23.24.20:969][  0]LogVulkanRHI: Display: * VK_EXT_scalar_block_layout
06-18 18:24:20.969 27865 27988 D UE      : [2024.06.18-23.24.20:969][  0]LogVulkanRHI: Display: * VK_EXT_shader_viewport_index_layer
06-18 18:24:20.969 27865 27988 D UE      : [2024.06.18-23.24.20:969][  0]LogVulkanRHI: Display: * VK_KHR_separate_depth_stencil_layouts
06-18 18:24:20.969 27865 27988 D UE      : [2024.06.18-23.24.20:969][  0]LogVulkanRHI: Display: * VK_KHR_synchronization2
06-18 18:24:20.969 27865 27988 D UE      : [2024.06.18-23.24.20:969][  0]LogVulkanRHI: Display: * VK_KHR_fragment_shading_rate
06-18 18:24:20.969 27865 27988 D UE      : [2024.06.18-23.24.20:969][  0]LogVulkanRHI: Display: * VK_EXT_fragment_density_map
06-18 18:24:20.969 27865 27988 D UE      : [2024.06.18-23.24.20:969][  0]LogVulkanRHI: Display: * VK_EXT_fragment_density_map2
06-18 18:24:20.969 27865 27988 D UE      : [2024.06.18-23.24.20:969][  0]LogVulkanRHI: Display: * VK_KHR_multiview
06-18 18:24:20.969 27865 27988 D UE      : [2024.06.18-23.24.20:969][  0]LogVulkanRHI: Display: * VK_KHR_get_memory_requirements2
06-18 18:24:20.969 27865 27988 D UE      : [2024.06.18-23.24.20:969][  0]LogVulkanRHI: Display: * VK_EXT_descriptor_indexing
06-18 18:24:20.969 27865 27988 D UE      : [2024.06.18-23.24.20:969][  0]LogVulkanRHI: Display: * VK_EXT_host_query_reset
06-18 18:24:20.969 27865 27988 D UE      : [2024.06.18-23.24.20:969][  0]LogVulkanRHI: Display: * VK_EXT_subgroup_size_control
06-18 18:24:20.969 27865 27988 D UE      : [2024.06.18-23.24.20:969][  0]LogVulkanRHI: Display: * VK_EXT_device_fault
06-18 18:24:20.969 27865 27988 D UE      : [2024.06.18-23.24.20:969][  0]LogVulkanRHI: Display: * VK_EXT_shader_demote_to_helper_invocation
06-18 18:24:20.969 27865 27988 D UE      : [2024.06.18-23.24.20:969][  0]LogVulkanRHI: Display: * VK_EXT_pipeline_creation_cache_control
06-18 18:24:20.969 27865 27988 D UE      : [2024.06.18-23.24.20:969][  0]LogVulkanRHI: Display: * VK_KHR_buffer_device_address
06-18 18:24:20.969 27865 27988 D UE      : [2024.06.18-23.24.20:969][  0]LogVulkanRHI: Display: * VK_GOOGLE_display_timing
06-18 18:24:20.969 27865 27988 D UE      : [2024.06.18-23.24.20:969][  0]LogVulkanRHI: Display: * VK_EXT_astc_decode_mode
06-18 18:24:20.969 27865 27988 D UE      : [2024.06.18-23.24.20:969][  0]LogVulkanRHI: Display: * VK_EXT_texture_compression_astc_hdr
06-18 18:24:20.969 27865 27988 D UE      : [2024.06.18-23.24.20:969][  0]LogVulkanRHI: Display: * VK_KHR_external_memory
06-18 18:24:20.970 27865 27988 D UE      : [2024.06.18-23.24.20:970][  0]LogVulkanRHI: Display: Max memory allocations 4294967295.
06-18 18:24:20.970 27865 27988 D UE      : [2024.06.18-23.24.20:970][  0]LogVulkanRHI: Display: 2 Device Memory Heaps:
06-18 18:24:20.970 27865 27988 D UE      : [2024.06.18-23.24.20:970][  0]LogVulkanRHI: Display:   0: Flags 0x1 - Size 8108634112 (7733.00 MB) - Used 0 (0.00%) - DeviceLocal
06-18 18:24:20.970 27865 27988 D UE      : [2024.06.18-23.24.20:970][  0]LogVulkanRHI: Display:   1: Flags 0x1 - Size 268435456 (256.00 MB) - Used 0 (0.00%) - DeviceLocal
06-18 18:24:20.970 27865 27988 D UE      : [2024.06.18-23.24.20:970][  0]LogVulkanRHI: Display: 9 Device Memory Types (unified):
06-18 18:24:20.970 27865 27988 D UE      : [2024.06.18-23.24.20:970][  0]LogVulkanRHI: Display:   0: Flags 0x00001 - Heap  0 - 1
06-18 18:24:20.970 27865 27988 D UE      : [2024.06.18-23.24.20:970][  0]LogVulkanRHI: Display:   1: Flags 0x00001 - Heap  0 - 1
06-18 18:24:20.970 27865 27988 D UE      : [2024.06.18-23.24.20:970][  0]LogVulkanRHI: Display:   2: Flags 0x00001 - Heap  0 - 1
06-18 18:24:20.970 27865 27988 D UE      : [2024.06.18-23.24.20:970][  0]LogVulkanRHI: Display:   3: Flags 0x0000b - Heap  0 - 11
06-18 18:24:20.970 27865 27988 D UE      : [2024.06.18-23.24.20:970][  0]LogVulkanRHI: Display:   4: Flags 0x00007 - Heap  0 - 7
06-18 18:24:20.970 27865 27988 D UE      : [2024.06.18-23.24.20:970][  0]LogVulkanRHI: Display:   5: Flags 0x00007 - Heap  0 - 7
06-18 18:24:20.970 27865 27988 D UE      : [2024.06.18-23.24.20:970][  0]LogVulkanRHI: Display:   6: Flags 0x0000f - Heap  0 - 15
06-18 18:24:20.970 27865 27988 D UE      : [2024.06.18-23.24.20:970][  0]LogVulkanRHI: Display:   8: Flags 0x00011 - Heap  0 - 17
06-18 18:24:20.970 27865 27988 D UE      : [2024.06.18-23.24.20:970][  0]LogVulkanRHI: Display:   7: Flags 0x00021 - Heap  1 - 33
06-18 18:24:20.970 27865 27988 D UE      : [2024.06.18-23.24.20:970][  0]LogVulkanRHI: Display: Memory Budget unavailable
06-18 18:24:20.971  1910  2556 I Clay    : PresenceServiceSystem: Failed to poll
06-18 18:24:20.972  1910  2556 I Clay    : PresenceServiceSystem: Failed to poll
06-18 18:24:20.973 27865 27988 D UE      : [2024.06.18-23.24.20:973][  0]LogVulkanRHI: FVulkanPipelineStateCacheManager will check for loading, etc when ShaderPipelineCache opens its file
06-18 18:24:20.976 27865 27988 D UE      : [2024.06.18-23.24.20:976][  0]LogRHI: Display: Enabling workaround to reduce memory requirement for ASTC textures (VK_IMAGE_TILING_LINEAR). 128x128 - 8 Mips ASTC_8x8 texture: 12 KiB -> 5 KiB
06-18 18:24:20.976 27865 27988 D UE      : [2024.06.18-23.24.20:976][  0]LogVulkanRHI: Display: Wave Operations have been ENABLED (wave size: min=64 max=128).
06-18 18:24:20.983  1910  2556 I Clay    : PresenceServiceSystem: Failed to poll
06-18 18:24:20.983  1910  2556 I Clay    : PresenceServiceSystem: Failed to poll
06-18 18:24:20.984 27865 27988 D UE      : [2024.06.18-23.24.20:984][  0]LogVRS: Current RHI supports Variable Rate Shading
06-18 18:24:20.986 27865 27988 D UE      : [2024.06.18-23.24.20:986][  0]LogRHI: Texture pool is 600 MB (of 7988 MB total graphics mem)
06-18 18:24:20.986 27865 27988 D UE      : [2024.06.18-23.24.20:986][  0]LogInit: Initializing FReadOnlyCVARCache
06-18 18:24:20.994  1910  2556 I Clay    : PresenceServiceSystem: Failed to poll
06-18 18:24:20.994  1910  2556 I Clay    : PresenceServiceSystem: Failed to poll
06-18 18:24:20.994 27865 27988 D UE      : [2024.06.18-23.24.20:994][  0]LogRendererCore: Ray tracing is disabled. Reason: disabled through project setting (r.RayTracing=0).
06-18 18:24:20.994 27865 27988 D UE      : [2024.06.18-23.24.20:994][  0]LogShaderLibrary: Display: Using ../../../Metaverse_Game1/Content/ShaderArchive-Global-SF_VULKAN_ES31_ANDROID-VULKAN_ES3_1_ANDROID.ushaderbytecode for material shader code. Total 1000 unique shaders.
06-18 18:24:20.994 27865 27988 D UE      : [2024.06.18-23.24.20:994][  0]LogShaderLibrary: Display: Cooked Context: Using Shared Shader Library Global
06-18 18:24:20.994 27865 27988 D UE      : [2024.06.18-23.24.20:994][  0]LogShaderLibrary: Display: Logical shader library 'Global' has been created as a monolithic library
06-18 18:24:20.995 27865 27988 D UE      : [2024.06.18-23.24.20:995][  0]LogShaderLibrary: Display: Running without a pakfile/IoStore and did not find a monolithic library 'Global_SC' - attempting disk search for its chunks
06-18 18:24:20.995 27865 27988 D UE      : [2024.06.18-23.24.20:995][  0]LogShaderLibrary: Display:    ....  not found
06-18 18:24:20.995 27865 27988 D UE      : [2024.06.18-23.24.20:995][  0]LogShaderLibrary: Display: Tried to open shader library 'Global_SC', but could not find it neither as a monolithic library nor as a chunked one.
06-18 18:24:20.995 27865 27988 D UE      : [2024.06.18-23.24.20:995][  0]LogShaderLibrary: Display: Tried to open shader library 'TraceUtilities', but could not find it (only tried to open it as a monolithic library).
06-18 18:24:20.995 27865 27988 D UE      : [2024.06.18-23.24.20:995][  0]LogShaderLibrary: Display: Tried to open shader library 'ChaosVD', but could not find it (only tried to open it as a monolithic library).
06-18 18:24:20.995 27865 27988 D UE      : [2024.06.18-23.24.20:995][  0]LogShaderLibrary: Display: Tried to open shader library 'Paper2D', but could not find it (only tried to open it as a monolithic library).
06-18 18:24:20.995 27865 27988 D UE      : [2024.06.18-23.24.20:995][  0]LogShaderLibrary: Display: Tried to open shader library 'UVEditor', but could not find it (only tried to open it as a monolithic library).
06-18 18:24:20.995 27865 27988 D UE      : [2024.06.18-23.24.20:995][  0]LogShaderLibrary: Display: Tried to open shader library 'GeometryMode', but could not find it (only tried to open it as a monolithic library).
06-18 18:24:20.995 27865 27993 D UE      : [2024.06.18-23.24.20:995][  0]LogShaderLibrary: Display: Tried to open shader library 'MediaPlate', but could not find it (only tried to open it as a monolithic library).
06-18 18:24:20.995 27865 27988 D UE      : [2024.06.18-23.24.20:995][  0]LogShaderLibrary: Display: Tried to open shader library 'BlueprintHeaderView', but could not find it (only tried to open it as a monolithic library).
06-18 18:24:20.995 27865 27988 D UE      : [2024.06.18-23.24.20:995][  0]LogShaderLibrary: Display: Tried to open shader library 'SpeedTreeImporter', but could not find it (only tried to open it as a monolithic library).
06-18 18:24:20.995 27865 27993 D UE      : [2024.06.18-23.24.20:995][  0]LogShaderLibrary: Display: Tried to open shader library 'MediaCompositing', but could not find it (only tried to open it as a monolithic library).
06-18 18:24:20.995 27865 27988 D UE      : [2024.06.18-23.24.20:995][  0]LogShaderLibrary: Display: Tried to open shader library 'Takes', but could not find it (only tried to open it as a monolithic library).
06-18 18:24:20.995 27865 27994 D UE      : [2024.06.18-23.24.20:995][  0]LogShaderLibrary: Display: Tried to open shader library 'OpenXRHandTracking', but could not find it (only tried to open it as a monolithic library).
06-18 18:24:20.995 27865 27993 D UE      : [2024.06.18-23.24.20:995][  0]LogShaderLibrary: Display: Tried to open shader library 'AnimationSharing', but could not find it (only tried to open it as a monolithic library).
06-18 18:24:20.995 27865 27988 D UE      : [2024.06.18-23.24.20:995][  0]LogShaderLibrary: Display: Tried to open shader library 'GeometryProcessing', but could not find it (only tried to open it as a monolithic library).
06-18 18:24:20.995 27865 27994 D UE      : [2024.06.18-23.24.20:995][  0]LogShaderLibrary: Display: Tried to open shader library 'OpenXREyeTracker', but could not find it (only tried to open it as a monolithic library).
06-18 18:24:20.995 27865 27988 D UE      : [2024.06.18-23.24.20:995][  0]LogShaderLibrary: Display: Tried to open shader library 'AudioSynesthesia', but could not find it (only tried to open it as a monolithic library).
06-18 18:24:20.995 27865 27994 D UE      : [2024.06.18-23.24.20:995][  0]LogShaderLibrary: Display: Tried to open shader library 'WaveTable', but could not find it (only tried to open it as a monolithic library).
06-18 18:24:20.995 27865 27993 D UE      : [2024.06.18-23.24.20:995][  0]LogShaderLibrary: Display: Tried to open shader library 'RigVM', but could not find it (only tried to open it as a monolithic library).
06-18 18:24:20.995 27865 27988 D UE      : [2024.06.18-23.24.20:995][  0]LogShaderLibrary: Display: Tried to open shader library 'Metasound', but could not find it (only tried to open it as a monolithic library).
06-18 18:24:20.995 27865 27993 D UE      : [2024.06.18-23.24.20:995][  0]LogShaderLibrary: Display: Tried to open shader library 'OpenXR', but could not find it (only tried to open it as a monolithic library).
06-18 18:24:20.996 27865 27988 D UE      : [2024.06.18-23.24.20:996][  0]LogShaderLibrary: Display: Tried to open shader library 'AudioWidgets', but could not find it (only tried to open it as a monolithic library).
06-18 18:24:20.996 27865 27993 D UE      : [2024.06.18-23.24.20:996][  0]LogShaderLibrary: Display: Tried to open shader library 'ResonanceAudio', but could not find it (only tried to open it as a monolithic library).
06-18 18:24:20.996 27865 27988 D UE      : [2024.06.18-23.24.20:996][  0]LogShaderLibrary: Display: Tried to open shader library 'Niagara', but could not find it (only tried to open it as a monolithic library).
06-18 18:24:20.996 27865 27993 D UE      : [2024.06.18-23.24.20:996][  0]LogShaderLibrary: Display: Tried to open shader library 'ChaosSolverPlugin', but could not find it (only tried to open it as a monolithic library).
06-18 18:24:20.996 27865 27988 D UE      : [2024.06.18-23.24.20:996][  0]LogShaderLibrary: Display: Tried to open shader library 'PythonScriptPlugin', but could not find it (only tried to open it as a monolithic library).
06-18 18:24:20.996 27865 27993 D UE      : [2024.06.18-23.24.20:996][  0]LogShaderLibrary: Display: Tried to open shader library 'MeshModelingToolsetExp', but could not find it (only tried to open it as a monolithic library).
06-18 18:24:20.996 27865 27988 D UE      : [2024.06.18-23.24.20:996][  0]LogShaderLibrary: Display: Tried to open shader library 'Dataflow', but could not find it (only tried to open it as a monolithic library).
06-18 18:24:20.996 27865 27993 D UE      : [2024.06.18-23.24.20:996][  0]LogShaderLibrary: Display: Tried to open shader library 'FullBodyIK', but could not find it (only tried to open it as a monolithic library).
06-18 18:24:20.996 27865 27988 D UE      : [2024.06.18-23.24.20:996][  0]LogShaderLibrary: Display: Tried to open shader library 'ChaosCaching', but could not find it (only tried to open it as a monolithic library).
06-18 18:24:20.996 27865 27993 D UE      : [2024.06.18-23.24.20:996][  0]LogShaderLibrary: Display: Tried to open shader library 'ToolPresets', but could not find it (only tried to open it as a monolithic library).
06-18 18:24:20.996 27865 27988 D UE      : [2024.06.18-23.24.20:996][  0]LogShaderLibrary: Display: Tried to open shader library 'GeometryCollectionPlugin', but could not find it (only tried to open it as a monolithic library).
06-18 18:24:20.996 27865 27993 D UE      : [2024.06.18-23.24.20:996][  0]LogShaderLibrary: Display: Tried to open shader library 'DatasmithContent', but could not find it (only tried to open it as a monolithic library).
