06-25 21:24:50.755 29971 29971 D wlan    : [29971:IH:HIF] hif_rtpm_display_last_busy_hist: RTPM CE-1 last busy_cnt:2 cur_idx:2 ts1:226843117342 ts2:0 ts3:0 ts4:0
06-25 21:24:50.755 29971 29971 D wlan    : [29971:IH:HIF] hif_rtpm_display_last_busy_hist: RTPM CE-2 last busy_cnt:46345 cur_idx:46345 ts1:312619821394 ts2:312619773188 ts3:312619785856 ts4:312619810950
06-25 21:24:50.755 29971 29971 D wlan    : [29971:IH:HIF] hif_rtpm_display_last_busy_hist: RTPM CE-7 last busy_cnt:0 cur_idx:0 ts1:0 ts2:0 ts3:0 ts4:0
06-25 21:24:50.755 29971 29971 D wlan    : [29971:IH:DP] wlan_dp_display_txrx_stats: dp_intf: 0
06-25 21:24:50.755 29971 29971 D wlan    : [29971:IH:DP] wlan_dp_display_txrx_stats: Tx CPU[0]: called 40961, dropped 0, orphaned 15064
06-25 21:24:50.755 29971 29971 D wlan    : [29971:IH:DP] wlan_dp_display_txrx_stats: Tx CPU[1]: called 44557, dropped 0, orphaned 16399
06-25 21:24:50.755 29971 29971 D wlan    : [29971:IH:DP] wlan_dp_display_txrx_stats: Tx CPU[2]: called 13824, dropped 0, orphaned 6328
06-25 21:24:50.755 29971 29971 D wlan    : [29971:IH:DP] wlan_dp_display_txrx_stats: Tx CPU[3]: called 7380, dropped 0, orphaned 1766
06-25 21:24:50.755 29971 29971 D wlan    : [29971:IH:DP] wlan_dp_display_txrx_stats: Tx CPU[4]: called 6922, dropped 0, orphaned 1881
06-25 21:24:50.755 29971 29971 D wlan    : [29971:IH:DP] wlan_dp_display_txrx_stats: Tx CPU[5]: called 6899, dropped 0, orphaned 1820
06-25 21:24:50.755 29971 29971 D wlan    : [29971:IH:DP] wlan_dp_display_txrx_stats: TX - called 120543, dropped 0 orphan 43258
06-25 21:24:50.755 29971 29971 D wlan    : [29971:IH:DP] wlan_dp_display_txrx_stats: Rx CPU[0]: packets 204022, dropped 0, delivered 204012, refused 0
06-25 21:24:50.755 29971 29971 D wlan    : [29971:IH:DP] wlan_dp_display_txrx_stats: Rx CPU[1]: packets 223450, dropped 0, delivered 223438, refused 0
06-25 21:24:50.755 29971 29971 D wlan    : [29971:IH:DP] wlan_dp_display_txrx_stats: Rx CPU[2]: packets 77228, dropped 0, delivered 77227, refused 0
06-25 21:24:50.755 29971 29971 D wlan    : [29971:IH:DP] wlan_dp_display_txrx_stats: Rx CPU[3]: packets 57011, dropped 0, delivered 57011, refused 0
06-25 21:24:50.755 29971 29971 D wlan    : [29971:IH:DP] wlan_dp_display_txrx_stats: Rx CPU[4]: packets 51137, dropped 0, delivered 51137, refused 0
06-25 21:24:50.755 29971 29971 D wlan    : [29971:IH:DP] wlan_dp_display_txrx_stats: Rx CPU[5]: packets 53463, dropped 0, delivered 53463, refused 0
06-25 21:24:50.755 29971 29971 D wlan    : [29971:IH:DP] wlan_dp_display_txrx_stats: RX - packets 666311, dropped 0, unsol_arp_mcast_drp 23, delivered 666288, refused 0 GRO - agg 663226 drop 0 non-agg 3054 flush_skip 0 low_tput_flush 0 disabled(conc 0 low-tput 1)
06-25 21:24:50.755 29971 29971 D wlan    : [29971:IH:DP] dp_rx_tm_thread_dump_stats: thread:0 - qlen:0 queued:(total:3498 reo[0]:3498 ) dequeued:3498 stack:3498 gro_flushes: 1585 gro_flushes_by_vdev_del: 0 rx_flushes: 0 max_len:31 invalid(peer:0 vdev:0 rx-handle:0 others:0 enq fail:0)
06-25 21:24:50.755 29971 29971 D wlan    : [29971:IH:DP] dp_rx_tm_thread_dump_stats: thread:1 - qlen:0 queued:(total:4855 reo[1]:4855 ) dequeued:4855 stack:4855 gro_flushes: 2652 gro_flushes_by_vdev_del: 0 rx_flushes: 0 max_len:18 invalid(peer:0 vdev:0 rx-handle:0 others:0 enq fail:0)
06-25 21:24:50.755 29971 29971 D wlan    : [29971:IH:DP] dp_rx_tm_thread_dump_stats: thread:2 - qlen:0 queued:(total:3882 reo[2]:3882 ) dequeued:3882 stack:3882 gro_flushes: 1915 gro_flushes_by_vdev_del: 0 rx_flushes: 0 max_len:19 invalid(peer:0 vdev:0 rx-handle:0 others:0 enq fail:0)
06-25 21:24:50.756 29971 29971 D wlan    : [29971:IH:DP] dp_rx_tm_thread_dump_stats: thread:3 - qlen:0 queued:(total:3956 reo[3]:3956 ) dequeued:3956 stack:3956 gro_flushes: 1748 gro_flushes_by_vdev_del: 0 rx_flushes: 0 max_len:21 invalid(peer:0 vdev:0 rx-handle:0 others:0 enq fail:0)
06-25 21:24:50.756 29971 29971 D wlan    : [29971:IH:DP] Reo packets per ring:
06-25 21:24:50.756 29971 29971 D wlan    : [29971:IH:DP] Packets on ring 0:
06-25 21:24:50.756 29971 29971 D wlan    : [29971:IH:DP] Packets arriving on core 0: 948
06-25 21:24:50.756 29971 29971 D wlan    : [29971:IH:DP] Packets arriving on core 2: 2519
06-25 21:24:50.756 29971 29971 D wlan    : [29971:IH:DP] Packets arriving on core 3: 31
06-25 21:24:50.756 29971 29971 D wlan    : [29971:IH:DP] Total packets on ring 0: 3498
06-25 21:24:50.756 29971 29971 D wlan    : [29971:IH:DP] Packets on ring 1:
06-25 21:24:50.756 29971 29971 D wlan    : [29971:IH:DP] Packets arriving on core 0: 291
06-25 21:24:50.756 29971 29971 D wlan    : [29971:IH:DP] Packets arriving on core 2: 463
06-25 21:24:50.756 29971 29971 D wlan    : [29971:IH:DP] Packets arriving on core 3: 151
06-25 21:24:50.756 29971 29971 D wlan    : [29971:IH:DP] Packets arriving on core 4: 3950
06-25 21:24:50.756 29971 29971 D wlan    : [29971:IH:DP] Total packets on ring 1: 4855
06-25 21:24:50.756 29971 29971 D wlan    : [29971:IH:DP] Packets on ring 2:
06-25 21:24:50.756 29971 29971 D wlan    : [29971:IH:DP] Packets arriving on core 0: 296
06-25 21:24:50.756 29971 29971 D wlan    : [29971:IH:DP] Packets arriving on core 2: 252
06-25 21:24:50.756 29971 29971 D wlan    : [29971:IH:DP] Packets arriving on core 3: 127
06-25 21:24:50.756 29971 29971 D wlan    : [29971:IH:DP] Packets arriving on core 4: 3207
06-25 21:24:50.756 29971 29971 D wlan    : [29971:IH:DP] Total packets on ring 2: 3882
06-25 21:24:50.756 29971 29971 D wlan    : [29971:IH:DP] Packets on ring 3:
06-25 21:24:50.756 29971 29971 D wlan    : [29971:IH:DP] Packets arriving on core 0: 496
06-25 21:24:50.756 29971 29971 D wlan    : [29971:IH:DP] Packets arriving on core 2: 387
06-25 21:24:50.756 29971 29971 D wlan    : [29971:IH:DP] Packets arriving on core 3: 41
06-25 21:24:50.756 29971 29971 D wlan    : [29971:IH:DP] Packets arriving on core 4: 3032
06-25 21:24:50.756 29971 29971 D wlan    : [29971:IH:DP] Total packets on ring 3: 3956
06-25 21:24:50.756 29971 29971 D wlan    : [29971:IH:DP] Packets on ring 4:
06-25 21:24:50.756 29971 29971 D wlan    : [29971:IH:DP] Total packets on ring 4: 0
06-25 21:24:50.756 29971 29971 D wlan    : [29971:IH:DP] Packets on ring 5:
06-25 21:24:50.756 29971 29971 D wlan    : [29971:IH:DP] Total packets on ring 5: 0
06-25 21:24:50.756 29971 29971 D wlan    : [29971:IH:DP] Packets on ring 6:
06-25 21:24:50.756 29971 29971 D wlan    : [29971:IH:DP] Total packets on ring 6: 0
06-25 21:24:50.756 29971 29971 D wlan    : [29971:IH:DP] Packets on ring 7:
06-25 21:24:50.756 29971 29971 D wlan    : [29971:IH:DP] Total packets on ring 7: 0
06-25 21:24:50.756 29971 29971 D wlan    : [29971:IH:HIF] NAPI[#]CPU[#] |scheds |polls  |comps  |dones  |t-lim  |max(us)|hist(500us buckets)
06-25 21:24:50.756 29971 29971 D wlan    : [29971:IH:HIF] NAPI[0]CPU[0]:     187     187     187     372       0     168 187|0|0|0|
06-25 21:24:50.756 29971 29971 D wlan    : [29971:IH:HIF] NAPI[0]CPU[1]:    2974    2974    2974    6833       0     219 2974|0|0|0|
06-25 21:24:50.756 29971 29971 D wlan    : [29971:IH:HIF] NAPI[0]CPU[3]:     734     734     734    1501       0     168 734|0|0|0|
06-25 21:24:50.756 29971 29971 D wlan    : [29971:IH:HIF] NAPI[0]CPU[4]:     809     809     809    2151       0     198 809|0|0|0|
06-25 21:24:50.756 29971 29971 D wlan    : [29971:IH:HIF] NAPI[1]CPU[0]:     430     430     430     948       0     299 430|0|0|0|
06-25 21:24:50.756 29971 29971 D wlan    : [29971:IH:HIF] NAPI[1]CPU[2]:    1205    1205    1205    2519       0     323 1205|0|0|0|
06-25 21:24:50.756 29971 29971 D wlan    : [29971:IH:HIF] NAPI[1]CPU[3]:      19      19      19      31       0     234 19|0|0|0|
06-25 21:24:50.756 29971 29971 D wlan    : [29971:IH:HIF] NAPI[2]CPU[0]:     145     145     145     291       0     177 145|0|0|0|
06-25 21:24:50.756 29971 29971 D wlan    : [29971:IH:HIF] NAPI[2]CPU[2]:     256     256     256     463       0     235 256|0|0|0|
06-25 21:24:50.756 29971 29971 D wlan    : [29971:IH:HIF] NAPI[2]CPU[3]:      72      72      72     151       0     137 72|0|0|0|
06-25 21:24:50.756 29971 29971 D wlan    : [29971:IH:HIF] NAPI[2]CPU[4]:    2263    2263    2263    3950       0     320 2263|0|0|0|
06-25 21:24:50.756 29971 29971 D wlan    : [29971:IH:HIF] NAPI[3]CPU[0]:     377     377     377     792       0     209 377|0|0|0|
06-25 21:24:50.756 29971 29971 D wlan    : [29971:IH:HIF] NAPI[3]CPU[2]:     326     326     326     639       0     209 326|0|0|0|
06-25 21:24:50.756 29971 29971 D wlan    : [29971:IH:HIF] NAPI[3]CPU[3]:      84      84      84     168       0     188 84|0|0|0|
06-25 21:24:50.756 29971 29971 D wlan    : [29971:IH:HIF] NAPI[3]CPU[4]:    2953    2953    2953    6239       0     239 2953|0|0|0|
06-25 21:24:50.756 29971 29971 D wlan    : [29971:IH:HIF] NAPI[4]CPU[0]:       3       3       3       3       0      62 3|0|0|0|
06-25 21:24:50.756 29971 29971 D wlan    : [29971:IH:HIF] NAPI[4]CPU[1]:     438     438     438    1291       0     149 438|0|0|0|
06-25 21:24:50.756 29971 29971 D wlan    : [29971:IH:HIF] NAPI[4]CPU[2]:     942     942     942    2434       0     240 942|0|0|0|
06-25 21:24:50.756 29971 29971 D wlan    : [29971:IH:HIF] NAPI[4]CPU[4]:    3351    3351    3351    7637       0     310 3351|0|0|0|
06-25 21:24:50.756 29971 29971 D wlan    : [29971:IH:HIF] NAPI[6]CPU[4]:     117     117     117      32       0     256 117|0|0|0|
06-25 21:24:50.756 29971 29971 D wlan    : [29971:IH:DP] Tx path Statistics:
06-25 21:24:50.756 29971 29971 D wlan    : [29971:IH:DP] from stack: 22222 msdus (15508039 bytes)
06-25 21:24:50.756 29971 29971 D wlan    : [29971:IH:DP] processed from host: 22213 msdus (1561634 bytes)
06-25 21:24:50.756 29971 29971 D wlan    : [29971:IH:DP] successfully transmitted: 22218 msdus (15866499 bytes)
06-25 21:24:50.756 29971 29971 D wlan    : [29971:IH:DP] Enqueue to SW2TCL1: 5558
06-25 21:24:50.756 29971 29971 D wlan    : [29971:IH:DP] TX completions reaped from ring 0: 10857
06-25 21:24:50.756 29971 29971 D wlan    : [29971:IH:DP] Enqueue to SW2TCL2: 5299
06-25 21:24:50.756 29971 29971 D wlan    : [29971:IH:DP] TX completions reaped from ring 1: 0
06-25 21:24:50.756 29971 29971 D wlan    : [29971:IH:DP] Enqueue to SW2TCL3: 11365
06-25 21:24:50.756 29971 29971 D wlan    : [29971:IH:DP] TX completions reaped from ring 2: 11365
06-25 21:24:50.756 29971 29971 D wlan    : [29971:IH:DP] Invalid release source: 0
06-25 21:24:50.756 29971 29971 D wlan    : [29971:IH:DP] Invalid TX desc from completion ring: 0
06-25 21:24:50.756 29971 29971 D wlan    : [29971:IH:DP] Dropped in host:
06-25 21:24:50.756 29971 29971 D wlan    : [29971:IH:DP] Total packets dropped: 0,
06-25 21:24:50.756 29971 29971 D wlan    : [29971:IH:DP] Descriptor not available: 0
06-25 21:24:50.756 29971 29971 D wlan    : [29971:IH:DP] Ring full: 0
06-25 21:24:50.756 29971 29971 D wlan    : [29971:IH:DP] Enqueue fail: 0
06-25 21:24:50.756 29971 29971 D wlan    : [29971:IH:DP] Pkt dropped in vdev-id check: 0
06-25 21:24:50.756 29971 29971 D wlan    : [29971:IH:DP] DMA Error: 0
06-25 21:24:50.756 29971 29971 D wlan    : [29971:IH:DP] Drop Ingress: 0
06-25 21:24:50.756 29971 29971 D wlan    : [29971:IH:DP] Dropped in hardware:
06-25 21:24:50.756 29971 29971 D wlan    : [29971:IH:DP] total packets dropped: 0
06-25 21:24:50.756 29971 29971 D wlan    : [29971:IH:DP] mpdu age out: 0
06-25 21:24:50.756 29971 29971 D wlan    : [29971:IH:DP] firmware removed packets: 0 (0 bytes)
06-25 21:24:50.756 29971 29971 D wlan    : [29971:IH:DP] firmware removed tx: 0
06-25 21:24:50.756 29971 29971 D wlan    : [29971:IH:DP] firmware removed notx 0
06-25 21:24:50.756 29971 29971 D wlan    : [29971:IH:DP] Invalid peer on tx path: 0
06-25 21:24:50.756 29971 29971 D wlan    : [29971:IH:DP] Tx desc freed in non-completion path: 0
06-25 21:24:50.756 29971 29971 D wlan    : [29971:IH:DP] Tx desc force freed: 0
06-25 21:24:50.756 29971 29971 D wlan    : [29971:IH:DP] Tx packets sent per interrupt:
06-25 21:24:50.756 29971 29971 D wlan    : [29971:IH:DP] Single Packet: 4962
06-25 21:24:50.756 29971 29971 D wlan    : [29971:IH:DP] 2-20 Packets:  3610
06-25 21:24:50.756 29971 29971 D wlan    : [29971:IH:DP] 21-40 Packets: 91
06-25 21:24:50.756 29971 29971 D wlan    : [29971:IH:DP] 41-60 Packets: 3
06-25 21:24:50.756 29971 29971 D wlan    : [29971:IH:DP] 61-80 Packets: 0
06-25 21:24:50.756 29971 29971 D wlan    : [29971:IH:DP] 81-100 Packets: 0
06-25 21:24:50.756 29971 29971 D wlan    : [29971:IH:DP] 101-200 Packets: 0
06-25 21:24:50.756 29971 29971 D wlan    : [29971:IH:DP]     201+ Packets: 0
06-25 21:24:50.756 29971 29971 D wlan    : [29971:IH:DP] Rx path statistics
06-25 21:24:50.756 29971 29971 D wlan    : [29971:IH:DP] delivered 16190 msdus ( 4699374 bytes),
06-25 21:24:50.756 29971 29971 D wlan    : [29971:IH:DP] received on reo[0] 3498 msdus( 969449 bytes),
06-25 21:24:50.756 29971 29971 D wlan    : [29971:IH:DP] received on reo[1] 4855 msdus( 1131171 bytes),
06-25 21:24:50.756 29971 29971 D wlan    : [29971:IH:DP] received on reo[2] 3882 msdus( 1362092 bytes),
06-25 21:24:50.756 29971 29971 D wlan    : [29971:IH:DP] received on reo[3] 3956 msdus( 1236728 bytes),
06-25 21:24:50.756 29971 29971 D wlan    : [29971:IH:DP] received on lmac[0] 0 msdus (0 bytes),
06-25 21:24:50.756 29971 29971 D wlan    : [29971:IH:DP] received on lmac[1] 0 msdus (0 bytes),
06-25 21:24:50.756 29971 29971 D wlan    : [29971:IH:DP] intra-bss packets 0 msdus ( 0 bytes),
06-25 21:24:50.756 29971 29971 D wlan    : [29971:IH:DP] intra-bss fails 0 msdus ( 0 bytes),
06-25 21:24:50.756 29971 29971 D wlan    : [29971:IH:DP] intra-bss no mdns fwds 0 msdus
06-25 21:24:50.756 29971 29971 D wlan    : [29971:IH:DP] intra-bss EAPOL drops: 0
06-25 21:24:50.756 29971 29971 D wlan    : [29971:IH:DP] raw packets 0 msdus ( 0 bytes),
06-25 21:24:50.756 29971 29971 D wlan    : [29971:IH:DP] mic errors 1485
06-25 21:24:50.756 29971 29971 D wlan    : [29971:IH:DP] Invalid peer on rx path: 0
06-25 21:24:50.756 29971 29971 D wlan    : [29971:IH:DP] sw_peer_id invalid 0
06-25 21:24:50.756 29971 29971 D wlan    : [29971:IH:DP] packet_len invalid 0
06-25 21:24:50.756 29971 29971 D wlan    : [29971:IH:DP] sa or da idx invalid 0
06-25 21:24:50.756 29971 29971 D wlan    : [29971:IH:DP] defrag peer uninit 0
06-25 21:24:50.756 29971 29971 D wlan    : [29971:IH:DP] pkts delivered no peer 0
06-25 21:24:50.756 29971 29971 D wlan    : [29971:IH:DP] RX invalid cookie: 0
06-25 21:24:50.756 29971 29971 D wlan    : [29971:IH:DP] RX stale cookie: 0
06-25 21:24:50.756 29971 29971 D wlan    : [29971:IH:DP] 2k jump delba sent: 0
06-25 21:24:50.756 29971 29971 D wlan    : [29971:IH:DP] 2k jump msdu to stack: 0
06-25 21:24:50.756 29971 29971 D wlan    : [29971:IH:DP] 2k jump msdu drop: 0
06-25 21:24:50.756 29971 29971 D wlan    : [29971:IH:DP] REO err oor msdu to stack 0
06-25 21:24:50.756 29971 29971 D wlan    : [29971:IH:DP] REO err oor msdu drop: 32
06-25 21:24:50.756 29971 29971 D wlan    : [29971:IH:DP] Rx err msdu rejected: 0
06-25 21:24:50.756 29971 29971 D wlan    : [29971:IH:DP] Rx raw frame dropped: 0
06-25 21:24:50.756 29971 29971 D wlan    : [29971:IH:DP] Rx stale link desc cookie: 0
06-25 21:24:50.756 29971 29971 D wlan    : [29971:IH:DP] Rx nbuf sanity fails: 0
06-25 21:24:50.756 29971 29971 D wlan    : [29971:IH:DP] Rx refill duplicate link desc: 0
06-25 21:24:50.756 29971 29971 D wlan    : [29971:IH:DP] Rx ipa smmu map duplicate: 0
06-25 21:24:50.756 29971 29971 D wlan    : [29971:IH:DP] Rx ipa smmu unmap duplicate: 0
06-25 21:24:50.756 29971 29971 D wlan    : [29971:IH:DP] Rx ipa smmu unmap no pipes: 0
06-25 21:24:50.756 29971 29971 D wlan    : [29971:IH:DP] PN-in-Dest error frame pn-check fail: 0
06-25 21:24:50.756 29971 29971 D wlan    : [29971:IH:DP] Reo Statistics
06-25 21:24:50.756 29971 29971 D wlan    : [29971:IH:DP] near_full: 0
06-25 21:24:50.756 29971 29971 D wlan    : [29971:IH:DP] rbm error: 0 msdus
06-25 21:24:50.756 29971 29971 D wlan    : [29971:IH:DP] hal ring access fail: 0 msdus
06-25 21:24:50.756 29971 29971 D wlan    : [29971:IH:DP] hal ring access full fail: 0 msdus
06-25 21:24:50.756 29971 29971 D wlan    : [29971:IH:DP] Rx BAR frames:0
06-25 21:24:50.756 29971 29971 D wlan    : [29971:IH:DP] Reo error number (7): 17 msdus
06-25 21:24:50.756 29971 29971 D wlan    : [29971:IH:DP] Rx packets reaped per interrupt:
06-25 21:24:50.756 29971 29971 D wlan    : [29971:IH:DP] Single Packet: 4203
06-25 21:24:50.756 29971 29971 D wlan    : [29971:IH:DP] 2-20 Packets:  3701
06-25 21:24:50.756 29971 29971 D wlan    : [29971:IH:DP] 21-40 Packets: 2
06-25 21:24:50.756 29971 29971 D wlan    : [29971:IH:DP] 41-60 Packets: 0
06-25 21:24:50.756 29971 29971 D wlan    : [29971:IH:DP] 61-80 Packets: 0
06-25 21:24:50.756 29971 29971 D wlan    : [29971:IH:DP] 81-100 Packets: 0
06-25 21:24:50.756 29971 29971 D wlan    : [29971:IH:DP] 101-200 Packets: 0
06-25 21:24:50.756 29971 29971 D wlan    : [29971:IH:DP]    201+ Packets: 0
06-25 21:24:50.756 29971 29971 D wlan    : [29971:IH:DP] dp_txrx_path_stats: tso_enable: 1 lro_enable: 0 rx_hash: 1 napi_enable: 1
06-25 21:24:50.756 29971 29971 D wlan    : [29971:IH:DP] dp_txrx_path_stats: Tx flow stop queue: 15 tx flow start queue offset: 10
06-25 21:24:50.756 29971 29971 D wlan    : [29971:IH:DP] dp_print_soc_interrupt_stats:  0[450] - Total:4704 tx_comps[0]:4300
06-25 21:24:50.756 29971 29971 D wlan    : [29971:IH:DP] dp_print_soc_interrupt_stats:  1[451] - Total:1654 reo[0]:1587
06-25 21:24:50.756 29971 29971 D wlan    : [29971:IH:DP] dp_print_soc_interrupt_stats:  2[452] - Total:2736 reo[1]:2652
06-25 21:24:50.756 29971 29971 D wlan    : [29971:IH:DP] dp_print_soc_interrupt_stats:  3[453] - Total:3740 reo[2]:1915 reo[3]:1752
06-25 21:24:50.756 29971 29971 D wlan    : [29971:IH:DP] dp_print_soc_interrupt_stats:  4[454] - Total:4734 tx_comps[2]:4366
06-25 21:24:50.756 29971 29971 D wlan    : [29971:IH:DP] dp_print_soc_interrupt_stats:  6[456] - Total:117 reo_err:15 wbm_rx_err:0 rxdma2_host_err:0
06-25 21:24:50.756 29971 29971 D wlan    : [29971:IH:DP] vdev_id: 0 Per TID Delay Non-Zero Stats:
06-25 21:24:50.756 29971 29971 D wlan    : [29971:IH:DP] Hardware Tx completion latency stats TID: 0
06-25 21:24:50.756 29971 29971 D wlan    : [29971:IH:DP] Min = 0
06-25 21:24:50.756 29971 29971 D wlan    : [29971:IH:DP] Max = 0
06-25 21:24:50.756 29971 29971 D wlan    : [29971:IH:DP] Avg = 0
06-25 21:24:50.756 29971 29971 D wlan    : [29971:IH:DP] Hardware Tx completion latency stats TID: 1
06-25 21:24:50.756 29971 29971 D wlan    : [29971:IH:DP] Min = 0
06-25 21:24:50.756 29971 29971 D wlan    : [29971:IH:DP] Max = 0
06-25 21:24:50.756 29971 29971 D wlan    : [29971:IH:DP] Avg = 0
06-25 21:24:50.756 29971 29971 D wlan    : [29971:IH:DP] Hardware Tx completion latency stats TID: 2
06-25 21:24:50.756 29971 29971 D wlan    : [29971:IH:DP] Min = 0
06-25 21:24:50.756 29971 29971 D wlan    : [29971:IH:DP] Max = 0
06-25 21:24:50.756 29971 29971 D wlan    : [29971:IH:DP] Avg = 0
06-25 21:24:50.756 29971 29971 D wlan    : [29971:IH:DP] Hardware Tx completion latency stats TID: 3
06-25 21:24:50.756 29971 29971 D wlan    : [29971:IH:DP] Min = 0
06-25 21:24:50.756 29971 29971 D wlan    : [29971:IH:DP] Max = 0
06-25 21:24:50.756 29971 29971 D wlan    : [29971:IH:DP] Avg = 0
06-25 21:24:50.756 29971 29971 D wlan    : [29971:IH:DP] Hardware Tx completion latency stats TID: 4
06-25 21:24:50.756 29971 29971 D wlan    : [29971:IH:DP] Min = 0
06-25 21:24:50.756 29971 29971 D wlan    : [29971:IH:DP] Max = 0
06-25 21:24:50.756 29971 29971 D wlan    : [29971:IH:DP] Avg = 0
06-25 21:24:50.756 29971 29971 D wlan    : [29971:IH:DP] Hardware Tx completion latency stats TID: 5
06-25 21:24:50.756 29971 29971 D wlan    : [29971:IH:DP] Min = 0
06-25 21:24:50.756 29971 29971 D wlan    : [29971:IH:DP] Max = 0
06-25 21:24:50.756 29971 29971 D wlan    : [29971:IH:DP] Avg = 0
06-25 21:24:50.756 29971 29971 D wlan    : [29971:IH:DP] Hardware Tx completion latency stats TID: 6
06-25 21:24:50.756 29971 29971 D wlan    : [29971:IH:DP] Min = 0
06-25 21:24:50.756 29971 29971 D wlan    : [29971:IH:DP] Max = 0
06-25 21:24:50.756 29971 29971 D wlan    : [29971:IH:DP] Avg = 0
06-25 21:24:50.756 29971 29971 D wlan    : [29971:IH:DP] Hardware Tx completion latency stats TID: 7
06-25 21:24:50.756 29971 29971 D wlan    : [29971:IH:DP] Min = 0
06-25 21:24:50.756 29971 29971 D wlan    : [29971:IH:DP] Max = 0
06-25 21:24:50.756 29971 29971 D wlan    : [29971:IH:DP] Avg = 0
06-25 21:24:50.756 29971 29971 D wlan    : [29971:IH:DP] Hardware Tx completion latency stats TID: 8
06-25 21:24:50.756 29971 29971 D wlan    : [29971:IH:DP] Min = 0
06-25 21:24:50.756 29971 29971 D wlan    : [29971:IH:DP] Max = 0
06-25 21:24:50.756 29971 29971 D wlan    : [29971:IH:DP] Avg = 0
06-25 21:24:50.756 29971 29971 D wlan    : [29971:IH:DP] dp_print_fisa_stats: invalid flow index: 0
06-25 21:24:50.756 29971 29971 D wlan    : [29971:IH:DP] dp_print_fisa_stats: workqueue update deferred: 0
06-25 21:24:50.756 29971 29971 D wlan    : [29971:IH:DP] dp_print_fisa_stats: reo_mismatch: cce_match: 0
06-25 21:24:50.756 29971 29971 D wlan    : [29971:IH:DP] dp_print_fisa_stats: reo_mismatch: allow_fse_metdata_mismatch: 0
06-25 21:24:50.756 29971 29971 D wlan    : [29971:IH:DP] dp_print_fisa_stats: reo_mismatch: allow_non_aggr: 0
06-25 21:24:50.756 29971 29971 D wlan    : [29971:IH:DP] FLOW_POOL_STATS G:(1,2,0) | 0 0: (6144,6144,0)
06-25 21:24:50.756 29971 29971 D wlan    : [29971:IL:HDD] STATS |[0 0] (0) 92436/15156996ms 1(20,9) |[255 7] (2) 15156996/15156996ms 1(1,0) |[255 16] (2) 15156996/15156996ms 1(3,0) |
06-25 21:24:50.756 29971 29971 D wlan    : [29971:IH:DP] dp_display_srng_info: SRNG HP-TP data:
06-25 21:24:50.756 29971 29971 D wlan    : [29971:IH:DP] dp_display_srng_info: TCL DATA ring[0]: hp=0xdb0, tp=0xdb0
06-25 21:24:50.756 29971 29971 D wlan    : [29971:IH:DP] dp_display_srng_info: TX comp ring[0]: hp=0x5348, tp=0x5348
06-25 21:24:50.756 29971 29971 D wlan    : [29971:IH:DP] dp_display_srng_info: TCL DATA ring[1]: hp=0x598, tp=0x598
06-25 21:24:50.756 29971 29971 D wlan    : [29971:IH:DP] dp_display_srng_info: TCL DATA ring[2]: hp=0x2328, tp=0x2328
06-25 21:24:50.756 29971 29971 D wlan    : [29971:IH:DP] dp_display_srng_info: TX comp ring[2]: hp=0x6328, tp=0x6328
06-25 21:24:50.756 29971 29971 D wlan    : [29971:IH:DP] dp_display_srng_info: REO DST ring[0]: hp=0x1aa0, tp=0x1aa0
06-25 21:24:50.756 29971 29971 D wlan    : [29971:IH:DP] dp_display_srng_info: REO DST ring[1]: hp=0x2f70, tp=0x2f70
06-25 21:24:50.756 29971 29971 D wlan    : [29971:IH:DP] dp_display_srng_info: REO DST ring[2]: hp=0x32a0, tp=0x32a0
06-25 21:24:50.756 29971 29971 D wlan    : [29971:IH:DP] dp_display_srng_info: REO DST ring[3]: hp=0x3740, tp=0x3740
06-25 21:24:50.756 29971 29971 D wlan    : [29971:IH:DP] dp_display_srng_info: REO exception ring: hp=0x110, tp=0x110
06-25 21:24:50.756 29971 29971 D wlan    : [29971:IH:DP] dp_display_srng_info: WBM RX release ring: hp=0x0, tp=0x0
06-25 21:24:50.756 29971 29971 D wlan    : [29971:IH:DP] dp_display_srng_info: WBM desc release ring: hp=0x88, tp=0x88
06-25 21:24:50.791   642  1037 E FrameSetCollator: [worldTracking] 31 FrameSets had unexpected timestamps (over 1054.27s). Ex: slot 0 4472464.228ms -> 4472497.560ms (observed period: 33.332ms, expected period: 16.666ms (16.666ms))
06-25 21:24:50.835  2895  2944 W [CT]    : Anchor:SlamAnchorMemoryOSSDKClient: [Throttled count=239] Skipping invalid anchorHandle when attempting to cache AnchorStates
06-25 21:24:51.002 31072 31456 I VrApi   : FPS=72/72,Prd=32ms,Tear=0,Early=0,Stale=2,Stale2/5/10/max=1/0/0/2,VSnc=1,Lat=-1,Fov=0,CPU4/GPU=2/2,1382/456MHz,OC=3F,TA=0/0/0,SP=N/N/N,Mem=2092MHz,Free=3192MB,PLS=0,Temp=37.0C/0.0C,TW=0.87ms,App=4.15ms,GD=0.00ms,CPU&GPU=12.57ms,LCnt=2(DR71,LM2),GPU%=0.39,CPU%=0.53(W0.55),DSF=1.00,CFL=10.18/18.50,ICFLp95=16.40,LD=0,SF=1.00,LP=0,DVFS=0
06-25 21:24:51.023  1070  5366 E ThermalManagerService: No threshold found for pcb1-usr
06-25 21:24:51.023  1070  5366 E ThermalManagerService: No threshold found for pcb2-usr
06-25 21:24:51.023  1070  5366 E ThermalManagerService: No threshold found for pcb3-usr
06-25 21:24:51.023  1070  5366 E ThermalManagerService: No threshold found for rf-usr
06-25 21:24:51.023  1070  5366 E ThermalManagerService: No threshold found for cam0-usr
06-25 21:24:51.023  1070  5366 E ThermalManagerService: No threshold found for cam1-usr
06-25 21:24:51.023  1070  5366 E ThermalManagerService: No threshold found for cam2-usr
06-25 21:24:51.023  1070  5366 E ThermalManagerService: No threshold found for cam3-usr
06-25 21:24:51.023  1070  5366 E ThermalManagerService: No threshold found for cam4-usr
06-25 21:24:51.023  1070  5366 E ThermalManagerService: No threshold found for cam5-usr
06-25 21:24:51.023  1070  5366 E ThermalManagerService: No threshold found for disp-virt
06-25 21:24:51.023  1070  5366 E ThermalManagerService: No threshold found for pogo-usr
06-25 21:24:51.045  2895  2944 I [CT]    : SP:AF:AnchorFramework: calculateRigidScenePose: Located 19 / 19 anchors for calculating rigid scene pose
06-25 21:24:51.045  2895  2944 I [CT]    : SP:AF:AnchorAccuracy: New Rigid Scene calculated using 19 anchors attached to 1 IAs. 2.0380407279990322 seconds since last update
06-25 21:24:51.045  2895  2944 I [CT]    : SP:AF:AnchorAccuracy: New scene origin pose: -1.278620719909668 -1.4787064790725708 0.5069349408149719 : 0.30541282892227173 -0.30541282892227173 -0.6377484798431396 -0.6377484202384949
06-25 21:24:51.045  2895  2944 I [CT]    : SP:AF:AnchorAccuracy: New scene origin pose moved: 0.0004589948512148112 translation 1.6989935147648794e-06 rotation
06-25 21:24:51.080  2734 31262 I VrRuntimeService: DestroySwapChain: swapchain=844
06-25 21:24:51.166  2734 30530 V CompositorUtil: TryDelete: Deleting 1 swapchains
06-25 21:24:51.166  2734 30530 V CompositorUtil: SwapChainDeferDeletion: destroying texture swap chain id=844 ptr=0x6ee0f99800, client id=11
06-25 21:24:51.185  2895  3540 I [CT]    : SlamAnchorClientRuntimeIPC: Kicked off bulk re-registration of 3 slam anchors.
06-25 21:24:51.226   641 30434 I VD628x  : Flicker channel saturating : applying new gain
06-25 21:24:51.261   642 30569 I libcamerahal: [INSIGHTS][2.01s] recv/ret/req heartbeat: cam0: 91/91/91, cam1: 91/91/90, cam2: 90/90/90, cam3: 90/90/91
06-25 21:24:51.804   642  1037 E FrameSetCollator: [worldTracking] 31 FrameSets had unexpected timestamps (over 1012.35s). Ex: slot 1 4473497.520ms -> 4473514.186ms (observed period: 16.666ms, expected period: 16.666ms (16.666ms))
06-25 21:24:51.835   843 30515 I Tracking: CONSTELLATION:IMU_STATUS: da7a0f37bc734fd (L): [FusionTracked=1.000, OutputTracked=0.000, OutputValid=0.000] [AccelSat=0.000, GyroSat=0.000] 
06-25 21:24:51.836   843 30515 I Tracking: CONSTELLATION:IMU_STATUS: 8769527bc9039ab5 (R): [FusionTracked=1.000, OutputTracked=0.000, OutputValid=0.000] [AccelSat=0.000, GyroSat=0.000] 
06-25 21:24:51.890  2895  2944 W [CT]    : Anchor:SlamAnchorMemoryOSSDKClient: [Throttled count=239] Skipping invalid anchorHandle when attempting to cache AnchorStates
06-25 21:24:52.002 31072 31456 I VrApi   : FPS=72/72,Prd=30ms,Tear=0,Early=0,Stale=0,Stale2/5/10/max=0/0/0/0,VSnc=1,Lat=-1,Fov=0,CPU4/GPU=2/2,1382/456MHz,OC=3F,TA=0/0/0,SP=N/N/N,Mem=2092MHz,Free=3192MB,PLS=0,Temp=37.0C/0.0C,TW=0.77ms,App=4.13ms,GD=0.00ms,CPU&GPU=12.57ms,LCnt=2(DR72,LM2),GPU%=0.37,CPU%=0.53(W0.59),DSF=1.00,CFL=12.19/18.26,ICFLp95=16.66,LD=0,SF=1.00,LP=0,DVFS=0
06-25 21:24:52.038  1070  5366 E ThermalManagerService: No threshold found for pcb1-usr
06-25 21:24:52.038  1070  5366 E ThermalManagerService: No threshold found for pcb2-usr
06-25 21:24:52.038  1070  5366 E ThermalManagerService: No threshold found for pcb3-usr
06-25 21:24:52.038  1070  5366 E ThermalManagerService: No threshold found for rf-usr
06-25 21:24:52.038  1070  5366 E ThermalManagerService: No threshold found for cam0-usr
06-25 21:24:52.038  1070  5366 E ThermalManagerService: No threshold found for cam1-usr
06-25 21:24:52.038  1070  5366 E ThermalManagerService: No threshold found for cam2-usr
06-25 21:24:52.038  1070  5366 E ThermalManagerService: No threshold found for cam3-usr
06-25 21:24:52.038  1070  5366 E ThermalManagerService: No threshold found for cam4-usr
06-25 21:24:52.038  1070  5366 E ThermalManagerService: No threshold found for cam5-usr
06-25 21:24:52.038  1070  5366 E ThermalManagerService: No threshold found for disp-virt
06-25 21:24:52.038  1070  5366 E ThermalManagerService: No threshold found for pogo-usr
06-25 21:24:52.240  2895  3540 I [CT]    : SlamAnchorClientRuntimeIPC: Kicked off bulk re-registration of 3 slam anchors.
06-25 21:24:52.277   843 31316 I Tracking: CONSTELLATION:VISION_STATUS: da7a0f37bc734fd (L): BlobDetection:[#BlobsDetected=(43.86, 4.31)]Matching:[MatchSuccess=1.000, MatchCost=(0.00307, 0.00000), #MatchedBlobs=(21.11, 1.86), #MatchedLeds=(7.95, 0.05), RematchM=0.000, SkipRefine=0.000] MatchMethod:[Prox=1.000, ConstBrute=0.000, UnconstBrute=0.000] MatchResets[AnomBlobSize=0.000, SharedMatch=0.000, DenseReacq=0.000] | Fusion:[FusionError=0.000, ImuFromCamMs=(-4472480.934, 2138717.781), RematchF=0.000] FusionUpdates:[Successful=0.000, Reliable=0.000, TightFusion=0.000, FullPose=0.000, StaticPrior=0.000, StaticForHandTrans=0.000, PoseUpdateMD=(0.0000, 0.0000)] FusionResets[6DoFReset=0.000, ResetSuccess=0.000] FusionStatus[HasPosition=0.000, HasVelocity=0.000] 
06-25 21:24:52.278   843 31316 I Tracking: CONSTELLATION:VISION_STATUS: 8769527bc9039ab5 (R): BlobDetection:[#BlobsDetected=(43.86, 4.31)]Matching:[MatchSuccess=1.000, MatchCost=(0.00378, 0.00000), #MatchedBlobs=(22.74, 0.85), #MatchedLeds=(8.00, 0.00), RematchM=0.000, SkipRefine=0.000] MatchMethod:[Prox=1.000, ConstBrute=0.000, UnconstBrute=0.000] MatchResets[AnomBlobSize=0.000, SharedMatch=0.000, DenseReacq=0.000] | Fusion:[FusionError=0.000, ImuFromCamMs=(-4472480.934, 2138717.781), RematchF=0.000] FusionUpdates:[Successful=0.000, Reliable=0.000, TightFusion=0.000, FullPose=0.000, StaticPrior=0.000, StaticForHandTrans=0.000, PoseUpdateMD=(0.0000, 0.0000)] FusionResets[6DoFReset=0.000, ResetSuccess=0.000] FusionStatus[HasPosition=0.000, HasVelocity=0.000] 
06-25 21:24:52.453   641 30434 I VD628x  : Flicker channel saturating : applying new gain
06-25 21:24:52.526 31072 31246 I AppLoadTimeTelemetryCommon: App load time recorded [packageName=com.YourCompany.Metaverse_Game1, time=37.765843, method="BeginFrame (2000)", launchType="Launch"]
06-25 21:24:52.606   641 30434 I VD628x  : Flicker channel saturating : applying new gain
06-25 21:24:52.804   642  1037 E FrameSetCollator: [worldTracking] 30 FrameSets had unexpected timestamps (over 1000.05s). Ex: slot 1 4474497.480ms -> 4474514.146ms (observed period: 16.666ms, expected period: 16.666ms (16.666ms))
06-25 21:24:52.946  2895  2944 W [CT]    : Anchor:SlamAnchorMemoryOSSDKClient: [Throttled count=239] Skipping invalid anchorHandle when attempting to cache AnchorStates
06-25 21:24:53.002 31072 31456 I VrApi   : FPS=72/72,Prd=28ms,Tear=0,Early=0,Stale=0,Stale2/5/10/max=0/0/0/0,VSnc=1,Lat=-1,Fov=0,CPU4/GPU=2/2,1382/456MHz,OC=3F,TA=0/0/0,SP=N/N/N,Mem=2092MHz,Free=3192MB,PLS=0,Temp=37.0C/0.0C,TW=0.68ms,App=4.20ms,GD=0.00ms,CPU&GPU=12.37ms,LCnt=1(DR72,LM0),GPU%=0.37,CPU%=0.52(W0.57),DSF=1.00,CFL=10.14/16.35,ICFLp95=15.23,LD=0,SF=1.00,LP=0,DVFS=0
06-25 21:24:53.039  1070  5366 E ThermalManagerService: No threshold found for pcb1-usr
06-25 21:24:53.039  1070  5366 E ThermalManagerService: No threshold found for pcb2-usr
06-25 21:24:53.039  1070  5366 E ThermalManagerService: No threshold found for pcb3-usr
06-25 21:24:53.039  1070  5366 E ThermalManagerService: No threshold found for rf-usr
06-25 21:24:53.039  1070  5366 E ThermalManagerService: No threshold found for cam0-usr
06-25 21:24:53.039  1070  5366 E ThermalManagerService: No threshold found for cam1-usr
06-25 21:24:53.039  1070  5366 E ThermalManagerService: No threshold found for cam2-usr
06-25 21:24:53.039  1070  5366 E ThermalManagerService: No threshold found for cam3-usr
06-25 21:24:53.039  1070  5366 E ThermalManagerService: No threshold found for cam4-usr
06-25 21:24:53.039  1070  5366 E ThermalManagerService: No threshold found for cam5-usr
06-25 21:24:53.039  1070  5366 E ThermalManagerService: No threshold found for disp-virt
06-25 21:24:53.039  1070  5366 E ThermalManagerService: No threshold found for pogo-usr
06-25 21:24:53.086  2895  2944 W [CT]    : CLIENT_ANCHOR_SMOOTHER: Its been 2.040491 seconds since the last query for anchor 1f4362fc-9750-0310-6514-3db00e295c36. Using larger offsets for smoothness.
06-25 21:24:53.086  2895  2944 I [CT]    : SP:AF:AnchorFramework: calculateRigidScenePose: Located 19 / 19 anchors for calculating rigid scene pose
06-25 21:24:53.086  2895  2944 I [CT]    : SP:AF:AnchorAccuracy: New Rigid Scene calculated using 19 anchors attached to 1 IAs. 2.0410419780000666 seconds since last update
06-25 21:24:53.086  2895  2944 I [CT]    : SP:AF:AnchorAccuracy: New scene origin pose: -1.2784584760665894 -1.4786431789398193 0.5069244503974915 : 0.3054060935974121 -0.30540603399276733 -0.6377516984939575 -0.6377516388893127
06-25 21:24:53.086  2895  2944 I [CT]    : SP:AF:AnchorAccuracy: New scene origin pose moved: 0.00017463628319092095 translation 2.121944271493703e-05 rotation
06-25 21:24:53.270   642 30566 I libcamerahal: [INSIGHTS][2.01s] recv/ret/req heartbeat: cam0: 90/90/91, cam1: 90/90/90, cam2: 91/91/91, cam3: 91/91/90
06-25 21:24:53.300  2895  3540 I [CT]    : SlamAnchorClientRuntimeIPC: Kicked off bulk re-registration of 3 slam anchors.
06-25 21:24:53.440   843 30440 I Tracking: BOLT:HexagonTelemetry: Global DSP utilization: 6.28% (314 / 5002 ms), Scalar Util: 0.00%, HVX Util: 0.00%, HMX Util: 0.00%, Freq: 1171.2 MHz
06-25 21:24:53.796     0     0 W healthd : battery l=100 v=4405 t=38.0 h=2 st=5 c=-145389 fc=5070000 cc=3 chg=a
06-25 21:24:53.787 31072 31072 D UE      : [GameActivity] Battery: status = 5, rawlevel = 100, scale = 100
06-25 21:24:53.787 31072 31072 D UE      : nativeBatteryEvent(stat = 5, lvl = 100  temp = 38.00 C)
06-25 21:24:53.792   616  1169 I PAL: SessionAlsaPcm: setParameters: 2507: mixer set module config status=0
06-25 21:24:53.804   642  1037 E FrameSetCollator: [worldTracking] 30 FrameSets had unexpected timestamps (over 1000.04s). Ex: slot 1 4475497.440ms -> 4475514.106ms (observed period: 16.666ms, expected period: 16.666ms (16.666ms))
06-25 21:24:54.002 31072 31456 I VrApi   : FPS=73/72,Prd=28ms,Tear=0,Early=0,Stale=0,Stale2/5/10/max=0/0/0/0,VSnc=1,Lat=-1,Fov=0,CPU4/GPU=2/2,1382/456MHz,OC=3F,TA=0/0/0,SP=N/N/N,Mem=2092MHz,Free=3192MB,PLS=0,Temp=37.0C/0.0C,TW=0.66ms,App=4.00ms,GD=0.00ms,CPU&GPU=12.44ms,LCnt=1(DR73,LM0),GPU%=0.35,CPU%=0.51(W0.55),DSF=1.00,CFL=10.05/14.92,ICFLp95=13.40,LD=0,SF=1.00,LP=0,DVFS=0
06-25 21:24:54.008  2895  2944 W [CT]    : Anchor:SlamAnchorMemoryOSSDKClient: [Throttled count=239] Skipping invalid anchorHandle when attempting to cache AnchorStates
06-25 21:24:54.054  1070  4635 E ThermalManagerService: No threshold found for pcb1-usr
06-25 21:24:54.054  1070  4635 E ThermalManagerService: No threshold found for pcb2-usr
06-25 21:24:54.054  1070  4635 E ThermalManagerService: No threshold found for pcb3-usr
06-25 21:24:54.054  1070  4635 E ThermalManagerService: No threshold found for rf-usr
06-25 21:24:54.054  1070  4635 E ThermalManagerService: No threshold found for cam0-usr
06-25 21:24:54.054  1070  4635 E ThermalManagerService: No threshold found for cam1-usr
06-25 21:24:54.054  1070  4635 E ThermalManagerService: No threshold found for cam2-usr
06-25 21:24:54.054  1070  4635 E ThermalManagerService: No threshold found for cam3-usr
06-25 21:24:54.054  1070  4635 E ThermalManagerService: No threshold found for cam4-usr
06-25 21:24:54.054  1070  4635 E ThermalManagerService: No threshold found for cam5-usr
06-25 21:24:54.054  1070  4635 E ThermalManagerService: No threshold found for disp-virt
06-25 21:24:54.054  1070  4635 E ThermalManagerService: No threshold found for pogo-usr
06-25 21:24:54.197   843 30570 I Tracking: VioSubmapHelpers: Initializing Submap id = 1, version = 1982925368 relative to Odometry.
06-25 21:24:54.197   843 30570 I Tracking: TrackedMapContext: Stop tracking Submap id = 1, version = 1591352854 at index: 2 / 3
06-25 21:24:54.198   843 30570 I Tracking: SVTTS: Starting map tracking on Submap id = 1, version = 1982925368, total 2
06-25 21:24:54.336   843 30570 W Tracking: VEGA:HM:MAP_TRACKING: Validation failed on Submap id = 1, version = 1982925368
06-25 21:24:54.360  2895  3540 I [CT]    : SlamAnchorClientRuntimeIPC: Kicked off bulk re-registration of 3 slam anchors.
06-25 21:24:54.647 31072 31210 D UE      : [2024.06.26-02.24.54:647][155]LogBlueprintUserMessages: [PC_PlayerController_Game_C_2147482492] 90.846191
06-25 21:24:54.664 31072 31247 D UE      : [2024.06.26-02.24.54:664][157]LogHMD: Warning: Swapchain format not supported (50), falling back to runtime preferred format (43).
06-25 21:24:54.665  2734 31262 I VrRuntimeService: CreateSwapChain: 3619405044
06-25 21:24:54.665  2734 31262 I VrRuntimeService: CreateSwapChain: api:vk 0 0x2b 1024 1024 1 3 1 0 3
06-25 21:24:54.669  2734 31262 I VrRuntimeServer: CreateTextureSwapChain: result importswapchaingles 1
06-25 21:24:54.673 31072 31247 I SwapChain_Vulkan_Memory_Export: Imported texture has requirements 3, ends up index 0
06-25 21:24:54.674 31072 31247 I SwapChain_Vulkan_Memory_Export: Imported texture has requirements 3, ends up index 0
06-25 21:24:54.674 31072 31247 I SwapChain_Vulkan_Memory_Export: Imported texture has requirements 3, ends up index 0
06-25 21:24:54.730   843 30570 I Tracking: VioSubmapHelpers: Initializing Submap id = 1, version = 1893029756 relative to Odometry.
06-25 21:24:54.730   843 30570 I Tracking: TrackedMapContext: Stop tracking Submap id = 1, version = 1982925368 at index: 2 / 3
06-25 21:24:54.730   843 30570 I Tracking: SVTTS: Starting map tracking on Submap id = 1, version = 1893029756, total 2
06-25 21:24:54.857   642  1037 E FrameSetCollator: [worldTracking] 31 FrameSets had unexpected timestamps (over 1053.53s). Ex: slot 0 4476530.732ms -> 4476564.064ms (observed period: 33.332ms, expected period: 16.666ms (16.666ms))
06-25 21:24:54.871   843 30570 W Tracking: VEGA:HM:MAP_TRACKING: Validation failed on Submap id = 1, version = 1893029756
06-25 21:24:54.912     0     0 W healthd : battery l=100 v=4399 t=38.0 h=2 st=5 c=-173222 fc=5070000 cc=3 chg=a
06-25 21:24:55.002 31072 31456 I VrApi   : FPS=72/72,Prd=29ms,Tear=0,Early=0,Stale=0,Stale2/5/10/max=0/0/0/0,VSnc=1,Lat=-1,Fov=0,CPU4/GPU=2/2,1382/456MHz,OC=3F,TA=0/0/0,SP=N/N/N,Mem=2092MHz,Free=3192MB,PLS=0,Temp=38.0C/0.0C,TW=0.68ms,App=3.94ms,GD=0.00ms,CPU&GPU=11.57ms,LCnt=1(DR72,LM0),GPU%=0.35,CPU%=0.50(W0.55),DSF=1.00,CFL=10.07/14.87,ICFLp95=13.35,LD=0,SF=1.00,LP=0,DVFS=0
06-25 21:24:55.064  1070  5366 E ThermalManagerService: No threshold found for pcb1-usr
06-25 21:24:55.064  1070  5366 E ThermalManagerService: No threshold found for pcb2-usr
06-25 21:24:55.064  1070  5366 E ThermalManagerService: No threshold found for pcb3-usr
06-25 21:24:55.064  1070  5366 E ThermalManagerService: No threshold found for rf-usr
06-25 21:24:55.064  1070  5366 E ThermalManagerService: No threshold found for cam0-usr
06-25 21:24:55.064  1070  5366 E ThermalManagerService: No threshold found for cam1-usr
06-25 21:24:55.064  1070  5366 E ThermalManagerService: No threshold found for cam2-usr
06-25 21:24:55.064  1070  5366 E ThermalManagerService: No threshold found for cam3-usr
06-25 21:24:55.064  1070  5366 E ThermalManagerService: No threshold found for cam4-usr
06-25 21:24:55.064  1070  5366 E ThermalManagerService: No threshold found for cam5-usr
06-25 21:24:55.064  1070  5366 E ThermalManagerService: No threshold found for disp-virt
06-25 21:24:55.064  1070  5366 E ThermalManagerService: No threshold found for pogo-usr
06-25 21:24:55.064  2895  2944 W [CT]    : Anchor:SlamAnchorMemoryOSSDKClient: [Throttled count=239] Skipping invalid anchorHandle when attempting to cache AnchorStates
06-25 21:24:55.135  2895  2944 I [CT]    : SP:AF:AnchorFramework: calculateRigidScenePose: Located 19 / 19 anchors for calculating rigid scene pose
06-25 21:24:55.135  2895  2944 I [CT]    : SP:AF:AnchorAccuracy: New Rigid Scene calculated using 19 anchors attached to 1 IAs. 2.049249947000135 seconds since last update
06-25 21:24:55.135  2895  2944 I [CT]    : SP:AF:AnchorAccuracy: New scene origin pose: -1.277875542640686 -1.478746771812439 0.5071268081665039 : 0.3053707182407379 -0.3053707182407379 -0.637768566608429 -0.637768566608429
06-25 21:24:55.135  2895  2944 I [CT]    : SP:AF:AnchorAccuracy: New scene origin pose moved: 0.0006258071516640484 translation 0.0001108050491893664 rotation
06-25 21:24:55.274   642 30569 I libcamerahal: [INSIGHTS][2.01s] recv/ret/req heartbeat: cam0: 91/91/90, cam1: 91/91/91, cam2: 90/90/90, cam3: 90/90/91
06-25 21:24:55.418  2895  3540 I [CT]    : SlamAnchorClientRuntimeIPC: Kicked off bulk re-registration of 3 slam anchors.
06-25 21:24:55.528   843 30570 I Tracking: RateDownsampler: Entering Active Window
06-25 21:24:55.528   642   642 I SensorService: [color] Setting camera mux mode to 1
06-25 21:24:55.529   642   642 I SensorService: updating CameraStream mux states
06-25 21:24:55.529   827  1761 D MrSystemService: [color]Camera Mux Mode Transition to: default
06-25 21:24:55.529   642   642 I SensorService: ending update to CameraStream mux states
06-25 21:24:55.529   642   642 I FrameSetCollator: [color] Updated frame set period to 16666000, with activeSlots [[T,]]
06-25 21:24:55.530   642   642 I FrameSetDispatcher: [color] Latest MuxModeSettings: 1
06-25 21:24:55.530   642   642 I FrameSetDispatcher: [color] purpose: passthrough, frame types: GENERIC_SLOT_0 
06-25 21:24:55.530   642   642 I FrameSetDispatcher: [color] purpose: ocal, frame types: GENERIC_SLOT_0 
06-25 21:24:55.530   642   642 I FrameSetDispatcher: [color] purpose: active_slots, frame types: GENERIC_SLOT_0 
06-25 21:24:55.530   843  3186 I SensorDataTransforms: [iot:ocal] Staging mux mode update for mode 1 (sequence ID 164)
06-25 21:24:55.530   843  3186 D TrackingService: [ocal]start onMuxStateUpdate. ModeId: ocalOff -> default
06-25 21:24:55.530   843  3186 D TrackingService: [iot][ocal]handleMuxModeNotification started for muxMode[color: default]
06-25 21:24:55.531   642   642 D CameraStream: [ocal] Client [IOT(843)] attempting start
06-25 21:24:55.532   642   642 I FrameSetDispatcher: [color] Client pid=843 (IOT): Client thread started
06-25 21:24:55.532   642   642 I CameraClientManager: [IOT(843)][ocal] client started (estimated 1 started clients total)
06-25 21:24:55.532   642   642 I XrCameraHal: XrCameraPhysical.cpp:EnableCamera: Camera 4 EnableCamera
06-25 21:24:55.533   642   642 I CamX    : [ DUMP][CORE   ] camxresourcemanager.h:1456 Dump() --------------------
06-25 21:24:55.533   642   642 I CamX    : [ DUMP][CORE   ] camxresourcemanager.h:1457 Dump()     Key      Cost   
06-25 21:24:55.533   642   642 I CamX    : [ DUMP][CORE   ] camxresourcemanager.h:1458 Dump() --------------------
06-25 21:24:55.533   642   642 I CamX    : [ DUMP][CORE   ] camxresourcemanager.h:1467 Dump()   {2, 0} :   100
06-25 21:24:55.533   642   642 I CamX    : [ DUMP][CORE   ] camxresourcemanager.cpp:106 DumpState() [IPEHw : 0], AvailableResource = 100
06-25 21:24:55.533   642   642 I CamX    : [ DUMP][CORE   ] camxresourcemanager.cpp:106 DumpState() [IFEHw : 0], AvailableResource = 0
06-25 21:24:55.533   642   642 I CamX    : [ DUMP][CORE   ] camxresourcemanager.cpp:106 DumpState() [IFEHw : 1], AvailableResource = 100
06-25 21:24:55.533   642   642 I CamX    : [ DUMP][CORE   ] camxresourcemanager.cpp:106 DumpState() [SensorHw : 0], AvailableResource = 100
06-25 21:24:55.533   642   642 I CamX    : [ DUMP][CORE   ] camxresourcemanager.cpp:106 DumpState() [SensorHw : 1], AvailableResource = 100
06-25 21:24:55.533   642   642 I CamX    : [ DUMP][CORE   ] camxresourcemanager.cpp:106 DumpState() [SensorHw : 2], AvailableResource = 100
06-25 21:24:55.534   642   642 I CamX    : [ DUMP][CORE   ] camxresourcemanager.cpp:106 DumpState() [SensorHw : 3], AvailableResource = 100
06-25 21:24:55.534   642   642 I CamX    : [ DUMP][CORE   ] camxresourcemanager.cpp:106 DumpState() [SensorHw : 4], AvailableResource = 100
06-25 21:24:55.534   642   642 I CamX    : [ DUMP][CORE   ] camxresourcemanager.cpp:106 DumpState() [SensorHw : 5], AvailableResource = 100
06-25 21:24:55.534   642   642 I CamX    : [ DUMP][CORE   ] camxresourcemanager.cpp:106 DumpState() [CSIPHYHw : 6], AvailableResource = 100
06-25 21:24:55.534   642   642 I CamX    : [ DUMP][CORE   ] camxresourcemanager.cpp:106 DumpState() [CSIPHYHw : 2], AvailableResource = 100
06-25 21:24:55.534   642   642 I CamX    : [ DUMP][CORE   ] camxresourcemanager.cpp:106 DumpState() [CSIPHYHw : 5], AvailableResource = 100
06-25 21:24:55.534   642   642 I CamX    : [ DUMP][CORE   ] camxresourcemanager.cpp:106 DumpState() [CSIPHYHw : 1], AvailableResource = 100
06-25 21:24:55.535   642   642 I CamX    : [ DUMP][CORE   ] camxresourcemanager.cpp:106 DumpState() [CSIPHYHw : 4], AvailableResource = 100
06-25 21:24:55.535   642   642 I CamX    : [ DUMP][CORE   ] camxresourcemanager.cpp:106 DumpState() [CSIPHYHw : 3], AvailableResource = 100
06-25 21:24:55.535   642   642 I CamX    : [ DUMP][CORE   ] camxresourcemanager.h:468 DumpState() 
06-25 21:24:55.535   642   642 I CamX    : 
06-25 21:24:55.535   642   642 I CamX    : [ DUMP][CORE   ] camxresourcemanager.h:469 DumpState() reservation Id: 6
06-25 21:24:55.535   642   642 I CamX    : [ DUMP][CORE   ] camxresourcemanager.h:470 DumpState() ----------------------------------
06-25 21:24:55.535   642   642 I CamX    : [ DUMP][CORE   ] camxresourcemanager.h:471 DumpState()     Key      reservation
06-25 21:24:55.536   642   642 I CamX    : [ DUMP][CORE   ] camxresourcemanager.h:472 DumpState() ----------------------------------
06-25 21:24:55.536   642   642 I CamX    : [ DUMP][CORE   ] camxresourcemanager.h:481 DumpState()   {2, 0} :     100
06-25 21:24:55.536   642   642 E CHIUSECASE: [ERROR  ] chxperf.cpp:383 Initialize() Unable to find perfd library
06-25 21:24:55.536   642   642 E CHIUSECASE: [ERROR  ] chxextensionmodule.cpp:1690 ExtendOpen() Failed to create perflock manager 6
06-25 21:24:55.536   887   887 I SDM     : ResourceImpl::SetMaxBandwidthMode: new bandwidth mode=1
06-25 21:24:55.537   887   887 I SDM     : ResourceAlloc::SetMaxBandwidthMode: new bandwidth mode=1
06-25 21:24:55.538   642   642 I XrCameraHal: XrStreamManager.cpp:enableFastpath: Camera (logical) 6 FastAI 1 metadata updated 1
06-25 21:24:55.538   642   642 I XrCameraHal: XrStreamManager.cpp:configureStreams: Camera (logical) 6 configuring streams
06-25 21:24:55.547   642   642 I VrSensors-HidlWrapper: Create IMU Sensor using fmq
06-25 21:24:55.556   642   642 I VrSensors-HidlWrapper: Create IMU Sensor using fmq
06-25 21:24:55.562   642   642 E CamX    : [ERROR][CORE   ] camxhppipeline.cpp:3510 SetStreamCropEnable() EnableStreamCropTag metadata is not set
06-25 21:24:55.567   642   642 E CamX    : [ERROR][CORE   ] camxhppipeline.cpp:3510 SetStreamCropEnable() EnableStreamCropTag metadata is not set
06-25 21:24:55.578   642   642 I CorePi: AWB: AWBInterface.cpp: createCorePiAWBInterface: Enter
06-25 21:24:55.578   642   642 I CorePi: AWB: AWBConvergence.cpp: AWBConvergence: Create AWB Convergence
06-25 21:24:55.578   642   642 I CorePi: AWB: AWBCore.cpp: AWBCore: create AWB Core
06-25 21:24:55.579   642   642 I CorePi: AWB: AWBCore.cpp: initialize: gAWBLogLevel: 2
06-25 21:24:55.580   642   642 I CorePi: AWB: AWBStatsDetector.cpp: initialize: Initialize detection stats HighCCTWarmStats successfully!
06-25 21:24:55.580   642   642 I CorePi: AWB: AWBGrayWorldWeightAdjust.cpp: initialize: initialize BlueRejection succeed
06-25 21:24:55.580   642   642 I CorePi: AWB: AWBStatsDetector.cpp: initialize: Initialize detection stats IBRWarmStatsDetect successfully!
06-25 21:24:55.580   642   642 I CorePi: AWB: AWBStatsDetector.cpp: initialize: Initialize detection stats IBRDayStatsDetect successfully!
06-25 21:24:55.580   642   642 I CorePi: AWB: AWBStatsDetector.cpp: initialize: Initialize detection stats OfficeGreenGlassWeighter successfully!
06-25 21:24:55.580   642   642 I CorePi: AWB: AWBSceneAnalyzer.cpp: initialize: Initialize Scene Analzyer: IndoorBlueReject succeed
06-25 21:24:55.580   642   642 I CorePi: AWB: AWBControl.cpp: create: Create AWB control succeed
06-25 21:24:55.580   642   642 I CorePi: AWB: AWBInterface.cpp: createCorePiAWBInterface: Create Meta AWB interface succeed!
06-25 21:24:55.584   642   642 E CamX    : [ERROR][PPROC  ] camxnodelite.cpp:16159 GetOEMFeatureTypeMask() BayerXR_IPE0_cam5 Invalid pointer pHwCfgWrapper 0x0 
06-25 21:24:55.598     0     0 I CAM_INFO: CAM-SENSOR: cam_sensor_driver_cmd: 1129 CAM_ACQUIRE_DEV Success for imx471 id:0x471,slave-addr:0x34 crm:[0]
06-25 21:24:55.601     2     2 I CAM_ERR : CAM-SMMU: cam_smmu_map_user_iova: 3243 fd=558 already in list [2:24:55:583] cb=ife idx=0 handle=28342 len=573440,give same addr back
06-25 21:24:55.602     2     2 I CAM_ERR : CAM-SMMU: cam_smmu_map_user_iova: 3243 fd=559 already in list [2:24:55:584] cb=ife idx=0 handle=28342 len=483328,give same addr back
06-25 21:24:55.602     2     2 I CAM_ERR : CAM-SMMU: cam_smmu_map_user_iova: 3243 fd=560 already in list [2:24:55:584] cb=ife idx=0 handle=28342 len=495616,give same addr back
06-25 21:24:55.600   642   642 I CorePi: AWB: AWBInterface.cpp: createCorePiAWBInterface: Enter
06-25 21:24:55.601   642   642 I CorePi: AWB: AWBConvergence.cpp: AWBConvergence: Create AWB Convergence
06-25 21:24:55.601   642   642 I CorePi: AWB: AWBCore.cpp: AWBCore: create AWB Core
06-25 21:24:55.601   642   642 I CorePi: AWB: AWBCore.cpp: initialize: gAWBLogLevel: 2
06-25 21:24:55.601   642   642 I CorePi: AWB: AWBStatsDetector.cpp: initialize: Initialize detection stats HighCCTWarmStats successfully!
