06-19 21:57:59.800 13021 13145 D UE      : [2024.06.20-02.57.59:800][  0]LogVulkanRHI: Display:   - VK_QCOM_tile_properties
06-19 21:57:59.800 13021 13145 D UE      : [2024.06.20-02.57.59:800][  0]LogVulkanRHI: Display: Found 0 available device layers !
06-19 21:57:59.800 13021 13145 D UE      : [2024.06.20-02.57.59:800][  0]LogVulkanRHI: Display: Image-based Variable Rate Shading supported via EXTFragmentDensityMap extension. Selected VRS tile size 16 by 16 pixels per VRS image texel.
06-19 21:57:59.800 13021 13145 D UE      : [2024.06.20-02.57.59:800][  0]LogVulkanRHI: Display: Vulkan Variable Rate Shading choice: 3.
06-19 21:57:59.800 13021 13145 D UE      : [2024.06.20-02.57.59:800][  0]LogVulkanRHI: Display: Device properties: Geometry 1 BufferAtomic64 1 ImageAtomic64 0
06-19 21:57:59.800 13021 13145 D UE      : [2024.06.20-02.57.59:800][  0]LogVulkanRHI: Display: Found 2 Queue Families
06-19 21:57:59.800 13021 13145 D UE      : [2024.06.20-02.57.59:800][  0]LogVulkanRHI: Display: Initializing Queue Family 0: 3 queues Gfx Compute Sparse
06-19 21:57:59.800 13021 13145 D UE      : [2024.06.20-02.57.59:800][  0]LogVulkanRHI: Display: Skipping unnecessary Queue Family 1: 1 queues Sparse
06-19 21:57:59.803 13021 13145 D UE      : [2024.06.20-02.57.59:803][  0]LogVulkanRHI: Swappy requires 1 extensions:
06-19 21:57:59.803 13021 13145 D UE      :   VK_GOOGLE_display_timing
06-19 21:57:59.803 13021 13145 D UE      : [2024.06.20-02.57.59:803][  0]LogVulkanRHI: bHasGoogleDisplayTiming = 1
06-19 21:57:59.803 13021 13145 D UE      : [2024.06.20-02.57.59:803][  0]LogVulkanRHI: Display: Using 0 device layers.
06-19 21:57:59.803 13021 13145 D UE      : [2024.06.20-02.57.59:803][  0]LogVulkanRHI: Display: Using 29 device extensions:
06-19 21:57:59.803 13021 13145 D UE      : [2024.06.20-02.57.59:803][  0]LogVulkanRHI: Display: * VK_KHR_swapchain
06-19 21:57:59.803 13021 13145 D UE      : [2024.06.20-02.57.59:803][  0]LogVulkanRHI: Display: * VK_KHR_create_renderpass2
06-19 21:57:59.803 13021 13145 D UE      : [2024.06.20-02.57.59:803][  0]LogVulkanRHI: Display: * VK_KHR_deferred_host_operations
06-19 21:57:59.803 13021 13145 D UE      : [2024.06.20-02.57.59:803][  0]LogVulkanRHI: Display: * VK_KHR_spirv_1_4
06-19 21:57:59.803 13021 13145 D UE      : [2024.06.20-02.57.59:803][  0]LogVulkanRHI: Display: * VK_KHR_shader_float_controls
06-19 21:57:59.803 13021 13145 D UE      : [2024.06.20-02.57.59:803][  0]LogVulkanRHI: Display: * VK_KHR_image_format_list
06-19 21:57:59.803 13021 13145 D UE      : [2024.06.20-02.57.59:803][  0]LogVulkanRHI: Display: * VK_QCOM_render_pass_shader_resolve
06-19 21:57:59.803 13021 13145 D UE      : [2024.06.20-02.57.59:803][  0]LogVulkanRHI: Display: * VK_KHR_maintenance4
06-19 21:57:59.803 13021 13145 D UE      : [2024.06.20-02.57.59:803][  0]LogVulkanRHI: Display: * VK_KHR_shader_atomic_int64
06-19 21:57:59.803 13021 13145 D UE      : [2024.06.20-02.57.59:803][  0]LogVulkanRHI: Display: * VK_EXT_scalar_block_layout
06-19 21:57:59.803 13021 13145 D UE      : [2024.06.20-02.57.59:803][  0]LogVulkanRHI: Display: * VK_EXT_shader_viewport_index_layer
06-19 21:57:59.803 13021 13145 D UE      : [2024.06.20-02.57.59:803][  0]LogVulkanRHI: Display: * VK_KHR_separate_depth_stencil_layouts
06-19 21:57:59.803 13021 13145 D UE      : [2024.06.20-02.57.59:803][  0]LogVulkanRHI: Display: * VK_KHR_synchronization2
06-19 21:57:59.803 13021 13145 D UE      : [2024.06.20-02.57.59:803][  0]LogVulkanRHI: Display: * VK_KHR_fragment_shading_rate
06-19 21:57:59.803 13021 13145 D UE      : [2024.06.20-02.57.59:803][  0]LogVulkanRHI: Display: * VK_EXT_fragment_density_map
06-19 21:57:59.803 13021 13145 D UE      : [2024.06.20-02.57.59:803][  0]LogVulkanRHI: Display: * VK_EXT_fragment_density_map2
06-19 21:57:59.803 13021 13145 D UE      : [2024.06.20-02.57.59:803][  0]LogVulkanRHI: Display: * VK_KHR_multiview
06-19 21:57:59.803 13021 13145 D UE      : [2024.06.20-02.57.59:803][  0]LogVulkanRHI: Display: * VK_KHR_get_memory_requirements2
06-19 21:57:59.803 13021 13145 D UE      : [2024.06.20-02.57.59:803][  0]LogVulkanRHI: Display: * VK_EXT_descriptor_indexing
06-19 21:57:59.803 13021 13145 D UE      : [2024.06.20-02.57.59:803][  0]LogVulkanRHI: Display: * VK_EXT_host_query_reset
06-19 21:57:59.803 13021 13145 D UE      : [2024.06.20-02.57.59:803][  0]LogVulkanRHI: Display: * VK_EXT_subgroup_size_control
06-19 21:57:59.803 13021 13145 D UE      : [2024.06.20-02.57.59:803][  0]LogVulkanRHI: Display: * VK_EXT_device_fault
06-19 21:57:59.803 13021 13145 D UE      : [2024.06.20-02.57.59:803][  0]LogVulkanRHI: Display: * VK_EXT_shader_demote_to_helper_invocation
06-19 21:57:59.803 13021 13145 D UE      : [2024.06.20-02.57.59:803][  0]LogVulkanRHI: Display: * VK_EXT_pipeline_creation_cache_control
06-19 21:57:59.803 13021 13145 D UE      : [2024.06.20-02.57.59:803][  0]LogVulkanRHI: Display: * VK_KHR_buffer_device_address
06-19 21:57:59.803 13021 13145 D UE      : [2024.06.20-02.57.59:803][  0]LogVulkanRHI: Display: * VK_GOOGLE_display_timing
06-19 21:57:59.803 13021 13145 D UE      : [2024.06.20-02.57.59:803][  0]LogVulkanRHI: Display: * VK_EXT_astc_decode_mode
06-19 21:57:59.803 13021 13145 D UE      : [2024.06.20-02.57.59:803][  0]LogVulkanRHI: Display: * VK_EXT_texture_compression_astc_hdr
06-19 21:57:59.803 13021 13145 D UE      : [2024.06.20-02.57.59:803][  0]LogVulkanRHI: Display: * VK_KHR_external_memory
06-19 21:57:59.804 13021 13145 D UE      : [2024.06.20-02.57.59:803][  0]LogVulkanRHI: Display: Max memory allocations 4294967295.
06-19 21:57:59.804 13021 13145 D UE      : [2024.06.20-02.57.59:804][  0]LogVulkanRHI: Display: 2 Device Memory Heaps:
06-19 21:57:59.804 13021 13145 D UE      : [2024.06.20-02.57.59:804][  0]LogVulkanRHI: Display:   0: Flags 0x1 - Size 8108634112 (7733.00 MB) - Used 0 (0.00%) - DeviceLocal
06-19 21:57:59.804 13021 13145 D UE      : [2024.06.20-02.57.59:804][  0]LogVulkanRHI: Display:   1: Flags 0x1 - Size 268435456 (256.00 MB) - Used 0 (0.00%) - DeviceLocal
06-19 21:57:59.804 13021 13145 D UE      : [2024.06.20-02.57.59:804][  0]LogVulkanRHI: Display: 9 Device Memory Types (unified):
06-19 21:57:59.804 13021 13145 D UE      : [2024.06.20-02.57.59:804][  0]LogVulkanRHI: Display:   0: Flags 0x00001 - Heap  0 - 1
06-19 21:57:59.804 13021 13145 D UE      : [2024.06.20-02.57.59:804][  0]LogVulkanRHI: Display:   1: Flags 0x00001 - Heap  0 - 1
06-19 21:57:59.804 13021 13145 D UE      : [2024.06.20-02.57.59:804][  0]LogVulkanRHI: Display:   2: Flags 0x00001 - Heap  0 - 1
06-19 21:57:59.804 13021 13145 D UE      : [2024.06.20-02.57.59:804][  0]LogVulkanRHI: Display:   3: Flags 0x0000b - Heap  0 - 11
06-19 21:57:59.804 13021 13145 D UE      : [2024.06.20-02.57.59:804][  0]LogVulkanRHI: Display:   4: Flags 0x00007 - Heap  0 - 7
06-19 21:57:59.804 13021 13145 D UE      : [2024.06.20-02.57.59:804][  0]LogVulkanRHI: Display:   5: Flags 0x00007 - Heap  0 - 7
06-19 21:57:59.804 13021 13145 D UE      : [2024.06.20-02.57.59:804][  0]LogVulkanRHI: Display:   6: Flags 0x0000f - Heap  0 - 15
06-19 21:57:59.804 13021 13145 D UE      : [2024.06.20-02.57.59:804][  0]LogVulkanRHI: Display:   8: Flags 0x00011 - Heap  0 - 17
06-19 21:57:59.804 13021 13145 D UE      : [2024.06.20-02.57.59:804][  0]LogVulkanRHI: Display:   7: Flags 0x00021 - Heap  1 - 33
06-19 21:57:59.804 13021 13145 D UE      : [2024.06.20-02.57.59:804][  0]LogVulkanRHI: Display: Memory Budget unavailable
06-19 21:57:59.807 13021 13145 D UE      : [2024.06.20-02.57.59:807][  0]LogVulkanRHI: FVulkanPipelineStateCacheManager will check for loading, etc when ShaderPipelineCache opens its file
06-19 21:57:59.809 13021 13145 D UE      : [2024.06.20-02.57.59:809][  0]LogRHI: Display: Enabling workaround to reduce memory requirement for ASTC textures (VK_IMAGE_TILING_LINEAR). 128x128 - 8 Mips ASTC_8x8 texture: 12 KiB -> 5 KiB
06-19 21:57:59.809 13021 13145 D UE      : [2024.06.20-02.57.59:809][  0]LogVulkanRHI: Display: Wave Operations have been ENABLED (wave size: min=64 max=128).
06-19 21:57:59.810 30246 30351 I Clay    : PresenceServiceSystem: Failed to poll
06-19 21:57:59.811 30246 30351 I Clay    : PresenceServiceSystem: Failed to poll
06-19 21:57:59.758 11276 11276 D wlan    : [11276:IH:DP] bbm_request_bus_bandwidth: Bus bandwidth vote level change from 0 to 1 pld_vote: 1
06-19 21:57:59.819 13021 13145 D UE      : [2024.06.20-02.57.59:819][  0]LogVRS: Current RHI supports Variable Rate Shading
06-19 21:57:59.821 30246 30351 I Clay    : PresenceServiceSystem: Failed to poll
06-19 21:57:59.821 13021 13145 D UE      : [2024.06.20-02.57.59:821][  0]LogRHI: Texture pool is 600 MB (of 7988 MB total graphics mem)
06-19 21:57:59.821 13021 13145 D UE      : [2024.06.20-02.57.59:821][  0]LogInit: Initializing FReadOnlyCVARCache
06-19 21:57:59.821 30246 30351 I Clay    : PresenceServiceSystem: Failed to poll
06-19 21:57:59.830 13021 13145 D UE      : [2024.06.20-02.57.59:830][  0]LogRendererCore: Ray tracing is disabled. Reason: disabled through project setting (r.RayTracing=0).
06-19 21:57:59.830 13021 13145 D UE      : [2024.06.20-02.57.59:830][  0]LogShaderLibrary: Display: Using ../../../Metaverse_Game1/Content/ShaderArchive-Global-SF_VULKAN_ES31_ANDROID-VULKAN_ES3_1_ANDROID.ushaderbytecode for material shader code. Total 1000 unique shaders.
06-19 21:57:59.830 13021 13145 D UE      : [2024.06.20-02.57.59:830][  0]LogShaderLibrary: Display: Cooked Context: Using Shared Shader Library Global
06-19 21:57:59.830 13021 13145 D UE      : [2024.06.20-02.57.59:830][  0]LogShaderLibrary: Display: Logical shader library 'Global' has been created as a monolithic library
06-19 21:57:59.831 13021 13145 D UE      : [2024.06.20-02.57.59:831][  0]LogShaderLibrary: Display: Running without a pakfile/IoStore and did not find a monolithic library 'Global_SC' - attempting disk search for its chunks
06-19 21:57:59.831 13021 13145 D UE      : [2024.06.20-02.57.59:831][  0]LogShaderLibrary: Display:    ....  not found
06-19 21:57:59.831 13021 13145 D UE      : [2024.06.20-02.57.59:831][  0]LogShaderLibrary: Display: Tried to open shader library 'Global_SC', but could not find it neither as a monolithic library nor as a chunked one.
06-19 21:57:59.831 13021 13145 D UE      : [2024.06.20-02.57.59:831][  0]LogShaderLibrary: Display: Tried to open shader library 'TraceUtilities', but could not find it (only tried to open it as a monolithic library).
06-19 21:57:59.831 13021 13145 D UE      : [2024.06.20-02.57.59:831][  0]LogShaderLibrary: Display: Tried to open shader library 'ChaosVD', but could not find it (only tried to open it as a monolithic library).
06-19 21:57:59.831 13021 13145 D UE      : [2024.06.20-02.57.59:831][  0]LogShaderLibrary: Display: Tried to open shader library 'WaveTable', but could not find it (only tried to open it as a monolithic library).
06-19 21:57:59.831 13021 13145 D UE      : [2024.06.20-02.57.59:831][  0]LogShaderLibrary: Display: Tried to open shader library 'ResonanceAudio', but could not find it (only tried to open it as a monolithic library).
06-19 21:57:59.831 13021 13145 D UE      : [2024.06.20-02.57.59:831][  0]LogShaderLibrary: Display: Tried to open shader library 'OpenXREyeTracker', but could not find it (only tried to open it as a monolithic library).
06-19 21:57:59.831 13021 13145 D UE      : [2024.06.20-02.57.59:831][  0]LogShaderLibrary: Display: Tried to open shader library 'Metasound', but could not find it (only tried to open it as a monolithic library).
06-19 21:57:59.831 13021 13145 D UE      : [2024.06.20-02.57.59:831][  0]LogShaderLibrary: Display: Tried to open shader library 'AudioSynesthesia', but could not find it (only tried to open it as a monolithic library).
06-19 21:57:59.831 13021 13145 D UE      : [2024.06.20-02.57.59:831][  0]LogShaderLibrary: Display: Tried to open shader library 'OpenXR', but could not find it (only tried to open it as a monolithic library).
06-19 21:57:59.831 13021 13145 D UE      : [2024.06.20-02.57.59:831][  0]LogShaderLibrary: Display: Tried to open shader library 'AudioWidgets', but could not find it (only tried to open it as a monolithic library).
06-19 21:57:59.831 13021 13145 D UE      : [2024.06.20-02.57.59:831][  0]LogShaderLibrary: Display: Tried to open shader library 'OpenXRHandTracking', but could not find it (only tried to open it as a monolithic library).
06-19 21:57:59.831 13021 13145 D UE      : [2024.06.20-02.57.59:831][  0]LogShaderLibrary: Display: Tried to open shader library 'Synthesis', but could not find it (only tried to open it as a monolithic library).
06-19 21:57:59.832 13021 13145 D UE      : [2024.06.20-02.57.59:832][  0]LogShaderLibrary: Display: Tried to open shader library 'RigVM', but could not find it (only tried to open it as a monolithic library).
06-19 21:57:59.832 13021 13145 D UE      : [2024.06.20-02.57.59:832][  0]LogShaderLibrary: Display: Tried to open shader library 'MeshModelingToolset', but could not find it (only tried to open it as a monolithic library).
06-19 21:57:59.832 13021 13145 D UE      : [2024.06.20-02.57.59:832][  0]LogShaderLibrary: Display: Tried to open shader library 'GeometryProcessing', but could not find it (only tried to open it as a monolithic library).
06-19 21:57:59.832 30246 30351 I Clay    : PresenceServiceSystem: Failed to poll
06-19 21:57:59.832 13021 13145 D UE      : [2024.06.20-02.57.59:832][  0]LogShaderLibrary: Display: Tried to open shader library 'AnimationSharing', but could not find it (only tried to open it as a monolithic library).
06-19 21:57:59.832 13021 13145 D UE      : [2024.06.20-02.57.59:832][  0]LogShaderLibrary: Display: Tried to open shader library 'GeometryMode', but could not find it (only tried to open it as a monolithic library).
06-19 21:57:59.832 13021 13145 D UE      : [2024.06.20-02.57.59:832][  0]LogShaderLibrary: Display: Tried to open shader library 'BlueprintHeaderView', but could not find it (only tried to open it as a monolithic library).
06-19 21:57:59.832 13021 13145 D UE      : [2024.06.20-02.57.59:832][  0]LogShaderLibrary: Display: Tried to open shader library 'UVEditor', but could not find it (only tried to open it as a monolithic library).
06-19 21:57:59.832 13021 13145 D UE      : [2024.06.20-02.57.59:832][  0]LogShaderLibrary: Display: Tried to open shader library 'SpeedTreeImporter', but could not find it (only tried to open it as a monolithic library).
06-19 21:57:59.832 30246 30351 I Clay    : PresenceServiceSystem: Failed to poll
06-19 21:57:59.832 13021 13145 D UE      : [2024.06.20-02.57.59:832][  0]LogShaderLibrary: Display: Tried to open shader library 'DatasmithContent', but could not find it (only tried to open it as a monolithic library).
06-19 21:57:59.832 13021 13145 D UE      : [2024.06.20-02.57.59:832][  0]LogShaderLibrary: Display: Tried to open shader library 'GLTFExporter', but could not find it (only tried to open it as a monolithic library).
06-19 21:57:59.832 13021 13145 D UE      : [2024.06.20-02.57.59:832][  0]LogShaderLibrary: Display: Tried to open shader library 'SequencerScripting', but could not find it (only tried to open it as a monolithic library).
06-19 21:57:59.832 13021 13145 D UE      : [2024.06.20-02.57.59:832][  0]LogShaderLibrary: Display: Tried to open shader library 'MediaPlate', but could not find it (only tried to open it as a monolithic library).
06-19 21:57:59.832 13021 13145 D UE      : [2024.06.20-02.57.59:832][  0]LogShaderLibrary: Display: Tried to open shader library 'Paper2D', but could not find it (only tried to open it as a monolithic library).
06-19 21:57:59.832 13021 13151 D UE      : [2024.06.20-02.57.59:832][  0]LogShaderLibrary: Display: Tried to open shader library 'MediaCompositing', but could not find it (only tried to open it as a monolithic library).
06-19 21:57:59.832 13021 13145 D UE      : [2024.06.20-02.57.59:832][  0]LogShaderLibrary: Display: Tried to open shader library 'ControlRig', but could not find it (only tried to open it as a monolithic library).
06-19 21:57:59.832 13021 13152 D UE      : [2024.06.20-02.57.59:832][  0]LogShaderLibrary: Display: Tried to open shader library 'IKRig', but could not find it (only tried to open it as a monolithic library).
06-19 21:57:59.832 13021 13145 D UE      : [2024.06.20-02.57.59:832][  0]LogShaderLibrary: Display: Tried to open shader library 'ACLPlugin', but could not find it (only tried to open it as a monolithic library).
06-19 21:57:59.832 13021 13151 D UE      : [2024.06.20-02.57.59:832][  0]LogShaderLibrary: Display: Tried to open shader library 'NiagaraSimCaching', but could not find it (only tried to open it as a monolithic library).
06-19 21:57:59.832 13021 13152 D UE      : [2024.06.20-02.57.59:832][  0]LogShaderLibrary: Display: Tried to open shader library 'ControlRigSpline', but could not find it (only tried to open it as a monolithic library).
06-19 21:57:59.832 13021 13145 D UE      : [2024.06.20-02.57.59:832][  0]LogShaderLibrary: Display: Tried to open shader library 'Takes', but could not find it (only tried to open it as a monolithic library).
06-19 21:57:59.832 13021 13151 D UE      : [2024.06.20-02.57.59:832][  0]LogShaderLibrary: Display: Tried to open shader library 'Niagara', but could not find it (only tried to open it as a monolithic library).
06-19 21:57:59.832 13021 13145 D UE      : [2024.06.20-02.57.59:832][  0]LogShaderLibrary: Display: Tried to open shader library 'ToolPresets', but could not find it (only tried to open it as a monolithic library).
06-19 21:57:59.832 13021 13152 D UE      : [2024.06.20-02.57.59:832][  0]LogShaderLibrary: Display: Tried to open shader library 'ControlRigModules', but could not find it (only tried to open it as a monolithic library).
06-19 21:57:59.832 13021 13145 D UE      : [2024.06.20-02.57.59:832][  0]LogShaderLibrary: Display: Tried to open shader library 'MeshModelingToolsetExp', but could not find it (only tried to open it as a monolithic library).
06-19 21:57:59.833 13021 13151 D UE      : [2024.06.20-02.57.59:832][  0]LogShaderLibrary: Display: Tried to open shader library 'ChaosNiagara', but could not find it (only tried to open it as a monolithic library).
06-19 21:57:59.833 13021 13145 D UE      : [2024.06.20-02.57.59:833][  0]LogShaderLibrary: Display: Tried to open shader library 'Dataflow', but could not find it (only tried to open it as a monolithic library).
06-19 21:57:59.833 13021 13145 D UE      : [2024.06.20-02.57.59:833][  0]LogShaderLibrary: Display: Tried to open shader library 'GameplayCameras', but could not find it (only tried to open it as a monolithic library).
06-19 21:57:59.833 13021 13151 D UE      : [2024.06.20-02.57.59:833][  0]LogShaderLibrary: Display: Tried to open shader library 'GeometryCollectionPlugin', but could not find it (only tried to open it as a monolithic library).
06-19 21:57:59.833 13021 13145 D UE      : [2024.06.20-02.57.59:833][  0]LogShaderLibrary: Display: Tried to open shader library 'ObjectMixer', but could not find it (only tried to open it as a monolithic library).
06-19 21:57:59.833 13021 13152 D UE      : [2024.06.20-02.57.59:833][  0]LogShaderLibrary: Display: Tried to open shader library 'ChaosSolverPlugin', but could not find it (only tried to open it as a monolithic library).
06-19 21:57:59.833 13021 13145 D UE      : [2024.06.20-02.57.59:833][  0]LogShaderLibrary: Display: Tried to open shader library 'LightMixer', but could not find it (only tried to open it as a monolithic library).
06-19 21:57:59.833 13021 13152 D UE      : [2024.06.20-02.57.59:833][  0]LogShaderLibrary: Display: Tried to open shader library 'FullBodyIK', but could not find it (only tried to open it as a monolithic library).
06-19 21:57:59.833 13021 13145 D UE      : [2024.06.20-02.57.59:833][  0]LogShaderLibrary: Display: Tried to open shader library 'ConcertSyncClient', but could not find it (only tried to open it as a monolithic library).
06-19 21:57:59.833 13021 13151 D UE      : [2024.06.20-02.57.59:833][  0]LogShaderLibrary: Display: Tried to open shader library 'PythonScriptPlugin', but could not find it (only tried to open it as a monolithic library).
06-19 21:57:59.833 13021 13152 D UE      : [2024.06.20-02.57.59:833][  0]LogShaderLibrary: Display: Tried to open shader library 'ChaosCaching', but could not find it (only tried to open it as a monolithic library).
06-19 21:57:59.833 13021 13145 D UE      : [2024.06.20-02.57.59:833][  0]LogTemp: Display: Clearing the OS Cache
06-19 21:57:59.838 13021 13145 D UE      : [2024.06.20-02.57.59:838][  0]LogInit: FStereoShaderAspects: --- StereoAspects begin ---
06-19 21:57:59.838 13021 13145 D UE      : [2024.06.20-02.57.59:838][  0]LogInit: FStereoShaderAspects: Platform=VULKAN_ES3_1_ANDROID (21)
06-19 21:57:59.838 13021 13145 D UE      : [2024.06.20-02.57.59:838][  0]LogInit: FStereoShaderAspects: bInstancedStereo = 1
06-19 21:57:59.838 13021 13145 D UE      : [2024.06.20-02.57.59:838][  0]LogInit: FStereoShaderAspects: bMobilePlatform = 1
06-19 21:57:59.838 13021 13145 D UE      : [2024.06.20-02.57.59:838][  0]LogInit: FStereoShaderAspects: bMobilePostprocessing = 0
06-19 21:57:59.838 13021 13145 D UE      : [2024.06.20-02.57.59:838][  0]LogInit: FStereoShaderAspects: bMobileMultiView = 1
06-19 21:57:59.838 13021 13145 D UE      : [2024.06.20-02.57.59:838][  0]LogInit: FStereoShaderAspects: bMultiViewportCapable = 0
06-19 21:57:59.838 13021 13145 D UE      : [2024.06.20-02.57.59:838][  0]LogInit: FStereoShaderAspects: bInstancedStereoNative = 0
06-19 21:57:59.838 13021 13145 D UE      : [2024.06.20-02.57.59:838][  0]LogInit: FStereoShaderAspects: ---
06-19 21:57:59.838 13021 13145 D UE      : [2024.06.20-02.57.59:838][  0]LogInit: FStereoShaderAspects: RHISupportsMobileMultiView(VULKAN_ES3_1_ANDROID) = 1.
06-19 21:57:59.838 13021 13145 D UE      : [2024.06.20-02.57.59:838][  0]LogInit: FStereoShaderAspects: RHISupportsInstancedStereo(VULKAN_ES3_1_ANDROID) = 0.
06-19 21:57:59.838 13021 13145 D UE      : [2024.06.20-02.57.59:838][  0]LogInit: FStereoShaderAspects: bMobileMultiViewCoreSupport = 1
06-19 21:57:59.838 13021 13145 D UE      : [2024.06.20-02.57.59:838][  0]LogInit: FStereoShaderAspects: bMobileMultiViewNative = 1
06-19 21:57:59.838 13021 13145 D UE      : [2024.06.20-02.57.59:838][  0]LogInit: FStereoShaderAspects: bMobileMultiViewFallback = 0
06-19 21:57:59.838 13021 13145 D UE      : [2024.06.20-02.57.59:838][  0]LogInit: FStereoShaderAspects: ---
06-19 21:57:59.838 13021 13145 D UE      : [2024.06.20-02.57.59:838][  0]LogInit: FStereoShaderAspects: bInstancedMultiViewportEnabled = 0
06-19 21:57:59.838 13021 13145 D UE      : [2024.06.20-02.57.59:838][  0]LogInit: FStereoShaderAspects: bInstancedStereoEnabled = 0
06-19 21:57:59.838 13021 13145 D UE      : [2024.06.20-02.57.59:838][  0]LogInit: FStereoShaderAspects: bMobileMultiViewEnabled = 1
06-19 21:57:59.838 13021 13145 D UE      : [2024.06.20-02.57.59:838][  0]LogInit: FStereoShaderAspects: --- StereoAspects end ---
06-19 21:57:59.842 13021 13145 D UE      : [2024.06.20-02.57.59:842][  0]LogAndroid: Unlocking android HW window during preinit. bAppIsActive_EventThread=1
06-19 21:57:59.842 30246 30351 I Clay    : PresenceServiceSystem: Failed to poll
06-19 21:57:59.842 13021 13145 D UE      : [2024.06.20-02.57.59:842][  0]LogInit: XR: Instanced Stereo Rendering is Disabled
06-19 21:57:59.842 13021 13145 D UE      : [2024.06.20-02.57.59:842][  0]LogInit: XR: MultiViewport is Disabled
06-19 21:57:59.842 13021 13145 D UE      : [2024.06.20-02.57.59:842][  0]LogInit: XR: Mobile Multiview is Enabled
06-19 21:57:59.844 30246 30351 I Clay    : PresenceServiceSystem: Failed to poll
06-19 21:57:59.844 13021 13145 D UE      : [2024.06.20-02.57.59:844][  0]LogSlate: Using FreeType 2.10.4
06-19 21:57:59.845 13021 13145 D UE      : [2024.06.20-02.57.59:845][  0]LogSlate: SlateFontServices - WITH_FREETYPE: 1, WITH_HARFBUZZ: 1
06-19 21:57:59.854 30246 30351 I Clay    : PresenceServiceSystem: Failed to poll
06-19 21:57:59.855 30246 30351 I Clay    : PresenceServiceSystem: Failed to poll
06-19 21:57:59.857  3062  3148 I MRSVC   : MIXEDREALITY: BackgroundPassthroughController: Hysteresis ended
06-19 21:57:59.857  3062  3148 I MRSVC   : MIXEDREALITY: MrFeatureStatus: Passthrough: Client 9223372036854775808 status changed from Started to Paused.
06-19 21:57:59.857  3062  3148 I MRSVC   : MIXEDREALITY: MrFeatureStatus: Passthrough for client 9223372036854775808: Target status Started, CurrentStatus: Started
06-19 21:57:59.857  3062  3148 I MRSVC   : MIXEDREALITY: MrFeatureStatus: Passthrough: Client 9223372036854775808 status changed from Paused to Destroyed.
06-19 21:57:59.857  3062  3148 I MRSVC   : MIXEDREALITY: MrFeatureStatus: Passthrough for client 9223372036854775808: Target status Started, CurrentStatus: Started
06-19 21:57:59.857  3062  3148 I MRSVC   : MIXEDREALITY: MrServiceController: clientDisconnected: 9223372036854775808/com.oculus.mrservice/com.oculus.mrservice
06-19 21:57:59.857  3062  3148 I MRSVC   : MIXEDREALITY: ClientsStatus: ====== Connected clients ======
06-19 21:57:59.857  3062  3148 I MRSVC   : MIXEDREALITY: ClientsStatus: Client: 9223372036854775808/com.oculus.mrservice/com.oculus.mrservice
06-19 21:57:59.857  3062  3148 I MRSVC   : MIXEDREALITY: ClientsStatus:    [Passthrough] -> Destroyed
06-19 21:57:59.857  3062  3148 I MRSVC   : MIXEDREALITY: ClientsStatus:    [Freespace] -> Destroyed
06-19 21:57:59.857  3062  3148 I MRSVC   : MIXEDREALITY: ClientsStatus: Client: 1517481570/com.oculus.vrshell/com.oculus.vrshell:30393
06-19 21:57:59.858  3062  3148 I MRSVC   : MIXEDREALITY: ClientsStatus:    [Passthrough] -> Started
06-19 21:57:59.858  3062  3148 I MRSVC   : MIXEDREALITY: ClientsStatus:    [Freespace] -> Destroyed
06-19 21:57:59.858  3062  3148 I MRSVC   : MIXEDREALITY: ClientsStatus: Client: 2123873779/com.oculus.guardian/com.oculus.vrguardianservice:30573
06-19 21:57:59.858  3062  3148 I MRSVC   : MIXEDREALITY: ClientsStatus:    [Passthrough] -> Paused
06-19 21:57:59.858  3062  3148 I MRSVC   : MIXEDREALITY: ClientsStatus:    [Freespace] -> Created
06-19 21:57:59.858  3062  3148 I MRSVC   : MIXEDREALITY: ClientsStatus: ===============================
06-19 21:57:59.858  3062  3148 I MRSVC   : MIXEDREALITY: MrClientModelStates: unregisterClient: For client 9223372036854775808.
06-19 21:57:59.858  3062  3148 I MRSVC   : MIXEDREALITY: ClientsStatus: Unregistration from 9223372036854775808/com.oculus.mrservice/com.oculus.mrservice accepted.
06-19 21:57:59.858  3062  3148 I MRSVC   : MIXEDREALITY: MrClientModelStates: commitClientState: layer 1223 was queued for destruction
06-19 21:57:59.858  3062  3148 I MRSVC   : MIXEDREALITY: PassthroughPresentationLayerImpl: Deallocating framebuffers for layer 1223.
06-19 21:57:59.858  3062  3148 I MRSVC   : MIXEDREALITY: GlFramebufferFactory: framebuffer pool releasing buffer (elements in pool=0)
06-19 21:57:59.858  3062  3148 I MRSVC   : MIXEDREALITY: GlFramebufferFactory: framebuffer pool released buffer (elements in pool=1). GlobalCount: 1
06-19 21:57:59.858  3062  3148 I MRSVC   : MIXEDREALITY: MrClientModelStates: Cleaned up resources for client 9223372036854775808
06-19 21:57:59.858  3062  3148 I MRSVC   : MIXEDREALITY: MrServiceModelBase: passthroughModeIfChanged: kNone.
06-19 21:57:59.858  3062  3148 I MRSVC   : MIXEDREALITY: MrRuntimeImpl: Changing mode to kNone
06-19 21:57:59.858  3062  3148 I MRSVC   : MIXEDREALITY: MrRuntimeImpl: onPause: Capability Passthrough on device 0.
06-19 21:57:59.858   836  3144 I MRSS    : MIXEDREALITY: MrSystemServiceIPCServer: ChangeMrCapabilityStatus: client 1487097973, capability Passthrough, command 0.
06-19 21:57:59.858   836  3144 I MRSS    : MIXEDREALITY: PassthroughComputeCapability: onStop: Deleting Passthrough.
06-19 21:57:59.864   836  3144 I MRSS    : MIXEDREALITY: PassthroughTelemetry: Passthrough compute telemetry over 15.0 seconds:
06-19 21:57:59.864   836  3144 I MRSS    : MIXEDREALITY: PassthroughTelemetry: - using online cal: yes, calibration age: 1346.0 minutes
06-19 21:57:59.864   836  3144 I MRSS    : MIXEDREALITY: PassthroughTelemetry: - frames processed (stereo/depth): 450.0 (450.0/0.0)
06-19 21:57:59.864   836  3144 I MRSS    : MIXEDREALITY: PassthroughTelemetry: - avg exp/gain stereo: 5.6/4.0 depth: 0.0/0.0
06-19 21:57:59.864   836  3144 I MRSS    : MIXEDREALITY: PassthroughTelemetry: - per frame: primary: 0.0,0.0,0.0, secondary: 0.0,0.0,0.0, prev mesh: 0.0,0.0,0.0
06-19 21:57:59.864   836  3144 I MRSS    : MIXEDREALITY: PassthroughTelemetry: - mld: model hash: 8553193824261821786
06-19 21:57:59.864   836  3144 I MRSS    : MIXEDREALITY: PassthroughTelemetry: - mld per stereo frame: count: 145850.0, extracted: 0.0, sparsified: 0.0
06-19 21:57:59.864   836  3144 I MRSS    : MIXEDREALITY: PassthroughComputeCapability: sendComputeTelemetry: Logging telemetry.
06-19 21:57:59.865 30246 30351 I Clay    : PresenceServiceSystem: Failed to poll
06-19 21:57:59.865 30246 30351 I Clay    : PresenceServiceSystem: Failed to poll
06-19 21:57:59.867   836  3144 I MRSS    : MIXEDREALITY: MrSystemServiceIPCServer: Got notification for Passthrough, fidelity level: NONE, command: 0
06-19 21:57:59.868   836  3144 I MRSS    : MIXEDREALITY: CapabilityController: Stop Passthrough duration: 9.332604 millisec.
06-19 21:57:59.868   836  3144 I MRSS    : MIXEDREALITY: EnvironmentDepthTelemetry: Environment Depth compute telemetry over 15.0 seconds:
06-19 21:57:59.868   836  3144 I MRSS    : MIXEDREALITY: EnvironmentDepthTelemetry: - using online calibration: yes, calibration age: 80760 seconds
06-19 21:57:59.868   836  3144 I MRSS    : MIXEDREALITY: DepthComputeCapability: sendTelemetry: Logging environment depth telemetry.
06-19 21:57:59.868   836  3144 I MRSS    : MIXEDREALITY: StereoPipeline: removeClient: removing client Passthrough, active clients: 'Passthrough,SceneReconstruction'.
06-19 21:57:59.869   836  3144 I MRSS    : DEPTH: DepthSystem: deactivateClient: depth client 0 is deactivated.
06-19 21:57:59.869   836  3144 I MRSS    : MIXEDREALITY: StereoPipeline: removeClient: removing client SceneReconstruction, active clients: 'SceneReconstruction'.
06-19 21:57:59.870   836  3144 I MRSS    : DEPTH: DepthSystem: deactivateClient: depth client 3 is deactivated.
06-19 21:57:59.871   836  3144 I MRSS    : MIXEDREALITY: MrSystemServiceIPCServer: Got notification for Depth, fidelity level: NONE, command: 0
06-19 21:57:59.871   836  3144 I MRSS    : MIXEDREALITY: CapabilityController: Stop Depth duration: 3.415833 millisec.
06-19 21:57:59.871   836  3144 I MRSS    : MIXEDREALITY: MrSystemServiceIPCServer: Got notification for Camera, fidelity level: NONE, command: 0
06-19 21:57:59.871   836  3144 I MRSS    : MIXEDREALITY: CapabilityController: Stop Camera duration: 0.420885 millisec.
06-19 21:57:59.871   836  3144 I MRSS    : TELEMETRY_COLLECTOR: Stopping periodic telemetry polling.
06-19 21:57:59.872   836  3144 I MRSS    : MIXEDREALITY: MrSystemServiceIPCServer: Got notification for VisionInterfaceTelemetry, fidelity level: NONE, command: 0
06-19 21:57:59.872   836  3144 I MRSS    : MIXEDREALITY: CapabilityController: Stop VisionInterfaceTelemetry duration: 0.421302 millisec.
06-19 21:57:59.872   836  3144 I MRSS    : MIXEDREALITY: MrSystemService: FramesetTelemetry: valid: -/-, stereo/depth/color: avail:  184/   0/ 368, accepted %: 100.0/0.0/100.0, dropped %: 0.0/0.0/0.0, valid %: 100.0/0.0/100.0, textured %: 0.0/0.0/100.0.
06-19 21:57:59.872   836  3144 I MRSS    : MIXEDREALITY: MrSystemService: FramesetTelemetry: timeouts stereo/color: compute side: 0/0, render side: 0/0, egl: 0.
06-19 21:57:59.877 30246 30351 I Clay    : PresenceServiceSystem: Failed to poll
06-19 21:57:59.877 30246 30351 I Clay    : PresenceServiceSystem: Failed to poll
06-19 21:57:59.880 13021 13145 D UE      : [GameActivity] ==============> onSensorChanged: orientation : 3
06-19 21:57:59.881 13021 13145 D UE      : [2024.06.20-02.57.59:881][  0]LogAndroid: Window orientation changed: Landscape, GDeviceScreenOrientation=3
06-19 21:57:59.881 13021 13145 D UE      : [2024.06.20-02.57.59:881][  0]LogShaderLibrary: Display: Using ../../../Metaverse_Game1/Content/ShaderArchive-Metaverse_Game1-SF_VULKAN_ES31_ANDROID-VULKAN_ES3_1_ANDROID.ushaderbytecode for material shader code. Total 1086 unique shaders.
06-19 21:57:59.881 13021 13145 D UE      : [2024.06.20-02.57.59:881][  0]LogShaderLibrary: Display: Cooked Context: Using Shared Shader Library Metaverse_Game1
06-19 21:57:59.881 13021 13145 D UE      : [2024.06.20-02.57.59:881][  0]LogShaderLibrary: Display: Logical shader library 'Metaverse_Game1' has been created as a monolithic library
06-19 21:57:59.881 13021 13145 D UE      : [2024.06.20-02.57.59:881][  0]LogRHI: Could not open FPipelineCacheFile: ../../../Metaverse_Game1/Content/PipelineCaches/Android/Metaverse_Game1_SF_VULKAN_ES31_ANDROID.stable.upipelinecache
06-19 21:57:59.881 13021 13145 D UE      : [2024.06.20-02.57.59:881][  0]LogRHI: Could not open FPipelineCacheFile: ../../../Metaverse_Game1/Content/PipelineCaches/Android/Metaverse_Game1_SF_VULKAN_ES31_ANDROID.stable.upipelinecache
06-19 21:57:59.881 13021 13145 D UE      : [2024.06.20-02.57.59:881][  0]LogRHI: Could not open FPipelineCacheFile: ../../../Metaverse_Game1/Content/PipelineCaches/Android/Metaverse_Game1_SF_VULKAN_ES31_ANDROID.stable.upipelinecache
06-19 21:57:59.881 13021 13145 D UE      : [2024.06.20-02.57.59:881][  0]LogInit: Using OS detected language (en-US).
06-19 21:57:59.881 13021 13145 D UE      : [2024.06.20-02.57.59:881][  0]LogInit: Using OS detected locale (en-US).
06-19 21:57:59.882 13021 13145 D UE      : [2024.06.20-02.57.59:882][  0]LogTextLocalizationManager: No localization for 'en-US' exists, so 'en' will be used for the language.
06-19 21:57:59.882 13021 13145 D UE      : [2024.06.20-02.57.59:882][  0]LogTextLocalizationManager: No localization for 'en-US' exists, so 'en' will be used for the locale.
06-19 21:57:59.882 13021 13145 D UE      : [2024.06.20-02.57.59:882][  0]LogSlate: FontCache flush requested. Reason: Culture for localization was changed
06-19 21:57:59.882 13021 13145 D UE      : [2024.06.20-02.57.59:882][  0]LogSlate: FontCache flush requested. Reason: Culture for localization was changed
06-19 21:57:59.882 13021 13145 D UE      : [2024.06.20-02.57.59:882][  0]LogAssetRegistry: FAssetRegistry took 0.0001 seconds to start up
06-19 21:57:59.883  3062  3148 I MRSVC   : MIXEDREALITY: MrServiceView: renderIteration: Sleeping the rendering thread for 500 ms since ID is off and no active PT layers.
06-19 21:57:59.887 30246 30351 I Clay    : PresenceServiceSystem: Failed to poll
06-19 21:57:59.888 30246 30351 I Clay    : PresenceServiceSystem: Failed to poll
06-19 21:57:59.895 30309 12639 I CompositorVR: Passthrough usage state changed: app 0, guardian 0, background 0
06-19 21:57:59.895 30309 12639 I CompositorVR: Overall Passthrough usage state changed to unused
06-19 21:57:59.896  3062  3148 I MRSVC   : MIXEDREALITY: MrServiceView: renderIteration: Sleeping the rendering thread for 500 ms since ID is off and no active PT layers.
06-19 21:57:59.898 30246 30351 I Clay    : PresenceServiceSystem: Failed to poll
06-19 21:57:59.898 30246 30351 I Clay    : PresenceServiceSystem: Failed to poll
06-19 21:57:59.909 30246 30351 I Clay    : PresenceServiceSystem: Failed to poll
06-19 21:57:59.909 30246 30351 I Clay    : PresenceServiceSystem: Failed to poll
06-19 21:57:59.914 30309 12639 I Vsync   : Vsync 4254:  2 x 13.89 ms (72.01 Hz, at 39118.918)
06-19 21:57:59.915 30573 30936 I [CT]    : SlamAnchorClientRuntimeIPC: Kicked off bulk re-registration of 3 slam anchors.
06-19 21:57:59.921 30246 30351 I Clay    : PresenceServiceSystem: Failed to poll
06-19 21:57:59.921 30246 30351 I Clay    : PresenceServiceSystem: Failed to poll
06-19 21:57:59.925 30573 30713 W [CT]    : Anchor:SlamAnchorMemoryOSSDKClient: [Throttled count=399] Skipping invalid anchorHandle when attempting to cache AnchorStates
06-19 21:57:59.932 30246 30351 I Clay    : PresenceServiceSystem: Failed to poll
06-19 21:57:59.933 30246 30351 I Clay    : PresenceServiceSystem: Failed to poll
06-19 21:57:59.943 30246 30351 I Clay    : PresenceServiceSystem: Failed to poll
06-19 21:57:59.943 30246 30351 I Clay    : PresenceServiceSystem: Failed to poll
06-19 21:57:59.945 30246 30246 I Clay    : NativeWindowDestroyed: 0x7d404ce080 -- 0x7ba09d2010
06-19 21:57:59.954 30246 30351 I Clay    : PresenceServiceSystem: Failed to poll
06-19 21:57:59.954 30246 30351 I Clay    : PresenceServiceSystem: Failed to poll
06-19 21:57:59.958   852 12620 W Tracking: VEGA:HM:MAP_TRACKING: Validation failed on Submap id = 0, version = 171572542
06-19 21:57:59.965 30246 30351 I Clay    : PresenceServiceSystem: Failed to poll
06-19 21:57:59.965 30246 30351 I Clay    : PresenceServiceSystem: Failed to poll
06-19 21:57:59.975 30246 30351 I Clay    : PresenceServiceSystem: Failed to poll
06-19 21:57:59.975 30246 30351 I Clay    : PresenceServiceSystem: Failed to poll
06-19 21:57:59.983 30246 30352 I Clay    : APP_CMD_TERM_WINDOW
06-19 21:57:59.983 30246 30352 I Clay    : APP_CMD_TERM_WINDOW
06-19 21:57:59.984 30246 30246 I Clay    : Stop: 0x7d404ce080
06-19 21:57:59.986 30246 30351 I Clay    : PresenceServiceSystem: Failed to poll
06-19 21:57:59.986 30246 30351 I Clay    : Platform message: APP_CMD_TERM_WINDOW
06-19 21:57:59.986 30246 30351 I Clay    : PresenceServiceSystem: Failed to poll
06-19 21:57:59.996   643 12589 I VD628x  : Flicker channel saturating : applying new gain
06-19 21:57:59.996 30246 30351 I Clay    : PresenceServiceSystem: Failed to poll
06-19 21:57:59.997 30246 30351 I Clay    : PresenceServiceSystem: Failed to poll
06-19 21:58:00.007 30246 30351 I Clay    : PresenceServiceSystem: Failed to poll
06-19 21:58:00.008 30246 30351 I Clay    : PresenceServiceSystem: Failed to poll
06-19 21:58:00.018 30246 30351 I Clay    : PresenceServiceSystem: Failed to poll
06-19 21:58:00.019 30246 30351 I Clay    : PresenceServiceSystem: Failed to poll
06-19 21:58:00.024   852 12620 W Tracking: VEGA:HM:MAP_TRACKING: Validation failed on Submap id = 2, version = 1734250452
06-19 21:58:00.029 30246 30351 I Clay    : PresenceServiceSystem: Failed to poll
06-19 21:58:00.029 30246 30351 I Clay    : PresenceServiceSystem: Failed to poll
06-19 21:58:00.032 30246 30352 I Clay    : activityState=14
06-19 21:58:00.033 30393 30393 D [SEO] ShellService: onUnbind()
06-19 21:58:00.034 30246 30246 I Clay    : SaveInstanceState: 0x7d404ce080
06-19 21:58:00.039 30246 30351 I Clay    : PresenceServiceSystem: Failed to poll
06-19 21:58:00.039 30246 30351 I Clay    : Platform message: APP_CMD_STOP
06-19 21:58:00.040 30246 30351 I Clay    : BaseApp : hibernate event recorded: eh=HBNT,UNHI,PEND,CANC,PEND,CANC,PEND,HBNT,UNHI,PEND,HBNT,UNHI,PEND,HBNT,UNHI,PEND  et=00e4cdc2,00e58f9c,00e58fd9,00e59029,00e5917e,00e5920b,00e622e3,00e62bc0,00e65d2b,00e762ac,00e766a2,00e83a3b,00e88417,00e88bf9,00e95ad0,00ea1546,
06-19 21:58:00.040 30246 30351 I Clay    : copresence: microphone state transition, paused
06-19 21:58:00.073 30246 30351 I Clay    : EnvironmentSystem: computed visibility changed from Visible to Unload (reason: Paused)
06-19 21:58:00.073 30246 30351 I Clay    : EnvironmentSystem: frameLinkInstanceId=850020894
06-19 21:58:00.073 30246 30351 I Clay    : EnvironmentSystem: Scene loaded: <none>
06-19 21:58:00.076 13021 13145 D UE      : [2024.06.20-02.58.00:076][  0]LogStreaming: Display: FlushAsyncLoading(1): 1 QueuedPackages, 0 AsyncPackages
06-19 21:58:00.077 13021 13145 D UE      : [2024.06.20-02.58.00:077][  0]LogPackageLocalizationCache: Processed 48 localized package path(s) for 1 prioritized culture(s) in 0.000187 seconds
06-19 21:58:00.083 13021 13145 D UE      : [2024.06.20-02.58.00:083][  0]LogSlate: InvalidateAllWidgets triggered.  All widgets were invalidated
06-19 21:58:00.084 30246 30352 I Clay    : APP_CMD_SAVE_STATE
06-19 21:58:00.087 13021 13145 D UE      : [2024.06.20-02.58.00:087][  0]LogDeviceProfileManager: Display: Deviceprofile LinuxArm64Editor not found.
06-19 21:58:00.087 13021 13145 D UE      : [2024.06.20-02.58.00:087][  0]LogDeviceProfileManager: Display: Deviceprofile LinuxArm64 not found.
06-19 21:58:00.089 13021 13145 D UE      : [2024.06.20-02.58.00:089][  0]LogDeviceProfileManager: Active device profile: [0x7bd486e380][0x7bd4b50010 66] Meta_Quest_3
06-19 21:58:00.089 13021 13145 D UE      : [2024.06.20-02.58.00:089][  0]LogCsvProfiler: Display: Metadata set : deviceprofile="Meta_Quest_3"
06-19 21:58:00.098 30246 30351 I Clay    : ResMan : animation records unloaded: asset=1f9fe65c66572ca5,545a5279e3bedcf9,1f9fe65c66572ca5,545a5279e3bedcf9,1f9fe65c66572ca5,545a5279e3bedcf9,1f9fe65c66572ca5,545a5279e3bedcf9,73b64239ac2b7b28,0381f09108efac7c,1f9fe65c66572ca5,545a5279e3bedcf9,1f9fe65c66572ca5,545a5279e3bedcf9,1f9fe65c66572ca5,545a5279e3bedcf9,1f9fe65c66572ca5,545a5279e3bedcf9,1f9fe65c66572ca5,545a5279e3bedcf9,73b64239ac2b7b28,0381f09108efac7c,1f9fe65c66572ca5,545a5279e3bedcf9,73b64239ac2b7b28,0381f09108efac7c,1f9fe65c66572ca5,545a5279e3bedcf9,1f9fe65c66572ca5,545a5279e3bedcf9,1f9fe65c66572ca5,545a5279e3bedcf9,  data=0000007b8d82ce80,0000007b761c7b00,0000007b8d82a480,0000007bae61a380,0000007b9f6578c0,0000007b8d1ad7c0,0000007b8cfef580,0000007b77657e80,0000007ba7a52400,0000007b9f658280,0000007ba7a50600,0000007b8d1ad040,0000007ba7917c00,0000007b9f656a80,0000007ba7917b40,0000007b77438d00,0000007ba7a506c0,0000007ba741a280,0000007ba7a52e80,0000007ba7a52400,0000007b9f656b40,0000007ba7a524c0,0000007b8d1abc00,0000007ba7a521c0,0000007b9fa40940,0000007b9fa40880,0000007ba7a50180,0000007ba7919700,0000007b77437e00,0000007b8d1ad1c0,0000007b8cfef4c0,0000007b8d82ca00,  dstryFlg=1,1,1,1,1,1,1,1,1,1,1,1,1,1,1,1,1,1,1,1,1,1,1,1,1,1,1,1,1,1,1,1,  vec=0000007b68383200/0000007b683833c8/0000007b683833c8,0000007bad92a520/0000007bad92a5f8/0000007bad92a5f8,0000007b68f12200/0000007b68f123c8/0000007b68f123c8,0000007bad92ac20/0000007bad92acf8/0000007bad92acf8,0000007b65e9ba00/0000007b65e9bbc8/0000007b65e9bbc8,0000007bad92ba20/0000007bad92baf8/0000007bad92baf8,0000007ba7261800/0000007ba72619c8/0000007ba72619c8,0000007bad92cba0/0000007bad92cc78/0000007bad92cc78,0000007b6b1cb400/0000007b6b1cb5e0/0000007b6b1cb5e0,0000007b6b1cb200/0000007b6b1cb3e0/0000007b6b1cb3e0,0000007b6bda0400/0000007b6bda05c8/0000007b6bda05c8,0000007ba7862c00/0000007ba7862cd8/0000007ba7862cd8,0000007b662aa200/0000007b662aa3c8/0000007b662aa3c8,0000007ba7863140/0000007ba7863218/0000007ba7863218,0000007b668f8c00/0000007b668f8dc8/0000007b668f8dc8,0000007b9f1e3e00/0000007b9f1e3ed8/0000007b9f1e3ed8,0000007b66d76400/0000007b66d765c8/0000007b66d765c8,0000007b9f1e5060/0000007b9f1e5138/0000007b9f1e5138,0000007ba735dc00/0000007ba735ddc8/0000007ba735ddc8,0000007b9f1e7280/0000007b9f1e7358/0000007b9f1e7358,0000007b663ce800/0000007b663ce9e0/0000007b663ce9e0,0000007b663cec00/0000007b663cede0/0000007b663cede0,0000007b6ea73600/0000007b6ea737c8/0000007b6ea737c8,0000007b9f1e7440/0000007b9f1e7518/0000007b9f1e7518,0000007ba095fc00/0000007ba095fde0/0000007ba095fde0,0000007ba095fa00/0000007ba095fbe0/0000007ba095fbe0,0000007b6eeb3000/0000007b6eeb31c8/0000007b6eeb31c8,0000007b9f1e9660/0000007b9f1e9738/0000007b9f1e9738,0000007b72ad2a00/0000007b72ad2bc8/0000007b72ad2bc8,0000007b9f1e9e40/0000007b9f1e9f18/0000007b9f1e9f18,0000007b72849000/0000007b728491c8/0000007b728491c8,0000007b71d2f420/0000007b71d2f4f8/0000007b71d2f4f8,  dstry=0000000351776151,000000035177616a,0000000353aadb3a,0000000353aadb78,000000036171ae19,000000036171ae65,000000036319ad3c,000000036319ad8b,000000036462e84d,000000036462e850,00000003647afed1,00000003647afeec,00000003689dbeaf,00000003689dbee2,0000000373cc570e,0000000373cc5737,0000000375542572,00000003755425b9,000000037da385bb,000000037da385ed,000000037da39705,000000037da39709,0000000382f816a9,0000000382f816da,00000003840045e3,00000003840045ec,0000000387d81210,0000000387d81230,000000038c429f12,000000038c429f44,00000003926218a3,00000003926218c2,  unld=000000035177617c,0000000351776187,0000000353aadca3,0000000353aadcb6,000000036171ae90,000000036171aeb2,000000036319adb3,000000036319add4,0000000364630ca6,0000000364630ca9,00000003647afefd,00000003647aff07,00000003689dbf02,00000003689dbf16,0000000373cc5754,0000000373cc5764,0000000375542617,00000003755426fa,000000037da3861c,000000037da3862e,000000037da47ae9,000000037da47aee,0000000382f816f2,0000000382f81706,0000000384006812,0000000384006815,0000000387d81244,0000000387d81251,000000038c429f5f,000000038c429f72,00000003926218d7,00000003926218e4,
06-19 21:58:00.098 30246 30351 I Clay    : ResMan : skeleton records unloaded: asset=fad5714f366885a8,229fa1a62d0bb5b0,fad5714f366885a8,229fa1a62d0bb5b0,fad5714f366885a8,ad1d546910d55e1c,34783a2bddc21bab,ce59eb5b21877373,229fa1a62d0bb5b0,fad5714f366885a8,229fa1a62d0bb5b0,fad5714f366885a8,229fa1a62d0bb5b0,fad5714f366885a8,229fa1a62d0bb5b0,fad5714f366885a8,229fa1a62d0bb5b0,fad5714f366885a8,ad1d546910d55e1c,34783a2bddc21bab,ce59eb5b21877373,229fa1a62d0bb5b0,fad5714f366885a8,ad1d546910d55e1c,34783a2bddc21bab,ce59eb5b21877373,229fa1a62d0bb5b0,fad5714f366885a8,229fa1a62d0bb5b0,fad5714f366885a8,229fa1a62d0bb5b0,fad5714f366885a8,  data=0000007ba7a2e200,0000007ba7a2e700,0000007b66082ae0,0000007b9fbd6ea0,0000007b9fbd82a0,0000007bae708ce0,0000007badd551c0,0000007bad7e2820,0000007ba7a2cd60,0000007ba7a2fba0,0000007ba70b7d00,0000007ba7a2c4a0,0000007ba7a2baa0,0000007ba7a2c900,0000007c0426e000,0000007bae5ff040,0000007ba70b6ea0,0000007ba7913d40,0000007bae708f60,0000007bae707980,0000007badd54180,0000007ba70b6b80,0000007ba7acd6a0,0000007bae708880,0000007bad7e5de0,0000007bad7e5e80,0000007ba7914240,0000007ba7a2d3a0,0000007ba7aca9a0,0000007ba0c4f740,0000007ba7a2d260,0000007ba7acb300,  dstryFlg=1,1,1,1,1,1,1,1,1,1,1,1,1,1,1,1,1,1,1,1,1,1,1,1,1,1,1,1,1,1,1,1,  vec=0000007bad92ade0/0000007bad92aeb8/0000007bad92aeb8,0000007b65e9b800/0000007b65e9b9c8/0000007b65e9b9c8,0000007bad92bbe0/0000007bad92bcb8/0000007bad92bcb8,0000007ba7261a00/0000007ba7261bc8/0000007ba7261bc8,0000007bad92cc80/0000007bad92cd58/0000007bad92cd58,0000007b6b17ee00/0000007b6b17efe0/0000007b6b17efe0,0000007b6b630e00/0000007b6b630fe0/0000007b6b630fe0,0000007b6cabfa00/0000007b6cabfbe0/0000007b6cabfbe0,0000007b6be06c00/0000007b6be06dc8/0000007b6be06dc8,0000007ba7862ea0/0000007ba7862f78/0000007ba7862f78,0000007b662a5c00/0000007b662a5dc8/0000007b662a5dc8,0000007ba7863220/0000007ba78632f8/0000007ba78632f8,0000007b668f8800/0000007b668f89c8/0000007b668f89c8,0000007b9f1e3fc0/0000007b9f1e4098/0000007b9f1e4098,0000007b66d76600/0000007b66d767c8/0000007b66d767c8,0000007b9f1e5220/0000007b9f1e52f8/0000007b9f1e52f8,0000007ba735de00/0000007ba735dfc8/0000007ba735dfc8,0000007b9f1e7440/0000007b9f1e7518/0000007b9f1e7518,0000007b663ce600/0000007b663ce7e0/0000007b663ce7e0,0000007b6652dc00/0000007b6652dde0/0000007b6652dde0,0000007b66560a00/0000007b66560be0/0000007b66560be0,0000007b6ea6dc00/0000007b6ea6ddc8/0000007b6ea6ddc8,0000007b9f1e77c0/0000007b9f1e7898/0000007b9f1e7898,0000007ba095f800/0000007ba095f9e0/0000007ba095f9e0,0000007b66688200/0000007b666883e0/0000007b666883e0,0000007ba0959400/0000007ba09595e0/0000007ba09595e0,0000007b70589200/0000007b705893c8/0000007b705893c8,0000007b9f1e9820/0000007b9f1e98f8/0000007b9f1e98f8,0000007b72ad2c00/0000007b72ad2dc8/0000007b72ad2dc8,0000007b6daaa0e0/0000007b6daaa1b8/0000007b6daaa1b8,0000007b739a4e00/0000007b739a4fc8/0000007b739a4fc8,0000007b71d2f500/0000007b71d2f5d8/0000007b71d2f5d8,  dstry=0000000353aadb79,000000036171ae1b,000000036171ae66,000000036319ad3e,000000036319ad8d,000000036462e84e,000000036462e851,000000036462e871,00000003647afed3,00000003647afeed,00000003689dbeb4,00000003689dbee4,0000000373cc570f,0000000373cc5738,0000000375542574,00000003755425bc,000000037da385c1,000000037da385ee,000000037da39705,000000037da39709,000000037da39769,0000000382f816ac,0000000382f816db,00000003840045e9,00000003840045ed,0000000384004616,0000000387d81213,0000000387d81231,000000038c429f17,000000038c429f45,00000003926218a6,00000003926218c3,  unld=0000000353aadcb8,000000036171ae94,000000036171aeb5,000000036319adb7,000000036319add7,0000000364630ca8,0000000364630caa,0000000364630cc5,00000003647afefe,00000003647aff08,00000003689dbf05,00000003689dbf18,0000000373cc5756,0000000373cc5765,00000003755426d0,00000003755426fc,000000037da3861e,000000037da38630,000000037da47aec,000000037da47aef,000000037da47b23,0000000382f816f4,0000000382f8170a,0000000384006814,0000000384006816,0000000384006829,0000000387d81245,0000000387d81252,000000038c429f62,000000038c429f73,00000003926218d8,00000003926218e5,
