06-18 18:24:20.793 27865 27988 I ThreadHelpers [RUNTIMEIPC]: RuntimeIPC::ThreadHelpers::SetState: threadName: JobPoolWorker, currentState: STATE_STOPPED, newState: STATE_STARTING
06-18 18:24:20.793 27865 28012 I ThreadHelpers [RUNTIMEIPC]: RuntimeIPC::ThreadHelpers::SetState: threadName: JobPoolWorker, currentState: STATE_STARTING, newState: STATE_RUNNING
06-18 18:24:20.793 27865 27988 I ClientProcessConnector [RUNTIMEIPC]: GetProcessConnection: com.oculus.systemdriver:com.oculus.vrruntimeservice
06-18 18:24:20.793  2592  3093 D IPCDataChannelServer [RUNTIMEIPC]: Connected: 3128440371, com.YourCompany.Metaverse_Game1:com.YourCompany.Metaverse_Game1:27865
06-18 18:24:20.794  2592  3093 D RPCServer [RUNTIMEIPC]: ConnectClient: Client: com.YourCompany.Metaverse_Game1:com.YourCompany.Metaverse_Game1:27865:, Server: com.oculus.systemdriver:com.oculus.vrruntimeservice (gkcache)
06-18 18:24:20.794  2592  3093 I RPCClientHandler [RUNTIMEIPC]: Event buffer size (server): 8192
06-18 18:24:20.794  1910  2556 I Clay    : PresenceServiceSystem: Failed to poll
06-18 18:24:20.794  2592  3093 I ThreadHelpers [RUNTIMEIPC]: RuntimeIPC::ThreadHelpers::SetState: threadName: IpcDCReqHandler, currentState: STATE_STOPPED, newState: STATE_STARTING
06-18 18:24:20.794  2592 28013 I ThreadHelpers [RUNTIMEIPC]: RuntimeIPC::ThreadHelpers::SetState: threadName: IpcDCReqHandler, currentState: STATE_STARTING, newState: STATE_RUNNING
06-18 18:24:20.794  1910  2556 I Clay    : PresenceServiceSystem: Failed to poll
06-18 18:24:20.794  2592  3093 I RuntimeIPCServerMgr [RUNTIMEIPC]: HandleClientConnect SUCCESS: Client: com.YourCompany.Metaverse_Game1:com.YourCompany.Metaverse_Game1:27865:, Server: com.oculus.systemdriver:com.oculus.vrruntimeservice (gkcache)
06-18 18:24:20.794  2592 28013 I GkCacheQuerierServer: Client 3128435510 from com.YourCompany.Metaverse_Game1:27865 connected.
06-18 18:24:20.794 27865 27988 I RuntimeIPCClient [RUNTIMEIPC]: Event buffer size (client): 8192
06-18 18:24:20.794 27865 27988 I RuntimeIPCClient [RUNTIMEIPC]: TryToGetIPCResourcesFromServer: RPC_CONNECTOR_CONNECT_TO_SERVER SUCCESS: Client: com.YourCompany.Metaverse_Game1:com.YourCompany.Metaverse_Game1:27865, Server: com.oculus.systemdriver:com.oculus.vrruntimeservice (gkcache)
06-18 18:24:20.794 27865 27988 I ThreadHelpers [RUNTIMEIPC]: RuntimeIPC::ThreadHelpers::SetState: threadName: JobPoolWorker, currentState: STATE_STOPPED, newState: STATE_STARTING
06-18 18:24:20.794 27865 28014 I ThreadHelpers [RUNTIMEIPC]: RuntimeIPC::ThreadHelpers::SetState: threadName: JobPoolWorker, currentState: STATE_STARTING, newState: STATE_RUNNING
06-18 18:24:20.794 27865 27988 I RuntimeIPCClient [RUNTIMEIPC]: EnsureServerConnection: SUCCESS. Client: com.YourCompany.Metaverse_Game1:com.YourCompany.Metaverse_Game1:27865, Server: com.oculus.systemdriver:com.oculus.vrruntimeservice (gkcache)
06-18 18:24:20.794 27865 27988 I RuntimeIPCClient [RUNTIMEIPC]: ConnectToServer: SUCCESS: Client: com.YourCompany.Metaverse_Game1:com.YourCompany.Metaverse_Game1:27865, Server: com.oculus.systemdriver:com.oculus.vrruntimeservice (gkcache)
06-18 18:24:20.795 27865 27988 I RuntimeIPCClient [RUNTIMEIPC]: InitServerStateBuffer: SUCCESS. 0, Client: com.YourCompany.Metaverse_Game1:com.YourCompany.Metaverse_Game1:27865, Server: com.oculus.systemdriver:com.oculus.vrruntimeservice (gkcache)
06-18 18:24:20.795 27865 27988 I ThreadHelpers [RUNTIMEIPC]: RuntimeIPC::ThreadHelpers::SetState: threadName: RIPCNotifThread, currentState: STATE_STOPPED, newState: STATE_STARTING
06-18 18:24:20.795 27865 28015 I ThreadHelpers [RUNTIMEIPC]: RuntimeIPC::ThreadHelpers::SetState: threadName: RIPCNotifThread, currentState: STATE_STARTING, newState: STATE_RUNNING
06-18 18:24:20.795 27865 27988 I OpenXR_ClientState: Client state creation succeeded.
06-18 18:24:20.796 27865 27988 I OpenXR-Loader: Info [GENERAL | xrEnumerateInstanceExtensionProperties | OpenXR-Loader] : RuntimeInterface::LoadRuntime succeeded loading runtime  using interface version 1 and OpenXR API version 1.0
06-18 18:24:20.798 27865 27988 I OpenXR  : IsFirstParty 0
06-18 18:24:20.798 27865 27988 W Metaverse_Game: Accessing hidden method Landroid/content/pm/ApplicationInfo;->isPrivilegedApp()Z (blocked,test-api, reflection, denied)
06-18 18:24:20.798 27865 27988 W Metaverse_Game: If this is a platform test consider enabling VMRuntime.ALLOW_TEST_API_ACCESS change id for this package.
06-18 18:24:20.798 27865 27988 I OpenXR  : IsPrivileged 0
06-18 18:24:20.798 27865 27988 I OpenXR  : Is_X_PartnerGateKeeper
06-18 18:24:20.798 27865 27988 I OpenXR  : PGK Status: exp = 0, dc = false
06-18 18:24:20.798 27865 27988 I OpenXR  : oculus_first_access = false
06-18 18:24:20.798 27865 27988 I OpenXR  : Extension status: P
06-18 18:24:20.799 27865 27988 I OpenXR  : IsFirstParty 0
06-18 18:24:20.799 27865 27988 I DeviceProperties: ovrDeviceProperties::Initialize
06-18 18:24:20.798 27865 27865 W GameThread: type=1400 audit(0.0:1784): avc: denied { search } for name="soc0" dev="sysfs" ino=66305 scontext=u:r:untrusted_app:s0:c7,c256,c512,c768 tcontext=u:object_r:vendor_sysfs_soc:s0 tclass=dir permissive=0 app=com.YourCompany.Metaverse_Game1
06-18 18:24:20.798 27865 27865 W GameThread: type=1400 audit(0.0:1785): avc: denied { search } for name="soc0" dev="sysfs" ino=66305 scontext=u:r:untrusted_app:s0:c7,c256,c512,c768 tcontext=u:object_r:vendor_sysfs_soc:s0 tclass=dir permissive=0 app=com.YourCompany.Metaverse_Game1
06-18 18:24:20.802 27865 27988 E libosutils: Failed to get real path of file '/sys/devices/soc0/platform_subtype_id', err: Permission denied
06-18 18:24:20.802 27865 27988 E libosutils: Failed to get real path of file '/sys/devices/soc0/platform_version', err: Permission denied
06-18 18:24:20.802 27865 27988 W libdeviceid: DeviceId unknown with subtype FFFFFFFF and version: 0xFFFFFFFF
06-18 18:24:20.802   857  2211 E VrDeviceManagerService: Permission denied: process 27865 (uid 10007) doesn't have the required permission: com.oculus.permission.SET_VR_DEVICE_PARAMS
06-18 18:24:20.802   857  2211 E VrDeviceManagerService: Permission denied: process 27865 (uid 10007) doesn't have the required permission: com.oculus.permission.READ_VR_DEVICE_PARAMS
06-18 18:24:20.802 27865 27988 I DeviceProperties: Device Region: 'US'
06-18 18:24:20.803   857  2211 E VrDeviceManagerService: Permission denied: process 27865 (uid 10007) doesn't have the required permission: com.oculus.permission.SET_VR_DEVICE_PARAMS
06-18 18:24:20.803   857  2211 E VrDeviceManagerService: Permission denied: process 27865 (uid 10007) doesn't have the required permission: com.oculus.permission.READ_VR_DEVICE_PARAMS
06-18 18:24:20.803 27865 27988 I DeviceProperties: GPU Type: 'ADRENO_740'
06-18 18:24:20.803   857  2211 E VrDeviceManagerService: Permission denied: process 27865 (uid 10007) doesn't have the required permission: com.oculus.permission.SET_VR_DEVICE_PARAMS
06-18 18:24:20.805  1910  2556 I Clay    : PresenceServiceSystem: Failed to poll
06-18 18:24:20.805  1910  2556 I Clay    : PresenceServiceSystem: Failed to poll
06-18 18:24:20.805   857  2211 E VrDeviceManagerService: Permission denied: process 27865 (uid 10007) doesn't have the required permission: com.oculus.permission.READ_VR_DEVICE_PARAMS
06-18 18:24:20.806   857  2211 E VrDeviceManagerService: Permission denied: process 27865 (uid 10007) doesn't have the required permission: com.oculus.permission.SET_VR_DEVICE_PARAMS
06-18 18:24:20.806   857  2211 E VrDeviceManagerService: Permission denied: process 27865 (uid 10007) doesn't have the required permission: com.oculus.permission.READ_VR_DEVICE_PARAMS
06-18 18:24:20.806 27865 27988 E libosutils: Failed to get real path of file '/sys/devices/soc0/platform_subtype_id', err: Permission denied
06-18 18:24:20.806 27865 27988 E libosutils: Failed to get real path of file '/sys/devices/soc0/platform_version', err: Permission denied
06-18 18:24:20.802 27865 27865 W GameThread: type=1400 audit(0.0:1786): avc: denied { search } for name="soc0" dev="sysfs" ino=66305 scontext=u:r:untrusted_app:s0:c7,c256,c512,c768 tcontext=u:object_r:vendor_sysfs_soc:s0 tclass=dir permissive=0 app=com.YourCompany.Metaverse_Game1
06-18 18:24:20.806 27865 27988 W libdeviceid: DeviceId unknown with subtype FFFFFFFF and version: 0xFFFFFFFF
06-18 18:24:20.802 27865 27865 W GameThread: type=1400 audit(0.0:1787): avc: denied { search } for name="soc0" dev="sysfs" ino=66305 scontext=u:r:untrusted_app:s0:c7,c256,c512,c768 tcontext=u:object_r:vendor_sysfs_soc:s0 tclass=dir permissive=0 app=com.YourCompany.Metaverse_Game1
06-18 18:24:20.810   857  2211 E VrDeviceManagerService: Permission denied: process 27865 (uid 10007) doesn't have the required permission: com.oculus.permission.SET_VR_DEVICE_PARAMS
06-18 18:24:20.810   857  2211 E VrDeviceManagerService: Permission denied: process 27865 (uid 10007) doesn't have the required permission: com.oculus.permission.READ_VR_DEVICE_PARAMS
06-18 18:24:20.810 27865 27988 I DeviceProperties: DisplayParms.ScanoutDirection = 3
06-18 18:24:20.810 27865 27988 I DeviceProperties: DisplayParms.ShutterType = 0
06-18 18:24:20.810 27865 27988 W libc    : Access denied finding property "ro.vendor.product.model_extended"
06-18 18:24:20.810 27865 27988 I DeviceProperties: ovrDeviceProperties: OVR_DEVICE_CAPABILITY_POSITIONAL_TRACKING_BIT
06-18 18:24:20.810 27865 27988 I DeviceProperties: ovrDeviceProperties: OVR_DEVICE_CAPABILITY_PASSTHROUGH_CAMERA_BIT
06-18 18:24:20.810 27865 27988 I DeviceProperties: ovrDeviceProperties: OVR_DEVICE_CAPABILITY_DYNAMIC_DISPLAY_REFRESH_RATE_BIT
06-18 18:24:20.810 27865 27988 I DeviceProperties: ovrDeviceProperties: OVR_DEVICE_CAPABILITY_MEMORY_EXPORT_BIT
06-18 18:24:20.810 27865 27988 I DeviceProperties: ovrDeviceProperties: OVR_DEVICE_CAPABILITY_FIXED_FOVEATED_RENDERING_BIT
06-18 18:24:20.810 27865 27988 I DeviceProperties: ovrDeviceProperties: OVR_DEVICE_CAPABILITY_SUBSAMPLED_LAYOUT_BIT
06-18 18:24:20.810 27865 27988 I DeviceProperties: ovrDeviceProperties: OVR_DEVICE_CAPABILITY_PROXIMITY_SENSOR_BIT
06-18 18:24:20.810 27865 27988 I OpenXR  : xrEnumerateInstanceExtensionProperties: skipping extension=`XR_META_body_tracking_full_body` due to: missing uses-feature string `com.oculus.software.body_tracking` from AndroidManifest
06-18 18:24:20.810 27865 27988 I OpenXR  : xrEnumerateInstanceExtensionProperties: skipping extension=`XR_FB_body_tracking` due to: missing uses-feature string `com.oculus.software.body_tracking` from AndroidManifest
06-18 18:24:20.810 27865 27988 I OpenXR  : xrEnumerateInstanceExtensionProperties: skipping extension=`XR_FB_keyboard_tracking` due to: missing uses-feature string `oculus.software.trackedkeyboard` from AndroidManifest
06-18 18:24:20.810 27865 27988 I OpenXR  : xrEnumerateInstanceExtensionProperties: skipping extension=`XR_FBX1_spatial_entity` due to: Tier=40 extState=P deviceIsExpEnabled=false expManifestSet=false isFirstPartyApp=false isSystemApp=false
06-18 18:24:20.810 27865 27988 I OpenXR  : xrEnumerateInstanceExtensionProperties: skipping extension=`XR_FBX2_spatial_entity` due to: Tier=40 extState=P deviceIsExpEnabled=false expManifestSet=false isFirstPartyApp=false isSystemApp=false
06-18 18:24:20.811 27865 27988 I OpenXR  : xrEnumerateInstanceExtensionProperties: skipping extension=`XR_FB_spatial_entity` due to: missing uses-permission string `com.oculus.permission.USE_ANCHOR_API` from AndroidManifest in package `com.YourCompany.Metaverse_Game1`
06-18 18:24:20.811 27865 27988 I OpenXR  : xrEnumerateInstanceExtensionProperties: skipping extension=`XR_FB_triangle_mesh` due to: missing uses-feature string `com.oculus.feature.PASSTHROUGH` from AndroidManifest
06-18 18:24:20.811 27865 27988 I OpenXR  : xrEnumerateInstanceExtensionProperties: skipping extension=`XR_FB_passthrough` due to: missing uses-feature string `com.oculus.feature.PASSTHROUGH` from AndroidManifest
06-18 18:24:20.811 27865 27988 I OpenXR  : xrEnumerateInstanceExtensionProperties: skipping extension=`XR_METAX1_passthrough_color_lut` due to: Tier=40 extState=P deviceIsExpEnabled=false expManifestSet=false isFirstPartyApp=false isSystemApp=false
06-18 18:24:20.811 27865 27988 I OpenXR  : xrEnumerateInstanceExtensionProperties: skipping extension=`XR_META_passthrough_color_lut` due to: missing uses-feature string `com.oculus.feature.PASSTHROUGH` from AndroidManifest
06-18 18:24:20.811 27865 27988 I OpenXR  : xrEnumerateInstanceExtensionProperties: skipping extension=`XR_META_passthrough_layer_resumed_event` due to: missing uses-feature string `com.oculus.feature.PASSTHROUGH` from AndroidManifest
06-18 18:24:20.811 27865 27988 W GkCacheQuerierClient: getGkValue: Query result for 'oculus_xrruntime:oculus_trex_passthrough_preferences_killsw' not successful: 4
06-18 18:24:20.811 27865 27988 W GkHelper: GkHelper: query failed, result code: 4
06-18 18:24:20.811 27865 27988 I OpenXR  : checkTrexKillswitchGk 'oculus_trex_passthrough_preferences_killsw' = false
06-18 18:24:20.811 27865 27988 I OpenXR  : PassesGKKillswitch 1
06-18 18:24:20.811 27865 27988 I OpenXR  : xrEnumerateInstanceExtensionProperties: skipping extension=`XR_FB_render_model` due to: missing uses-feature string `com.oculus.feature.RENDER_MODEL` from AndroidManifest
06-18 18:24:20.811 27865 27988 I OpenXR  : xrEnumerateInstanceExtensionProperties: skipping extension=`XR_FBX1_spatial_entity_query` due to: Tier=40 extState=P deviceIsExpEnabled=false expManifestSet=false isFirstPartyApp=false isSystemApp=false
06-18 18:24:20.811 27865 27988 I OpenXR  : xrEnumerateInstanceExtensionProperties: skipping extension=`XR_FBX2_spatial_entity_query` due to: Tier=40 extState=P deviceIsExpEnabled=false expManifestSet=false isFirstPartyApp=false isSystemApp=false
06-18 18:24:20.812 27865 27988 I OpenXR  : xrEnumerateInstanceExtensionProperties: skipping extension=`XR_FB_spatial_entity_query` due to: missing uses-permission string `com.oculus.permission.USE_ANCHOR_API` from AndroidManifest in package `com.YourCompany.Metaverse_Game1`
06-18 18:24:20.812 27865 27988 I OpenXR  : xrEnumerateInstanceExtensionProperties: skipping extension=`XR_META_spatial_entity_persistence` due to: missing uses-permission string `com.oculus.permission.USE_ANCHOR_API` from AndroidManifest in package `com.YourCompany.Metaverse_Game1`
06-18 18:24:20.812 27865 27988 I OpenXR  : xrEnumerateInstanceExtensionProperties: skipping extension=`XR_META_spatial_entity_discovery` due to: missing uses-permission string `com.oculus.permission.USE_ANCHOR_API` from AndroidManifest in package `com.YourCompany.Metaverse_Game1`
06-18 18:24:20.812 27865 27988 I OpenXR  : xrEnumerateInstanceExtensionProperties: skipping extension=`XR_FBX1_touch_controller_extras` due to: Tier=40 extState=P deviceIsExpEnabled=false expManifestSet=false isFirstPartyApp=false isSystemApp=false
06-18 18:24:20.812 27865 27988 I OpenXR  : xrEnumerateInstanceExtensionProperties: skipping extension=`XR_FBX1_spatial_entity_storage` due to: Tier=40 extState=P deviceIsExpEnabled=false expManifestSet=false isFirstPartyApp=false isSystemApp=false
06-18 18:24:20.812 27865 27988 I OpenXR  : xrEnumerateInstanceExtensionProperties: skipping extension=`XR_FBX2_spatial_entity_storage` due to: Tier=40 extState=P deviceIsExpEnabled=false expManifestSet=false isFirstPartyApp=false isSystemApp=false
06-18 18:24:20.812 27865 27988 I OpenXR  : xrEnumerateInstanceExtensionProperties: skipping extension=`XR_FB_spatial_entity_storage` due to: missing uses-permission string `com.oculus.permission.USE_ANCHOR_API` from AndroidManifest in package `com.YourCompany.Metaverse_Game1`
06-18 18:24:20.812 27865 27988 I OpenXR  : xrEnumerateInstanceExtensionProperties: skipping extension=`XR_FB_spatial_entity_storage_batch` due to: missing uses-permission string `com.oculus.permission.USE_ANCHOR_API` from AndroidManifest in package `com.YourCompany.Metaverse_Game1`
06-18 18:24:20.812 27865 27988 I OpenXR  : xrEnumerateInstanceExtensionProperties: skipping extension=`XR_FB_spatial_entity_sharing` due to: missing uses-permission string `com.oculus.permission.IMPORT_EXPORT_IOT_MAP_DATA` from AndroidManifest in package `com.YourCompany.Metaverse_Game1`
06-18 18:24:20.812 27865 27988 I OpenXR  : xrEnumerateInstanceExtensionProperties: skipping extension=`XR_FB_spatial_entity_container` due to: missing uses-permission string `com.oculus.permission.USE_ANCHOR_API` from AndroidManifest in package `com.YourCompany.Metaverse_Game1`
06-18 18:24:20.812 27865 27988 I OpenXR  : xrEnumerateInstanceExtensionProperties: skipping extension=`XR_FB_scene` due to: missing uses-permission string `com.oculus.permission.USE_ANCHOR_API` from AndroidManifest in package `com.YourCompany.Metaverse_Game1`
06-18 18:24:20.812 27865 27988 I OpenXR  : xrEnumerateInstanceExtensionProperties: skipping extension=`XR_FB_scene_capture` due to: missing uses-permission string `com.oculus.permission.USE_ANCHOR_API` from AndroidManifest in package `com.YourCompany.Metaverse_Game1`
06-18 18:24:20.812 27865 27988 I OpenXR  : xrEnumerateInstanceExtensionProperties: skipping extension=`XR_META_spatial_entity_mesh` due to: missing uses-permission string `com.oculus.permission.USE_SCENE` from AndroidManifest in package `com.YourCompany.Metaverse_Game1`
06-18 18:24:20.812 27865 27988 I OpenXR  : xrEnumerateInstanceExtensionProperties: skipping extension=`XR_FB_face_tracking` due to: missing uses-feature string `oculus.software.face_tracking` from AndroidManifest
06-18 18:24:20.812 27865 27988 I OpenXR  : xrEnumerateInstanceExtensionProperties: skipping extension=`XR_FB_face_tracking2` due to: missing uses-feature string `oculus.software.face_tracking` from AndroidManifest
06-18 18:24:20.812 27865 27988 I OpenXR  : xrEnumerateInstanceExtensionProperties: skipping extension 'XR_META_local_dimming' as device requirements requirements (16) are not met.
06-18 18:24:20.812 27865 27988 I OpenXR  : xrEnumerateInstanceExtensionProperties: skipping extension=`XR_META_foveation_eye_tracked` due to: missing uses-feature string `oculus.software.eye_tracking` from AndroidManifest
06-18 18:24:20.812 27865 27988 I OpenXR  : xrEnumerateInstanceExtensionProperties: skipping extension=`XR_FB_eye_tracking_social` due to: missing uses-feature string `oculus.software.eye_tracking` from AndroidManifest
06-18 18:24:20.812 27865 27988 I OpenXR  : xrEnumerateInstanceExtensionProperties: skipping extension=`XR_FB_passthrough_keyboard_hands` due to: missing uses-feature string `com.oculus.feature.PASSTHROUGH` from AndroidManifest
06-18 18:24:20.812 27865 27988 I OpenXR  : xrEnumerateInstanceExtensionProperties: skipping extension=`XR_FBX1_composition_layer_settings` due to: Tier=40 extState=P deviceIsExpEnabled=false expManifestSet=false isFirstPartyApp=false isSystemApp=false
06-18 18:24:20.812 27865 27988 I OpenXR  : xrEnumerateInstanceExtensionProperties: skipping extension=`XR_FBX1_composition_layer_depth_test` due to: Tier=40 extState=P deviceIsExpEnabled=false expManifestSet=false isFirstPartyApp=false isSystemApp=false
06-18 18:24:20.812 27865 27988 I OpenXR  : xrEnumerateInstanceExtensionProperties: skipping extension=`XR_EXT_eye_gaze_interaction` due to: missing uses-permission string `com.oculus.permission.EYE_TRACKING` from AndroidManifest in package `com.YourCompany.Metaverse_Game1`
06-18 18:24:20.812 27865 27988 I OpenXR  : xrEnumerateInstanceExtensionProperties: skipping extension=`XR_META_hand_tracking_wide_motion_mode` due to: missing uses-feature string `com.oculus.software.body_tracking` from AndroidManifest
06-18 18:24:20.812 27865 27988 I OpenXR  : xrEnumerateInstanceExtensionProperties: skipping extension=`XR_EXTX1_hand_tracking_data_source` due to: Tier=40 extState=P deviceIsExpEnabled=false expManifestSet=false isFirstPartyApp=false isSystemApp=false
06-18 18:24:20.812 27865 27988 I OpenXR  : xrEnumerateInstanceExtensionProperties: skipping extension=`XR_METAX1_performance_metrics` due to: Tier=40 extState=P deviceIsExpEnabled=false expManifestSet=false isFirstPartyApp=false isSystemApp=false
06-18 18:24:20.812 27865 27988 I OpenXR  : xrEnumerateInstanceExtensionProperties: skipping extension=`XR_METAX1_virtual_keyboard` due to: Tier=40 extState=P deviceIsExpEnabled=false expManifestSet=false isFirstPartyApp=false isSystemApp=false
06-18 18:24:20.812 27865 27988 I OpenXR  : xrEnumerateInstanceExtensionProperties: skipping extension=`XR_METAX2_virtual_keyboard` due to: Tier=40 extState=P deviceIsExpEnabled=false expManifestSet=false isFirstPartyApp=false isSystemApp=false
06-18 18:24:20.812 27865 27988 I OpenXR  : xrEnumerateInstanceExtensionProperties: skipping extension=`XR_METAX2_detached_controllers` due to: Tier=40 extState=P deviceIsExpEnabled=false expManifestSet=false isFirstPartyApp=false isSystemApp=false
06-18 18:24:20.812 27865 27988 I OpenXR  : xrEnumerateInstanceExtensionProperties: skipping extension=`XR_EXTX1_event_channel` due to: Tier=40 extState=P deviceIsExpEnabled=false expManifestSet=false isFirstPartyApp=false isSystemApp=false
06-18 18:24:20.812 27865 27988 I OpenXR  : xrEnumerateInstanceExtensionProperties: skipping extension=`XR_METAX1_environment_depth` due to: Tier=40 extState=P deviceIsExpEnabled=false expManifestSet=false isFirstPartyApp=false isSystemApp=false
06-18 18:24:20.812 27865 27988 I OpenXR  : xrEnumerateInstanceExtensionProperties: skipping extension=`XR_METAX2_environment_depth` due to: Tier=40 extState=P deviceIsExpEnabled=false expManifestSet=false isFirstPartyApp=false isSystemApp=false
06-18 18:24:20.812 27865 27988 I OpenXR  : xrEnumerateInstanceExtensionProperties: skipping extension=`XR_META_environment_depth` due to: missing uses-permission string `com.oculus.permission.USE_SCENE` from AndroidManifest in package `com.YourCompany.Metaverse_Game1`
06-18 18:24:20.812 27865 27988 I OpenXR  : xrEnumerateInstanceExtensionProperties: skipping extension=`XR_EXT_palm_pose` due to: Tier=40 extState=P deviceIsExpEnabled=false expManifestSet=false isFirstPartyApp=false isSystemApp=false
06-18 18:24:20.812 27865 27988 I OpenXR  : xrEnumerateInstanceExtensionProperties: skipping extension=`XR_META_body_tracking_fidelity` due to: missing uses-feature string `com.oculus.software.body_tracking` from AndroidManifest
06-18 18:24:20.812 27865 27988 I OpenXR  : xrEnumerateInstanceExtensionProperties: skipping extension=`XR_METAX1_simultaneous_hands_controllers_management` due to: Tier=40 extState=P deviceIsExpEnabled=false expManifestSet=false isFirstPartyApp=false isSystemApp=false
06-18 18:24:20.812 27865 27988 I OpenXR  : xrEnumerateInstanceExtensionProperties: skipping extension=`XR_META_body_tracking_calibration` due to: missing uses-feature string `com.oculus.software.body_tracking` from AndroidManifest
06-18 18:24:20.812 27865 27988 V OpenXR-Loader: Verbose [GENERAL | xrEnumerateInstanceExtensionProperties | OpenXR-Loader] : Completed loader trampoline
06-18 18:24:20.812 27865 27988 V OpenXR-Loader: Verbose [GENERAL | xrEnumerateInstanceExtensionProperties | OpenXR-Loader] : Entering loader trampoline
06-18 18:24:20.812 27865 27988 V OpenXR-Loader: Verbose [GENERAL | xrEnumerateInstanceExtensionProperties | OpenXR-Loader] : Completed loader trampoline
06-18 18:24:20.812 27865 27988 D UE      : [2024.06.18-23.24.20:812][  0]LogHMD: OpenXR runtime supported extensions:
06-18 18:24:20.812 27865 27988 D UE      : [2024.06.18-23.24.20:812][  0]LogHMD: 	XR_KHR_android_create_instance
06-18 18:24:20.812 27865 27988 D UE      : [2024.06.18-23.24.20:812][  0]LogHMD: 	XR_KHR_android_surface_swapchain
06-18 18:24:20.813 27865 27988 D UE      : [2024.06.18-23.24.20:813][  0]LogHMD: 	XR_KHR_android_thread_settings
06-18 18:24:20.813 27865 27988 D UE      : [2024.06.18-23.24.20:813][  0]LogHMD: 	XR_FB_android_surface_swapchain_create
06-18 18:24:20.813 27865 27988 D UE      : [2024.06.18-23.24.20:813][  0]LogHMD: 	XR_KHR_opengl_es_enable
06-18 18:24:20.813 27865 27988 D UE      : [2024.06.18-23.24.20:813][  0]LogHMD: 	XR_KHR_vulkan_enable
06-18 18:24:20.813 27865 27988 D UE      : [2024.06.18-23.24.20:813][  0]LogHMD: 	XR_KHR_vulkan_enable2
06-18 18:24:20.813 27865 27988 D UE      : [2024.06.18-23.24.20:813][  0]LogHMD: 	XR_KHR_composition_layer_cube
06-18 18:24:20.813 27865 27988 D UE      : [2024.06.18-23.24.20:813][  0]LogHMD: 	XR_KHR_composition_layer_cylinder
06-18 18:24:20.813 27865 27988 D UE      : [2024.06.18-23.24.20:813][  0]LogHMD: 	XR_KHR_composition_layer_equirect2
06-18 18:24:20.813 27865 27988 D UE      : [2024.06.18-23.24.20:813][  0]LogHMD: 	XR_KHR_composition_layer_color_scale_bias
06-18 18:24:20.813 27865 27988 D UE      : [2024.06.18-23.24.20:813][  0]LogHMD: 	XR_KHR_composition_layer_depth
06-18 18:24:20.813 27865 27988 D UE      : [2024.06.18-23.24.20:813][  0]LogHMD: 	XR_FB_color_space
06-18 18:24:20.813 27865 27988 D UE      : [2024.06.18-23.24.20:813][  0]LogHMD: 	XR_EXT_performance_settings
06-18 18:24:20.813 27865 27988 D UE      : [2024.06.18-23.24.20:813][  0]LogHMD: 	XR_EXT_hand_tracking
06-18 18:24:20.813 27865 27988 D UE      : [2024.06.18-23.24.20:813][  0]LogHMD: 	XR_EXT_debug_utils
06-18 18:24:20.813 27865 27988 D UE      : [2024.06.18-23.24.20:813][  0]LogHMD: 	XR_FB_display_refresh_rate
06-18 18:24:20.813 27865 27988 D UE      : [2024.06.18-23.24.20:813][  0]LogHMD: 	XR_FB_swapchain_update_state
06-18 18:24:20.813 27865 27988 D UE      : [2024.06.18-23.24.20:813][  0]LogHMD: 	XR_FB_swapchain_update_state_opengl_es
06-18 18:24:20.813 27865 27988 D UE      : [2024.06.18-23.24.20:813][  0]LogHMD: 	XR_FB_swapchain_update_state_vulkan
06-18 18:24:20.813 27865 27988 D UE      : [2024.06.18-23.24.20:813][  0]LogHMD: 	XR_FB_swapchain_update_state_android_surface
06-18 18:24:20.813 27865 27988 D UE      : [2024.06.18-23.24.20:813][  0]LogHMD: 	XR_OCULUS_common_reference_spaces
06-18 18:24:20.813 27865 27988 D UE      : [2024.06.18-23.24.20:813][  0]LogHMD: 	XR_FB_composition_layer_image_layout
06-18 18:24:20.813 27865 27988 D UE      : [2024.06.18-23.24.20:813][  0]LogHMD: 	XR_FB_composition_layer_alpha_blend
06-18 18:24:20.813 27865 27988 D UE      : [2024.06.18-23.24.20:813][  0]LogHMD: 	XR_FB_common_events
06-18 18:24:20.813 27865 27988 D UE      : [2024.06.18-23.24.20:813][  0]LogHMD: 	XR_FB_hand_tracking_mesh
06-18 18:24:20.813 27865 27988 D UE      : [2024.06.18-23.24.20:813][  0]LogHMD: 	XR_FB_hand_tracking_aim
06-18 18:24:20.813 27865 27988 D UE      : [2024.06.18-23.24.20:813][  0]LogHMD: 	XR_FB_hand_tracking_capsules
06-18 18:24:20.813 27865 27988 D UE      : [2024.06.18-23.24.20:813][  0]LogHMD: 	XR_FB_foveation
06-18 18:24:20.813 27865 27988 D UE      : [2024.06.18-23.24.20:813][  0]LogHMD: 	XR_FB_foveation_configuration
06-18 18:24:20.813 27865 27988 D UE      : [2024.06.18-23.24.20:813][  0]LogHMD: 	XR_FB_foveation_vulkan
06-18 18:24:20.813 27865 27988 D UE      : [2024.06.18-23.24.20:813][  0]LogHMD: 	XR_FB_composition_layer_secure_content
06-18 18:24:20.813 27865 27988 D UE      : [2024.06.18-23.24.20:813][  0]LogHMD: 	XR_KHR_convert_timespec_time
06-18 18:24:20.813 27865 27988 D UE      : [2024.06.18-23.24.20:813][  0]LogHMD: 	XR_META_passthrough_preferences
06-18 18:24:20.813 27865 27988 D UE      : [2024.06.18-23.24.20:813][  0]LogHMD: 	XR_FB_touch_controller_proximity
06-18 18:24:20.813 27865 27988 D UE      : [2024.06.18-23.24.20:813][  0]LogHMD: 	XR_FB_touch_controller_pro
06-18 18:24:20.813 27865 27988 D UE      : [2024.06.18-23.24.20:813][  0]LogHMD: 	XR_META_touch_controller_plus
06-18 18:24:20.813 27865 27988 D UE      : [2024.06.18-23.24.20:813][  0]LogHMD: 	XR_FB_haptic_amplitude_envelope
06-18 18:24:20.813 27865 27988 D UE      : [2024.06.18-23.24.20:813][  0]LogHMD: 	XR_FB_haptic_pcm
06-18 18:24:20.813 27865 27988 D UE      : [2024.06.18-23.24.20:813][  0]LogHMD: 	XR_FB_spatial_entity_user
06-18 18:24:20.813 27865 27988 D UE      : [2024.06.18-23.24.20:813][  0]LogHMD: 	XR_FB_space_warp
06-18 18:24:20.813 27865 27988 D UE      : [2024.06.18-23.24.20:813][  0]LogHMD: 	XR_META_vulkan_swapchain_create_info
06-18 18:24:20.813 27865 27988 D UE      : [2024.06.18-23.24.20:813][  0]LogHMD: 	XR_FB_composition_layer_settings
06-18 18:24:20.813 27865 27988 D UE      : [2024.06.18-23.24.20:813][  0]LogHMD: 	XR_META_feature_fidelity
06-18 18:24:20.813 27865 27988 D UE      : [2024.06.18-23.24.20:813][  0]LogHMD: 	XR_FB_composition_layer_depth_test
06-18 18:24:20.813 27865 27988 D UE      : [2024.06.18-23.24.20:813][  0]LogHMD: 	XR_EXT_hand_joints_motion_range
06-18 18:24:20.813 27865 27988 D UE      : [2024.06.18-23.24.20:813][  0]LogHMD: 	XR_EXT_hand_tracking_data_source
06-18 18:24:20.813 27865 27988 D UE      : [2024.06.18-23.24.20:813][  0]LogHMD: 	XR_META_performance_metrics
06-18 18:24:20.813 27865 27988 D UE      : [2024.06.18-23.24.20:813][  0]LogHMD: 	XR_META_virtual_keyboard
06-18 18:24:20.813 27865 27988 D UE      : [2024.06.18-23.24.20:813][  0]LogHMD: 	XR_META_detached_controllers
06-18 18:24:20.813 27865 27988 D UE      : [2024.06.18-23.24.20:813][  0]LogHMD: 	XR_MSFT_hand_interaction
06-18 18:24:20.813 27865 27988 D UE      : [2024.06.18-23.24.20:813][  0]LogHMD: 	XR_META_headset_id
06-18 18:24:20.813 27865 27988 D UE      : [2024.06.18-23.24.20:813][  0]LogHMD: 	XR_META_recommended_layer_resolution
06-18 18:24:20.813 27865 27988 D UE      : [2024.06.18-23.24.20:813][  0]LogHMD: 	XR_EXT_active_action_set_priority
06-18 18:24:20.813 27865 27988 D UE      : [2024.06.18-23.24.20:813][  0]LogHMD: 	XR_META_automatic_layer_filter
06-18 18:24:20.813 27865 27988 D UE      : [2024.06.18-23.24.20:813][  0]LogHMD: 	XR_META_simultaneous_hands_and_controllers
06-18 18:24:20.813 27865 27988 D UE      : [2024.06.18-23.24.20:813][  0]LogHMD: 	XR_EXT_local_floor
06-18 18:24:20.813 27865 27988 D UE      : [2024.06.18-23.24.20:813][  0]LogHMD: 	XR_EXT_user_presence
06-18 18:24:20.813 27865 27988 V OpenXR-Loader: Verbose [GENERAL | xrEnumerateApiLayerProperties | OpenXR-Loader] : Entering loader trampoline
06-18 18:24:20.814 27865 27988 V OpenXR-Loader: Verbose [GENERAL | FindLayerLibraries | OpenXR-Loader] : searching for layers in /data/app/~~yf_5yClKvOVFTfeoUA5zZg==/com.YourCompany.Metaverse_Game1-oAqAxR-YxIE0xfnTzQf-0g==/lib/arm64
06-18 18:24:20.814 27865 27988 D UE      : [2024.06.18-23.24.20:814][  0]LogHMD: Optional extension XR_KHR_vulkan_swapchain_format_list is not available
06-18 18:24:20.814 27865 27988 D UE      : [2024.06.18-23.24.20:814][  0]LogHMD: Optional extension XR_KHR_composition_layer_equirect is not available
06-18 18:24:20.814 27865 27988 D UE      : [2024.06.18-23.24.20:814][  0]LogHMD: Optional extension XR_VARJO_quad_views is not available
06-18 18:24:20.814 27865 27988 D UE      : [2024.06.18-23.24.20:814][  0]LogHMD: Optional extension XR_KHR_visibility_mask is not available
06-18 18:24:20.814 27865 27988 D UE      : [2024.06.18-23.24.20:814][  0]LogHMD: Optional extension XR_KHR_binding_modification is not available
06-18 18:24:20.814 27865 27988 D UE      : [2024.06.18-23.24.20:814][  0]LogHMD: Optional extension XR_EPIC_view_configuration_fov is not available
06-18 18:24:20.814 27865 27988 D UE      : [2024.06.18-23.24.20:814][  0]LogHMD: Optional extension XR_EXT_dpad_binding is not available
06-18 18:24:20.814 27865 27988 D UE      : [2024.06.18-23.24.20:814][  0]LogHMD: Optional extension XR_EXT_palm_pose is not available
06-18 18:24:20.814 27865 27988 V OpenXR-Loader: Verbose [GENERAL | xrEnumerateApiLayerProperties | OpenXR-Loader] : Entering loader trampoline
06-18 18:24:20.814 27865 27988 V OpenXR-Loader: Verbose [GENERAL | FindLayerLibraries | OpenXR-Loader] : searching for layers in /data/app/~~yf_5yClKvOVFTfeoUA5zZg==/com.YourCompany.Metaverse_Game1-oAqAxR-YxIE0xfnTzQf-0g==/lib/arm64
06-18 18:24:20.814 27865 27988 V OpenXR-Loader: Verbose [GENERAL | xrEnumerateApiLayerProperties | OpenXR-Loader] : Entering loader trampoline
06-18 18:24:20.814 27865 27988 V OpenXR-Loader: Verbose [GENERAL | FindLayerLibraries | OpenXR-Loader] : searching for layers in /data/app/~~yf_5yClKvOVFTfeoUA5zZg==/com.YourCompany.Metaverse_Game1-oAqAxR-YxIE0xfnTzQf-0g==/lib/arm64
06-18 18:24:20.814 27865 27988 D UE      : [2024.06.18-23.24.20:814][  0]LogHMD: Warning: Required extension XR_EXT_eye_gaze_interaction is not available
06-18 18:24:20.814 27865 27988 D UE      : [2024.06.18-23.24.20:814][  0]LogHMD: Could not enable all required OpenXR extensions for OpenXREyeTracker on current system. This plugin will be loaded but ignored, but will be enabled on a target platform that supports the required extension.
06-18 18:24:20.814 27865 27988 V OpenXR-Loader: Verbose [GENERAL | xrEnumerateApiLayerProperties | OpenXR-Loader] : Entering loader trampoline
06-18 18:24:20.814 27865 27988 V OpenXR-Loader: Verbose [GENERAL | FindLayerLibraries | OpenXR-Loader] : searching for layers in /data/app/~~yf_5yClKvOVFTfeoUA5zZg==/com.YourCompany.Metaverse_Game1-oAqAxR-YxIE0xfnTzQf-0g==/lib/arm64
06-18 18:24:20.814 27865 27988 V OpenXR-Loader: Verbose [GENERAL | xrEnumerateApiLayerProperties | OpenXR-Loader] : Entering loader trampoline
06-18 18:24:20.814 27865 27988 V OpenXR-Loader: Verbose [GENERAL | FindLayerLibraries | OpenXR-Loader] : searching for layers in /data/app/~~yf_5yClKvOVFTfeoUA5zZg==/com.YourCompany.Metaverse_Game1-oAqAxR-YxIE0xfnTzQf-0g==/lib/arm64
06-18 18:24:20.814 27865 27988 V OpenXR-Loader: Verbose [GENERAL | xrCreateInstance | OpenXR-Loader] : Entering loader trampoline
06-18 18:24:20.815 27865 27988 V OpenXR-Loader: Verbose [GENERAL | FindLayerLibraries | OpenXR-Loader] : searching for layers in /data/app/~~yf_5yClKvOVFTfeoUA5zZg==/com.YourCompany.Metaverse_Game1-oAqAxR-YxIE0xfnTzQf-0g==/lib/arm64
06-18 18:24:20.815 27865 27988 V OpenXR-Loader: Verbose [GENERAL | xrCreateInstance | OpenXR-Loader] : Entering LoaderInstance::CreateInstance
06-18 18:24:20.815 27865 27988 V OpenXR-Loader: Verbose [GENERAL | xrCreateInstance | OpenXR-Loader] : Entering loader terminator
06-18 18:24:20.815 27865 27988 I OpenXR  : ----------- xrCreateInstance [start] ----------
06-18 18:24:20.815 27865 27988 I VersionGater: App OpenXR version is 1.0.27
06-18 18:24:20.815 27865 27988 I VersionGater: Version gate state: 1111 1000 0000 
06-18 18:24:20.815 27865 27988 W VrRuntimeClient: InitDeviceConfig called before service connection! GKs checked before service connection will return defaults!
06-18 18:24:20.817  1910  2556 I Clay    : PresenceServiceSystem: Failed to poll
06-18 18:24:20.817  1910  2556 I Clay    : PresenceServiceSystem: Failed to poll
06-18 18:24:20.817 27865 27988 I TREX    : Initializing TREX for client dffe2f2ccea05b66...
06-18 18:24:20.817 27865 27988 I TREX    : Initializing system...
06-18 18:24:20.817 27865 27988 I XrRuntimeSystem_Client: BodyPoweredHands checkSysPropForBodyAPIOverride 0
06-18 18:24:20.817 27865 27988 W GkCacheQuerierClient: getGkValue: Query result for 'oculus_xrruntime:oculus_trex_lighting_estimation_killsw' not successful: 4
06-18 18:24:20.821 27865 27988 I TREX    : Created plugin package context for com.oculus.mrservice
06-18 18:24:20.822 27865 27988 I [CT]    : MIXEDREALITY: MRLE: MrLightingEstimationInterfaceImpl: Initialize
06-18 18:24:20.822 27865 27988 I TREX    : Created plugin package context for com.oculus.systemdriver
06-18 18:24:20.823  1095  8498 I RuntimeIpcHelperService: Going to start ComponentInfo{com.oculus.systemdriver/com.oculus.vrruntimeservice.VrRuntimeService} as foreground
06-18 18:24:20.824 27865 27988 I ThreadHelpers [RUNTIMEIPC]: RuntimeIPC::ThreadHelpers::SetState: threadName: JobPoolWorker, currentState: STATE_STOPPED, newState: STATE_STARTING
06-18 18:24:20.824 27865 28017 I ThreadHelpers [RUNTIMEIPC]: RuntimeIPC::ThreadHelpers::SetState: threadName: JobPoolWorker, currentState: STATE_STARTING, newState: STATE_RUNNING
06-18 18:24:20.824  2592  3093 D RPCServer [RUNTIMEIPC]: ConnectClient: Client: com.YourCompany.Metaverse_Game1:com.YourCompany.Metaverse_Game1:27865:, Server: com.oculus.systemdriver:com.oculus.vrruntimeservice (HapticsServer)
06-18 18:24:20.824  2592  3093 I RPCClientHandler [RUNTIMEIPC]: Event buffer size (server): 8192
06-18 18:24:20.824  2592  3093 I ThreadHelpers [RUNTIMEIPC]: RuntimeIPC::ThreadHelpers::SetState: threadName: IpcDCReqHandler, currentState: STATE_STOPPED, newState: STATE_STARTING
06-18 18:24:20.824  2592 28018 I ThreadHelpers [RUNTIMEIPC]: RuntimeIPC::ThreadHelpers::SetState: threadName: IpcDCReqHandler, currentState: STATE_STARTING, newState: STATE_RUNNING
06-18 18:24:20.825  2592  3093 I RuntimeIPCServerMgr [RUNTIMEIPC]: HandleClientConnect SUCCESS: Client: com.YourCompany.Metaverse_Game1:com.YourCompany.Metaverse_Game1:27865:, Server: com.oculus.systemdriver:com.oculus.vrruntimeservice (HapticsServer)
06-18 18:24:20.825 27865 27988 I RuntimeIPCClient [RUNTIMEIPC]: Event buffer size (client): 8192
06-18 18:24:20.825 27865 27988 I RuntimeIPCClient [RUNTIMEIPC]: TryToGetIPCResourcesFromServer: RPC_CONNECTOR_CONNECT_TO_SERVER SUCCESS: Client: com.YourCompany.Metaverse_Game1:com.YourCompany.Metaverse_Game1:27865, Server: com.oculus.systemdriver:com.oculus.vrruntimeservice (HapticsServer)
06-18 18:24:20.825 27865 27988 I RuntimeIPCClient [RUNTIMEIPC]: EnsureServerConnection: SUCCESS. Client: com.YourCompany.Metaverse_Game1:com.YourCompany.Metaverse_Game1:27865, Server: com.oculus.systemdriver:com.oculus.vrruntimeservice (HapticsServer)
06-18 18:24:20.825 27865 27988 I RuntimeIPCClient [RUNTIMEIPC]: ConnectToServer: SUCCESS: Client: com.YourCompany.Metaverse_Game1:com.YourCompany.Metaverse_Game1:27865, Server: com.oculus.systemdriver:com.oculus.vrruntimeservice (HapticsServer)
06-18 18:24:20.825 27865 27988 I TREX    : Loading EMGSDK Client Plugin
06-18 18:24:20.825 27865 27988 I TREX    : Created plugin package context for com.oculus.systemdriver
06-18 18:24:20.826  1095  8498 I RuntimeIpcHelperService: Going to start ComponentInfo{com.oculus.systemdriver/com.oculus.vrruntimeservice.VrRuntimeService} as foreground
06-18 18:24:20.827 27865 27988 I ThreadHelpers [RUNTIMEIPC]: RuntimeIPC::ThreadHelpers::SetState: threadName: JobPoolWorker, currentState: STATE_STOPPED, newState: STATE_STARTING
06-18 18:24:20.827 27865 28019 I ThreadHelpers [RUNTIMEIPC]: RuntimeIPC::ThreadHelpers::SetState: threadName: JobPoolWorker, currentState: STATE_STARTING, newState: STATE_RUNNING
06-18 18:24:20.827  2592  3093 D RPCServer [RUNTIMEIPC]: ConnectClient: Client: com.YourCompany.Metaverse_Game1:com.YourCompany.Metaverse_Game1:27865:, Server: com.oculus.systemdriver:com.oculus.vrruntimeservice (HandInputDataServer)
06-18 18:24:20.827  2592  3093 I RPCClientHandler [RUNTIMEIPC]: Event buffer size (server): 8192
06-18 18:24:20.828  2592  3093 I ThreadHelpers [RUNTIMEIPC]: RuntimeIPC::ThreadHelpers::SetState: threadName: IpcDCReqHandler, currentState: STATE_STOPPED, newState: STATE_STARTING
06-18 18:24:20.828  1910  2556 I Clay    : PresenceServiceSystem: Failed to poll
06-18 18:24:20.828  2592 28020 I ThreadHelpers [RUNTIMEIPC]: RuntimeIPC::ThreadHelpers::SetState: threadName: IpcDCReqHandler, currentState: STATE_STARTING, newState: STATE_RUNNING
06-18 18:24:20.828  2592  3093 I RuntimeIPCServerMgr [RUNTIMEIPC]: HandleClientConnect SUCCESS: Client: com.YourCompany.Metaverse_Game1:com.YourCompany.Metaverse_Game1:27865:, Server: com.oculus.systemdriver:com.oculus.vrruntimeservice (HandInputDataServer)
06-18 18:24:20.828  1910  2556 I Clay    : PresenceServiceSystem: Failed to poll
06-18 18:24:20.828 27865 27988 I RuntimeIPCClient [RUNTIMEIPC]: Event buffer size (client): 8192
06-18 18:24:20.828 27865 27988 I RuntimeIPCClient [RUNTIMEIPC]: TryToGetIPCResourcesFromServer: RPC_CONNECTOR_CONNECT_TO_SERVER SUCCESS: Client: com.YourCompany.Metaverse_Game1:com.YourCompany.Metaverse_Game1:27865, Server: com.oculus.systemdriver:com.oculus.vrruntimeservice (HandInputDataServer)
06-18 18:24:20.828 27865 27988 I RuntimeIPCClient [RUNTIMEIPC]: EnsureServerConnection: SUCCESS. Client: com.YourCompany.Metaverse_Game1:com.YourCompany.Metaverse_Game1:27865, Server: com.oculus.systemdriver:com.oculus.vrruntimeservice (HandInputDataServer)
06-18 18:24:20.828 27865 27988 I RuntimeIPCClient [RUNTIMEIPC]: ConnectToServer: SUCCESS: Client: com.YourCompany.Metaverse_Game1:com.YourCompany.Metaverse_Game1:27865, Server: com.oculus.systemdriver:com.oculus.vrruntimeservice (HandInputDataServer)
06-18 18:24:20.828  2592  3093 D RPCClientHandler [RUNTIMEIPC]: FinalizeClientState. Client: Client: com.YourCompany.Metaverse_Game1:com.YourCompany.Metaverse_Game1:27865:, Server: com.oculus.systemdriver:com.oculus.vrruntimeservice (HandInputDataServer)
06-18 18:24:20.829 27865 27988 E TREX    : Loaded HandInputDataClientPlugin
06-18 18:24:20.829 27865 27988 I TREX    : Created plugin package context for com.oculus.systemdriver
06-18 18:24:20.830  1095  8498 I RuntimeIpcHelperService: Going to start ComponentInfo{com.oculus.systemdriver/com.oculus.vrruntimeservice.VrRuntimeService} as foreground
06-18 18:24:20.831 27865 27988 I ThreadHelpers [RUNTIMEIPC]: RuntimeIPC::ThreadHelpers::SetState: threadName: JobPoolWorker, currentState: STATE_STOPPED, newState: STATE_STARTING
06-18 18:24:20.831 27865 28021 I ThreadHelpers [RUNTIMEIPC]: RuntimeIPC::ThreadHelpers::SetState: threadName: JobPoolWorker, currentState: STATE_STARTING, newState: STATE_RUNNING
06-18 18:24:20.831  2592  3093 D RPCServer [RUNTIMEIPC]: ConnectClient: Client: com.YourCompany.Metaverse_Game1:com.YourCompany.Metaverse_Game1:27865:, Server: com.oculus.systemdriver:com.oculus.vrruntimeservice (ControllerIPCServer)
06-18 18:24:20.831  2592  3093 I RPCClientHandler [RUNTIMEIPC]: Event buffer size (server): 8192
06-18 18:24:20.831  2592  3093 I ThreadHelpers [RUNTIMEIPC]: RuntimeIPC::ThreadHelpers::SetState: threadName: IpcDCReqHandler, currentState: STATE_STOPPED, newState: STATE_STARTING
06-18 18:24:20.833  2592 28022 I ThreadHelpers [RUNTIMEIPC]: RuntimeIPC::ThreadHelpers::SetState: threadName: IpcDCReqHandler, currentState: STATE_STARTING, newState: STATE_RUNNING
06-18 18:24:20.833  2592  3093 I RuntimeIPCServerMgr [RUNTIMEIPC]: HandleClientConnect SUCCESS: Client: com.YourCompany.Metaverse_Game1:com.YourCompany.Metaverse_Game1:27865:, Server: com.oculus.systemdriver:com.oculus.vrruntimeservice (ControllerIPCServer)
06-18 18:24:20.833  2592 28022 I TrexControllerServerPlugin: ControllerIPCServer: onClientConnected. 3128435510 name: com.YourCompany.Metaverse_Game1  process: com.YourCompany.Metaverse_Game1:27865
06-18 18:24:20.833 27865 27988 I RuntimeIPCClient [RUNTIMEIPC]: Event buffer size (client): 8192
06-18 18:24:20.833 27865 27988 I RuntimeIPCClient [RUNTIMEIPC]: TryToGetIPCResourcesFromServer: RPC_CONNECTOR_CONNECT_TO_SERVER SUCCESS: Client: com.YourCompany.Metaverse_Game1:com.YourCompany.Metaverse_Game1:27865, Server: com.oculus.systemdriver:com.oculus.vrruntimeservice (ControllerIPCServer)
06-18 18:24:20.833 27865 27988 I RuntimeIPCClient [RUNTIMEIPC]: EnsureServerConnection: SUCCESS. Client: com.YourCompany.Metaverse_Game1:com.YourCompany.Metaverse_Game1:27865, Server: com.oculus.systemdriver:com.oculus.vrruntimeservice (ControllerIPCServer)
06-18 18:24:20.834 27865 27988 I RuntimeIPCClient [RUNTIMEIPC]: ConnectToServer: SUCCESS: Client: com.YourCompany.Metaverse_Game1:com.YourCompany.Metaverse_Game1:27865, Server: com.oculus.systemdriver:com.oculus.vrruntimeservice (ControllerIPCServer)
06-18 18:24:20.834 27865 27988 I TrexControllerClientPlugin: ControllerClientBase::Initialize success
06-18 18:24:20.834 27865 27988 I TREX    : Loading plugin com.oculus.wearableinputservice:libtrex_emgwristband_client_plugin.so
06-18 18:24:20.834 27865 27988 I TREX    : package 'com.oculus.wearableinputservice' not found, skipping
06-18 18:24:20.834 27865 27988 I TREX    : Plugin 'com.oculus.wearableinputservice:libtrex_emgwristband_client_plugin.so' not loaded.
06-18 18:24:20.835 27865 27988 I PerformanceManagerInterface_Impl: perfmgr: Skipping initial server state initialization, will initialize next time around
06-18 18:24:20.835 27865 27988 E TREX    : Interface 'WristbandClientInterface', version 6 was not found. Check debug build for more information.
06-18 18:24:20.835 27865 27988 W Metaverse_Game: Accessing hidden method Landroid/app/Activity;->isResumed()Z (unsupported, reflection, allowed)
06-18 18:24:20.836  1095  6094 I RuntimeIpcHelperService: Going to start ComponentInfo{com.oculus.systemdriver/com.oculus.vrruntimeservice.VrRuntimeService} as foreground
06-18 18:24:20.836 27865 27992 I OpenXR  : nativeOnActivityReady
06-18 18:24:20.836 27865 27988 I ThreadHelpers [RUNTIMEIPC]: RuntimeIPC::ThreadHelpers::SetState: threadName: JobPoolWorker, currentState: STATE_STOPPED, newState: STATE_STARTING
06-18 18:24:20.836 27865 28023 I ThreadHelpers [RUNTIMEIPC]: RuntimeIPC::ThreadHelpers::SetState: threadName: JobPoolWorker, currentState: STATE_STARTING, newState: STATE_RUNNING
06-18 18:24:20.843 16328 16328 D wlan    : [16328:IH:DP] bbm_request_bus_bandwidth: Bus bandwidth vote level change from 0 to 1 pld_vote: 1
06-18 18:24:20.837  2592  3093 D RPCServer [RUNTIMEIPC]: ConnectClient: Client: com.YourCompany.Metaverse_Game1:com.YourCompany.Metaverse_Game1:27865:, Server: com.oculus.systemdriver:com.oculus.vrruntimeservice (RuntimeServiceDevice)
06-18 18:24:20.837  2592  3093 I RPCClientHandler [RUNTIMEIPC]: Event buffer size (server): 8192
06-18 18:24:20.837  2592  3093 I ThreadHelpers [RUNTIMEIPC]: RuntimeIPC::ThreadHelpers::SetState: threadName: IpcDCReqHandler, currentState: STATE_STOPPED, newState: STATE_STARTING
06-18 18:24:20.837  2592 28024 I ThreadHelpers [RUNTIMEIPC]: RuntimeIPC::ThreadHelpers::SetState: threadName: IpcDCReqHandler, currentState: STATE_STARTING, newState: STATE_RUNNING
06-18 18:24:20.838  2592  3093 I RuntimeIPCServerMgr [RUNTIMEIPC]: HandleClientConnect SUCCESS: Client: com.YourCompany.Metaverse_Game1:com.YourCompany.Metaverse_Game1:27865:, Server: com.oculus.systemdriver:com.oculus.vrruntimeservice (RuntimeServiceDevice)
06-18 18:24:20.838 27865 27988 I RuntimeIPCClient [RUNTIMEIPC]: Event buffer size (client): 8192
06-18 18:24:20.838 27865 27988 I RuntimeIPCClient [RUNTIMEIPC]: TryToGetIPCResourcesFromServer: RPC_CONNECTOR_CONNECT_TO_SERVER SUCCESS: Client: com.YourCompany.Metaverse_Game1:com.YourCompany.Metaverse_Game1:27865, Server: com.oculus.systemdriver:com.oculus.vrruntimeservice (RuntimeServiceDevice)
06-18 18:24:20.838 27865 27988 I RuntimeIPCClient [RUNTIMEIPC]: EnsureServerConnection: SUCCESS. Client: com.YourCompany.Metaverse_Game1:com.YourCompany.Metaverse_Game1:27865, Server: com.oculus.systemdriver:com.oculus.vrruntimeservice (RuntimeServiceDevice)
06-18 18:24:20.838 27865 27988 I RuntimeIPCClient [RUNTIMEIPC]: ConnectToServer: SUCCESS: Client: com.YourCompany.Metaverse_Game1:com.YourCompany.Metaverse_Game1:27865, Server: com.oculus.systemdriver:com.oculus.vrruntimeservice (RuntimeServiceDevice)
06-18 18:24:20.838  1910  2556 I Clay    : PresenceServiceSystem: Failed to poll
06-18 18:24:20.838  1910  2556 I Clay    : PresenceServiceSystem: Failed to poll
06-18 18:24:20.839 27865 27988 I RuntimeIPCClient [RUNTIMEIPC]: Shutdown: 1, Client: com.YourCompany.Metaverse_Game1:com.YourCompany.Metaverse_Game1:27865, Server: com.oculus.systemdriver:com.oculus.vrruntimeservice (RuntimeServiceDevice)
06-18 18:24:20.839 27865 27988 I RuntimeIPCClient [RUNTIMEIPC]: ReleaseRef: Remaining refs: 0, Client: com.YourCompany.Metaverse_Game1:com.YourCompany.Metaverse_Game1:27865, Server: com.oculus.systemdriver:com.oculus.vrruntimeservice (RuntimeServiceDevice)
06-18 18:24:20.839 27865 27988 I RuntimeIPCClient [RUNTIMEIPC]: DisconnectFromServer: 0, Client: com.YourCompany.Metaverse_Game1:com.YourCompany.Metaverse_Game1:27865, Server: com.oculus.systemdriver:com.oculus.vrruntimeservice (RuntimeServiceDevice)
06-18 18:24:20.839  2592  3093 I RPCServer [RUNTIMEIPC]: HandleClientDisconnect: Client: com.YourCompany.Metaverse_Game1:com.YourCompany.Metaverse_Game1:27865:, Server: com.oculus.systemdriver:com.oculus.vrruntimeservice (RuntimeServiceDevice)
06-18 18:24:20.839 27865 27988 W RuntimeIPCProxyMgr [RUNTIMEIPC]: Failed to find connection to disable
06-18 18:24:20.839 27865 28023 I ThreadHelpers [RUNTIMEIPC]: RuntimeIPC::ThreadHelpers::SetState: threadName: JobPoolWorker, currentState: STATE_STOPPING, newState: STATE_STOPPED
06-18 18:24:20.839  2592 28024 I ThreadHelpers [RUNTIMEIPC]: RuntimeIPC::ThreadHelpers::SetState: threadName: IpcDCReqHandler, currentState: STATE_STOPPING, newState: STATE_STOPPED
06-18 18:24:20.839 27865 27988 I Distortion: Initializing Mesh Decenter Correction
06-18 18:24:20.839 27865 27988 E libosutils: Failed to get real path of file '/sys/devices/soc0/platform_subtype_id', err: Permission denied
06-18 18:24:20.839 27865 27988 E libosutils: Failed to get real path of file '/sys/devices/soc0/platform_version', err: Permission denied
06-18 18:24:20.839 27865 27988 W libdeviceid: DeviceId unknown with subtype FFFFFFFF and version: 0xFFFFFFFF
06-18 18:24:20.834 27865 27865 W GameThread: type=1400 audit(0.0:1788): avc: denied { search } for name="soc0" dev="sysfs" ino=66305 scontext=u:r:untrusted_app:s0:c7,c256,c512,c768 tcontext=u:object_r:vendor_sysfs_soc:s0 tclass=dir permissive=0 app=com.YourCompany.Metaverse_Game1
06-18 18:24:20.834 27865 27865 W GameThread: type=1400 audit(0.0:1789): avc: denied { search } for name="soc0" dev="sysfs" ino=66305 scontext=u:r:untrusted_app:s0:c7,c256,c512,c768 tcontext=u:object_r:vendor_sysfs_soc:s0 tclass=dir permissive=0 app=com.YourCompany.Metaverse_Game1
06-18 18:24:20.842 27865 27988 I Distortion: Decenter tester version = 200
06-18 18:24:20.842 27865 27988 I Distortion: SetLensPositions - iad=0.0635, left offset=-0.0030346,8.73823e-05, right offset=0.00325844,4.6653e-05
06-18 18:24:20.842 27865 27988 I VrRuntimeClient: DevicesSupported : 5 devices, quest|quest2|questpro|quest3
06-18 18:24:20.842 27865 27988 I Distortion: Initializing Mesh Decenter Correction
06-18 18:24:20.842 27865 27988 E libosutils: Failed to get real path of file '/sys/devices/soc0/platform_subtype_id', err: Permission denied
