06-19 21:58:18.818   852 12620 I Tracking: TrackedMapContext: Stop tracking Submap id = 2, version = 1536370009 at index: 2 / 3
06-19 21:58:18.819   852 12620 I Tracking: SVTTS: Starting map tracking on Submap id = 2, version = 653715937, total 2
06-19 21:58:18.958   852 12620 W Tracking: VEGA:HM:MAP_TRACKING: Validation failed on Submap id = 2, version = 653715937
06-19 21:58:19.002 13021 13237 I VrApi   : FPS=72/72,Prd=27ms,Tear=0,Early=0,Stale=0,Stale2/5/10/max=0/0/0/0,VSnc=1,Lat=-1,Fov=0,CPU4/GPU=2/2,1382/456MHz,OC=3F,TA=0/0/0,SP=N/N/N,Mem=3196MHz,Free=3191MB,PLS=0,Temp=43.0C/0.0C,TW=1.08ms,App=3.58ms,GD=0.86ms,CPU&GPU=11.57ms,LCnt=2(DR72,LM2),GPU%=0.43,CPU%=0.79(W0.81),DSF=1.00,CFL=9.84/14.38,ICFLp95=13.04,LD=0,SF=1.00,LP=0,DVFS=0
06-19 21:58:19.059   647  1038 E FrameSetCollator: [worldTracking] 31 FrameSets had unexpected timestamps (over 1013.70s). Ex: slot 1 2188588.920ms -> 2188605.586ms (observed period: 16.666ms, expected period: 16.666ms (16.666ms))
06-19 21:58:19.086   852 12620 I Tracking: VioSubmapHelpers: Initializing Submap id = 2, version = 1716061970 relative to Submap id = 1, version = 1357676777.
06-19 21:58:19.086   852 12620 I Tracking: TrackedMapContext: Stop tracking Submap id = 2, version = 653715937 at index: 2 / 3
06-19 21:58:19.086   852 12620 I Tracking: SVTTS: Starting map tracking on Submap id = 2, version = 1716061970, total 2
06-19 21:58:19.126 30573 30713 W [CT]    : Anchor:SlamAnchorMemoryOSSDKClient: [Throttled count=511] Skipping invalid anchorHandle when attempting to cache AnchorStates
06-19 21:58:19.226   852 12620 W Tracking: VEGA:HM:MAP_TRACKING: Validation failed on Submap id = 2, version = 1716061970
06-19 21:58:19.390 30573 30713 I [CT]    : SP:AF:AnchorFramework: calculateRigidScenePose: Located 19 / 19 anchors for calculating rigid scene pose
06-19 21:58:19.390 30573 30713 I [CT]    : SP:AF:AnchorAccuracy: New Rigid Scene calculated using 19 anchors attached to 1 IAs. 2.0137352120000287 seconds since last update
06-19 21:58:19.391 30573 30713 I [CT]    : SP:AF:AnchorAccuracy: New scene origin pose: -0.9345442652702332 -0.9955658912658691 0.6429330706596375 : 0.3914782404899597 -0.3914782702922821 -0.5888503789901733 -0.5888503789901733
06-19 21:58:19.391 30573 30713 I [CT]    : SP:AF:AnchorAccuracy: New scene origin pose moved: 0.00028326085885055363 translation 7.861890480853617e-05 rotation
06-19 21:58:19.399   852 12631 E Tracking: CONSTELLATION:IMU_STATUS: da7a0f37bc734fd (L): Timestamp not increasing: current time 2188.938906s <= last log time 26766.622426s
06-19 21:58:19.487 30573 30713 I QueryMgr: QueryMgr::StartQuery - Querying for spatial entities
06-19 21:58:19.487 30573 30713 I [CT]    : SP:TREX:SpatialPersistenceClientInterfaceV24_impl: BEGIN QueryAnchorSpaceV3
06-19 21:58:19.487 30573 30713 I [CT]    : SP:AF:InsightAnchorApi: insight_QueryAnchorSpaces (task start) duration: 0.000000000 [sec], flags: 12, location: 1, uuid: 00000000-0000-0000-0000-000000000000, method: 1, request: 73
06-19 21:58:19.487 30573 30713 I [CT]    : SP:TREX:SpatialPersistenceClientInterfaceV24_impl: END QueryAnchorSpaceV3: returning XrResult(0)
06-19 21:58:19.487 30573 30713 I QueryMgr: QueryMgr::StartQuery - Successfully started space query
06-19 21:58:19.487 30573 30713 I StateMachine: StateMachine::HandleEvent AnchorQuery: startQuery -> QueryingState
06-19 21:58:19.488 30573  2206 I [CT]    : SP:SM:SceneManagerRuntimeIpcClient: AnchorPersistenceRuntimeIpcClient::CALL_RPC isAsync: true
06-19 21:58:19.490  2577  2241 I [CT]    : SP:AP:AnchorPersistenceRuntimeIpcServer: checkRPC start: sessionUuid:5dca19fc-4f43-6523-0a56-7640f2afb6eb, clientId:1013728891, givenPackageName:com.oculus.guardian
06-19 21:58:19.490  2577  2241 I [CT]    : SP:AP:AnchorPersistenceRuntimeIpcServer: checkRPC package name matches: sessionUuid:5dca19fc-4f43-6523-0a56-7640f2afb6eb, clientId:1013728891, givenPackageName:com.oculus.guardian, detectedPackageName:com.oculus.guardian, detectedProcessName:com.oculus.vrguardianservice, clientIdTrustedStatus_.count:1
06-19 21:58:19.490  2577  2241 I [CT]    : SP:AP:AnchorPersistenceRuntimeIpcServer: checkStorageLocation sessionUuid:5dca19fc-4f43-6523-0a56-7640f2afb6eb, clientId:1013728891, location:1
06-19 21:58:19.490  2577  2241 I [CT]    : SP:AP:AnchorPersistenceRuntimeIpcServer: queryAvailableAnchorsSMV2: clientId: 1013728891, maxAnchors: 500, filter: 0, queryMultipleRoomsEnabledByOpenXrVersion: false, source: 0, appId: com.oculus.guardian
06-19 21:58:19.490  2577  2241 I [CT]    : SP:SM:SceneManager: queryAvailableAnchors: maxAnchors: 500, filter: 0, queryMultipleRoomsEnabledByOpenXrVersion: false, source: 0, appId: com.oculus.guardian
06-19 21:58:19.490  2577  2241 I [CT]    : SP:AP:AnchorPersistence: Status of feature 25 is 1
06-19 21:58:19.490  2577  2241 I [CT]    : SP:AP:AnchorPersistenceConfig: getSceneRuntimePermissionEnabled: USE_SCENE permission is enabled on this device
06-19 21:58:19.490  2577  2241 I [CT]    : SP:AP:AnchorPersistenceScenePermissions: hasClientGrantedScenePermission: USE_SCENE permission is enabled on this device, check client 1013728891, grant is true
06-19 21:58:19.491  2577  2241 I [CT]    : SP:AP:AnchorPersistenceConfig: PreferencesManager: anchor_persistence_cloud_anchor_service_enabled: false
06-19 21:58:19.491  2577  2241 I [CT]    : SP:AP:AnchorPersistenceConfig: getCloudPermissionEnabled: Android scenario, cloudPermissionEnabledGK=1, cloudPermissionOverride=-1
06-19 21:58:19.491  2577  2241 I [CT]    : SP:AP:AnchorPersistenceConfig: getCloudPermissionEnabled: GK(oculus_spatial_anchor_cloud)=true, userPreference(anchor_persistence_cloud_anchor_service_enabled)=false
06-19 21:58:19.492   852 12620 W Tracking: VEGA:HM:MAP_TRACKING: Validation failed on Submap id = 2, version = 1716061970
06-19 21:58:19.492  2577  7726 I [CT]    : SP:AP:AnchorPersistence: loadAvailableAnchorsLocal: appId: com.oculus.guardian, queryMultipleRoomsEnabledAppId: , queryMultipleRoomsEnabledByOpenXrVersion: false, applyEffectiveSingleRoomFilter: false
06-19 21:58:19.493   852  8935 I Tracking: ANCHOR_MANAGER: Kicking off foreground Local Anchor Discovery in Tracking Service.
06-19 21:58:19.505  2577  7726 I [CT]    : SP:AP:AnchorPersistenceConfig: getSceneRuntimePermissionEnabled: USE_SCENE permission is enabled on this device
06-19 21:58:19.506  2577  7726 I [CT]    : SP:SceneAnchorFilterUtil: filterSceneDataByPermission com.oculus.guardian has scene permission granted, keep scene data
06-19 21:58:19.509  2577  2241 I [CT]    : SP:SM:SceneManagerLocalizer: tryLocalize: Localizer is not started
06-19 21:58:19.522 30573 30934 W [CT]    : CLIENT_ANCHOR_SMOOTHER: Its been 59.952711 seconds since the last query for anchor 6cd17af8-5ea9-b9f9-e6c9-93bf8b8d0d3a. Using larger offsets for smoothness.
06-19 21:58:19.523 30573 30923 I [CT]    : SP:AF:InsightAnchorApi: insight_QueryAnchorSpaces (task finish) returnCode: AnchorResultCode::SUCCESS(0), numSpacesFound: 23, spacesFoundUuids: [c9f5bd66-8b23-07a9-c05d-aafeb03caf1a,0f499afd-1284-f73d-c862-08298d81faa3,9466b727-42d9-26d2-1ef4-d69e4c8eb10a,f5bdaec4-70d8-4f5d-8294-2e12c2b2ad41,313df770-56df-80ef-d522-e66a85785f0a,1c0134d1-9d72-092f-e5f6-953a32aeaf3b,1f8226f1-ef21-fed5-a1ef-1bb5b7de000b,1549b0b2-8df8-428a-4b3d-48ebb13c8a22,fa9d8024-ed98-4f6a-f4dd-740af9db5601,23b8c434-67af-f006-7913-c87cd2ec5870,91fcdb34-5d63-644a-901c-df8c06af1bbc,fa9174cc-77b5-cc9a-0867-c84aa2cc93f0,0c0dc353-062d-5ddc-a312-2924db30cc86,7bd6f581-910c-a812-f9c4-cbc0ac9eb03b,a5eefad5-13e2-5138-d7d4-caa4c7f5be6f,4a6538ea-5803-5071-f0e6-cbf95e077994,ea3c2681-da57-aeb8-f0a0-6c03b549dc56,d12ec691-46bf-5755-add7-69ccc43d78eb,71eb411c-3de7-c6c0-9226-484ddb1f51a3,5d83a69d-1ba9-7af3-b9ce-c48bb904fe71,a989b9e3-ec2d-3d28-2034-eea55df7106c,3f6e5618-4807-4e54-8ba2-3deea9ba55e9,b983ac55-61b9-235f-a140-91c2ee20cb79], duration: 0.000000000 [se
06-19 21:58:19.530 30573 30713 I TREX    : Spatial Persistence event: QuerySpacesFound
06-19 21:58:19.530 30573 30713 I TREX    : Updating enabled data components from query results for entity type 3
06-19 21:58:19.530 30573 30713 I TREX    : Spatial Persistence event: QuerySpacesFound
06-19 21:58:19.530 30573 30713 I TREX    : Updating enabled data components from query results for entity type 1
06-19 21:58:19.530 30573 30713 I TREX    : Spatial Persistence event: QuerySpacesFound
06-19 21:58:19.530 30573 30713 I TREX    : Updating enabled data components from query results for entity type 2
06-19 21:58:19.530 30573 30713 I TREX    : Spatial Persistence event: QuerySpacesFound
06-19 21:58:19.530 30573 30713 I TREX    : Updating enabled data components from query results for entity type 2
06-19 21:58:19.530 30573 30713 I TREX    : Spatial Persistence event: QuerySpacesFound
06-19 21:58:19.530 30573 30713 I TREX    : Updating enabled data components from query results for entity type 2
06-19 21:58:19.530 30573 30713 I TREX    : Spatial Persistence event: QuerySpacesFound
06-19 21:58:19.530 30573 30713 I TREX    : Updating enabled data components from query results for entity type 2
06-19 21:58:19.530 30573 30713 I TREX    : Spatial Persistence event: QuerySpacesFound
06-19 21:58:19.530 30573 30713 I TREX    : Updating enabled data components from query results for entity type 2
06-19 21:58:19.530 30573 30713 I TREX    : Spatial Persistence event: QuerySpacesFound
06-19 21:58:19.530 30573 30713 I TREX    : Updating enabled data components from query results for entity type 2
06-19 21:58:19.530 30573 30713 I TREX    : Spatial Persistence event: QuerySpacesFound
06-19 21:58:19.530 30573 30713 I TREX    : Updating enabled data components from query results for entity type 2
06-19 21:58:19.530 30573 30713 I TREX    : Spatial Persistence event: QuerySpacesFound
06-19 21:58:19.530 30573 30713 I TREX    : Updating enabled data components from query results for entity type 2
06-19 21:58:19.530 30573 30713 I TREX    : Spatial Persistence event: QuerySpacesFound
06-19 21:58:19.530 30573 30713 I TREX    : Updating enabled data components from query results for entity type 2
06-19 21:58:19.530 30573 30713 I TREX    : Spatial Persistence event: QuerySpacesFound
06-19 21:58:19.530 30573 30713 I TREX    : Updating enabled data components from query results for entity type 2
06-19 21:58:19.530 30573 30713 I TREX    : Spatial Persistence event: QuerySpacesFound
06-19 21:58:19.530 30573 30713 I TREX    : Updating enabled data components from query results for entity type 2
06-19 21:58:19.530 30573 30713 I TREX    : Spatial Persistence event: QuerySpacesFound
06-19 21:58:19.530 30573 30713 I TREX    : Updating enabled data components from query results for entity type 2
06-19 21:58:19.530 30573 30713 I TREX    : Spatial Persistence event: QuerySpacesFound
06-19 21:58:19.530 30573 30713 I TREX    : Updating enabled data components from query results for entity type 2
06-19 21:58:19.530 30573 30713 I TREX    : Spatial Persistence event: QuerySpacesFound
06-19 21:58:19.530 30573 30713 I TREX    : Updating enabled data components from query results for entity type 2
06-19 21:58:19.530 30573 30713 I TREX    : Spatial Persistence event: QuerySpacesFound
06-19 21:58:19.530 30573 30713 I TREX    : Updating enabled data components from query results for entity type 2
06-19 21:58:19.530 30573 30713 I TREX    : Spatial Persistence event: QuerySpacesFound
06-19 21:58:19.530 30573 30713 I TREX    : Updating enabled data components from query results for entity type 2
06-19 21:58:19.530 30573 30713 I TREX    : Spatial Persistence event: QuerySpacesFound
06-19 21:58:19.530 30573 30713 I TREX    : Updating enabled data components from query results for entity type 2
06-19 21:58:19.530 30573 30713 I TREX    : Spatial Persistence event: QuerySpacesFound
06-19 21:58:19.530 30573 30713 I TREX    : Updating enabled data components from query results for entity type 2
06-19 21:58:19.530 30573 30713 I TREX    : Spatial Persistence event: QuerySpacesFound
06-19 21:58:19.530 30573 30713 I TREX    : Updating enabled data components from query results for entity type 2
06-19 21:58:19.530 30573 30713 I TREX    : Spatial Persistence event: QuerySpacesFound
06-19 21:58:19.530 30573 30713 I TREX    : Updating enabled data components from query results for entity type 2
06-19 21:58:19.530 30573 30713 I TREX    : Spatial Persistence event: QuerySpacesFound
06-19 21:58:19.530 30573 30713 I TREX    : Updating enabled data components from query results for entity type 2
06-19 21:58:19.530 30573 30713 I TREX    : Spatial Persistence event: QuerySpacesFinish
06-19 21:58:19.530 30573 30713 I Deque   : event 1000156103 not found in the event queue.
06-19 21:58:19.530 30573 30713 I Deque   : AddEventToQueue called. eventInfo.type: 1000156103, eventInfo.next: 1
06-19 21:58:19.530 30573 30713 I Deque   : AddEventToQueue called. eventInfo.type: 1000156104, eventInfo.next: 1
06-19 21:58:19.530 30573 30713 E [CT]    : Guardian: xrSetSpaceComponentStatusFB(queryResult.space, &newRequest, &locatableRequestId) returned error code: -1000113003
06-19 21:58:19.530 30573 30713 I QueryMgr: locatable component already enabled for anchor uuid: 0f499afd-1284-f73d-c862-08298d81faa3
06-19 21:58:19.530 30573 30713 E [CT]    : Guardian: xrSetSpaceComponentStatusFB(queryResult.space, &newRequest, &locatableRequestId) returned error code: -1000113003
06-19 21:58:19.530 30573 30713 I QueryMgr: locatable component already enabled for anchor uuid: 9466b727-42d9-26d2-1ef4-d69e4c8eb10a
06-19 21:58:19.530 30573 30713 E [CT]    : Guardian: xrSetSpaceComponentStatusFB(queryResult.space, &newRequest, &locatableRequestId) returned error code: -1000113003
06-19 21:58:19.530 30573 30713 I QueryMgr: locatable component already enabled for anchor uuid: f5bdaec4-70d8-4f5d-8294-2e12c2b2ad41
06-19 21:58:19.530 30573 30713 E [CT]    : Guardian: xrSetSpaceComponentStatusFB(queryResult.space, &newRequest, &locatableRequestId) returned error code: -1000113003
06-19 21:58:19.530 30573 30713 I QueryMgr: locatable component already enabled for anchor uuid: 313df770-56df-80ef-d522-e66a85785f0a
06-19 21:58:19.530 30573 30713 E [CT]    : Guardian: xrSetSpaceComponentStatusFB(queryResult.space, &newRequest, &locatableRequestId) returned error code: -1000113003
06-19 21:58:19.530 30573 30713 I QueryMgr: locatable component already enabled for anchor uuid: 1c0134d1-9d72-092f-e5f6-953a32aeaf3b
06-19 21:58:19.530 30573 30713 E [CT]    : Guardian: xrSetSpaceComponentStatusFB(queryResult.space, &newRequest, &locatableRequestId) returned error code: -1000113003
06-19 21:58:19.530 30573 30713 I QueryMgr: locatable component already enabled for anchor uuid: 1f8226f1-ef21-fed5-a1ef-1bb5b7de000b
06-19 21:58:19.530 30573 30713 E [CT]    : Guardian: xrSetSpaceComponentStatusFB(queryResult.space, &newRequest, &locatableRequestId) returned error code: -1000113003
06-19 21:58:19.530 30573 30713 I QueryMgr: locatable component already enabled for anchor uuid: 1549b0b2-8df8-428a-4b3d-48ebb13c8a22
06-19 21:58:19.530 30573 30713 E [CT]    : Guardian: xrSetSpaceComponentStatusFB(queryResult.space, &newRequest, &locatableRequestId) returned error code: -1000113003
06-19 21:58:19.531 30573 30713 I QueryMgr: locatable component already enabled for anchor uuid: fa9d8024-ed98-4f6a-f4dd-740af9db5601
06-19 21:58:19.531 30573 30713 E [CT]    : Guardian: xrSetSpaceComponentStatusFB(queryResult.space, &newRequest, &locatableRequestId) returned error code: -1000113003
06-19 21:58:19.531 30573 30713 I QueryMgr: locatable component already enabled for anchor uuid: 23b8c434-67af-f006-7913-c87cd2ec5870
06-19 21:58:19.531 30573 30713 E [CT]    : Guardian: xrSetSpaceComponentStatusFB(queryResult.space, &newRequest, &locatableRequestId) returned error code: -1000113003
06-19 21:58:19.531 30573 30713 I QueryMgr: locatable component already enabled for anchor uuid: 91fcdb34-5d63-644a-901c-df8c06af1bbc
06-19 21:58:19.531 30573 30713 E [CT]    : Guardian: xrSetSpaceComponentStatusFB(queryResult.space, &newRequest, &locatableRequestId) returned error code: -1000113003
06-19 21:58:19.531 30573 30713 I QueryMgr: locatable component already enabled for anchor uuid: fa9174cc-77b5-cc9a-0867-c84aa2cc93f0
06-19 21:58:19.531 30573 30713 E [CT]    : Guardian: xrSetSpaceComponentStatusFB(queryResult.space, &newRequest, &locatableRequestId) returned error code: -1000113003
06-19 21:58:19.531 30573 30713 I QueryMgr: locatable component already enabled for anchor uuid: 0c0dc353-062d-5ddc-a312-2924db30cc86
06-19 21:58:19.531 30573 30713 E [CT]    : Guardian: xrSetSpaceComponentStatusFB(queryResult.space, &newRequest, &locatableRequestId) returned error code: -1000113003
06-19 21:58:19.531 30573 30713 I QueryMgr: locatable component already enabled for anchor uuid: 7bd6f581-910c-a812-f9c4-cbc0ac9eb03b
06-19 21:58:19.531 30573 30713 E [CT]    : Guardian: xrSetSpaceComponentStatusFB(queryResult.space, &newRequest, &locatableRequestId) returned error code: -1000113003
06-19 21:58:19.531 30573 30713 I QueryMgr: locatable component already enabled for anchor uuid: a5eefad5-13e2-5138-d7d4-caa4c7f5be6f
06-19 21:58:19.531 30573 30713 E [CT]    : Guardian: xrSetSpaceComponentStatusFB(queryResult.space, &newRequest, &locatableRequestId) returned error code: -1000113003
06-19 21:58:19.531 30573 30713 I QueryMgr: locatable component already enabled for anchor uuid: 4a6538ea-5803-5071-f0e6-cbf95e077994
06-19 21:58:19.531 30573 30713 E [CT]    : Guardian: xrSetSpaceComponentStatusFB(queryResult.space, &newRequest, &locatableRequestId) returned error code: -1000113003
06-19 21:58:19.531 30573 30713 I QueryMgr: locatable component already enabled for anchor uuid: ea3c2681-da57-aeb8-f0a0-6c03b549dc56
06-19 21:58:19.531 30573 30713 E [CT]    : Guardian: xrSetSpaceComponentStatusFB(queryResult.space, &newRequest, &locatableRequestId) returned error code: -1000113003
06-19 21:58:19.531 30573 30713 I QueryMgr: locatable component already enabled for anchor uuid: d12ec691-46bf-5755-add7-69ccc43d78eb
06-19 21:58:19.531 30573 30713 E [CT]    : Guardian: xrSetSpaceComponentStatusFB(queryResult.space, &newRequest, &locatableRequestId) returned error code: -1000113003
06-19 21:58:19.531 30573 30713 I QueryMgr: locatable component already enabled for anchor uuid: 71eb411c-3de7-c6c0-9226-484ddb1f51a3
06-19 21:58:19.531 30573 30713 E [CT]    : Guardian: xrSetSpaceComponentStatusFB(queryResult.space, &newRequest, &locatableRequestId) returned error code: -1000113003
06-19 21:58:19.531 30573 30713 I QueryMgr: locatable component already enabled for anchor uuid: 5d83a69d-1ba9-7af3-b9ce-c48bb904fe71
06-19 21:58:19.531 30573 30713 E [CT]    : Guardian: xrSetSpaceComponentStatusFB(queryResult.space, &newRequest, &locatableRequestId) returned error code: -1000113003
06-19 21:58:19.531 30573 30713 I QueryMgr: locatable component already enabled for anchor uuid: a989b9e3-ec2d-3d28-2034-eea55df7106c
06-19 21:58:19.531 30573 30713 E [CT]    : Guardian: xrSetSpaceComponentStatusFB(queryResult.space, &newRequest, &locatableRequestId) returned error code: -1000113003
06-19 21:58:19.531 30573 30713 I QueryMgr: locatable component already enabled for anchor uuid: 3f6e5618-4807-4e54-8ba2-3deea9ba55e9
06-19 21:58:19.531 30573 30713 E [CT]    : Guardian: xrSetSpaceComponentStatusFB(queryResult.space, &newRequest, &locatableRequestId) returned error code: -1000113003
06-19 21:58:19.531 30573 30713 I QueryMgr: locatable component already enabled for anchor uuid: b983ac55-61b9-235f-a140-91c2ee20cb79
06-19 21:58:19.531 30573 30713 E [CT]    : Guardian: xrSetComponentEnabledPrivilegedFB(result.space, &requestInfo, &storableRequestId) returned error code: -1000113003
06-19 21:58:19.531 30573 30713 E [CT]    : AnchorMgr: Plane anchor 9466b727-42d9-26d2-1ef4-d69e4c8eb10a stationary boundary data is mismatched between boundary2D component and stationaryLocationLocal
06-19 21:58:19.531 30573 30713 E [CT]    : MUSTFIX: ShouldExtractQueryResult.is_identical_plane_boundary: [Throttled count=7] Plane anchor boundary check failed!
06-19 21:58:19.531 30573 30713 E [CT]    : Guardian: xrSetComponentEnabledPrivilegedFB(result.space, &requestInfo, &storableRequestId) returned error code: -1000113003
06-19 21:58:19.531 30573 30713 E [CT]    : Guardian: xrSetComponentEnabledPrivilegedFB(result.space, &requestInfo, &storableRequestId) returned error code: -1000113003
06-19 21:58:19.531 30573 30713 E [CT]    : Guardian: xrSetComponentEnabledPrivilegedFB(result.space, &requestInfo, &storableRequestId) returned error code: -1000113003
06-19 21:58:19.531 30573 30713 E [CT]    : Guardian: xrSetComponentEnabledPrivilegedFB(result.space, &requestInfo, &storableRequestId) returned error code: -1000113003
06-19 21:58:19.531 30573 30713 E [CT]    : Guardian: xrSetComponentEnabledPrivilegedFB(result.space, &requestInfo, &storableRequestId) returned error code: -1000113003
06-19 21:58:19.531 30573 30713 E [CT]    : Guardian: xrSetComponentEnabledPrivilegedFB(result.space, &requestInfo, &storableRequestId) returned error code: -1000113003
06-19 21:58:19.531 30573 30713 E [CT]    : Guardian: xrSetComponentEnabledPrivilegedFB(result.space, &requestInfo, &storableRequestId) returned error code: -1000113003
06-19 21:58:19.531 30573 30713 E [CT]    : Guardian: xrSetComponentEnabledPrivilegedFB(result.space, &requestInfo, &storableRequestId) returned error code: -1000113003
06-19 21:58:19.531 30573 30713 E [CT]    : Guardian: xrSetComponentEnabledPrivilegedFB(result.space, &requestInfo, &storableRequestId) returned error code: -1000113003
06-19 21:58:19.531 30573 30713 E [CT]    : Guardian: xrSetComponentEnabledPrivilegedFB(result.space, &requestInfo, &storableRequestId) returned error code: -1000113003
06-19 21:58:19.531 30573 30713 E [CT]    : AnchorMgr: Plane anchor 0c0dc353-062d-5ddc-a312-2924db30cc86 roomscale boundary data is mismatched between boundary2D component and guardianPolygonsLocal
06-19 21:58:19.531 30573 30713 E [CT]    : Guardian: xrSetComponentEnabledPrivilegedFB(result.space, &requestInfo, &storableRequestId) returned error code: -1000113003
06-19 21:58:19.531 30573 30713 E [CT]    : Guardian: xrSetComponentEnabledPrivilegedFB(result.space, &requestInfo, &storableRequestId) returned error code: -1000113003
06-19 21:58:19.531 30573 30713 E [CT]    : Guardian: xrSetComponentEnabledPrivilegedFB(result.space, &requestInfo, &storableRequestId) returned error code: -1000113003
06-19 21:58:19.531 30573 30713 E [CT]    : Guardian: xrSetComponentEnabledPrivilegedFB(result.space, &requestInfo, &storableRequestId) returned error code: -1000113003
06-19 21:58:19.531 30573 30713 E [CT]    : Guardian: xrSetComponentEnabledPrivilegedFB(result.space, &requestInfo, &storableRequestId) returned error code: -1000113003
06-19 21:58:19.531 30573 30713 E [CT]    : Guardian: xrSetComponentEnabledPrivilegedFB(result.space, &requestInfo, &storableRequestId) returned error code: -1000113003
06-19 21:58:19.531 30573 30713 E [CT]    : Guardian: xrSetComponentEnabledPrivilegedFB(result.space, &requestInfo, &storableRequestId) returned error code: -1000113003
06-19 21:58:19.531 30573 30713 E [CT]    : Guardian: xrSetComponentEnabledPrivilegedFB(result.space, &requestInfo, &storableRequestId) returned error code: -1000113003
06-19 21:58:19.531 30573 30713 E [CT]    : Guardian: xrSetComponentEnabledPrivilegedFB(result.space, &requestInfo, &storableRequestId) returned error code: -1000113003
06-19 21:58:19.531 30573 30713 E [CT]    : Guardian: xrSetComponentEnabledPrivilegedFB(result.space, &requestInfo, &storableRequestId) returned error code: -1000113003
06-19 21:58:19.531 30573 30713 E [CT]    : Guardian: xrSetComponentEnabledPrivilegedFB(result.space, &requestInfo, &storableRequestId) returned error code: -1000113003
06-19 21:58:19.531 30573 30713 I QueryMgr: QueryMgr: Encountered unknown remnant anchor uuid: 0f499afd-1284-f73d-c862-08298d81faa3
06-19 21:58:19.531 30573 30713 W [CT]    : MrTrackerMgr: Ignoring abandoned query result. request [335007449207] != current request [8243107281244275028]
06-19 21:58:19.531 30573 30713 I QueryMgr: Query 335007449207 completed successfully
06-19 21:58:19.531 30573 30713 W [CT]    : MrTrackerMgr: Ignoring abandoned query complete event result. request [335007449207] != current request [8243107281244275028]
06-19 21:58:19.542 30573 30713 I StateMachine: StateMachine::HandleEvent AnchorQuery: queryComplete -> ReadyToQueryState
06-19 21:58:19.621  1095  1785 E ThermalManagerService: No threshold found for pcb1-usr
06-19 21:58:19.621  1095  1785 E ThermalManagerService: No threshold found for pcb2-usr
06-19 21:58:19.621  1095  1785 E ThermalManagerService: No threshold found for pcb3-usr
06-19 21:58:19.621  1095  1785 E ThermalManagerService: No threshold found for rf-usr
06-19 21:58:19.621  1095  1785 E ThermalManagerService: No threshold found for cam0-usr
06-19 21:58:19.621  1095  1785 E ThermalManagerService: No threshold found for cam1-usr
06-19 21:58:19.621  1095  1785 E ThermalManagerService: No threshold found for cam2-usr
06-19 21:58:19.622  1095  1785 E ThermalManagerService: No threshold found for cam3-usr
06-19 21:58:19.622  1095  1785 E ThermalManagerService: No threshold found for cam4-usr
06-19 21:58:19.622  1095  1785 E ThermalManagerService: No threshold found for cam5-usr
06-19 21:58:19.622  1095  1785 E ThermalManagerService: No threshold found for disp-virt
06-19 21:58:19.622  1095  1785 E ThermalManagerService: No threshold found for pogo-usr
06-19 21:58:19.812   632   699 E perfservice: Same callback registered already
06-19 21:58:19.812   857  2732 E VrDeviceManagerService: registerThermalCallback failed, status: No error, ret: Same callback registered already
06-19 21:58:19.812   857  2732 E VrDeviceManagerService: getCurrentTemperatures: Thermal HAL unavailable!
06-19 21:58:19.813   632   699 E perfservice: Same callback registered already
06-19 21:58:19.813   857  2211 E VrDeviceManagerService: registerThermalCallback failed, status: No error, ret: Same callback registered already
06-19 21:58:19.813   857  2211 E VrDeviceManagerService: getCurrentTemperatures: Thermal HAL unavailable!
06-19 21:58:19.885   852 12620 I Tracking: VioSubmapHelpers: Initializing Submap id = 2, version = 125574872 relative to Submap id = 1, version = 1357676777.
06-19 21:58:19.886   852 12620 I Tracking: TrackedMapContext: Stop tracking Submap id = 2, version = 1716061970 at index: 2 / 3
06-19 21:58:19.886   852 12620 I Tracking: SVTTS: Starting map tracking on Submap id = 2, version = 125574872, total 2
06-19 21:58:19.988 30573 30936 I [CT]    : SlamAnchorClientRuntimeIPC: [Throttled count=1] Kicked off bulk re-registration of 3 slam anchors.
06-19 21:58:20.002 13021 13237 I VrApi   : FPS=73/72,Prd=28ms,Tear=0,Early=0,Stale=0,Stale2/5/10/max=0/0/0/0,VSnc=1,Lat=-1,Fov=0,CPU4/GPU=2/2,1382/456MHz,OC=3F,TA=0/0/0,SP=N/N/N,Mem=2092MHz,Free=3191MB,PLS=0,Temp=43.0C/0.0C,TW=1.04ms,App=3.67ms,GD=0.83ms,CPU&GPU=12.72ms,LCnt=2(DR73,LM2),GPU%=0.43,CPU%=0.56(W0.61),DSF=1.00,CFL=9.76/14.28,ICFLp95=13.01,LD=0,SF=1.00,LP=0,DVFS=0
06-19 21:58:20.023   852 12620 W Tracking: VEGA:HM:MAP_TRACKING: Validation failed on Submap id = 2, version = 125574872
06-19 21:58:20.059   647  1038 E FrameSetCollator: [worldTracking] 30 FrameSets had unexpected timestamps (over 1000.08s). Ex: slot 1 2189588.880ms -> 2189605.546ms (observed period: 16.666ms, expected period: 16.666ms (16.666ms))
06-19 21:58:20.126 30573 30713 W [CT]    : Anchor:SlamAnchorMemoryOSSDKClient: [Throttled count=511] Skipping invalid anchorHandle when attempting to cache AnchorStates
06-19 21:58:20.399   852 12631 E Tracking: CONSTELLATION:IMU_STATUS: da7a0f37bc734fd (L): Timestamp not increasing: current time 2189.938866s <= last log time 26766.622426s
06-19 21:58:20.634  1095  1127 E ThermalManagerService: No threshold found for pcb1-usr
06-19 21:58:20.634  1095  1127 E ThermalManagerService: No threshold found for pcb2-usr
06-19 21:58:20.634  1095  1127 E ThermalManagerService: No threshold found for pcb3-usr
06-19 21:58:20.634  1095  1127 E ThermalManagerService: No threshold found for rf-usr
06-19 21:58:20.634  1095  1127 E ThermalManagerService: No threshold found for cam0-usr
06-19 21:58:20.634  1095  1127 E ThermalManagerService: No threshold found for cam1-usr
06-19 21:58:20.634  1095  1127 E ThermalManagerService: No threshold found for cam2-usr
06-19 21:58:20.634  1095  1127 E ThermalManagerService: No threshold found for cam3-usr
06-19 21:58:20.634  1095  1127 E ThermalManagerService: No threshold found for cam4-usr
06-19 21:58:20.634  1095  1127 E ThermalManagerService: No threshold found for cam5-usr
06-19 21:58:20.634  1095  1127 E ThermalManagerService: No threshold found for disp-virt
06-19 21:58:20.634  1095  1127 E ThermalManagerService: No threshold found for pogo-usr
06-19 21:58:20.711   647 12616 I libcamerahal: [INSIGHTS][2.03s] recv/ret/req heartbeat: cam0: 90/90/91, cam1: 90/90/90, cam2: 90/90/90, cam3: 91/91/90
06-19 21:58:20.814   632   699 E perfservice: Same callback registered already
06-19 21:58:20.814   857  2732 E VrDeviceManagerService: registerThermalCallback failed, status: No error, ret: Same callback registered already
06-19 21:58:20.814   857  2732 E VrDeviceManagerService: getCurrentTemperatures: Thermal HAL unavailable!
06-19 21:58:20.815   632   699 E perfservice: Same callback registered already
06-19 21:58:20.815   857  2211 E VrDeviceManagerService: registerThermalCallback failed, status: No error, ret: Same callback registered already
06-19 21:58:20.815   857  2211 E VrDeviceManagerService: getCurrentTemperatures: Thermal HAL unavailable!
06-19 21:58:20.951   852 12620 I Tracking: VioSubmapHelpers: Initializing Submap id = 2, version = 355045693 relative to Submap id = 1, version = 1357676777.
06-19 21:58:20.951   852 12620 I Tracking: TrackedMapContext: Stop tracking Submap id = 2, version = 125574872 at index: 2 / 3
06-19 21:58:20.952   852 12620 I Tracking: SVTTS: Starting map tracking on Submap id = 2, version = 355045693, total 2
06-19 21:58:21.002 30573 30936 I [CT]    : SlamAnchorClientRuntimeIPC: Kicked off bulk re-registration of 3 slam anchors.
06-19 21:58:21.002 13021 13237 I VrApi   : FPS=72/72,Prd=28ms,Tear=0,Early=0,Stale=0,Stale2/5/10/max=0/0/0/0,VSnc=1,Lat=-1,Fov=0,CPU4/GPU=2/2,1382/456MHz,OC=3F,TA=0/0/0,SP=N/N/N,Mem=2736MHz,Free=3191MB,PLS=0,Temp=43.0C/0.0C,TW=1.04ms,App=3.80ms,GD=0.80ms,CPU&GPU=11.36ms,LCnt=2(DR72,LM2),GPU%=0.43,CPU%=0.52(W0.57),DSF=1.00,CFL=9.74/14.21,ICFLp95=13.03,LD=0,SF=1.00,LP=0,DVFS=0
06-19 21:58:21.091   852 12620 W Tracking: VEGA:HM:MAP_TRACKING: Validation failed on Submap id = 2, version = 355045693
06-19 21:58:21.112   647  1038 E FrameSetCollator: [worldTracking] 31 FrameSets had unexpected timestamps (over 1052.63s). Ex: slot 0 2190622.172ms -> 2190655.504ms (observed period: 33.332ms, expected period: 16.666ms (16.666ms))
06-19 21:58:21.127 30573 30713 W [CT]    : Anchor:SlamAnchorMemoryOSSDKClient: [Throttled count=495] Skipping invalid anchorHandle when attempting to cache AnchorStates
06-19 21:58:21.298  2577  2638 I [CT]    : SP:SPS:SpsTelemetry: processCpuStatsProvider_.userSpaceUsage() = 0, processCpuStatsProvider_.kernelSpaceUsage() = 0, sum of both = 0
06-19 21:58:21.298  2577  2638 I [CT]    : SP:SPS:SpsTelemetry: getProcessMemoryUsage = 84738048
06-19 21:58:21.359   852 12620 W Tracking: VEGA:HM:MAP_TRACKING: Validation failed on Submap id = 2, version = 355045693
06-19 21:58:21.399   852 12631 E Tracking: CONSTELLATION:IMU_STATUS: da7a0f37bc734fd (L): Timestamp not increasing: current time 2190.938826s <= last log time 26766.622426s
06-19 21:58:21.404 30573 30713 I [CT]    : SP:AF:AnchorFramework: calculateRigidScenePose: Located 19 / 19 anchors for calculating rigid scene pose
06-19 21:58:21.404 30573 30713 I [CT]    : SP:AF:AnchorAccuracy: New Rigid Scene calculated using 19 anchors attached to 1 IAs. 2.0137349059950793 seconds since last update
06-19 21:58:21.404 30573 30713 I [CT]    : SP:AF:AnchorAccuracy: New scene origin pose: -0.9350560307502747 -0.9954331517219543 0.6427464485168457 : 0.3914942741394043 -0.39149436354637146 -0.5888397097587585 -0.5888397097587585
06-19 21:58:21.404 30573 30713 I [CT]    : SP:AF:AnchorAccuracy: New scene origin pose moved: 0.0005607480416074395 translation 5.453831545310095e-05 rotation
06-19 21:58:21.623   852 12620 W Tracking: VEGA:HM:MAP_TRACKING: Validation failed on Submap id = 2, version = 355045693
06-19 21:58:21.648  1095  1785 E ThermalManagerService: No threshold found for pcb1-usr
06-19 21:58:21.648  1095  1785 E ThermalManagerService: No threshold found for pcb2-usr
06-19 21:58:21.648  1095  1785 E ThermalManagerService: No threshold found for pcb3-usr
06-19 21:58:21.648  1095  1785 E ThermalManagerService: No threshold found for rf-usr
06-19 21:58:21.648  1095  1785 E ThermalManagerService: No threshold found for cam0-usr
06-19 21:58:21.648  1095  1785 E ThermalManagerService: No threshold found for cam1-usr
06-19 21:58:21.648  1095  1785 E ThermalManagerService: No threshold found for cam2-usr
06-19 21:58:21.648  1095  1785 E ThermalManagerService: No threshold found for cam3-usr
06-19 21:58:21.648  1095  1785 E ThermalManagerService: No threshold found for cam4-usr
06-19 21:58:21.648  1095  1785 E ThermalManagerService: No threshold found for cam5-usr
06-19 21:58:21.648  1095  1785 E ThermalManagerService: No threshold found for disp-virt
06-19 21:58:21.648  1095  1785 E ThermalManagerService: No threshold found for pogo-usr
06-19 21:58:21.693   852  3673 I Tracking: VEGA_MAP_BUILDER: Created keyrig
06-19 21:58:21.698   852  3673 I Tracking: MapCullingHelpers: Culled 0 L1 nodes, 1 individual keyrigs, and 1 individual points
06-19 21:58:21.751   852 12620 I Tracking: VioSubmapHelpers: Initializing Submap id = 2, version = 865357038 relative to Submap id = 1, version = 1357676777.
06-19 21:58:21.751   852 12620 I Tracking: TrackedMapContext: Stop tracking Submap id = 2, version = 355045693 at index: 2 / 3
06-19 21:58:21.751   852 12620 I Tracking: SVTTS: Starting map tracking on Submap id = 2, version = 865357038, total 2
06-19 21:58:21.819   632   699 E perfservice: Same callback registered already
06-19 21:58:21.820   857  2211 E VrDeviceManagerService: registerThermalCallback failed, status: No error, ret: Same callback registered already
06-19 21:58:21.820   857  2211 E VrDeviceManagerService: getCurrentTemperatures: Thermal HAL unavailable!
06-19 21:58:21.823   632   699 E perfservice: Same callback registered already
06-19 21:58:21.823   857  2732 E VrDeviceManagerService: registerThermalCallback failed, status: No error, ret: Same callback registered already
06-19 21:58:21.823   857  2732 E VrDeviceManagerService: getCurrentTemperatures: Thermal HAL unavailable!
06-19 21:58:21.892   852 12620 W Tracking: VEGA:HM:MAP_TRACKING: Validation failed on Submap id = 2, version = 865357038
06-19 21:58:22.002 13021 13237 I VrApi   : FPS=73/72,Prd=28ms,Tear=0,Early=0,Stale=0,Stale2/5/10/max=0/0/0/0,VSnc=1,Lat=-1,Fov=0,CPU4/GPU=2/2,1382/456MHz,OC=3F,TA=0/0/0,SP=N/N/N,Mem=2092MHz,Free=3191MB,PLS=0,Temp=43.0C/0.0C,TW=1.00ms,App=4.09ms,GD=0.84ms,CPU&GPU=12.97ms,LCnt=2(DR72,LM2),GPU%=0.46,CPU%=0.58(W0.62),DSF=1.00,CFL=9.78/14.41,ICFLp95=13.06,LD=0,SF=1.00,LP=0,DVFS=0
06-19 21:58:22.018   852 12620 I Tracking: VioSubmapHelpers: Initializing Submap id = 2, version = 881210079 relative to Submap id = 1, version = 1357676777.
06-19 21:58:22.018   852 12620 I Tracking: TrackedMapContext: Stop tracking Submap id = 2, version = 865357038 at index: 2 / 3
06-19 21:58:22.019   852 12620 I Tracking: SVTTS: Starting map tracking on Submap id = 2, version = 881210079, total 2
06-19 21:58:22.112   647  1038 E FrameSetCollator: [worldTracking] 30 FrameSets had unexpected timestamps (over 1000.36s). Ex: slot 0 2191622.132ms -> 2191655.464ms (observed period: 33.332ms, expected period: 16.666ms (16.666ms))
06-19 21:58:22.158   852 12620 W Tracking: VEGA:HM:MAP_TRACKING: Validation failed on Submap id = 2, version = 881210079
06-19 21:58:22.168 30573 30713 W [CT]    : Anchor:SlamAnchorMemoryOSSDKClient: [Throttled count=511] Skipping invalid anchorHandle when attempting to cache AnchorStates
06-19 21:58:22.399   852 12631 E Tracking: CONSTELLATION:IMU_STATUS: da7a0f37bc734fd (L): Timestamp not increasing: current time 2191.938786s <= last log time 26766.622426s
06-19 21:58:22.438  2197  5988 I         : unknown config and param: ios_lightspeed_data_trace_config__sync_client_mode_enabled
06-19 21:58:22.440  2197  5988 I         : unknown config and param: ios_lightspeed_data_trace_config__sync_client_mode_enabled
06-19 21:58:22.660  1095  1785 E ThermalManagerService: No threshold found for pcb1-usr
06-19 21:58:22.661  1095  1785 E ThermalManagerService: No threshold found for pcb2-usr
06-19 21:58:22.661  1095  1785 E ThermalManagerService: No threshold found for pcb3-usr
06-19 21:58:22.661  1095  1785 E ThermalManagerService: No threshold found for rf-usr
06-19 21:58:22.661  1095  1785 E ThermalManagerService: No threshold found for cam0-usr
06-19 21:58:22.661  1095  1785 E ThermalManagerService: No threshold found for cam1-usr
06-19 21:58:22.661  1095  1785 E ThermalManagerService: No threshold found for cam2-usr
06-19 21:58:22.661  1095  1785 E ThermalManagerService: No threshold found for cam3-usr
06-19 21:58:22.661  1095  1785 E ThermalManagerService: No threshold found for cam4-usr
06-19 21:58:22.661  1095  1785 E ThermalManagerService: No threshold found for cam5-usr
06-19 21:58:22.661  1095  1785 E ThermalManagerService: No threshold found for disp-virt
06-19 21:58:22.661  1095  1785 E ThermalManagerService: No threshold found for pogo-usr
06-19 21:58:22.712   647 12617 I libcamerahal: [INSIGHTS][2.01s] recv/ret/req heartbeat: cam0: 90/90/89, cam1: 90/90/91, cam2: 90/90/90, cam3: 90/90/90
06-19 21:58:22.822   632   699 E perfservice: Same callback registered already
06-19 21:58:22.822   857  2732 E VrDeviceManagerService: registerThermalCallback failed, status: No error, ret: Same callback registered already
06-19 21:58:22.822   857  2732 E VrDeviceManagerService: getCurrentTemperatures: Thermal HAL unavailable!
06-19 21:58:22.824   632   699 E perfservice: Same callback registered already
06-19 21:58:22.824   857  2732 E VrDeviceManagerService: registerThermalCallback failed, status: No error, ret: Same callback registered already
06-19 21:58:22.824   857  2732 E VrDeviceManagerService: getCurrentTemperatures: Thermal HAL unavailable!
06-19 21:58:22.844   647   925 I DUMPSYS_LOG: {"additional_data":{"camera_fps":[{"fps":45.091671268427184,"frames":452,"id":0},{"fps":45.091671268427184,"frames":452,"id":1},{"fps":45.091671268427184,"frames":452,"id":2},{"fps":45.091671268427184,"frames":452,"id":3},{"fps":6.6839424225323478,"frames":67,"id":4},{"fps":6.6839424225323478,"frames":67,"id":5}]},"event":"CameraFPS","service":"SensorService","tid":"519455103920","ts":1718852302844316,"ts_proc":39141847469}
06-19 21:58:22.951   852  8774 I Tracking: boltlib: DSP utilization: 6.76 % (339 / 5031 ms)
06-19 21:58:23.002 13021 13237 I VrApi   : FPS=73/72,Prd=29ms,Tear=0,Early=0,Stale=0,Stale2/5/10/max=0/0/0/0,VSnc=1,Lat=-1,Fov=0,CPU4/GPU=2/2,1382/456MHz,OC=3F,TA=0/0/0,SP=N/N/N,Mem=2092MHz,Free=3191MB,PLS=0,Temp=43.0C/0.0C,TW=1.02ms,App=4.20ms,GD=0.81ms,CPU&GPU=12.52ms,LCnt=2(DR73,LM2),GPU%=0.46,CPU%=0.56(W0.64),DSF=1.00,CFL=9.72/14.35,ICFLp95=13.07,LD=0,SF=1.00,LP=0,DVFS=0
06-19 21:58:23.015 30573 30936 I [CT]    : SlamAnchorClientRuntimeIPC: [Throttled count=1] Kicked off bulk re-registration of 3 slam anchors.
06-19 21:58:23.126   647  1038 E FrameSetCollator: [worldTracking] 31 FrameSets had unexpected timestamps (over 1013.62s). Ex: slot 1 2192655.424ms -> 2192672.090ms (observed period: 16.666ms, expected period: 16.666ms (16.666ms))
06-19 21:58:23.196 30573 30713 W [CT]    : Anchor:SlamAnchorMemoryOSSDKClient: [Throttled count=495] Skipping invalid anchorHandle when attempting to cache AnchorStates
06-19 21:58:23.416   852  8780 I Tracking: BOLT:HexagonTelemetry: Global DSP utilization: 6.46% (323 / 5002 ms), Scalar Util: 0.00%, HVX Util: 0.00%, HMX Util: 0.00%.
06-19 21:58:23.418 30573 30713 I [CT]    : SP:AF:AnchorFramework: calculateRigidScenePose: Located 19 / 19 anchors for calculating rigid scene pose
06-19 21:58:23.418 30573 30713 I [CT]    : SP:AF:AnchorAccuracy: New Rigid Scene calculated using 19 anchors attached to 1 IAs. 2.0137310400023125 seconds since last update
06-19 21:58:23.418 30573 30713 I [CT]    : SP:AF:AnchorAccuracy: New scene origin pose: -0.9359820485115051 -0.9956116676330566 0.6418505907058716 : 0.3913920521736145 -0.3913920223712921 -0.5889076590538025 -0.5889077186584473
06-19 21:58:23.418 30573 30713 I [CT]    : SP:AF:AnchorAccuracy: New scene origin pose moved: 0.001300959032960236 translation 0.0003473461256362498 rotation
06-19 21:58:23.465   852 12631 E Tracking: CONSTELLATION:IMU_STATUS: da7a0f37bc734fd (L): Timestamp not increasing: current time 2193.00541s <= last log time 26766.622426s
06-19 21:58:23.673  1095  1785 E ThermalManagerService: No threshold found for pcb1-usr
06-19 21:58:23.673  1095  1785 E ThermalManagerService: No threshold found for pcb2-usr
06-19 21:58:23.673  1095  1785 E ThermalManagerService: No threshold found for pcb3-usr
06-19 21:58:23.673  1095  1785 E ThermalManagerService: No threshold found for rf-usr
06-19 21:58:23.673  1095  1785 E ThermalManagerService: No threshold found for cam0-usr
06-19 21:58:23.673  1095  1785 E ThermalManagerService: No threshold found for cam1-usr
06-19 21:58:23.673  1095  1785 E ThermalManagerService: No threshold found for cam2-usr
06-19 21:58:23.673  1095  1785 E ThermalManagerService: No threshold found for cam3-usr
06-19 21:58:23.673  1095  1785 E ThermalManagerService: No threshold found for cam4-usr
06-19 21:58:23.673  1095  1785 E ThermalManagerService: No threshold found for cam5-usr
06-19 21:58:23.673  1095  1785 E ThermalManagerService: No threshold found for disp-virt
06-19 21:58:23.673  1095  1785 E ThermalManagerService: No threshold found for pogo-usr
06-19 21:58:23.824   632   699 E perfservice: Same callback registered already
06-19 21:58:23.825   857  2211 E VrDeviceManagerService: registerThermalCallback failed, status: No error, ret: Same callback registered already
06-19 21:58:23.825   857  2211 E VrDeviceManagerService: getCurrentTemperatures: Thermal HAL unavailable!
06-19 21:58:23.827   632   699 E perfservice: Same callback registered already
06-19 21:58:23.827   857  2732 E VrDeviceManagerService: registerThermalCallback failed, status: No error, ret: Same callback registered already
06-19 21:58:23.827   857  2732 E VrDeviceManagerService: getCurrentTemperatures: Thermal HAL unavailable!
06-19 21:58:24.015 30573 30936 I [CT]    : SlamAnchorClientRuntimeIPC: Kicked off bulk re-registration of 3 slam anchors.
06-19 21:58:24.026 13021 13237 I ClientSharedTelemetryStats: App memory usage: PSS=453 MiB, PrivateDirty=232 MiB, PrivateClean=0 MiB, GPU=214.6/214.6 MiB (100% allocated)
06-19 21:58:24.026 13021 13237 I VrApi   : FPS=72/72,Prd=29ms,Tear=0,Early=0,Stale=0,Stale2/5/10/max=0/0/0/0,VSnc=1,Lat=-1,Fov=0,CPU4/GPU=2/2,1382/456MHz,OC=3F,TA=0/0/0,SP=N/N/N,Mem=2092MHz,Free=3248MB,PLS=0,Temp=43.0C/0.0C,TW=1.04ms,App=4.05ms,GD=0.83ms,CPU&GPU=13.58ms,LCnt=2(DR73,LM2),GPU%=0.45,CPU%=0.55(W0.59),DSF=1.00,CFL=9.68/14.21,ICFLp95=12.97,LD=0,SF=1.00,LP=0,DVFS=0
06-19 21:58:24.058   852  8829 I Tracking: CONSTELLATION:IMU_STATUS: da7a0f37bc734fd (L): [FusionTracked=1.000, OutputTracked=0.000, OutputValid=0.000] [AccelSat=0.000, GyroSat=0.000] 
06-19 21:58:24.067   852  8829 I Tracking: CONSTELLATION:IMU_STATUS: 8769527bc9039ab5 (R): [FusionTracked=1.000, OutputTracked=0.000, OutputValid=0.000] [AccelSat=0.000, GyroSat=0.000] 
06-19 21:58:24.179   647  1038 E FrameSetCollator: [worldTracking] 31 FrameSets had unexpected timestamps (over 1053.16s). Ex: slot 0 2193688.716ms -> 2193722.048ms (observed period: 33.332ms, expected period: 16.666ms (16.666ms))
06-19 21:58:24.237 30573 30713 W [CT]    : Anchor:SlamAnchorMemoryOSSDKClient: [Throttled count=495] Skipping invalid anchorHandle when attempting to cache AnchorStates
06-19 21:58:24.532   852 12631 E Tracking: CONSTELLATION:IMU_STATUS: da7a0f37bc734fd (L): Timestamp not increasing: current time 2194.072034s <= last log time 26766.622426s
06-19 21:58:24.686  1095  1785 E ThermalManagerService: No threshold found for pcb1-usr
06-19 21:58:24.686  1095  1785 E ThermalManagerService: No threshold found for pcb2-usr
06-19 21:58:24.686  1095  1785 E ThermalManagerService: No threshold found for pcb3-usr
06-19 21:58:24.686  1095  1785 E ThermalManagerService: No threshold found for rf-usr
06-19 21:58:24.686  1095  1785 E ThermalManagerService: No threshold found for cam0-usr
06-19 21:58:24.686  1095  1785 E ThermalManagerService: No threshold found for cam1-usr
06-19 21:58:24.686  1095  1785 E ThermalManagerService: No threshold found for cam2-usr
06-19 21:58:24.686  1095  1785 E ThermalManagerService: No threshold found for cam3-usr
06-19 21:58:24.686  1095  1785 E ThermalManagerService: No threshold found for cam4-usr
06-19 21:58:24.686  1095  1785 E ThermalManagerService: No threshold found for cam5-usr
06-19 21:58:24.686  1095  1785 E ThermalManagerService: No threshold found for disp-virt
06-19 21:58:24.686  1095  1785 E ThermalManagerService: No threshold found for pogo-usr
06-19 21:58:24.715   647 12619 I libcamerahal: [INSIGHTS][2.01s] recv/ret/req heartbeat: cam0: 91/91/91, cam1: 91/91/90, cam2: 90/90/90, cam3: 90/90/91
06-19 21:58:24.826   632   699 E perfservice: Same callback registered already
06-19 21:58:24.827   857  2732 E VrDeviceManagerService: registerThermalCallback failed, status: No error, ret: Same callback registered already
06-19 21:58:24.827   857  2732 E VrDeviceManagerService: getCurrentTemperatures: Thermal HAL unavailable!
06-19 21:58:24.830   632   699 E perfservice: Same callback registered already
06-19 21:58:24.830   857  2732 E VrDeviceManagerService: registerThermalCallback failed, status: No error, ret: Same callback registered already
06-19 21:58:24.830   857  2732 E VrDeviceManagerService: getCurrentTemperatures: Thermal HAL unavailable!
06-19 21:58:25.002 13021 13237 I VrApi   : FPS=73/72,Prd=29ms,Tear=0,Early=0,Stale=0,Stale2/5/10/max=0/0/0/0,VSnc=1,Lat=-1,Fov=0,CPU4/GPU=2/2,1382/456MHz,OC=3F,TA=0/0/0,SP=N/N/N,Mem=1708MHz,Free=3248MB,PLS=0,Temp=43.0C/0.0C,TW=1.13ms,App=3.88ms,GD=0.88ms,CPU&GPU=13.54ms,LCnt=2(DR73,LM2),GPU%=0.45,CPU%=0.62(W0.68),DSF=1.00,CFL=9.78/14.36,ICFLp95=13.05,LD=0,SF=1.00,LP=0,DVFS=0
06-19 21:58:25.179   647  1038 E FrameSetCollator: [worldTracking] 30 FrameSets had unexpected timestamps (over 1000.26s). Ex: slot 0 2194688.676ms -> 2194722.008ms (observed period: 33.332ms, expected period: 16.666ms (16.666ms))
06-19 21:58:25.220   852 12620 I Tracking: VioSubmapHelpers: Initializing Submap id = 2, version = 1016726944 relative to Submap id = 1, version = 1357676777.
06-19 21:58:25.220   852 12620 I Tracking: TrackedMapContext: Stop tracking Submap id = 2, version = 881210079 at index: 2 / 3
06-19 21:58:25.221   852 12620 I Tracking: SVTTS: Starting map tracking on Submap id = 2, version = 1016726944, total 2
06-19 21:58:25.251 30573 30713 W [CT]    : Anchor:SlamAnchorMemoryOSSDKClient: [Throttled count=495] Skipping invalid anchorHandle when attempting to cache AnchorStates
06-19 21:58:25.356   852 12620 W Tracking: VEGA:HM:MAP_TRACKING: Validation failed on Submap id = 2, version = 1016726944
06-19 21:58:25.432 30573 30713 I [CT]    : SP:AF:AnchorFramework: calculateRigidScenePose: Located 19 / 19 anchors for calculating rigid scene pose
06-19 21:58:25.432 30573 30713 I [CT]    : SP:AF:AnchorAccuracy: New Rigid Scene calculated using 19 anchors attached to 1 IAs. 2.013732853003603 seconds since last update
06-19 21:58:25.432 30573 30713 I [CT]    : SP:AF:AnchorAccuracy: New scene origin pose: -0.9362218379974365 -0.9953852295875549 0.6414755582809448 : 0.3913947343826294 -0.3913947343826294 -0.588905930519104 -0.5889058709144592
06-19 21:58:25.432 30573 30713 I [CT]    : SP:AF:AnchorAccuracy: New scene origin pose moved: 0.000499545771162957 translation 9.150866389973089e-06 rotation
06-19 21:58:25.600   852 12631 E Tracking: CONSTELLATION:IMU_STATUS: da7a0f37bc734fd (L): Timestamp not increasing: current time 2195.138658s <= last log time 26766.622426s
06-19 21:58:25.646  3062 30854 I ClientSharedTelemetryStats: App memory usage: PSS=131 MiB, PrivateDirty=112 MiB, PrivateClean=0 MiB, GPU=28.5/28.5 MiB (100% allocated)
06-19 21:58:25.690   852 12620 W Tracking: VEGA:HM:MAP_TRACKING: Validation failed on Submap id = 2, version = 1016726944
06-19 21:58:25.703  1095  1785 E ThermalManagerService: No threshold found for pcb1-usr
06-19 21:58:25.703  1095  1785 E ThermalManagerService: No threshold found for pcb2-usr
06-19 21:58:25.703  1095  1785 E ThermalManagerService: No threshold found for pcb3-usr
06-19 21:58:25.703  1095  1785 E ThermalManagerService: No threshold found for rf-usr
06-19 21:58:25.703  1095  1785 E ThermalManagerService: No threshold found for cam0-usr
06-19 21:58:25.703  1095  1785 E ThermalManagerService: No threshold found for cam1-usr
06-19 21:58:25.703  1095  1785 E ThermalManagerService: No threshold found for cam2-usr
06-19 21:58:25.703  1095  1785 E ThermalManagerService: No threshold found for cam3-usr
06-19 21:58:25.703  1095  1785 E ThermalManagerService: No threshold found for cam4-usr
06-19 21:58:25.703  1095  1785 E ThermalManagerService: No threshold found for cam5-usr
06-19 21:58:25.703  1095  1785 E ThermalManagerService: No threshold found for disp-virt
06-19 21:58:25.703  1095  1785 E ThermalManagerService: No threshold found for pogo-usr
06-19 21:58:25.828   632   699 E perfservice: Same callback registered already
06-19 21:58:25.828   857  2732 E VrDeviceManagerService: registerThermalCallback failed, status: No error, ret: Same callback registered already
