06-25 21:24:24.597   843 30570 I Tracking: SVTTS: Starting map tracking on Submap id = 2, version = 1761422047, total 2
06-25 21:24:24.603  2167  2462 I [SEO] LayerSwapChainResource: LayerSwapChainResource width(64), height(64), swap chain length(1), mips(3)
06-25 21:24:24.604  2734  3354 I VrRuntimeService: CreateSwapChain: 1890596101
06-25 21:24:24.604  2734  3354 I VrRuntimeService: CreateSwapChain: api:gles 0 0x8c43 64 64 3 1 1 0 3
06-25 21:24:24.605  2734  3354 I VrRuntimeServer: CreateTextureSwapChain: result importswapchaingles 1
06-25 21:24:24.605  2167  2462 I [SEO] SwapChainApiOpenXr: Swapchain created: 64,64 - 1
06-25 21:24:24.606  2734  3354 I VrRuntimeService: UpdateSwapChainSamplerState: 841
06-25 21:24:24.606  2734  3354 I VrRuntimeService: UpdateSwapChainSamplerState: minFilter=1 magFilter=1 wrapModeS=3 warpModeT=3 maxAniso=1.000000 border={0.000000,0.000000,0.000000,0.000000} swizzle={0,1,2,3}
06-25 21:24:24.639  2734 30530 I Vsync   : Vsync 4926:  2 x 13.89 ms (72.00 Hz, at 15137.354)
06-25 21:24:24.667  2895  2944 I [CT]    : SP:AF:AnchorFramework: calculateRigidScenePose: Located 19 / 19 anchors for calculating rigid scene pose
06-25 21:24:24.668  2895  2944 I [CT]    : SP:AF:AnchorAccuracy: New Rigid Scene calculated using 19 anchors attached to 1 IAs. 2.0137201540001115 seconds since last update
06-25 21:24:24.668  2895  2944 I [CT]    : SP:AF:AnchorAccuracy: New scene origin pose: -1.2735235691070557 -1.4786653518676758 0.5053171515464783 : 0.3052065074443817 -0.3052065372467041 -0.6378471255302429 -0.6378471851348877
06-25 21:24:24.668  2895  2944 I [CT]    : SP:AF:AnchorAccuracy: New scene origin pose moved: 0.0036814988125115633 translation 0.0019693973008543253 rotation
06-25 21:24:24.707   843 30515 I Tracking: INPUT_TRACKING: ControllerInHandClassifier Right (8769527bc9039ab5): Transition from InHand -> OutOfHand due to Static motion and no button pressed recently.
06-25 21:24:24.744   843 30570 W Tracking: VEGA:HM:MAP_TRACKING: Validation failed on Submap id = 1, version = 920890522
06-25 21:24:24.744   843 30570 W Tracking: VEGA:HM:MAP_TRACKING: Validation failed on Submap id = 2, version = 1761422047
06-25 21:24:24.777  3126  3436 I ClientSharedTelemetryStats: App memory usage: PSS=152 MiB, PrivateDirty=139 MiB, PrivateClean=0 MiB, GPU=8.9/8.9 MiB (100% allocated)
06-25 21:24:24.891   843 30515 I Tracking: INPUT_TRACKING: ControllerInHandClassifier Right (8769527bc9039ab5): Transition from OutOfHand -> InHand due to no longer static and tracked orientation delta 10.3deg from static motion.
06-25 21:24:25.032   636   750 D perfservice: [POWERHINT] Received LAUNCH hint launchStr: LAUNCH
06-25 21:24:25.064  2167  2462 I [SEO] LayerSwapChainResource: LayerSwapChainResource width(64), height(64), swap chain length(1), mips(3)
06-25 21:24:25.064  2734  3354 I VrRuntimeService: CreateSwapChain: 1890596101
06-25 21:24:25.064  2734  3354 I VrRuntimeService: CreateSwapChain: api:gles 0 0x8c43 64 64 3 1 1 0 3
06-25 21:24:25.066  2734  3354 I VrRuntimeServer: CreateTextureSwapChain: result importswapchaingles 1
06-25 21:24:25.067  2167  2462 I [SEO] SwapChainApiOpenXr: Swapchain created: 64,64 - 1
06-25 21:24:25.067  2734  3354 I VrRuntimeService: UpdateSwapChainSamplerState: 842
06-25 21:24:25.067  2734  3354 I VrRuntimeService: UpdateSwapChainSamplerState: minFilter=1 magFilter=1 wrapModeS=3 warpModeT=3 maxAniso=1.000000 border={0.000000,0.000000,0.000000,0.000000} swizzle={0,1,2,3}
06-25 21:24:25.140  2895  2944 W [CT]    : Anchor:SlamAnchorMemoryOSSDKClient: [Throttled count=511] Skipping invalid anchorHandle when attempting to cache AnchorStates
06-25 21:24:25.144   843 30515 I Tracking: INPUT_TRACKING: ControllerInHandClassifier Left (da7a0f37bc734fd): Transition from OutOfHand -> InHand due to consistent vision agreement for 2 checks in row from VisionDisagreement.
06-25 21:24:25.162   642 30569 I libcamerahal: [INSIGHTS][2.01s] recv/ret/req heartbeat: cam0: 90/90/90, cam1: 90/90/90, cam2: 90/90/90, cam3: 90/90/90
06-25 21:24:25.214  1917  8208 D BufferPoolAccessor2.0: bufferpool2 0x6ebc7c7028 : 0(0 size) total buffers - 0(0 size) used buffers - 3/8 (recycle/alloc) - 5/5084 (fetch/transfer)
06-25 21:24:25.214  1917  8208 D BufferPoolAccessor2.0: evictor expired: 1, evicted: 1
06-25 21:24:25.258   642  1037 E FrameSetCollator: [worldTracking] 31 FrameSets had unexpected timestamps (over 1053.18s). Ex: slot 0 4446931.916ms -> 4446965.248ms (observed period: 33.332ms, expected period: 16.666ms (16.666ms))
06-25 21:24:25.272   843 30570 W Tracking: VEGA:HM:MAP_TRACKING: Validation failed on Submap id = 2, version = 1761422047
06-25 21:24:25.315  2895  3502 I VrGuardianService: com.oculus.vrshell -> GuardianSDKServer::SetGuardianHitDialog 1
06-25 21:24:25.357  1070  1133 W PackageManager: Verification with id 17 not found. It may be invalid or overridden by integrity verification
06-25 21:24:25.365   642   888 E libsensortelemetry: imu samples delayed: 4060245ns capture to arrival (ERS limit: 3500000ns)
06-25 21:24:25.391 31072 31324 D UE      : [2024.06.26-02.24.25:391][180]LogTcpMessaging: Lost node '84B2BF089A462D11C7001AA65F6A47C3' on connection '127.0.0.1:43441'...
06-25 21:24:25.396   843 30570 I Tracking: VioSubmapHelpers: Initializing Submap id = 1, version = 895799439 relative to Odometry.
06-25 21:24:25.396   843 30570 I Tracking: VioSubmapHelpers: Initializing Submap id = 2, version = 332129748 relative to Odometry.
06-25 21:24:25.396   843 30570 I Tracking: TrackedMapContext: Stop tracking Submap id = 2, version = 1761422047 at index: 2 / 3
06-25 21:24:25.396   843 30570 I Tracking: TrackedMapContext: Stop tracking Submap id = 1, version = 920890522 at index: 1 / 2
06-25 21:24:25.396   843 30570 I Tracking: SVTTS: Starting map tracking on Submap id = 1, version = 895799439, total 1
06-25 21:24:25.397   843 30570 I Tracking: SVTTS: Starting map tracking on Submap id = 2, version = 332129748, total 2
06-25 21:24:25.400  2895  3502 I VrGuardianService: com.oculus.vrshell -> GuardianSDKServer::SetGuardianHitDialog 0
06-25 21:24:25.472   818  1332 D BufferPoolAccessor2.0: bufferpool2 0xb400007caca5d228 : 0(0 size) total buffers - 0(0 size) used buffers - 2535/2539 (recycle/alloc) - 21/2539 (fetch/transfer)
06-25 21:24:25.472   818  1332 D BufferPoolAccessor2.0: evictor expired: 1, evicted: 1
06-25 21:24:25.530  2734  3214 I VrRuntimeService: RuntimeServiceSDKServer::SetGuardianSystemState: 3004922409
06-25 21:24:25.530  2895  2944 I GuardianSystem: GuardianSDKServerStateSnapshot::Sync: Flags changed: 860172, 860168, SYSTEM_EXITED_BOUNDS,SYSTEM_ROOM_SCALE_ACTIVE,SYSTEM_GUARDIAN_VISIBLE,SYSTEM_SYSTEM_PT_VISIBLE,SYSTEM_GUARDIAN_VALID to SYSTEM_ROOM_SCALE_ACTIVE,SYSTEM_GUARDIAN_VISIBLE,SYSTEM_SYSTEM_PT_VISIBLE,SYSTEM_GUARDIAN_VALID
06-25 21:24:25.538  2167  2462 I [SEO] GuardianSDKSync: GetShellGuardianSetupState: RESOLVING_DIALOGS
06-25 21:24:25.540   843 30570 W Tracking: VEGA:HM:MAP_TRACKING: Validation failed on Submap id = 1, version = 895799439
06-25 21:24:25.540   843 30570 W Tracking: VEGA:HM:MAP_TRACKING: Validation failed on Submap id = 2, version = 332129748
06-25 21:24:25.545  2895  2944 I SpatialShiftLogger: [SpatialShift][Telemetry][FloorHeight]: [ event: STAGE_SPACE_UPDATED, eventReason: [switchstationary], numGuardians: 1 hasActiveGuardian: 1 activeGuardian: 8e3cbd58-2e1b-2e9c-153a-e4bf2d2d4249, stageFloorHeight: -0.411209, guardianFloorHeight: -0.411209, isSlamFloorHeightValid: 1 slamFloorHeight: -0.513432 guardianSlamDiff:0.102223 guardianStageDiff: 0 ]
06-25 21:24:25.545  2734  3214 I VrRuntimeService: RuntimeServiceSDKServer::UpdateLocalSpace
06-25 21:24:25.545  2734  3214 I VrRuntimeServer: UpdateLocalSpace: Src: 3, Version: 87, VersionUser: 0, RawFloorHeightOld: -0.411209, RawFloorHeightNew: -0.411209
06-25 21:24:25.546  2734  3214 I VrRuntimeService: RuntimeServiceSDKServer::SetGuardianPolygon: 3004922409, 380
06-25 21:24:25.546  2734  3214 I Guardian: SetPolygon: 380
06-25 21:24:25.546  2734  3214 I VrRuntimeService: RuntimeServiceSDKServer::SetGuardianStationaryInfo: 3004922409
06-25 21:24:25.547  2895  2944 I StateMachine: StateMachine::HandleEvent LeftBounds: enterPlayArea -> InBounds
06-25 21:24:25.547  2895  2944 I SpatialShiftLogger: [SpatialShift][Telemetry][FloorHeight]: [ event: ENTERED_GUARDIAN, eventReason: [n/a], numGuardians: 1 hasActiveGuardian: 1 activeGuardian: 8e3cbd58-2e1b-2e9c-153a-e4bf2d2d4249, stageFloorHeight: -0.411209, guardianFloorHeight: -0.411209, isSlamFloorHeightValid: 1 slamFloorHeight: -0.513432 guardianSlamDiff:0.102223 guardianStageDiff: 0 ]
06-25 21:24:25.547  2895  2944 I GuardianSystem: [GuardianSystem::UpdateCachedSpaceStateFromRuntime] Responding to local space version number change.
06-25 21:24:25.548  2895  2944 I Deque   : AddEventToQueue called. eventInfo.type: 40, eventInfo.next: 0
06-25 21:24:25.550  3126  3218 I Deque   : AddEventToQueue called. eventInfo.type: 40, eventInfo.next: 1
06-25 21:24:25.552  2167  2462 I Deque   : AddEventToQueue called. eventInfo.type: 40, eventInfo.next: 0
06-25 21:24:25.552  2167  2462 I [SEO] VrPlatformOpenXr: xrPollEvent: received XR_TYPE_EVENT_DATA_REFERENCE_SPACE_CHANGE_PENDING event
06-25 21:24:25.558  2895  2944 I GuardianSystem: [GuardianSystem::SetGuardianDialogAndDefinition] pendingDialogDefinition = -1
06-25 21:24:25.558  2895  2944 I GuardianPassthroughMgr: GuardianPassthroughMgr::RequestTransition - Requesting transition type Wipe to hide passthrough (0) for passthrough type kPTTypeGuardianDialog
06-25 21:24:25.558  2895  3697 I GuardianWall: BuildFromPoints: Original: 380, New: 193, Triangles: 4966
06-25 21:24:25.563  2167  2462 I [SEO] LocalSpace: New Space: quat(0.000000, 0.000000, 0.000000, 1.000000), translation(0.000000, 1.447505, 0.000000) - Prior Space: quat(0.000000, 0.000000, 0.000000, 1.000000), translation(0.000000, 1.447505, 0.000000)
06-25 21:24:25.563  2167  2462 I [SEO] LocalSpace: Local space version from 83 to 84, local space user version from 0 to 0.
06-25 21:24:25.565  2167  2462 I [SEO] SystemUXControllerHelper: OnReorient(reason: 3)
06-25 21:24:25.565  2167  2462 I [SEO] TelemetryProvider: aui_reorient system 0 0 0 com.oculus.os.clearactivity
06-25 21:24:25.571  2895  2944 I GuardianPassthroughMgr: GuardianPassthroughMgr::MaybeActivateTransition - Transition type Wipe to hide passthrough (0) activated (1.000000 => 0.200000)
06-25 21:24:25.571  2895  2944 I GuardianPassthroughMgr: GuardianPassthroughMgr::UpdateTransition - Transition to hide passthrough (0) finished early due to alpha mismatch (0.200000)
06-25 21:24:25.571  2895  2944 I GuardianPassthroughMgr: GuardianPassthroughMgr::FinishTransition - Clearing transition to hide passthrough (0)
06-25 21:24:25.571  2895  2944 I GuardianPassthroughMgr: GuardianPassthroughMgr::UpdateTransition - Transition state change (PT_TRANSITION_MR -> PT_TRANSITION_VR)
06-25 21:24:25.571  2895  2944 I GuardianPassthroughMgr: [GuardianPassthroughMgr::UpdateDebugLog] Passthrough flags changed from: PT_GUARDIAN_DIALOG_USE to NONE, alpha from 1.000000 to 0.200000, reality tuner value 0
06-25 21:24:25.571  2895  3697 I GuardianWall: BuildFromPoints: Original: 380, New: 193, Triangles: 4966
06-25 21:24:25.577  2167  2462 I [SEO] DialogController: HideDialog hiding dialogType:9
06-25 21:24:25.577  2167  2462 I [SEO] DialogController: Hide Previous pending dialog: type: guardian_configurable, uri "" - reason Configurable Dialog closing
06-25 21:24:25.577  2167  2462 I [SEO] DialogController: HandleCleanup for guardian_configurable
06-25 21:24:25.577  2167  2462 I [SEO] DialogController: Dialog change detected; updating dialog UI.
06-25 21:24:25.578  2167  2462 I [SEO] DialogController: Old dialog: type: guardian_configurable, uri ""
06-25 21:24:25.578  2167  2462 I [SEO] DialogController: New dialog: type: systemux://dialog/none, uri "systemux://dialog/none"
06-25 21:24:25.578  2167  2462 I [SEO] DialogController: HandleCleanup for guardian_configurable
06-25 21:24:25.578  2167  2462 I [SEO] PanelAppHost: PanelAppHost destructor, panel 82 (com.oculus.systemux/com.oculus.panelapp.androiddialog.AndroidDialogPanelService)
06-25 21:24:25.578  2167  2462 I [SEO] PanelAppHost: Panel app 82 (com.oculus.systemux/com.oculus.panelapp.androiddialog.AndroidDialogPanelService) changing state from foreground to shutdown
06-25 21:24:25.578  2167  2462 D [SEO] ShellApplication: Unbinding service for panel app id 82
06-25 21:24:25.578  2895  3502 I VrGuardianService: com.oculus.vrshell -> GuardianSDKServer::ClearPassthroughFlag 8
06-25 21:24:25.578  2895  3502 I VrGuardianService: com.oculus.vrshell -> GuardianSDKServer::ClearPassthroughFlag 8
06-25 21:24:25.579  3641  3641 I PanelService: VR Shell socket closed(ECONNRESET); shutting down fd: 84
06-25 21:24:25.579  3641  3641 I PanelService: Quitting application via hardExit flag. Shutting down fd 84.
06-25 21:24:25.580  3641  3641 I BackgroundThreadExecutor: Shutting down background executor service for owner: com.oculus.panelapp.androiddialog.AndroidDialogPanelApp@da267b2
06-25 21:24:25.580  3641  3641 I AndroidPanelApp: Destroyed
06-25 21:24:25.580  2167  2462 I [SEO] DisplayStatePreservationController: Applied preserved state by adapter: taskBarPositionAdapter
06-25 21:24:25.580  2167  2462 I [SEO] DisplayStatePreservationController: Applied preserved state by adapter: adaptabilityControllerAdapter
06-25 21:24:25.582  1070  5366 W InputManager-JNI: Input channel object '496e043 com.oculus.systemux (client)' was disposed without first being removed with the input manager!
06-25 21:24:25.584  2167  2462 I [SEO] PanelAppOSLifecycleNotificationManager: Sending frameState isForeground:0 to OS for app com.oculus.systemux/com.oculus.panelapp.androiddialog.AndroidDialogPanelService
06-25 21:24:25.585  2167  2462 I [SEO] SwapChainApiOpenXr: Destroying SwapChain:0x6eb6878580
06-25 21:24:25.585  2734  3354 I VrRuntimeService: DestroySwapChain: swapchain=839
06-25 21:24:25.586  2167  2462 I [SEO] GuardianSDKSync: GetShellGuardianSetupState: DORMANT
06-25 21:24:25.587  1070  5366 I DisplayDeviceRepository: Display device removed: DisplayDeviceInfo{"com.oculus.android_panel_app.AndroidPanelLayer-#main": uniqueId="virtual:com.oculus.systemux,10028,com.oculus.android_panel_app.AndroidPanelLayer-#main,3", 480 x 938, modeId 265, defaultModeId 265, supportedModes [{id=265, width=480, height=938, fps=60.0, alternativeRefreshRates=[]}], colorMode 0, supportedColorModes [0], hdrCapabilities null, allmSupported false, gameContentTypeSupported false, density 200, 200.0 x 200.0 dpi, appVsyncOff 0, presDeadline 16666666, touch NONE, rotation 0, type VIRTUAL, deviceProductInfo null, state ON, owner com.oculus.systemux (uid 10028), frameRateOverride , brightnessMinimum 0.0, brightnessMaximum 0.0, brightnessDefault 0.0, FLAG_PRIVATE, FLAG_NEVER_BLANK, FLAG_OWN_CONTENT_ONLY}
06-25 21:24:25.589  1070  5366 I LogicalDisplayMapper: Removing display: 138
06-25 21:24:25.590  1070  1241 I InputDispatcher: Erasing monitor PointerEventDispatcher138 (server) on display 138, pid=1070
06-25 21:24:25.591  2167  2462 I [SEO] FlowController: UpdateActiveFlow from GuardianSetupFlow to NonModalFlow
06-25 21:24:25.591  2167  2462 I [SEO] GuardianSetupFlow: GuardianSetupFlow Deactivated
06-25 21:24:25.591  2167  2462 I [SEO] GuardianSetupFlow: GuardianSetupFlow::ParseShellUri shellGuardianSetupState = 0
06-25 21:24:25.591  2167  2462 I [SEO] GuardianSDKSync: SETUP STATE1 ACTIVE: GUARDIAN_SYSTEM_ROOM_SCALE_ACTIVE
06-25 21:24:25.591  2167  2462 I [SEO] GuardianSDKSync: SETUP STATE1 ACTIVE: GUARDIAN_SYSTEM_GUARDIAN_VISIBLE
06-25 21:24:25.591  2167  2462 I [SEO] GuardianSDKSync: SETUP STATE1 ACTIVE: GUARDIAN_SYSTEM_SYSTEM_PT_VISIBLE
06-25 21:24:25.591  2167  2462 I [SEO] GuardianSDKSync: SETUP STATE1 ACTIVE: GUARDIAN_SYSTEM_GUARDIAN_VALID
06-25 21:24:25.591  2167  2462 I [SEO] NonModalFlow: Activated
06-25 21:24:25.593  2167  2462 I [SEO] GuardianController: ShouldAllowShellUi changed from 0 to 1
06-25 21:24:25.593  2167  2462 I [SEO] GuardianController: IsShellEnvironmentAllowed changed from 0 to 1
06-25 21:24:25.597  2895  3502 I VrGuardianService: com.oculus.vrshell -> GuardianSDKServer::ClearPassthroughFlag 8
06-25 21:24:25.605  2167  2462 I [SEO] ShellAppBase: ResolveInteractionState: change from InputFocus to Rendering
06-25 21:24:25.605  2167  2462 D [SEO] ShellApplication: setOverlayInputFocus: inputFocus=false
06-25 21:24:25.605  2167  2462 D [SEO] ShellService: setOverlayInputFocus : entrypoint - inputFocus=false
06-25 21:24:25.605  2167  2462 D [SEO] ShellService: Uninstalling global InputFilter
06-25 21:24:25.605  2167  3980 D [SEO] ShellInputFilter: onUninstalled
06-25 21:24:25.605  2167  2462 I [SEO] SystemAssistant: OnModeChanged from Paused to ImmersiveAppFocused
06-25 21:24:25.605  2167  2462 D [SEO] ShellApplication: notify OS to set com.oculus.vrshell/com.oculus.vrshell.ShellService to BACKGROUND
06-25 21:24:25.606  2167  2462 I [SEO] ShellAppBase: ProcessForegroundBlockingState Requesting allowing foreground app, flow=NonModalFlow
06-25 21:24:25.606  2167  2462 D [SEO] ShellApplication: setRequestForegroundAppPaused: 'false
06-25 21:24:25.607  1070  5366 I ActivityTaskManager: START u0 {act=com.oculus.os.clearactivity.FINISH cmp=com.oculus.os.clearactivity/.ClearActivity (has extras)} from uid 10037
06-25 21:24:25.607  3126  3156 I MRSVC   : MIXEDREALITY: MrServiceController: VrFocusManager::Top Activity Changed, topActivity now is: 'com.oculus.os.clearactivity', immersiveApp now is: ''.
06-25 21:24:25.607  1070  5366 W ActivityTaskManager: startActivity called from non-Activity context; forcing Intent.FLAG_ACTIVITY_NEW_TASK for: Intent { act=com.oculus.os.clearactivity.FINISH flg=0x800000 cmp=com.oculus.os.clearactivity/.ClearActivity (has extras) }
06-25 21:24:25.609  2167  2167 D [SEO] ShellService: setOverlayInputFocus : completed - inputFocus=false
06-25 21:24:25.609  1070  1508 W InputManager-JNI: Input channel object '8fb563a Shell.EventInterceptor (client)' was disposed without first being removed with the input manager!
06-25 21:24:25.610  1070  1102 W NotificationHistory: Attempted to remove channel for locked/gone/disabled user 0
06-25 21:24:25.611  2734 30530 I Vsync   : Vsync 4996:  2 x 13.89 ms (72.01 Hz, at 15138.326)
06-25 21:24:25.612  1909  2173 I OVRMediaService: onStartCommand Received message type: overlay_input_focus_change, caller package: com.oculus.vrshell, app identify: AppIdentity{uid=10037, packageNames=[com.oculus.vrshell], sha2=3C-DTjwZQjeLFPB2yCzRq1nqZWa_9HMLIEfpjvyfna8, version=null, domain=null}
06-25 21:24:25.612  1909  2173 I OVRMediaService: Received OVERLAY_INPUT_FOCUS_CHANGE. is focused: false
06-25 21:24:25.614  2895  2944 I GuardianCollisionTracker: Guardian Controller Collision: Magnitude: 5.629, Duration: -1.000 sec, TimeStamp: 15138.292969 sec
06-25 21:24:25.616  1070  1102 V WindowManager: Unknown focus tokens, dropping reportFocusChanged
06-25 21:24:25.619  2167  2167 I [SEO] VrNotificationListenerService: onNotificationRemoved() - key = 0|android|0|com.android.server.wm.AlertWindowNotification - com.oculus.vrshell|1000, type = unspecified
06-25 21:24:25.619  2167  2167 D VrNotificationAnalytics: logNotificationRemoved(unspecified)
06-25 21:24:25.621  3641 30537 I ApplicationUtils: isAppEnabled com.YourCompany.Metaverse_Game1: true
06-25 21:24:25.621  3641 30539 I ApplicationUtils: isAppEnabled com.YourCompany.Metaverse_Game1: true
06-25 21:24:25.622  3641 30537 I ApplicationUtils: isAppEnabled com.oculus.metacam: true
06-25 21:24:25.622  3641 30539 I ApplicationUtils: isAppEnabled com.oculus.metacam: true
06-25 21:24:25.623  3641 30539 I ApplicationUtils: isAppEnabled com.oculus.horizon: true
06-25 21:24:25.623  3641 30537 I ApplicationUtils: isAppEnabled com.oculus.horizon: true
06-25 21:24:25.623  3641 30539 I ApplicationUtils: isAppEnabled com.oculus.notification_proxy: true
06-25 21:24:25.623  3641 30537 I ApplicationUtils: isAppEnabled com.oculus.notification_proxy: true
06-25 21:24:25.623  3641 30537 I ApplicationUtils: isAppEnabled com.oculus.notification_proxy: true
06-25 21:24:25.624  3641 30539 I ApplicationUtils: isAppEnabled com.oculus.notification_proxy: true
06-25 21:24:25.624  3641 30539 I ApplicationUtils: isAppEnabled com.oculus.systemutilities: true
06-25 21:24:25.624  3641 30537 I ApplicationUtils: isAppEnabled com.oculus.systemutilities: true
06-25 21:24:25.625  3641 30539 I ApplicationUtils: isAppEnabled com.oculus.metacam: true
06-25 21:24:25.625  3641 30537 I ApplicationUtils: isAppEnabled com.oculus.metacam: true
06-25 21:24:25.625  3641 30539 I ApplicationUtils: isAppEnabled com.oculus.metacam: true
06-25 21:24:25.625  3641 30537 I ApplicationUtils: isAppEnabled com.oculus.metacam: true
06-25 21:24:25.626  3641 30539 I ApplicationUtils: isAppEnabled com.oculus.ocms: true
06-25 21:24:25.626  3641 30537 I ApplicationUtils: isAppEnabled com.oculus.ocms: true
06-25 21:24:25.626  3641 30539 I ApplicationUtils: isAppEnabled com.oculus.ocms: true
06-25 21:24:25.627  3641 30537 I ApplicationUtils: isAppEnabled com.oculus.ocms: true
06-25 21:24:25.627  3641 30539 I ApplicationUtils: isAppEnabled com.oculus.ocms: true
06-25 21:24:25.627  3641 30537 I ApplicationUtils: isAppEnabled com.oculus.ocms: true
06-25 21:24:25.625  1518  1518 D OculusNotificationListenerService: Notification removed: 0|android|0|com.android.server.wm.AlertWindowNotification - com.oculus.vrshell|1000
06-25 21:24:25.628  3641 30539 I ApplicationUtils: isAppEnabled com.oculus.ocms: true
06-25 21:24:25.628  3641 30537 I ApplicationUtils: isAppEnabled com.oculus.ocms: true
06-25 21:24:25.628  3641 30539 I ApplicationUtils: isAppEnabled com.oculus.ocms: true
06-25 21:24:25.628  3641 30537 I ApplicationUtils: isAppEnabled com.oculus.ocms: true
06-25 21:24:25.629  3641 30539 I ApplicationUtils: isAppEnabled com.oculus.ocms: true
06-25 21:24:25.629  3641 30537 I ApplicationUtils: isAppEnabled com.oculus.ocms: true
06-25 21:24:25.629  3641 30539 I ApplicationUtils: isAppEnabled com.oculus.ocms: true
06-25 21:24:25.630  3641 30537 I ApplicationUtils: isAppEnabled com.oculus.ocms: true
06-25 21:24:25.630  3641 30539 I ApplicationUtils: isAppEnabled com.oculus.ocms: true
06-25 21:24:25.630  3641 30537 I ApplicationUtils: isAppEnabled com.oculus.ocms: true
06-25 21:24:25.630  3641 30539 I ApplicationUtils: isAppEnabled com.oculus.metacam: true
06-25 21:24:25.631  3641 30537 I ApplicationUtils: isAppEnabled com.oculus.metacam: true
06-25 21:24:25.631  3641 30539 I ApplicationUtils: isAppEnabled com.oculus.metacam: true
06-25 21:24:25.631  3641 30537 I ApplicationUtils: isAppEnabled com.oculus.metacam: true
06-25 21:24:25.632  3641 30539 I ApplicationUtils: isAppEnabled com.oculus.ocms: true
06-25 21:24:25.632  3641 30537 I ApplicationUtils: isAppEnabled com.oculus.ocms: true
06-25 21:24:25.632  3641 30537 I ApplicationUtils: isAppEnabled com.oculus.ocms: true
06-25 21:24:25.632  3641 30539 I ApplicationUtils: isAppEnabled com.oculus.ocms: true
06-25 21:24:25.633  3641 30537 I ApplicationUtils: isAppEnabled com.oculus.ocms: true
06-25 21:24:25.633  3641 30539 I ApplicationUtils: isAppEnabled com.oculus.ocms: true
06-25 21:24:25.633  3641 30537 I ApplicationUtils: isAppEnabled com.facebook.wearable.system.location.service: true
06-25 21:24:25.633  3641 30539 I ApplicationUtils: isAppEnabled com.facebook.wearable.system.location.service: true
06-25 21:24:25.634  3641 30539 I ApplicationUtils: isAppEnabled com.oculus.captionservice: true
06-25 21:24:25.634  3641 30537 I ApplicationUtils: isAppEnabled com.oculus.captionservice: true
06-25 21:24:25.634  3641 30539 I ApplicationUtils: isAppEnabled com.oculus.metacam: true
06-25 21:24:25.634  3641 30537 I ApplicationUtils: isAppEnabled com.oculus.metacam: true
06-25 21:24:25.634  3641 30539 I ApplicationUtils: isAppEnabled com.oculus.systemutilities: true
06-25 21:24:25.634  3641 30537 I ApplicationUtils: isAppEnabled com.oculus.systemutilities: true
06-25 21:24:25.635  3641 30539 I ApplicationUtils: isAppEnabled com.oculus.presence: true
06-25 21:24:25.635  3641 30537 I ApplicationUtils: isAppEnabled com.oculus.presence: true
06-25 21:24:25.635  3641 30539 I ApplicationUtils: isAppEnabled com.oculus.mrservice: true
06-25 21:24:25.635  3641 30537 I ApplicationUtils: isAppEnabled com.oculus.mrservice: true
06-25 21:24:25.636  3641 30537 I ApplicationUtils: isAppEnabled com.oculus.guardian: true
06-25 21:24:25.636  3641 30539 I ApplicationUtils: isAppEnabled com.oculus.guardian: true
06-25 21:24:25.636  3641 30539 I ApplicationUtils: isAppEnabled com.oculus.systemdriver: true
06-25 21:24:25.636  3641 30537 I ApplicationUtils: isAppEnabled com.oculus.systemdriver: true
06-25 21:24:25.637  3641 30539 I ApplicationUtils: isAppEnabled com.facebook.spatial_persistence_service: true
06-25 21:24:25.637  3641 30537 I ApplicationUtils: isAppEnabled com.facebook.spatial_persistence_service: true
06-25 21:24:25.637  3641 30539 I ApplicationUtils: isAppEnabled com.oculus.vrshell: true
06-25 21:24:25.637  3641 30537 I ApplicationUtils: isAppEnabled com.oculus.vrshell: true
06-25 21:24:25.638  3641 30539 I ApplicationUtils: isAppEnabled com.oculus.store: true
06-25 21:24:25.638  3641 30537 I ApplicationUtils: isAppEnabled com.oculus.store: true
06-25 21:24:25.638  3641 30539 I ApplicationUtils: isAppEnabled com.YourCompany.Metaverse_Game1: true
06-25 21:24:25.639  3641 30539 I ApplicationUtils: isAppEnabled com.oculus.notification_proxy: true
06-25 21:24:25.639  3641 30539 I ApplicationUtils: isAppEnabled com.oculus.notification_proxy: true
06-25 21:24:25.640  3641 30539 I ApplicationUtils: isAppEnabled com.oculus.systemutilities: true
06-25 21:24:25.640  3641 30539 I ApplicationUtils: isAppEnabled com.oculus.ocms: true
06-25 21:24:25.641  3641 30539 I ApplicationUtils: isAppEnabled com.oculus.ocms: true
06-25 21:24:25.642  2734  2734 I ClientMgr: FocusedWindowChanged: uid = 10007 pid = 31072
06-25 21:24:25.642  2734  2734 W ClientMgr: FocusedWindowChanged: Can't find client for uid = 10007 pid = 31072
06-25 21:24:25.642  2734  2734 W ClientMgr:  Dump of client list: 
06-25 21:24:25.642  2734  2734 W ClientMgr: id 0x96e0395c, pid 2895, uid 10042, packageName com.oculus.guardian, clientName VrRuntimeClient, processName com.oculus.vrguardianservice, processNameWithPID com.oculus.vrguardianservice:2895, permissionFlags 5d, clientType 2, clientFlags 1, isApplication=false, isOsApp=false, clientSessionPlacement 4294967293, clientDisplayId -1
06-25 21:24:25.642  2734  2734 W ClientMgr: id 0x70b03505, pid 2167, uid 10037, packageName com.oculus.vrshell, clientName VrRuntimeClient, processName com.oculus.vrshell, processNameWithPID com.oculus.vrshell:2167, permissionFlags 6d, clientType 1, clientFlags 1, isApplication=false, isOsApp=false, clientSessionPlacement 2147483647, clientDisplayId -1
06-25 21:24:25.642  2734  2734 W ClientMgr: id 0xd7bbbcf4, pid 31072, uid 10007, packageName com.YourCompany.Metaverse_Game1, clientName VrRuntimeClient, processName com.YourCompany.Metaverse_Game1, processNameWithPID com.YourCompany.Metaverse_Game1:31072, permissionFlags 0, clientType 0, clientFlags 0, isApplication=true, isOsApp=false, clientSessionPlacement 128, clientDisplayId 0
06-25 21:24:25.642  2734  2734 W ClientMgr: id 0xdfb82401, pid 3126, uid 10012, packageName com.oculus.mrservice, clientName VrRuntimeClient, processName com.oculus.mrservice, processNameWithPID com.oculus.mrservice:3126, permissionFlags 40, clientType 3, clientFlags 0, isApplication=false, isOsApp=false, clientSessionPlacement 2147483774, clientDisplayId -1
06-25 21:24:25.642  2734  2734 W ClientMgr: id 0xf4cb7b09, pid 1917, uid 10011, packageName com.oculus.shellenv, clientName VrRuntimeClient, processName com.oculus.shellenv, processNameWithPID com.oculus.shellenv:1917, permissionFlags 28, clientType 0, clientFlags 1, isApplication=false, isOsApp=false, clientSessionPlacement 0, clientDisplayId 0
06-25 21:24:25.642  2734  2734 I ClientMgr: FocusedClient changed.
06-25 21:24:25.642  2734  2734 W ClientMgr: ClientMgr::SetFocusedClient: No focused client
06-25 21:24:25.642  2734  2734 I ClientMgr: Releasing clocks.
06-25 21:24:25.642  2734  2734 I ClientMgr: SetFocusedPackageName - packageName  processName  clientId 0 clientPid 0
06-25 21:24:25.642  2734  2734 I TrexControllerServerPlugin: ControllerServerBase Set Focused client: 0
06-25 21:24:25.642  3641 30539 I ApplicationUtils: isAppEnabled com.oculus.ocms: true
06-25 21:24:25.642  3126  3156 I MRSVC   : MIXEDREALITY: MrServiceController: VrFocusManager::Top Activity Changed, topActivity now is: 'com.oculus.os.clearactivity', immersiveApp now is: ''.
06-25 21:24:25.642  3641 30539 I ApplicationUtils: isAppEnabled com.oculus.ocms: true
06-25 21:24:25.643 13464 13464 D [SPA] ActivityManagerUtilsHelper: onFocusedWindowChanged: Instance: com.oculus.common.activitymanager.ActivityManagerUtilsHelper@3504352, topWindowUid: 10007, focusedApp: com.YourCompany.Metaverse_Game1, previousApp: com.oculus.vrshell
06-25 21:24:25.643  3641 30539 I ApplicationUtils: isAppEnabled com.oculus.ocms: true
06-25 21:24:25.644  3014  3014 D CaptureSessionManagerWithOwnEncoder: Async on app switch
06-25 21:24:25.644  3641 30539 I ApplicationUtils: isAppEnabled com.oculus.ocms: true
06-25 21:24:25.644  3014  3014 D CaptureSessionManager: Async on app switch
06-25 21:24:25.644  3014  3014 D MetaCam (ScreenshotSessionManager): current package is com.YourCompany.Metaverse_Game1
06-25 21:24:25.644  3641 30539 I ApplicationUtils: isAppEnabled com.oculus.ocms: true
06-25 21:24:25.644  3014  6149 D MetaCam (MediaCapabilityChecker): checkMediaHasRecordingCapabilities packageName: com.YourCompany.Metaverse_Game1
06-25 21:24:25.645  3014  4008 D MetaCam (MediaCapabilityChecker): checkMediaHasRecordingCapabilities packageName: com.YourCompany.Metaverse_Game1
06-25 21:24:25.645  3641 30539 I ApplicationUtils: isAppEnabled com.oculus.ocms: true
06-25 21:24:25.645  3641 30539 I ApplicationUtils: isAppEnabled com.oculus.ocms: true
06-25 21:24:25.646  1909  2080 W OVRLibrary: null cursor received for query content://com.oculus.ocms.library/apps/com.YourCompany.Metaverse_Game1
06-25 21:24:25.646  3641 30539 I ApplicationUtils: isAppEnabled com.oculus.ocms: true
06-25 21:24:25.646  3641 30539 I ApplicationUtils: isAppEnabled com.oculus.ocms: true
06-25 21:24:25.647  1909  2080 E OVRMediaServiceManager: LivestreamingManager Not initialized
06-25 21:24:25.657  3014  4008 W OVRLibrary: null cursor received for query content://com.oculus.ocms.library/apps/com.YourCompany.Metaverse_Game1
06-25 21:24:25.658  3014  6149 W OVRLibrary: null cursor received for query content://com.oculus.ocms.library/apps/com.YourCompany.Metaverse_Game1
06-25 21:24:25.664  2734 30530 V CompositorUtil: TryDelete: Deleting 1 swapchains
06-25 21:24:25.664  2734 30530 V CompositorUtil: SwapChainDeferDeletion: destroying texture swap chain id=839 ptr=0x6f27d38800, client id=2
06-25 21:24:25.862  2895  2944 I GuardianPassthroughMgr: [GuardianPassthroughMgr::UpdateGuardianSharedState] passthrough alpha changed from 0.000312 to 0.000000
06-25 21:24:25.863  2734  3214 I VrRuntimeService: RuntimeServiceSDKServer::SetGuardianSystemState: 3004922409
06-25 21:24:25.863  2895  2944 I GuardianSystem: GuardianSDKServerStateSnapshot::Sync: Flags changed: 860168, 598024, SYSTEM_ROOM_SCALE_ACTIVE,SYSTEM_GUARDIAN_VISIBLE,SYSTEM_SYSTEM_PT_VISIBLE,SYSTEM_GUARDIAN_VALID to SYSTEM_ROOM_SCALE_ACTIVE,SYSTEM_GUARDIAN_VISIBLE,SYSTEM_GUARDIAN_VALID
06-25 21:24:25.877  3126  3685 I MRSVC   : MIXEDREALITY: MrFeatureStatus: Passthrough: Client 3004922409 status changed from Started to Paused.
06-25 21:24:25.877  3126  3685 I MRSVC   : MIXEDREALITY: MrFeatureStatus: Passthrough for client 3004922409: Target status Started, CurrentStatus: Started
06-25 21:24:25.877  2895  3695 I GuardianRender: Successfully changed mrSessionActiveMrRenderType_ from Passthrough to None
06-25 21:24:25.883  3126  3218 I MRSVC   : MIXEDREALITY: PassthroughPresentationLayerImpl: Deallocating framebuffers for layer -1.
06-25 21:24:25.883  3126  3218 I MRSVC   : MIXEDREALITY: GlFramebufferFactory: framebuffer pool releasing buffer (elements in pool=0)
06-25 21:24:25.883  3126  3218 I MRSVC   : MIXEDREALITY: GlFramebufferFactory: framebuffer pool released buffer (elements in pool=1). GlobalCount: 1
06-25 21:24:25.883  3126  3218 I MRSVC   : MIXEDREALITY: MrServiceModelBase: passthroughModeIfChanged: kNone.
06-25 21:24:25.883  3126  3218 I MRSVC   : MIXEDREALITY: MrServiceController: clientConnected: 9223372036854775808/com.oculus.mrservice/com.oculus.mrservice
06-25 21:24:25.883  3126  3218 I MRSVC   : MIXEDREALITY: ClientsStatus: ====== Connected clients ======
06-25 21:24:25.883  3126  3218 I MRSVC   : MIXEDREALITY: ClientsStatus: Client: 3004922409/com.oculus.guardian/com.oculus.vrguardianservice:2895
06-25 21:24:25.883  3126  3218 I MRSVC   : MIXEDREALITY: ClientsStatus:    [Passthrough] -> Paused
06-25 21:24:25.883  3126  3218 I MRSVC   : MIXEDREALITY: ClientsStatus:    [Freespace] -> Created
06-25 21:24:25.883  3126  3218 I MRSVC   : MIXEDREALITY: ClientsStatus: Client: 1431008880/com.oculus.vrshell/com.oculus.vrshell:2167
06-25 21:24:25.883  3126  3218 I MRSVC   : MIXEDREALITY: ClientsStatus:    [Passthrough] -> Started
06-25 21:24:25.883  3126  3218 I MRSVC   : MIXEDREALITY: ClientsStatus:    [Freespace] -> Destroyed
06-25 21:24:25.883  3126  3218 I MRSVC   : MIXEDREALITY: ClientsStatus: ===============================
06-25 21:24:25.884  3126  3218 I MRSVC   : MIXEDREALITY: ClientsStatus: Registration from 9223372036854775808/com.oculus.mrservice/com.oculus.mrservice accepted.
06-25 21:24:25.884  3126  3218 I MRSVC   : MIXEDREALITY: MrClientModelStates: registerClient: For client 9223372036854775808 (com.oculus.mrservice:com.oculus.mrservice, in VR mode? true).
06-25 21:24:25.884  3126  3218 I MRSVC   : MIXEDREALITY: MrClientModelStates: createLayer: For client 9223372036854775808 with content MR_COMPOSITION_LAYER_BACKGROUND_PASSTHROUGH
06-25 21:24:25.884  3126  3218 I MRSVC   : MIXEDREALITY: MrClientModelStates: createLayer: Created layer with id 1033, running, total num layers 1.
06-25 21:24:25.884  3126  3218 I MRSVC   : MIXEDREALITY: MrFeatureStatus: Passthrough: Client 9223372036854775808 status changed from Destroyed to Created.
06-25 21:24:25.884  3126  3218 I MRSVC   : MIXEDREALITY: MrFeatureStatus: Passthrough for client 9223372036854775808: Target status Started, CurrentStatus: Started
06-25 21:24:25.884  3126  3218 I MRSVC   : MIXEDREALITY: MrFeatureStatus: Passthrough: Client 9223372036854775808 status changed from Created to Started.
06-25 21:24:25.884  3126  3218 I MRSVC   : MIXEDREALITY: MrFeatureStatus: Passthrough for client 9223372036854775808: Target status Started, CurrentStatus: Started
06-25 21:24:25.884  3126  3218 I MRSVC   : MIXEDREALITY: BackgroundPassthroughController: Started in hysteresis
06-25 21:24:25.884  3126  3218 I MRSVC   : MIXEDREALITY: MrServiceView: Initialized 1 passthrough layers with presentation layers after processing BG PT.
06-25 21:24:25.884  3126  3218 I MRSVC   : MIXEDREALITY: MrServiceModelBase: passthroughModeIfChanged: ImagesAndMesh.
06-25 21:24:25.884  3126  3218 I MRSVC   : MIXEDREALITY: MrRuntimeImpl: Changing mode to ImagesAndMesh
06-25 21:24:25.887   642 31351 I libcamerahal: [INSIGHTS][2.02s] recv/ret/req heartbeat: cam4: 116/114/121, cam5: 116/114/121
06-25 21:24:25.893   827  1757 W MRSS    : MIXEDREALITY: MrRuntimeCompute: Grayscale frame compute took 31.35 ms
06-25 21:24:25.897  3126  3218 I MRSVC   : MIXEDREALITY: PassthroughPresentationLayerImpl: Allocating framebuffers for layer: 1033 of size: 1800x1800, color internal format: 0x8c43, depth internal format: 0x0, swap chain length: 3, textureSamplingFilter: 1, 
06-25 21:24:25.897  3126  3218 I MRSVC   : MIXEDREALITY: GlFramebufferFactory: framebuffer pool creating buffer (elements in pool=1)
06-25 21:24:25.897  3126  3218 I MRSVC   : MIXEDREALITY: GlFramebufferFactory: framebuffer pool hit. GlobalCount: 1
06-25 21:24:25.925  2734 30530 I CompositorVR: Passthrough usage state changed: app 0, guardian 0, background 1
06-25 21:24:25.930   843 30570 I Tracking: VioSubmapHelpers: Initializing Submap id = 1, version = 1829818013 relative to Odometry.
06-25 21:24:25.931   843 30570 I Tracking: VioSubmapHelpers: Initializing Submap id = 2, version = 2021017951 relative to Odometry.
06-25 21:24:25.931   843 30570 I Tracking: TrackedMapContext: Stop tracking Submap id = 2, version = 332129748 at index: 2 / 3
06-25 21:24:25.931   843 30570 I Tracking: TrackedMapContext: Stop tracking Submap id = 1, version = 895799439 at index: 1 / 2
06-25 21:24:25.931   843 30570 I Tracking: SVTTS: Starting map tracking on Submap id = 1, version = 1829818013, total 1
06-25 21:24:25.932   843 30570 I Tracking: SVTTS: Starting map tracking on Submap id = 2, version = 2021017951, total 2
06-25 21:24:25.995  3126  3218 I MRSVC   : MIXEDREALITY: BackgroundPassthroughController: Hysteresis ended
06-25 21:24:25.995  3126  3218 I MRSVC   : MIXEDREALITY: MrFeatureStatus: Passthrough: Client 9223372036854775808 status changed from Started to Paused.
06-25 21:24:25.995  3126  3218 I MRSVC   : MIXEDREALITY: MrFeatureStatus: Passthrough for client 9223372036854775808: Target status Started, CurrentStatus: Started
06-25 21:24:25.995  3126  3218 I MRSVC   : MIXEDREALITY: MrFeatureStatus: Passthrough: Client 9223372036854775808 status changed from Paused to Destroyed.
06-25 21:24:25.995  3126  3218 I MRSVC   : MIXEDREALITY: MrFeatureStatus: Passthrough for client 9223372036854775808: Target status Started, CurrentStatus: Started
06-25 21:24:25.995  3126  3218 I MRSVC   : MIXEDREALITY: MrServiceController: clientDisconnected: 9223372036854775808/com.oculus.mrservice/com.oculus.mrservice
06-25 21:24:25.995  3126  3218 I MRSVC   : MIXEDREALITY: ClientsStatus: ====== Connected clients ======
06-25 21:24:25.995  3126  3218 I MRSVC   : MIXEDREALITY: ClientsStatus: Client: 9223372036854775808/com.oculus.mrservice/com.oculus.mrservice
06-25 21:24:25.995  3126  3218 I MRSVC   : MIXEDREALITY: ClientsStatus:    [Passthrough] -> Destroyed
06-25 21:24:25.995  3126  3218 I MRSVC   : MIXEDREALITY: ClientsStatus:    [Freespace] -> Destroyed
06-25 21:24:25.995  3126  3218 I MRSVC   : MIXEDREALITY: ClientsStatus: Client: 3004922409/com.oculus.guardian/com.oculus.vrguardianservice:2895
06-25 21:24:25.995  3126  3218 I MRSVC   : MIXEDREALITY: ClientsStatus:    [Passthrough] -> Paused
06-25 21:24:25.995  3126  3218 I MRSVC   : MIXEDREALITY: ClientsStatus:    [Freespace] -> Created
06-25 21:24:25.995  3126  3218 I MRSVC   : MIXEDREALITY: ClientsStatus: Client: 1431008880/com.oculus.vrshell/com.oculus.vrshell:2167
06-25 21:24:25.995  3126  3218 I MRSVC   : MIXEDREALITY: ClientsStatus:    [Passthrough] -> Started
06-25 21:24:25.995  3126  3218 I MRSVC   : MIXEDREALITY: ClientsStatus:    [Freespace] -> Destroyed
06-25 21:24:25.995  3126  3218 I MRSVC   : MIXEDREALITY: ClientsStatus: ===============================
06-25 21:24:25.995  3126  3218 I MRSVC   : MIXEDREALITY: MrClientModelStates: unregisterClient: For client 9223372036854775808.
06-25 21:24:25.995  3126  3218 I MRSVC   : MIXEDREALITY: ClientsStatus: Unregistration from 9223372036854775808/com.oculus.mrservice/com.oculus.mrservice accepted.
06-25 21:24:25.995  3126  3218 I MRSVC   : MIXEDREALITY: MrClientModelStates: commitClientState: layer 1033 was queued for destruction
06-25 21:24:25.995  3126  3218 I MRSVC   : MIXEDREALITY: PassthroughPresentationLayerImpl: Deallocating framebuffers for layer 1033.
06-25 21:24:25.995  3126  3218 I MRSVC   : MIXEDREALITY: GlFramebufferFactory: framebuffer pool releasing buffer (elements in pool=0)
06-25 21:24:25.995  3126  3218 I MRSVC   : MIXEDREALITY: GlFramebufferFactory: framebuffer pool released buffer (elements in pool=1). GlobalCount: 1
06-25 21:24:25.995  3126  3218 I MRSVC   : MIXEDREALITY: MrClientModelStates: Cleaned up resources for client 9223372036854775808
06-25 21:24:25.995  3126  3218 I MRSVC   : MIXEDREALITY: MrServiceModelBase: passthroughModeIfChanged: kNone.
06-25 21:24:25.995  3126  3218 I MRSVC   : MIXEDREALITY: MrRuntimeImpl: Changing mode to kNone
06-25 21:24:25.995  3126  3218 I MRSVC   : MIXEDREALITY: MrRuntimeImpl: onPause: Capability Passthrough on device 0.
06-25 21:24:25.999   827  3213 I MRSS    : MIXEDREALITY: MrSystemServiceIPCServer: ChangeMrCapabilityStatus: client 4198721396, capability Passthrough, command 0.
06-25 21:24:25.999   827  3213 I MRSS    : MIXEDREALITY: PassthroughComputeCapability: onStop: Deleting Passthrough.
06-25 21:24:25.999   827  3213 I MRSS    : MIXEDREALITY: MrSystemServiceIPCServer: Got notification for Passthrough, fidelity level: NONE, command: 0
06-25 21:24:26.000   827  3213 I MRSS    : MIXEDREALITY: CapabilityController: Stop Passthrough duration: 1.193177 millisec.
06-25 21:24:26.000   827  3213 I MRSS    : MIXEDREALITY: StereoPipeline: removeClient: removing client Passthrough, active clients: 'Passthrough,SceneReconstruction'.
06-25 21:24:26.000   827  3213 I MRSS    : DEPTH: DepthSystem: deactivateClient: depth client 0 is deactivated.
06-25 21:24:26.000   827  3213 I MRSS    : MIXEDREALITY: StereoPipeline: removeClient: removing client SceneReconstruction, active clients: 'SceneReconstruction'.
06-25 21:24:26.001   827  3213 I MRSS    : DEPTH: DepthSystem: deactivateClient: depth client 3 is deactivated.
06-25 21:24:26.004   827  3213 I MRSS    : MIXEDREALITY: MrSystemServiceIPCServer: Got notification for Depth, fidelity level: NONE, command: 0
06-25 21:24:26.004   827  3213 I MRSS    : MIXEDREALITY: CapabilityController: Stop Depth duration: 4.527396 millisec.
06-25 21:24:26.005   827  3213 I MRSS    : MIXEDREALITY: MrSystemServiceIPCServer: Got notification for Camera, fidelity level: NONE, command: 0
06-25 21:24:26.005   827  3213 I MRSS    : MIXEDREALITY: CapabilityController: Stop Camera duration: 0.21302 millisec.
06-25 21:24:26.005   827  3213 I MRSS    : TELEMETRY_COLLECTOR: Stopping periodic telemetry polling.
06-25 21:24:26.005   827  3213 I MRSS    : MIXEDREALITY: MrSystemServiceIPCServer: Got notification for VisionInterfaceTelemetry, fidelity level: NONE, command: 0
06-25 21:24:26.005   827  3213 I MRSS    : MIXEDREALITY: CapabilityController: Stop VisionInterfaceTelemetry duration: 0.431823 millisec.
06-25 21:24:26.005   827  3213 I MRSS    : MIXEDREALITY: MrSystemService: FramesetTelemetry: valid: -/-, stereo/depth/color: avail:   73/   0/ 123, accepted %: 97.3/0.0/100.0, dropped %: 2.7/0.0/0.0, valid %: 97.3/0.0/100.0, textured %: 0.0/0.0/100.0.
06-25 21:24:26.005   827  3213 I MRSS    : MIXEDREALITY: MrSystemService: FramesetTelemetry: timeouts stereo/color: compute side: 0/1, render side: 0/0, egl: 0.
06-25 21:24:26.006  3126  3218 I MRSVC   : MIXEDREALITY: [Insights] PassthroughTelemetry: rendering over 2.0 sec, session 2.0 sec, dropped 1/119 (of which 1 failed draw calls)
06-25 21:24:26.006  3126  3218 I MRSVC   : MIXEDREALITY: [Insights] PassthroughTelemetry: - time to first render gray/color predicted: 206.8 / 206.8 ms, gray/color completed: 110.0 / 110.0 ms
06-25 21:24:26.006  3126  3218 I MRSVC   : MIXEDREALITY: [Insights] PassthroughTelemetry: - time to first depth map rendered / computed: 206.8 / 65.1 ms
06-25 21:24:26.006  3126  3218 I MRSVC   : MIXEDREALITY: [Insights] PassthroughTelemetry: - rates: rendering: 58.7/72.0, images: color 48.8, geometry: 25.9, texture: 48.8 fps
06-25 21:24:26.006  3126  3218 I MRSVC   : MIXEDREALITY: [Insights] PassthroughTelemetry: - latency: color images 28.4,29.3,31.4 photon-photon: 72.2,78.1,122.3/-,-,- photon-geom: 72.2,95.3,161.2/-,-,- ms, min,avg,max, initial/rest
06-25 21:24:26.006  3126  3218 I MRSVC   : MIXEDREALITY: [Insights] PassthroughTelemetry: - avg exp/gain  color 5.4/20.1
06-25 21:24:26.006  3126  3218 I MRSVC   : MIXEDREALITY: PassthroughRenderingTelemetry: sendPassthroughRenderingTelemetry: Logging telemetry.
06-25 21:24:26.008  3126  3218 I MRSVC   : MIXEDREALITY: MrServiceView: renderIteration: Sleeping the rendering thread for 500 ms since ID is off and no active PT layers.
06-25 21:24:26.022  3126  3218 I MRSVC   : MIXEDREALITY: MrServiceView: renderIteration: Sleeping the rendering thread for 500 ms since ID is off and no active PT layers.
06-25 21:24:26.036  2734 30530 I CompositorVR: Passthrough usage state changed: app 0, guardian 0, background 0
06-25 21:24:26.036  2734 30530 I CompositorVR: Overall Passthrough usage state changed to unused
06-25 21:24:26.070   843 30570 W Tracking: VEGA:HM:MAP_TRACKING: Validation failed on Submap id = 1, version = 1829818013
06-25 21:24:26.070   843 30570 W Tracking: VEGA:HM:MAP_TRACKING: Validation failed on Submap id = 2, version = 2021017951
06-25 21:24:26.099  2895  3770 I ClientSharedTelemetryStats: App memory usage: PSS=49 MiB, PrivateDirty=32 MiB, PrivateClean=0 MiB, GPU=5.5/5.5 MiB (100% allocated)
06-25 21:24:26.112   801  4430 D TelemetryService: Upload complete callback be triggered with result: 1
06-25 21:24:26.143  2895  2944 W [CT]    : Anchor:SlamAnchorMemoryOSSDKClient: [Throttled count=495] Skipping invalid anchorHandle when attempting to cache AnchorStates
06-25 21:24:26.166 31072 31325 D UE      : [2024.06.26-02.24.26:166][180]LogTcpMessaging: Lost node '37C603A5EA45249C73B5A695F95FFE1E' on connection '127.0.0.1:34099'...
06-25 21:24:26.249  2734 30530 I Vsync   : Vsync 5042:  2 x 13.89 ms (72.01 Hz, at 15138.965)
06-25 21:24:26.271   642  1037 E FrameSetCollator: [worldTracking] 31 FrameSets had unexpected timestamps (over 1013.27s). Ex: slot 1 4447965.208ms -> 4447981.874ms (observed period: 16.666ms, expected period: 16.666ms (16.666ms))
06-25 21:24:26.302 31072 31090 V UE      : [NetworkChangedManager] Network Capabilities changed, has Internet: true
06-25 21:24:26.302 31072 31435 V UE      : [NetworkChangedManager] Verifying internet connection with host: https://example.com/
06-25 21:24:26.303 28242 28267 V UE      : [NetworkChangedManager] Network Capabilities changed, has Internet: true
06-25 21:24:26.303 30830 30847 V UE      : [NetworkChangedManager] Network Capabilities changed, has Internet: true
06-25 21:24:26.304  3014  3014 D MetaCam (DeviceLifecycleManager): onCapabilitiesChanged(...). Has NET_CAPABILITY_VALIDATED.
06-25 21:24:26.304 25079 25100 V UE      : [NetworkChangedManager] Network Capabilities changed, has Internet: true
06-25 21:24:26.301  1516  1682 D ControllerManagement: P2p group not formed. No need to switch band.
06-25 21:24:26.306 28242 31436 V UE      : [NetworkChangedManager] Verifying internet connection with host: https://example.com/
06-25 21:24:26.309 30830 31437 V UE      : [NetworkChangedManager] Verifying internet connection with host: https://example.com/
06-25 21:24:26.310 25079 31438 V UE      : [NetworkChangedManager] Verifying internet connection with host: https://example.com/
06-25 21:24:26.328 31072 31435 V UE      : [NetworkChangedManager] Connectivity hasn't changed. Current state: CONNECTION_AVAILABLE
06-25 21:24:26.328 31072 31435 V UE      : [NetworkChangedManager] Full network check complete. State: CONNECTION_AVAILABLE
06-25 21:24:26.383 28242 31436 V UE      : [NetworkChangedManager] Connectivity hasn't changed. Current state: CONNECTION_AVAILABLE
06-25 21:24:26.383 30830 31437 V UE      : [NetworkChangedManager] Connectivity hasn't changed. Current state: CONNECTION_AVAILABLE
06-25 21:24:26.383 28242 31436 V UE      : [NetworkChangedManager] Full network check complete. State: CONNECTION_AVAILABLE
06-25 21:24:26.383 30830 31437 V UE      : [NetworkChangedManager] Full network check complete. State: CONNECTION_AVAILABLE
06-25 21:24:26.386 25079 31438 V UE      : [NetworkChangedManager] Connectivity hasn't changed. Current state: CONNECTION_AVAILABLE
06-25 21:24:26.386 25079 31438 V UE      : [NetworkChangedManager] Full network check complete. State: CONNECTION_AVAILABLE
06-25 21:24:26.396  2734  3246 I VrRuntimeService: Input preference 'is_displaying_passthrough_content' changed from 1 to 0
06-25 21:24:26.397  2734  3249 I PreferenceListener: Preference 'is_displaying_passthrough_content' set to 0
06-25 21:24:26.397  2734  3161 I ServiceInputManager: HANDTRACKING Root pose filter enum to 17 from 20 (high:0) (V60 filters: 1, MR enabled: 0, MR in Shell: 0, Mitigation: 1)
06-25 21:24:26.402  2895  3769 I InputDeviceManager: HANDTRACKING Root pose filter profile changed for freq to 17 from 20  inf: 1
06-25 21:24:26.406  2895  2944 I GuardianSystem: WaitForFrameAndAllowGuardianSDKProcessing - Passthrough is running 1 -> 0
06-25 21:24:26.407  2167 30476 I InputDeviceManager: HANDTRACKING Root pose filter profile changed for freq to 17 from 20  inf: 1
06-25 21:24:26.518  2895  3540 I [CT]    : SlamAnchorClientRuntimeIPC: [Throttled count=1] Kicked off bulk re-registration of 3 slam anchors.
06-25 21:24:26.523  2734  3358 I VrRuntimeService: DestroySwapChain: swapchain=838
06-25 21:24:26.523  2734  2867 I ResourceCreationThread: Destroying texture swap chain id=838 ptr=0x6f286e4000
06-25 21:24:26.524  2734  3358 I VrRuntimeServer: DestroyTextureSwapChain: id=838, ptr=0x6f286e4000, deferred=0, result=destroyswapchain 1
06-25 21:24:26.524  3126  3218 I MRSVC   : MIXEDREALITY: MrServiceView: renderIteration: Hibernating the rendering thread since ID is off and no active PT layers.
06-25 21:24:26.684  2895  2944 I [CT]    : SP:AF:AnchorFramework: calculateRigidScenePose: Located 19 / 19 anchors for calculating rigid scene pose
06-25 21:24:26.684  2895  2944 I [CT]    : SP:AF:AnchorAccuracy: New Rigid Scene calculated using 19 anchors attached to 1 IAs. 2.0137287310008105 seconds since last update
06-25 21:24:26.684  2895  2944 I [CT]    : SP:AF:AnchorAccuracy: New scene origin pose: -1.2763316631317139 -1.4757342338562012 0.5072460174560547 : 0.3053952753543854 -0.3053952157497406 -0.6377568244934082 -0.6377567648887634
