06-25 21:24:39.753 29971 29971 D wlan    : [29971:IH:DP] mic errors 1485
06-25 21:24:39.753 29971 29971 D wlan    : [29971:IH:DP] Invalid peer on rx path: 0
06-25 21:24:39.753 29971 29971 D wlan    : [29971:IH:DP] sw_peer_id invalid 0
06-25 21:24:39.753 29971 29971 D wlan    : [29971:IH:DP] packet_len invalid 0
06-25 21:24:39.753 29971 29971 D wlan    : [29971:IH:DP] sa or da idx invalid 0
06-25 21:24:39.753 29971 29971 D wlan    : [29971:IH:DP] defrag peer uninit 0
06-25 21:24:39.753 29971 29971 D wlan    : [29971:IH:DP] pkts delivered no peer 0
06-25 21:24:39.753 29971 29971 D wlan    : [29971:IH:DP] RX invalid cookie: 0
06-25 21:24:39.753 29971 29971 D wlan    : [29971:IH:DP] RX stale cookie: 0
06-25 21:24:39.753 29971 29971 D wlan    : [29971:IH:DP] 2k jump delba sent: 0
06-25 21:24:39.753 29971 29971 D wlan    : [29971:IH:DP] 2k jump msdu to stack: 0
06-25 21:24:39.753 29971 29971 D wlan    : [29971:IH:DP] 2k jump msdu drop: 0
06-25 21:24:39.753 29971 29971 D wlan    : [29971:IH:DP] REO err oor msdu to stack 0
06-25 21:24:39.753 29971 29971 D wlan    : [29971:IH:DP] REO err oor msdu drop: 32
06-25 21:24:39.753 29971 29971 D wlan    : [29971:IH:DP] Rx err msdu rejected: 0
06-25 21:24:39.753 29971 29971 D wlan    : [29971:IH:DP] Rx raw frame dropped: 0
06-25 21:24:39.753 29971 29971 D wlan    : [29971:IH:DP] Rx stale link desc cookie: 0
06-25 21:24:39.753 29971 29971 D wlan    : [29971:IH:DP] Rx nbuf sanity fails: 0
06-25 21:24:39.753 29971 29971 D wlan    : [29971:IH:DP] Rx refill duplicate link desc: 0
06-25 21:24:39.753 29971 29971 D wlan    : [29971:IH:DP] Rx ipa smmu map duplicate: 0
06-25 21:24:39.753 29971 29971 D wlan    : [29971:IH:DP] Rx ipa smmu unmap duplicate: 0
06-25 21:24:39.753 29971 29971 D wlan    : [29971:IH:DP] Rx ipa smmu unmap no pipes: 0
06-25 21:24:39.753 29971 29971 D wlan    : [29971:IH:DP] PN-in-Dest error frame pn-check fail: 0
06-25 21:24:39.753 29971 29971 D wlan    : [29971:IH:DP] Reo Statistics
06-25 21:24:39.753 29971 29971 D wlan    : [29971:IH:DP] near_full: 0
06-25 21:24:39.753 29971 29971 D wlan    : [29971:IH:DP] rbm error: 0 msdus
06-25 21:24:39.753 29971 29971 D wlan    : [29971:IH:DP] hal ring access fail: 0 msdus
06-25 21:24:39.753 29971 29971 D wlan    : [29971:IH:DP] hal ring access full fail: 0 msdus
06-25 21:24:39.753 29971 29971 D wlan    : [29971:IH:DP] Rx BAR frames:0
06-25 21:24:39.753 29971 29971 D wlan    : [29971:IH:DP] Reo error number (7): 17 msdus
06-25 21:24:39.753 29971 29971 D wlan    : [29971:IH:DP] Rx packets reaped per interrupt:
06-25 21:24:39.753 29971 29971 D wlan    : [29971:IH:DP] Single Packet: 4161
06-25 21:24:39.753 29971 29971 D wlan    : [29971:IH:DP] 2-20 Packets:  3699
06-25 21:24:39.753 29971 29971 D wlan    : [29971:IH:DP] 21-40 Packets: 2
06-25 21:24:39.753 29971 29971 D wlan    : [29971:IH:DP] 41-60 Packets: 0
06-25 21:24:39.753 29971 29971 D wlan    : [29971:IH:DP] 61-80 Packets: 0
06-25 21:24:39.753 29971 29971 D wlan    : [29971:IH:DP] 81-100 Packets: 0
06-25 21:24:39.753 29971 29971 D wlan    : [29971:IH:DP] 101-200 Packets: 0
06-25 21:24:39.753 29971 29971 D wlan    : [29971:IH:DP]    201+ Packets: 0
06-25 21:24:39.753 29971 29971 D wlan    : [29971:IH:DP] dp_txrx_path_stats: tso_enable: 1 lro_enable: 0 rx_hash: 1 napi_enable: 1
06-25 21:24:39.753 29971 29971 D wlan    : [29971:IH:DP] dp_txrx_path_stats: Tx flow stop queue: 15 tx flow start queue offset: 10
06-25 21:24:39.753 29971 29971 D wlan    : [29971:IH:DP] dp_print_soc_interrupt_stats:  0[450] - Total:4686 tx_comps[0]:4282
06-25 21:24:39.753 29971 29971 D wlan    : [29971:IH:DP] dp_print_soc_interrupt_stats:  1[451] - Total:1650 reo[0]:1583
06-25 21:24:39.753 29971 29971 D wlan    : [29971:IH:DP] dp_print_soc_interrupt_stats:  2[452] - Total:2723 reo[1]:2639
06-25 21:24:39.753 29971 29971 D wlan    : [29971:IH:DP] dp_print_soc_interrupt_stats:  3[453] - Total:3712 reo[2]:1888 reo[3]:1752
06-25 21:24:39.753 29971 29971 D wlan    : [29971:IH:DP] dp_print_soc_interrupt_stats:  4[454] - Total:4731 tx_comps[2]:4363
06-25 21:24:39.753 29971 29971 D wlan    : [29971:IH:DP] dp_print_soc_interrupt_stats:  6[456] - Total:117 reo_err:15 wbm_rx_err:0 rxdma2_host_err:0
06-25 21:24:39.753 29971 29971 D wlan    : [29971:IH:DP] vdev_id: 0 Per TID Delay Non-Zero Stats:
06-25 21:24:39.753 29971 29971 D wlan    : [29971:IH:DP] Hardware Tx completion latency stats TID: 0
06-25 21:24:39.753 29971 29971 D wlan    : [29971:IH:DP] Min = 0
06-25 21:24:39.753 29971 29971 D wlan    : [29971:IH:DP] Max = 0
06-25 21:24:39.753 29971 29971 D wlan    : [29971:IH:DP] Avg = 0
06-25 21:24:39.753 29971 29971 D wlan    : [29971:IH:DP] Hardware Tx completion latency stats TID: 1
06-25 21:24:39.753 29971 29971 D wlan    : [29971:IH:DP] Min = 0
06-25 21:24:39.753 29971 29971 D wlan    : [29971:IH:DP] Max = 0
06-25 21:24:39.753 29971 29971 D wlan    : [29971:IH:DP] Avg = 0
06-25 21:24:39.753 29971 29971 D wlan    : [29971:IH:DP] Hardware Tx completion latency stats TID: 2
06-25 21:24:39.753 29971 29971 D wlan    : [29971:IH:DP] Min = 0
06-25 21:24:39.753 29971 29971 D wlan    : [29971:IH:DP] Max = 0
06-25 21:24:39.753 29971 29971 D wlan    : [29971:IH:DP] Avg = 0
06-25 21:24:39.753 29971 29971 D wlan    : [29971:IH:DP] Hardware Tx completion latency stats TID: 3
06-25 21:24:39.753 29971 29971 D wlan    : [29971:IH:DP] Min = 0
06-25 21:24:39.753 29971 29971 D wlan    : [29971:IH:DP] Max = 0
06-25 21:24:39.753 29971 29971 D wlan    : [29971:IH:DP] Avg = 0
06-25 21:24:39.753 29971 29971 D wlan    : [29971:IH:DP] Hardware Tx completion latency stats TID: 4
06-25 21:24:39.753 29971 29971 D wlan    : [29971:IH:DP] Min = 0
06-25 21:24:39.753 29971 29971 D wlan    : [29971:IH:DP] Max = 0
06-25 21:24:39.753 29971 29971 D wlan    : [29971:IH:DP] Avg = 0
06-25 21:24:39.753 29971 29971 D wlan    : [29971:IH:DP] Hardware Tx completion latency stats TID: 5
06-25 21:24:39.753 29971 29971 D wlan    : [29971:IH:DP] Min = 0
06-25 21:24:39.753 29971 29971 D wlan    : [29971:IH:DP] Max = 0
06-25 21:24:39.753 29971 29971 D wlan    : [29971:IH:DP] Avg = 0
06-25 21:24:39.753 29971 29971 D wlan    : [29971:IH:DP] Hardware Tx completion latency stats TID: 6
06-25 21:24:39.753 29971 29971 D wlan    : [29971:IH:DP] Min = 0
06-25 21:24:39.753 29971 29971 D wlan    : [29971:IH:DP] Max = 0
06-25 21:24:39.753 29971 29971 D wlan    : [29971:IH:DP] Avg = 0
06-25 21:24:39.753 29971 29971 D wlan    : [29971:IH:DP] Hardware Tx completion latency stats TID: 7
06-25 21:24:39.753 29971 29971 D wlan    : [29971:IH:DP] Min = 0
06-25 21:24:39.753 29971 29971 D wlan    : [29971:IH:DP] Max = 0
06-25 21:24:39.753 29971 29971 D wlan    : [29971:IH:DP] Avg = 0
06-25 21:24:39.753 29971 29971 D wlan    : [29971:IH:DP] Hardware Tx completion latency stats TID: 8
06-25 21:24:39.753 29971 29971 D wlan    : [29971:IH:DP] Min = 0
06-25 21:24:39.753 29971 29971 D wlan    : [29971:IH:DP] Max = 0
06-25 21:24:39.753 29971 29971 D wlan    : [29971:IH:DP] Avg = 0
06-25 21:24:39.753 29971 29971 D wlan    : [29971:IH:DP] dp_print_fisa_stats: invalid flow index: 0
06-25 21:24:39.753 29971 29971 D wlan    : [29971:IH:DP] dp_print_fisa_stats: workqueue update deferred: 0
06-25 21:24:39.753 29971 29971 D wlan    : [29971:IH:DP] dp_print_fisa_stats: reo_mismatch: cce_match: 0
06-25 21:24:39.753 29971 29971 D wlan    : [29971:IH:DP] dp_print_fisa_stats: reo_mismatch: allow_fse_metdata_mismatch: 0
06-25 21:24:39.753 29971 29971 D wlan    : [29971:IH:DP] dp_print_fisa_stats: reo_mismatch: allow_non_aggr: 0
06-25 21:24:39.753 29971 29971 D wlan    : [29971:IH:DP] FLOW_POOL_STATS G:(1,2,0) | 0 0: (6144,6144,0)
06-25 21:24:39.753 29971 29971 D wlan    : [29971:IL:HDD] STATS |[0 0] (0) 92436/15145992ms 1(20,9) |[255 7] (2) 15145992/15145992ms 1(1,0) |[255 16] (2) 15145992/15145992ms 1(3,0) |
06-25 21:24:39.753 29971 29971 D wlan    : [29971:IH:DP] dp_display_srng_info: SRNG HP-TP data:
06-25 21:24:39.753 29971 29971 D wlan    : [29971:IH:DP] dp_display_srng_info: TCL DATA ring[0]: hp=0xdb0, tp=0xdb0
06-25 21:24:39.753 29971 29971 D wlan    : [29971:IH:DP] dp_display_srng_info: TX comp ring[0]: hp=0x52a0, tp=0x52a0
06-25 21:24:39.753 29971 29971 D wlan    : [29971:IH:DP] dp_display_srng_info: TCL DATA ring[1]: hp=0x4f0, tp=0x4f0
06-25 21:24:39.753 29971 29971 D wlan    : [29971:IH:DP] dp_display_srng_info: TCL DATA ring[2]: hp=0x2310, tp=0x2310
06-25 21:24:39.753 29971 29971 D wlan    : [29971:IH:DP] dp_display_srng_info: TX comp ring[2]: hp=0x6310, tp=0x6310
06-25 21:24:39.753 29971 29971 D wlan    : [29971:IH:DP] dp_display_srng_info: REO DST ring[0]: hp=0x1a50, tp=0x1a50
06-25 21:24:39.753 29971 29971 D wlan    : [29971:IH:DP] dp_display_srng_info: REO DST ring[1]: hp=0x2ea0, tp=0x2ea0
06-25 21:24:39.753 29971 29971 D wlan    : [29971:IH:DP] dp_display_srng_info: REO DST ring[2]: hp=0x30c0, tp=0x30c0
06-25 21:24:39.753 29971 29971 D wlan    : [29971:IH:DP] dp_display_srng_info: REO DST ring[3]: hp=0x3740, tp=0x3740
06-25 21:24:39.753 29971 29971 D wlan    : [29971:IH:DP] dp_display_srng_info: REO exception ring: hp=0x110, tp=0x110
06-25 21:24:39.753 29971 29971 D wlan    : [29971:IH:DP] dp_display_srng_info: WBM RX release ring: hp=0x0, tp=0x0
06-25 21:24:39.753 29971 29971 D wlan    : [29971:IH:DP] dp_display_srng_info: WBM desc release ring: hp=0x88, tp=0x88
06-25 21:24:39.744   843  2929 I Tracking: VEGA_MAP_BUILDER: Created keyrig
06-25 21:24:39.748   843  2929 I Tracking: MapCullingHelpers: Culled 0 L1 nodes, 1 individual keyrigs, and 0 individual points
06-25 21:24:39.897 31072 31210 E TREX    : Interface 'WristbandClientInterface', version 6 was not found. Check debug build for more information.
06-25 21:24:39.946   843  2929 I Tracking: WifiCacheProvider: Updating wifi cache from map
06-25 21:24:39.969  1070  1513 E ThermalManagerService: No threshold found for pcb1-usr
06-25 21:24:39.969  1070  1513 E ThermalManagerService: No threshold found for pcb2-usr
06-25 21:24:39.969  1070  1513 E ThermalManagerService: No threshold found for pcb3-usr
06-25 21:24:39.969  1070  1513 E ThermalManagerService: No threshold found for rf-usr
06-25 21:24:39.969  1070  1513 E ThermalManagerService: No threshold found for cam0-usr
06-25 21:24:39.969  1070  1513 E ThermalManagerService: No threshold found for cam1-usr
06-25 21:24:39.969  1070  1513 E ThermalManagerService: No threshold found for cam2-usr
06-25 21:24:39.969  1070  1513 E ThermalManagerService: No threshold found for cam3-usr
06-25 21:24:39.969  1070  1513 E ThermalManagerService: No threshold found for cam4-usr
06-25 21:24:39.969  1070  1513 E ThermalManagerService: No threshold found for cam5-usr
06-25 21:24:39.969  1070  1513 E ThermalManagerService: No threshold found for disp-virt
06-25 21:24:39.969  1070  1513 E ThermalManagerService: No threshold found for pogo-usr
06-25 21:24:40.001 31072 31456 I VrApi   : FPS=73/72,Prd=29ms,Tear=0,Early=0,Stale=0,Stale2/5/10/max=0/0/0/0,VSnc=1,Lat=-1,Fov=0,CPU4/GPU=2/2,1382/456MHz,OC=3F,TA=0/0/0,SP=N/N/N,Mem=2092MHz,Free=3172MB,PLS=0,Temp=37.0C/0.0C,TW=0.99ms,App=4.53ms,GD=0.73ms,CPU&GPU=13.16ms,LCnt=2(DR72,LM2),GPU%=0.49,CPU%=0.48(W0.53),DSF=1.00,CFL=10.18/16.61,ICFLp95=14.87,LD=0,SF=1.00,LP=0,DVFS=0
06-25 21:24:40.063   843 30570 I Tracking: VioSubmapHelpers: Initializing Submap id = 1, version = 8267765 relative to Odometry.
06-25 21:24:40.064   843 30570 I Tracking: TrackedMapContext: Stop tracking Submap id = 1, version = 406983152 at index: 2 / 3
06-25 21:24:40.064   843 30570 I Tracking: SVTTS: Starting map tracking on Submap id = 1, version = 8267765, total 2
06-25 21:24:40.203   843 30570 W Tracking: VEGA:HM:MAP_TRACKING: Validation failed on Submap id = 1, version = 8267765
06-25 21:24:40.226  2895  2944 I GuardianCollisionTracker: Guardian Controller Collision: Magnitude: 8.875, Duration: -1.000 sec, TimeStamp: 15152.917969 sec
06-25 21:24:40.250 31072 31247 D UE      : [2024.06.26-02.24.40:250][129]LogRHI: Display: Encountered a new graphics PSO: 921188220
06-25 21:24:40.352  2895  2944 W [CT]    : Anchor:SlamAnchorMemoryOSSDKClient: [Throttled count=495] Skipping invalid anchorHandle when attempting to cache AnchorStates
06-25 21:24:40.352  2734  3214 I VrRuntimeService: RuntimeServiceSDKServer::SetGuardianSystemState: 3004922409
06-25 21:24:40.352  2895  2944 I GuardianSystem: GuardianSDKServerStateSnapshot::Sync: Flags changed: 598024, 589832, SYSTEM_ROOM_SCALE_ACTIVE,SYSTEM_GUARDIAN_VISIBLE,SYSTEM_GUARDIAN_VALID to SYSTEM_ROOM_SCALE_ACTIVE,SYSTEM_GUARDIAN_VALID
06-25 21:24:40.356  2734  3161 I PerformanceManager_ZSF: perfmgr: SetClockLevels: Apply pending clock request change: 2,2 -> 3,2
06-25 21:24:40.356  2734  3161 I Clocks  : ApplySystemModes( cpu=3, gpu=2 ) - start
06-25 21:24:40.356  2734  3161 I Clocks  : CPU levels [0, 8]
06-25 21:24:40.356  2734  3161 I Clocks  : GPU levels [0, 7]
06-25 21:24:40.356  2734  3161 I ClocksChange: Changing SystemModes to: [VR_MODE_CPU_3,VR_MODE_GPU_2,SUSTAINED_PERFORMANCE_VR_MODE]
06-25 21:24:40.356  2734  3161 I Clocks  : ApplySystemModes( cpu=3, gpu=2 ) - end (0.1 ms)
06-25 21:24:40.591   642  1037 E FrameSetCollator: [worldTracking] 31 FrameSets had unexpected timestamps (over 1053.56s). Ex: slot 0 4462264.636ms -> 4462297.968ms (observed period: 33.332ms, expected period: 16.666ms (16.666ms))
06-25 21:24:40.599  2895  3540 I [CT]    : SlamAnchorClientRuntimeIPC: [Throttled count=1] Kicked off bulk re-registration of 3 slam anchors.
06-25 21:24:40.808  2895  2944 I GuardianCollisionTracker: Guardian Controller Collision: Magnitude: 6.221, Duration: -1.000 sec, TimeStamp: 15153.455078 sec
06-25 21:24:40.809  2895  2944 I [CT]    : SP:AF:AnchorFramework: calculateRigidScenePose: Located 19 / 19 anchors for calculating rigid scene pose
06-25 21:24:40.809  2895  2944 I [CT]    : SP:AF:AnchorAccuracy: New Rigid Scene calculated using 19 anchors attached to 1 IAs. 2.0222146279993467 seconds since last update
06-25 21:24:40.809  2895  2944 I [CT]    : SP:AF:AnchorAccuracy: New scene origin pose: -1.2785593271255493 -1.4789679050445557 0.5070785880088806 : 0.30539628863334656 -0.30539625883102417 -0.63775634765625 -0.63775634765625
06-25 21:24:40.809  2895  2944 I [CT]    : SP:AF:AnchorAccuracy: New scene origin pose moved: 0.0011902999831363559 translation 7.924437522888184e-05 rotation
06-25 21:24:40.977  1070  1513 E ThermalManagerService: No threshold found for pcb1-usr
06-25 21:24:40.977  1070  1513 E ThermalManagerService: No threshold found for pcb2-usr
06-25 21:24:40.977  1070  1513 E ThermalManagerService: No threshold found for pcb3-usr
06-25 21:24:40.977  1070  1513 E ThermalManagerService: No threshold found for rf-usr
06-25 21:24:40.977  1070  1513 E ThermalManagerService: No threshold found for cam0-usr
06-25 21:24:40.977  1070  1513 E ThermalManagerService: No threshold found for cam1-usr
06-25 21:24:40.977  1070  1513 E ThermalManagerService: No threshold found for cam2-usr
06-25 21:24:40.977  1070  1513 E ThermalManagerService: No threshold found for cam3-usr
06-25 21:24:40.977  1070  1513 E ThermalManagerService: No threshold found for cam4-usr
06-25 21:24:40.977  1070  1513 E ThermalManagerService: No threshold found for cam5-usr
06-25 21:24:40.977  1070  1513 E ThermalManagerService: No threshold found for disp-virt
06-25 21:24:40.977  1070  1513 E ThermalManagerService: No threshold found for pogo-usr
06-25 21:24:41.001 31072 31456 I VrApi   : FPS=72/72,Prd=30ms,Tear=0,Early=0,Stale=0,Stale2/5/10/max=0/0/0/0,VSnc=1,Lat=-1,Fov=0,CPU4/GPU=2/2,1382/456MHz,OC=3F,TA=0/0/0,SP=N/N/N,Mem=2736MHz,Free=3172MB,PLS=0,Temp=37.0C/0.0C,TW=1.00ms,App=4.92ms,GD=0.70ms,CPU&GPU=13.33ms,LCnt=2(DR72,LM2),GPU%=0.44,CPU%=0.51(W0.55),DSF=1.00,CFL=10.18/16.61,ICFLp95=14.87,LD=0,SF=1.00,LP=0,DVFS=0
06-25 21:24:41.207   642 30568 I libcamerahal: [INSIGHTS][2.01s] recv/ret/req heartbeat: cam0: 91/91/90, cam1: 91/91/90, cam2: 90/90/91, cam3: 90/90/90
06-25 21:24:41.365   641 30434 I VD628x  : Flicker channel saturating : applying new gain
06-25 21:24:41.374  2895  2944 W [CT]    : Anchor:SlamAnchorMemoryOSSDKClient: [Throttled count=239] Skipping invalid anchorHandle when attempting to cache AnchorStates
06-25 21:24:41.591   642  1037 E FrameSetCollator: [worldTracking] 30 FrameSets had unexpected timestamps (over 1000.52s). Ex: slot 0 4463264.596ms -> 4463297.928ms (observed period: 33.332ms, expected period: 16.666ms (16.666ms))
06-25 21:24:41.655  2895  3540 I [CT]    : SlamAnchorClientRuntimeIPC: Kicked off bulk re-registration of 3 slam anchors.
06-25 21:24:41.795  2895  2944 I GuardianCollisionTracker: Guardian Controller Collision: Magnitude: 7.994, Duration: -1.000 sec, TimeStamp: 15154.427734 sec
06-25 21:24:41.814  2734  3161 I PerformanceManager_ZSF: perfmgr: SetClockLevels: Apply pending clock request change: 3,2 -> 2,2
06-25 21:24:41.814  2734  3161 I Clocks  : ApplySystemModes( cpu=2, gpu=2 ) - start
06-25 21:24:41.814  2734  3161 I Clocks  : CPU levels [0, 8]
06-25 21:24:41.814  2734  3161 I Clocks  : GPU levels [0, 7]
06-25 21:24:41.814  2734  3161 I ClocksChange: Changing SystemModes to: [VR_MODE_CPU_2,VR_MODE_GPU_2,SUSTAINED_PERFORMANCE_VR_MODE]
06-25 21:24:41.814  2734  3161 I Clocks  : ApplySystemModes( cpu=2, gpu=2 ) - end (0.1 ms)
06-25 21:24:41.832   843 30515 I Tracking: CONSTELLATION:IMU_STATUS: 8769527bc9039ab5 (R): [FusionTracked=1.000, OutputTracked=0.000, OutputValid=0.000] [AccelSat=0.000, GyroSat=0.000] 
06-25 21:24:41.835   843 30515 I Tracking: CONSTELLATION:IMU_STATUS: da7a0f37bc734fd (L): [FusionTracked=1.000, OutputTracked=0.000, OutputValid=0.000] [AccelSat=0.000, GyroSat=0.000] 
06-25 21:24:41.979  1070  1513 E ThermalManagerService: No threshold found for pcb1-usr
06-25 21:24:41.979  1070  1513 E ThermalManagerService: No threshold found for pcb2-usr
06-25 21:24:41.979  1070  1513 E ThermalManagerService: No threshold found for pcb3-usr
06-25 21:24:41.979  1070  1513 E ThermalManagerService: No threshold found for rf-usr
06-25 21:24:41.979  1070  1513 E ThermalManagerService: No threshold found for cam0-usr
06-25 21:24:41.979  1070  1513 E ThermalManagerService: No threshold found for cam1-usr
06-25 21:24:41.979  1070  1513 E ThermalManagerService: No threshold found for cam2-usr
06-25 21:24:41.979  1070  1513 E ThermalManagerService: No threshold found for cam3-usr
06-25 21:24:41.979  1070  1513 E ThermalManagerService: No threshold found for cam4-usr
06-25 21:24:41.979  1070  1513 E ThermalManagerService: No threshold found for cam5-usr
06-25 21:24:41.979  1070  1513 E ThermalManagerService: No threshold found for disp-virt
06-25 21:24:41.979  1070  1513 E ThermalManagerService: No threshold found for pogo-usr
06-25 21:24:42.001 31072 31456 I VrApi   : FPS=64/72,Prd=36ms,Tear=0,Early=15,Stale=11,Stale2/5/10/max=1/1/0/6,VSnc=1,Lat=-1,Fov=0,CPU4/GPU=3/2,1651/456MHz,OC=3F,TA=0/0/0,SP=N/N/N,Mem=2092MHz,Free=3172MB,PLS=0,Temp=37.0C/0.0C,TW=0.69ms,App=4.95ms,GD=0.00ms,CPU&GPU=13.45ms,LCnt=1(DR73,LM0),GPU%=0.44,CPU%=0.46(W0.52),DSF=1.00,CFL=10.45/15.99,ICFLp95=14.73,LD=0,SF=1.00,LP=0,DVFS=0
06-25 21:24:42.007  2895  2944 I GuardianCollisionTracker: Guardian Controller Collision: Magnitude: 22.051, Duration: -1.000 sec, TimeStamp: 15154.662109 sec
06-25 21:24:42.144   843 31316 I Tracking: CONSTELLATION:VISION_STATUS: da7a0f37bc734fd (L): BlobDetection:[#BlobsDetected=(34.13, 36.35)]Matching:[MatchSuccess=1.000, MatchCost=(0.00210, 0.00000), #MatchedBlobs=(13.12, 19.45), #MatchedLeds=(5.67, 1.35), RematchM=0.000, SkipRefine=0.000] MatchMethod:[Prox=1.000, ConstBrute=0.000, UnconstBrute=0.000] MatchResets[AnomBlobSize=0.000, SharedMatch=0.000, DenseReacq=0.000] | Fusion:[FusionError=0.000, ImuFromCamMs=(-4462348.006, 2138717.781), RematchF=0.000] FusionUpdates:[Successful=0.000, Reliable=0.000, TightFusion=0.000, FullPose=0.000, StaticPrior=0.000, StaticForHandTrans=0.000, PoseUpdateMD=(0.0000, 0.0000)] FusionResets[6DoFReset=0.000, ResetSuccess=0.000] FusionStatus[HasPosition=0.000, HasVelocity=0.000] 
06-25 21:24:42.144   843 31316 I Tracking: CONSTELLATION:VISION_STATUS: 8769527bc9039ab5 (R): BlobDetection:[#BlobsDetected=(34.13, 36.35)]Matching:[MatchSuccess=1.000, MatchCost=(0.00269, 0.00000), #MatchedBlobs=(20.96, 16.09), #MatchedLeds=(7.46, 1.27), RematchM=0.000, SkipRefine=0.000] MatchMethod:[Prox=1.000, ConstBrute=0.000, UnconstBrute=0.000] MatchResets[AnomBlobSize=0.000, SharedMatch=0.000, DenseReacq=0.000] | Fusion:[FusionError=0.000, ImuFromCamMs=(-4462348.006, 2138717.781), RematchF=0.000] FusionUpdates:[Successful=0.000, Reliable=0.000, TightFusion=0.000, FullPose=0.000, StaticPrior=0.000, StaticForHandTrans=0.000, PoseUpdateMD=(0.0000, 0.0000)] FusionResets[6DoFReset=0.000, ResetSuccess=0.000] FusionStatus[HasPosition=0.000, HasVelocity=0.000] 
06-25 21:24:42.218  2895  2944 I GuardianCollisionTracker: Guardian Controller Collision: Magnitude: 23.992, Duration: -1.000 sec, TimeStamp: 15154.872070 sec
06-25 21:24:42.429  2895  2944 I GuardianCollisionTracker: Guardian Controller Collision: Magnitude: 23.426, Duration: -1.000 sec, TimeStamp: 15155.056641 sec
06-25 21:24:42.430  2895  2944 W [CT]    : Anchor:SlamAnchorMemoryOSSDKClient: [Throttled count=239] Skipping invalid anchorHandle when attempting to cache AnchorStates
06-25 21:24:42.500  2895  2944 I GuardianCollisionTracker: Guardian Controller Collision: Magnitude: 13.916, Duration: -1.000 sec, TimeStamp: 15155.163086 sec
06-25 21:24:42.604   642  1037 E FrameSetCollator: [worldTracking] 31 FrameSets had unexpected timestamps (over 1012.53s). Ex: slot 1 4464297.888ms -> 4464314.554ms (observed period: 16.666ms, expected period: 16.666ms (16.666ms))
06-25 21:24:42.640  2895  2944 I GuardianCollisionTracker: Guardian Controller Collision: Magnitude: 16.321, Duration: -1.000 sec, TimeStamp: 15155.294922 sec
06-25 21:24:42.710  2895  2944 I GuardianCollisionTracker: Guardian Controller Collision: Magnitude: 18.839, Duration: -1.000 sec, TimeStamp: 15155.397461 sec
06-25 21:24:42.711  2895  3540 I [CT]    : SlamAnchorClientRuntimeIPC: Kicked off bulk re-registration of 3 slam anchors.
06-25 21:24:42.849  2895  2944 I GuardianCollisionTracker: Guardian Controller Collision: Magnitude: 15.723, Duration: -1.000 sec, TimeStamp: 15155.527344 sec
06-25 21:24:42.851  2895  2944 I [CT]    : SP:AF:AnchorFramework: calculateRigidScenePose: Located 19 / 19 anchors for calculating rigid scene pose
06-25 21:24:42.851  2895  2944 I [CT]    : SP:AF:AnchorAccuracy: New Rigid Scene calculated using 19 anchors attached to 1 IAs. 2.0418971350009087 seconds since last update
06-25 21:24:42.851  2895  2944 I [CT]    : SP:AF:AnchorAccuracy: New scene origin pose: -1.279447317123413 -1.4788521528244019 0.5065770745277405 : 0.3053740859031677 -0.30537405610084534 -0.6377670168876648 -0.6377668976783752
06-25 21:24:42.851  2895  2944 I [CT]    : SP:AF:AnchorAccuracy: New scene origin pose moved: 0.0010264093289151788 translation 6.961838516872376e-05 rotation
06-25 21:24:42.980  1070  1508 E ThermalManagerService: No threshold found for pcb1-usr
06-25 21:24:42.980  1070  1508 E ThermalManagerService: No threshold found for pcb2-usr
06-25 21:24:42.980  1070  1508 E ThermalManagerService: No threshold found for pcb3-usr
06-25 21:24:42.980  1070  1508 E ThermalManagerService: No threshold found for rf-usr
06-25 21:24:42.980  1070  1508 E ThermalManagerService: No threshold found for cam0-usr
06-25 21:24:42.980  1070  1508 E ThermalManagerService: No threshold found for cam1-usr
06-25 21:24:42.980  1070  1508 E ThermalManagerService: No threshold found for cam2-usr
06-25 21:24:42.980  1070  1508 E ThermalManagerService: No threshold found for cam3-usr
06-25 21:24:42.980  1070  1508 E ThermalManagerService: No threshold found for cam4-usr
06-25 21:24:42.980  1070  1508 E ThermalManagerService: No threshold found for cam5-usr
06-25 21:24:42.980  1070  1508 E ThermalManagerService: No threshold found for disp-virt
06-25 21:24:42.980  1070  1508 E ThermalManagerService: No threshold found for pogo-usr
06-25 21:24:43.001 31072 31456 I VrApi   : FPS=72/72,Prd=33ms,Tear=0,Early=0,Stale=0,Stale2/5/10/max=0/0/0/0,VSnc=1,Lat=-1,Fov=0,CPU4/GPU=2/2,1382/456MHz,OC=3F,TA=0/0/0,SP=N/N/N,Mem=2092MHz,Free=3172MB,PLS=0,Temp=37.0C/0.0C,TW=0.69ms,App=4.98ms,GD=0.00ms,CPU&GPU=13.96ms,LCnt=1(DR72,LM0),GPU%=0.43,CPU%=0.47(W0.57),DSF=1.00,CFL=10.45/15.55,ICFLp95=13.96,LD=0,SF=1.00,LP=0,DVFS=0
06-25 21:24:43.200  2895  2944 I GuardianCollisionTracker: Guardian Controller Collision: Magnitude: 17.445, Duration: -1.000 sec, TimeStamp: 15155.862305 sec
06-25 21:24:43.207   642 30568 I libcamerahal: [INSIGHTS][2.01s] recv/ret/req heartbeat: cam0: 90/90/90, cam1: 90/90/90, cam2: 90/90/90, cam3: 90/90/90
06-25 21:24:43.435   843 30440 I Tracking: BOLT:HexagonTelemetry: Global DSP utilization: 6.73% (337 / 5005 ms), Scalar Util: 0.00%, HVX Util: 0.00%, HMX Util: 0.00%, Freq: 1171.2 MHz
06-25 21:24:43.436  2895  2944 W [CT]    : Anchor:SlamAnchorMemoryOSSDKClient: [Throttled count=239] Skipping invalid anchorHandle when attempting to cache AnchorStates
06-25 21:24:43.437  2734  3214 I VrRuntimeService: RuntimeServiceSDKServer::SetGuardianSystemState: 3004922409
06-25 21:24:43.437  2895  2944 I GuardianSystem: GuardianSDKServerStateSnapshot::Sync: Flags changed: 589832, 598024, SYSTEM_ROOM_SCALE_ACTIVE,SYSTEM_GUARDIAN_VALID to SYSTEM_ROOM_SCALE_ACTIVE,SYSTEM_GUARDIAN_VISIBLE,SYSTEM_GUARDIAN_VALID
06-25 21:24:43.463  2734  3214 I VrRuntimeService: RuntimeServiceSDKServer::SetGuardianSystemState: 3004922409
06-25 21:24:43.463  2895  2944 I GuardianSystem: GuardianSDKServerStateSnapshot::Sync: Flags changed: 598024, 589832, SYSTEM_ROOM_SCALE_ACTIVE,SYSTEM_GUARDIAN_VISIBLE,SYSTEM_GUARDIAN_VALID to SYSTEM_ROOM_SCALE_ACTIVE,SYSTEM_GUARDIAN_VALID
06-25 21:24:43.566  2895  2944 I GuardianCollisionTracker: Guardian Controller Collision: Magnitude: 12.762, Duration: -1.000 sec, TimeStamp: 15156.200195 sec
06-25 21:24:43.604   642  1037 E FrameSetCollator: [worldTracking] 30 FrameSets had unexpected timestamps (over 1000.03s). Ex: slot 1 4465297.848ms -> 4465314.514ms (observed period: 16.666ms, expected period: 16.666ms (16.666ms))
06-25 21:24:43.666   642   888 E libsensortelemetry: imu samples delayed: 3762155ns capture to arrival (ERS limit: 3500000ns)
06-25 21:24:43.786     0     0 W healthd : battery l=100 v=4397 t=37.0 h=2 st=5 c=-181278 fc=5070000 cc=3 chg=a
06-25 21:24:43.782  2895  3540 I [CT]    : SlamAnchorClientRuntimeIPC: Kicked off bulk re-registration of 3 slam anchors.
06-25 21:24:43.852  2895  2944 I GuardianCollisionTracker: Guardian Controller Collision: Magnitude: 11.225, Duration: -1.000 sec, TimeStamp: 15156.495117 sec
06-25 21:24:43.981  1070  5366 E ThermalManagerService: No threshold found for pcb1-usr
06-25 21:24:43.982  1070  5366 E ThermalManagerService: No threshold found for pcb2-usr
06-25 21:24:43.982  1070  5366 E ThermalManagerService: No threshold found for pcb3-usr
06-25 21:24:43.982  1070  5366 E ThermalManagerService: No threshold found for rf-usr
06-25 21:24:43.982  1070  5366 E ThermalManagerService: No threshold found for cam0-usr
06-25 21:24:43.982  1070  5366 E ThermalManagerService: No threshold found for cam1-usr
06-25 21:24:43.982  1070  5366 E ThermalManagerService: No threshold found for cam2-usr
06-25 21:24:43.982  1070  5366 E ThermalManagerService: No threshold found for cam3-usr
06-25 21:24:43.982  1070  5366 E ThermalManagerService: No threshold found for cam4-usr
06-25 21:24:43.982  1070  5366 E ThermalManagerService: No threshold found for cam5-usr
06-25 21:24:43.982  1070  5366 E ThermalManagerService: No threshold found for disp-virt
06-25 21:24:43.982  1070  5366 E ThermalManagerService: No threshold found for pogo-usr
06-25 21:24:44.001 31072 31456 I VrApi   : FPS=72/72,Prd=32ms,Tear=0,Early=0,Stale=0,Stale2/5/10/max=0/0/0/0,VSnc=1,Lat=-1,Fov=0,CPU4/GPU=2/2,1382/456MHz,OC=3F,TA=0/0/0,SP=N/N/N,Mem=2092MHz,Free=3172MB,PLS=0,Temp=37.0C/0.0C,TW=0.69ms,App=5.01ms,GD=0.00ms,CPU&GPU=13.66ms,LCnt=1(DR72,LM0),GPU%=0.43,CPU%=0.49(W0.55),DSF=1.00,CFL=10.22/14.96,ICFLp95=13.63,LD=0,SF=1.00,LP=0,DVFS=0
06-25 21:24:44.202   843 30570 W Tracking: VEGA:HM:MAP_TRACKING: Validation failed on Submap id = 1, version = 8267765
06-25 21:24:44.281  2895  2944 I GuardianCollisionTracker: Guardian Controller Collision: Magnitude: 6.151, Duration: -1.000 sec, TimeStamp: 15156.938477 sec
06-25 21:24:44.493  2895  2944 W [CT]    : Anchor:SlamAnchorMemoryOSSDKClient: [Throttled count=255] Skipping invalid anchorHandle when attempting to cache AnchorStates
06-25 21:24:44.537   843 30570 W Tracking: VEGA:HM:MAP_TRACKING: Validation failed on Submap id = 1, version = 8267765
06-25 21:24:44.658   642  1037 E FrameSetCollator: [worldTracking] 31 FrameSets had unexpected timestamps (over 1053.70s). Ex: slot 0 4466331.140ms -> 4466364.472ms (observed period: 33.332ms, expected period: 16.666ms (16.666ms))
06-25 21:24:44.781  3126  3436 I ClientSharedTelemetryStats: App memory usage: PSS=113 MiB, PrivateDirty=101 MiB, PrivateClean=0 MiB, GPU=8.9/8.9 MiB (100% allocated)
06-25 21:24:44.803   843 30570 W Tracking: VEGA:HM:MAP_TRACKING: Validation failed on Submap id = 1, version = 8267765
06-25 21:24:44.849  2895  3540 I [CT]    : SlamAnchorClientRuntimeIPC: Kicked off bulk re-registration of 3 slam anchors.
06-25 21:24:44.919  2895  2944 I [CT]    : SP:AF:AnchorFramework: calculateRigidScenePose: Located 19 / 19 anchors for calculating rigid scene pose
06-25 21:24:44.919  2895  2944 I [CT]    : SP:AF:AnchorAccuracy: New Rigid Scene calculated using 19 anchors attached to 1 IAs. 2.068331249000039 seconds since last update
06-25 21:24:44.919  2895  2944 I [CT]    : SP:AF:AnchorAccuracy: New scene origin pose: -1.2787140607833862 -1.4791831970214844 0.5068442821502686 : 0.3053884506225586 -0.305388480424881 -0.6377601027488708 -0.6377600431442261
06-25 21:24:44.919  2895  2944 I [CT]    : SP:AF:AnchorAccuracy: New scene origin pose moved: 0.0008478611707687378 translation 4.512088344199583e-05 rotation
06-25 21:24:44.982  1070  4635 E ThermalManagerService: No threshold found for pcb1-usr
06-25 21:24:44.982  1070  4635 E ThermalManagerService: No threshold found for pcb2-usr
06-25 21:24:44.982  1070  4635 E ThermalManagerService: No threshold found for pcb3-usr
06-25 21:24:44.982  1070  4635 E ThermalManagerService: No threshold found for rf-usr
06-25 21:24:44.982  1070  4635 E ThermalManagerService: No threshold found for cam0-usr
06-25 21:24:44.982  1070  4635 E ThermalManagerService: No threshold found for cam1-usr
06-25 21:24:44.982  1070  4635 E ThermalManagerService: No threshold found for cam2-usr
06-25 21:24:44.982  1070  4635 E ThermalManagerService: No threshold found for cam3-usr
06-25 21:24:44.982  1070  4635 E ThermalManagerService: No threshold found for cam4-usr
06-25 21:24:44.982  1070  4635 E ThermalManagerService: No threshold found for cam5-usr
06-25 21:24:44.982  1070  4635 E ThermalManagerService: No threshold found for disp-virt
06-25 21:24:44.982  1070  4635 E ThermalManagerService: No threshold found for pogo-usr
06-25 21:24:44.990  2895  2944 I GuardianCollisionTracker: Guardian Controller Collision: Magnitude: 7.647, Duration: -1.000 sec, TimeStamp: 15157.674805 sec
06-25 21:24:45.001 31072 31456 I VrApi   : FPS=72/72,Prd=31ms,Tear=0,Early=0,Stale=0,Stale2/5/10/max=0/0/0/0,VSnc=1,Lat=-1,Fov=0,CPU4/GPU=2/2,1382/456MHz,OC=3F,TA=0/0/0,SP=N/N/N,Mem=2736MHz,Free=3172MB,PLS=0,Temp=37.0C/0.0C,TW=0.69ms,App=4.17ms,GD=0.00ms,CPU&GPU=12.83ms,LCnt=1(DR72,LM0),GPU%=0.39,CPU%=0.50(W0.53),DSF=1.00,CFL=10.22/14.96,ICFLp95=13.63,LD=0,SF=1.00,LP=0,DVFS=0
06-25 21:24:45.201  2895  2944 I GuardianCollisionTracker: Guardian Controller Collision: Magnitude: 23.697, Duration: -1.000 sec, TimeStamp: 15157.839844 sec
06-25 21:24:45.224   642 30567 I libcamerahal: [INSIGHTS][2.02s] recv/ret/req heartbeat: cam0: 90/90/90, cam1: 90/90/91, cam2: 91/91/90, cam3: 91/91/91
06-25 21:24:45.271  2895  2944 I GuardianCollisionTracker: Guardian Controller Collision: Magnitude: 6.542, Duration: -1.000 sec, TimeStamp: 15157.954102 sec
06-25 21:24:45.412  2895  2944 I GuardianCollisionTracker: Guardian Controller Collision: Magnitude: 26.106, Duration: -1.000 sec, TimeStamp: 15158.057617 sec
06-25 21:24:45.552  2895  2944 I GuardianCollisionTracker: Guardian Controller Collision: Magnitude: 10.807, Duration: -1.000 sec, TimeStamp: 15158.186523 sec
06-25 21:24:45.553  2895  2944 W [CT]    : Anchor:SlamAnchorMemoryOSSDKClient: [Throttled count=239] Skipping invalid anchorHandle when attempting to cache AnchorStates
06-25 21:24:45.624  2895  2944 I GuardianCollisionTracker: Guardian Controller Collision: Magnitude: 22.982, Duration: -1.000 sec, TimeStamp: 15158.282227 sec
06-25 21:24:45.658   642  1037 E FrameSetCollator: [worldTracking] 30 FrameSets had unexpected timestamps (over 1000.04s). Ex: slot 0 4467331.100ms -> 4467364.432ms (observed period: 33.332ms, expected period: 16.666ms (16.666ms))
06-25 21:24:45.696  2895  2944 I GuardianCollisionTracker: Guardian Controller Collision: Magnitude: 13.852, Duration: -1.000 sec, TimeStamp: 15158.323242 sec
06-25 21:24:45.836  2895  2944 I GuardianCollisionTracker: Guardian Controller Collision: Magnitude: 23.894, Duration: -1.000 sec, TimeStamp: 15158.486328 sec
06-25 21:24:45.905  2895  2944 I GuardianCollisionTracker: Guardian Controller Collision: Magnitude: 11.375, Duration: -1.000 sec, TimeStamp: 15158.557617 sec
06-25 21:24:45.906  2895  3540 I [CT]    : SlamAnchorClientRuntimeIPC: Kicked off bulk re-registration of 3 slam anchors.
06-25 21:24:45.976  2895  2944 I GuardianCollisionTracker: Guardian Controller Collision: Magnitude: 12.643, Duration: -1.000 sec, TimeStamp: 15158.625977 sec
06-25 21:24:45.995  1070  4635 E ThermalManagerService: No threshold found for pcb1-usr
06-25 21:24:45.996  1070  4635 E ThermalManagerService: No threshold found for pcb2-usr
06-25 21:24:45.996  1070  4635 E ThermalManagerService: No threshold found for pcb3-usr
06-25 21:24:45.996  1070  4635 E ThermalManagerService: No threshold found for rf-usr
06-25 21:24:45.996  1070  4635 E ThermalManagerService: No threshold found for cam0-usr
06-25 21:24:45.996  1070  4635 E ThermalManagerService: No threshold found for cam1-usr
06-25 21:24:45.996  1070  4635 E ThermalManagerService: No threshold found for cam2-usr
06-25 21:24:45.996  1070  4635 E ThermalManagerService: No threshold found for cam3-usr
06-25 21:24:45.996  1070  4635 E ThermalManagerService: No threshold found for cam4-usr
06-25 21:24:45.996  1070  4635 E ThermalManagerService: No threshold found for cam5-usr
06-25 21:24:45.996  1070  4635 E ThermalManagerService: No threshold found for disp-virt
06-25 21:24:45.996  1070  4635 E ThermalManagerService: No threshold found for pogo-usr
06-25 21:24:46.002 31072 31456 I VrApi   : FPS=72/72,Prd=30ms,Tear=0,Early=0,Stale=0,Stale2/5/10/max=0/0/0/0,VSnc=1,Lat=-1,Fov=0,CPU4/GPU=2/2,1382/456MHz,OC=3F,TA=0/0/0,SP=N/N/N,Mem=2736MHz,Free=3172MB,PLS=0,Temp=37.0C/0.0C,TW=0.69ms,App=4.68ms,GD=0.00ms,CPU&GPU=13.45ms,LCnt=1(DR73,LM0),GPU%=0.42,CPU%=0.57(W0.62),DSF=1.00,CFL=10.01/16.01,ICFLp95=13.71,LD=0,SF=1.00,LP=0,DVFS=0
06-25 21:24:46.103  2895  3770 I ClientSharedTelemetryStats: App memory usage: PSS=49 MiB, PrivateDirty=32 MiB, PrivateClean=0 MiB, GPU=5.5/5.5 MiB (100% allocated)
06-25 21:24:46.609  2895  2944 W [CT]    : Anchor:SlamAnchorMemoryOSSDKClient: [Throttled count=239] Skipping invalid anchorHandle when attempting to cache AnchorStates
06-25 21:24:46.658   642  1037 E FrameSetCollator: [worldTracking] 30 FrameSets had unexpected timestamps (over 1000.03s). Ex: slot 0 4468331.060ms -> 4468364.392ms (observed period: 33.332ms, expected period: 16.666ms (16.666ms))
06-25 21:24:46.833   843 30515 I Tracking: CONSTELLATION:IMU_STATUS: da7a0f37bc734fd (L): [FusionTracked=1.000, OutputTracked=0.000, OutputValid=0.000] [AccelSat=0.000, GyroSat=0.000] 
06-25 21:24:46.834   843 30515 I Tracking: CONSTELLATION:IMU_STATUS: 8769527bc9039ab5 (R): [FusionTracked=1.000, OutputTracked=0.000, OutputValid=0.000] [AccelSat=0.000, GyroSat=0.000] 
06-25 21:24:46.962  2895  3540 I [CT]    : SlamAnchorClientRuntimeIPC: Kicked off bulk re-registration of 3 slam anchors.
06-25 21:24:46.962  2895  2944 I [CT]    : SP:AF:AnchorFramework: calculateRigidScenePose: Located 19 / 19 anchors for calculating rigid scene pose
06-25 21:24:46.962  2895  2944 I [CT]    : SP:AF:AnchorAccuracy: New Rigid Scene calculated using 19 anchors attached to 1 IAs. 2.041949791000661 seconds since last update
06-25 21:24:46.962  2895  2944 I [CT]    : SP:AF:AnchorAccuracy: New scene origin pose: -1.2787983417510986 -1.4791463613510132 0.5069278478622437 : 0.3054130971431732 -0.3054130971431732 -0.6377483010292053 -0.6377483010292053
06-25 21:24:46.962  2895  2944 I [CT]    : SP:AF:AnchorAccuracy: New scene origin pose moved: 0.00012438642443157732 translation 7.724765600869432e-05 rotation
06-25 21:24:46.996  1070  4635 E ThermalManagerService: No threshold found for pcb1-usr
06-25 21:24:46.996  1070  4635 E ThermalManagerService: No threshold found for pcb2-usr
06-25 21:24:46.996  1070  4635 E ThermalManagerService: No threshold found for pcb3-usr
06-25 21:24:46.996  1070  4635 E ThermalManagerService: No threshold found for rf-usr
06-25 21:24:46.996  1070  4635 E ThermalManagerService: No threshold found for cam0-usr
06-25 21:24:46.996  1070  4635 E ThermalManagerService: No threshold found for cam1-usr
06-25 21:24:46.996  1070  4635 E ThermalManagerService: No threshold found for cam2-usr
06-25 21:24:46.996  1070  4635 E ThermalManagerService: No threshold found for cam3-usr
06-25 21:24:46.996  1070  4635 E ThermalManagerService: No threshold found for cam4-usr
06-25 21:24:46.996  1070  4635 E ThermalManagerService: No threshold found for cam5-usr
06-25 21:24:46.996  1070  4635 E ThermalManagerService: No threshold found for disp-virt
06-25 21:24:46.996  1070  4635 E ThermalManagerService: No threshold found for pogo-usr
06-25 21:24:47.002 31072 31456 I VrApi   : FPS=73/72,Prd=30ms,Tear=0,Early=0,Stale=0,Stale2/5/10/max=0/0/0/0,VSnc=1,Lat=-1,Fov=0,CPU4/GPU=2/2,1382/456MHz,OC=3F,TA=0/0/0,SP=N/N/N,Mem=2736MHz,Free=3172MB,PLS=0,Temp=37.0C/0.0C,TW=0.70ms,App=5.16ms,GD=0.00ms,CPU&GPU=13.24ms,LCnt=1(DR72,LM0),GPU%=0.44,CPU%=0.51(W0.55),DSF=1.00,CFL=10.28/14.84,ICFLp95=13.55,LD=0,SF=1.00,LP=0,DVFS=0
06-25 21:24:47.210   843 31316 I Tracking: CONSTELLATION:VISION_STATUS: da7a0f37bc734fd (L): BlobDetection:[#BlobsDetected=(40.21, 82.85)]Matching:[MatchSuccess=1.000, MatchCost=(0.00213, 0.00000), #MatchedBlobs=(19.01, 26.80), #MatchedLeds=(6.75, 2.21), RematchM=0.053, SkipRefine=0.053] MatchMethod:[Prox=1.000, ConstBrute=0.000, UnconstBrute=0.000] MatchResets[AnomBlobSize=0.000, SharedMatch=0.000, DenseReacq=0.000] | Fusion:[FusionError=0.000, ImuFromCamMs=(-4467414.470, 2138717.781), RematchF=0.000] FusionUpdates:[Successful=0.000, Reliable=0.000, TightFusion=0.000, FullPose=0.000, StaticPrior=0.000, StaticForHandTrans=0.000, PoseUpdateMD=(0.0000, 0.0000)] FusionResets[6DoFReset=0.000, ResetSuccess=0.000] FusionStatus[HasPosition=0.000, HasVelocity=0.000] 
06-25 21:24:47.210   843 31316 I Tracking: CONSTELLATION:VISION_STATUS: 8769527bc9039ab5 (R): BlobDetection:[#BlobsDetected=(40.21, 82.85)]Matching:[MatchSuccess=1.000, MatchCost=(0.00214, 0.00000), #MatchedBlobs=(21.14, 22.20), #MatchedLeds=(7.55, 1.48), RematchM=0.000, SkipRefine=0.000] MatchMethod:[Prox=1.000, ConstBrute=0.000, UnconstBrute=0.000] MatchResets[AnomBlobSize=0.000, SharedMatch=0.000, DenseReacq=0.000] | Fusion:[FusionError=0.000, ImuFromCamMs=(-4467414.470, 2138717.781), RematchF=0.000] FusionUpdates:[Successful=0.000, Reliable=0.000, TightFusion=0.000, FullPose=0.000, StaticPrior=0.000, StaticForHandTrans=0.000, PoseUpdateMD=(0.0000, 0.0000)] FusionResets[6DoFReset=0.000, ResetSuccess=0.000] FusionStatus[HasPosition=0.000, HasVelocity=0.000] 
06-25 21:24:47.228   642 30569 I libcamerahal: [INSIGHTS][2.01s] recv/ret/req heartbeat: cam0: 91/91/91, cam1: 91/91/90, cam2: 90/90/90, cam3: 90/90/91
06-25 21:24:47.666  2895  2944 W [CT]    : Anchor:SlamAnchorMemoryOSSDKClient: [Throttled count=255] Skipping invalid anchorHandle when attempting to cache AnchorStates
06-25 21:24:47.671   642  1037 E FrameSetCollator: [worldTracking] 31 FrameSets had unexpected timestamps (over 1012.92s). Ex: slot 1 4469364.352ms -> 4469381.018ms (observed period: 16.666ms, expected period: 16.666ms (16.666ms))
06-25 21:24:47.796   843 30570 I Tracking: VioSubmapHelpers: Initializing Submap id = 1, version = 1591352854 relative to Odometry.
06-25 21:24:47.797   843 30570 I Tracking: TrackedMapContext: Stop tracking Submap id = 1, version = 8267765 at index: 2 / 3
06-25 21:24:47.797   843 30570 I Tracking: SVTTS: Starting map tracking on Submap id = 1, version = 1591352854, total 2
06-25 21:24:47.938   843 30570 W Tracking: VEGA:HM:MAP_TRACKING: Validation failed on Submap id = 1, version = 1591352854
06-25 21:24:48.002 31072 31456 I VrApi   : FPS=72/72,Prd=30ms,Tear=0,Early=0,Stale=0,Stale2/5/10/max=0/0/0/0,VSnc=1,Lat=-1,Fov=0,CPU4/GPU=2/2,1382/456MHz,OC=3F,TA=0/0/0,SP=N/N/N,Mem=2736MHz,Free=3172MB,PLS=0,Temp=37.0C/0.0C,TW=0.69ms,App=5.09ms,GD=0.00ms,CPU&GPU=13.40ms,LCnt=1(DR73,LM0),GPU%=0.43,CPU%=0.52(W0.55),DSF=1.00,CFL=10.26/14.78,ICFLp95=13.54,LD=0,SF=1.00,LP=0,DVFS=0
06-25 21:24:48.010  1070  4635 E ThermalManagerService: No threshold found for pcb1-usr
06-25 21:24:48.010  1070  4635 E ThermalManagerService: No threshold found for pcb2-usr
06-25 21:24:48.010  1070  4635 E ThermalManagerService: No threshold found for pcb3-usr
06-25 21:24:48.010  1070  4635 E ThermalManagerService: No threshold found for rf-usr
06-25 21:24:48.010  1070  4635 E ThermalManagerService: No threshold found for cam0-usr
06-25 21:24:48.010  1070  4635 E ThermalManagerService: No threshold found for cam1-usr
06-25 21:24:48.010  1070  4635 E ThermalManagerService: No threshold found for cam2-usr
06-25 21:24:48.010  1070  4635 E ThermalManagerService: No threshold found for cam3-usr
06-25 21:24:48.010  1070  4635 E ThermalManagerService: No threshold found for cam4-usr
06-25 21:24:48.010  1070  4635 E ThermalManagerService: No threshold found for cam5-usr
06-25 21:24:48.010  1070  4635 E ThermalManagerService: No threshold found for disp-virt
06-25 21:24:48.010  1070  4635 E ThermalManagerService: No threshold found for pogo-usr
06-25 21:24:48.020  2895  3540 I [CT]    : SlamAnchorClientRuntimeIPC: Kicked off bulk re-registration of 3 slam anchors.
06-25 21:24:48.437   843 30440 I Tracking: BOLT:HexagonTelemetry: Global DSP utilization: 6.49% (324 / 5002 ms), Scalar Util: 0.00%, HVX Util: 0.00%, HMX Util: 0.00%, Freq: 1171.2 MHz
06-25 21:24:48.724   642  1037 E FrameSetCollator: [worldTracking] 31 FrameSets had unexpected timestamps (over 1053.39s). Ex: slot 0 4470397.644ms -> 4470430.976ms (observed period: 33.332ms, expected period: 16.666ms (16.666ms))
06-25 21:24:48.725  2895  2944 W [CT]    : Anchor:SlamAnchorMemoryOSSDKClient: [Throttled count=239] Skipping invalid anchorHandle when attempting to cache AnchorStates
06-25 21:24:49.007  2895  2944 I [CT]    : SP:AF:AnchorFramework: calculateRigidScenePose: Located 19 / 19 anchors for calculating rigid scene pose
06-25 21:24:49.008  2895  2944 I [CT]    : SP:AF:AnchorAccuracy: New Rigid Scene calculated using 19 anchors attached to 1 IAs. 2.0455726039999718 seconds since last update
06-25 21:24:49.008  2895  2944 I [CT]    : SP:AF:AnchorAccuracy: New scene origin pose: -1.2790061235427856 -1.4789555072784424 0.5069403052330017 : 0.30541229248046875 -0.30541226267814636 -0.6377487182617188 -0.637748658657074
06-25 21:24:49.008  2895  2944 I [CT]    : SP:AF:AnchorAccuracy: New scene origin pose moved: 0.0002822905080392957 translation 2.5657702735770727e-06 rotation
06-25 21:24:49.011  1070  4635 E ThermalManagerService: No threshold found for pcb1-usr
06-25 21:24:49.011  1070  4635 E ThermalManagerService: No threshold found for pcb2-usr
06-25 21:24:49.011  1070  4635 E ThermalManagerService: No threshold found for pcb3-usr
06-25 21:24:49.011  1070  4635 E ThermalManagerService: No threshold found for rf-usr
06-25 21:24:49.011  1070  4635 E ThermalManagerService: No threshold found for cam0-usr
06-25 21:24:49.011  1070  4635 E ThermalManagerService: No threshold found for cam1-usr
06-25 21:24:49.011  1070  4635 E ThermalManagerService: No threshold found for cam2-usr
06-25 21:24:49.011  1070  4635 E ThermalManagerService: No threshold found for cam3-usr
06-25 21:24:49.011  1070  4635 E ThermalManagerService: No threshold found for cam4-usr
06-25 21:24:49.011  1070  4635 E ThermalManagerService: No threshold found for cam5-usr
06-25 21:24:49.011  1070  4635 E ThermalManagerService: No threshold found for disp-virt
06-25 21:24:49.012  1070  4635 E ThermalManagerService: No threshold found for pogo-usr
06-25 21:24:49.022 31072 31456 I ClientSharedTelemetryStats: App memory usage: PSS=463 MiB, PrivateDirty=243 MiB, PrivateClean=0 MiB, GPU=229.7/229.7 MiB (100% allocated)
06-25 21:24:49.022 31072 31456 I VrApi   : FPS=72/72,Prd=29ms,Tear=0,Early=0,Stale=0,Stale2/5/10/max=0/0/0/0,VSnc=1,Lat=-1,Fov=0,CPU4/GPU=2/2,1382/456MHz,OC=3F,TA=0/0/0,SP=N/N/N,Mem=2092MHz,Free=3192MB,PLS=0,Temp=37.0C/0.0C,TW=0.68ms,App=4.35ms,GD=0.00ms,CPU&GPU=12.22ms,LCnt=1(DR72,LM0),GPU%=0.38,CPU%=0.55(W0.57),DSF=1.00,CFL=10.32/15.18,ICFLp95=13.57,LD=0,SF=1.00,LP=0,DVFS=0
06-25 21:24:49.049 31072 31210 D UE      : [2024.06.26-02.24.49:049][753]LogBlueprintUserMessages: [PC_PlayerController_Game_C_2147482492] 1.442345
06-25 21:24:49.065 31072 31247 D UE      : [2024.06.26-02.24.49:065][754]LogHMD: Warning: Swapchain format not supported (50), falling back to runtime preferred format (43).
06-25 21:24:49.066  2734 31262 I VrRuntimeService: CreateSwapChain: 3619405044
06-25 21:24:49.066  2734 31262 I VrRuntimeService: CreateSwapChain: api:vk 0 0x2b 1024 1024 1 3 1 0 3
06-25 21:24:49.071  2734 31262 I VrRuntimeServer: CreateTextureSwapChain: result importswapchaingles 1
06-25 21:24:49.074 31072 31247 I SwapChain_Vulkan_Memory_Export: Imported texture has requirements 3, ends up index 0
06-25 21:24:49.074 31072 31247 I SwapChain_Vulkan_Memory_Export: Imported texture has requirements 3, ends up index 0
06-25 21:24:49.074 31072 31247 I SwapChain_Vulkan_Memory_Export: Imported texture has requirements 3, ends up index 0
06-25 21:24:49.076  2895  2944 I GuardianCollisionTracker: Guardian Controller Collision: Magnitude: 11.467, Duration: -1.000 sec, TimeStamp: 15161.734375 sec
06-25 21:24:49.078  2895  3540 I [CT]    : SlamAnchorClientRuntimeIPC: Kicked off bulk re-registration of 3 slam anchors.
06-25 21:24:49.257   642 30567 I libcamerahal: [INSIGHTS][2.03s] recv/ret/req heartbeat: cam0: 90/90/90, cam1: 90/90/91, cam2: 91/91/91, cam3: 91/91/90
06-25 21:24:49.353   642   888 I DUMPSYS_LOG: {"additional_data":{"camera_fps":[{"fps":44.951208524324144,"frames":450,"id":0},{"fps":44.951208524324144,"frames":450,"id":1},{"fps":44.951208524324144,"frames":450,"id":2},{"fps":44.951208524324144,"frames":450,"id":3}]},"event":"CameraFPS","service":"SensorService","tid":"513264311216","ts":1719368689352909,"ts_proc":15162067675}
06-25 21:24:49.737   642  1037 E FrameSetCollator: [worldTracking] 31 FrameSets had unexpected timestamps (over 1013.10s). Ex: slot 1 4471430.936ms -> 4471447.602ms (observed period: 16.666ms, expected period: 16.666ms (16.666ms))
06-25 21:24:49.780  2895  2944 W [CT]    : Anchor:SlamAnchorMemoryOSSDKClient: [Throttled count=239] Skipping invalid anchorHandle when attempting to cache AnchorStates
06-25 21:24:50.002 31072 31456 I VrApi   : FPS=72/72,Prd=28ms,Tear=0,Early=0,Stale=0,Stale2/5/10/max=0/0/0/0,VSnc=1,Lat=-1,Fov=0,CPU4/GPU=2/2,1382/456MHz,OC=3F,TA=0/0/0,SP=N/N/N,Mem=2736MHz,Free=3192MB,PLS=0,Temp=37.0C/0.0C,TW=0.72ms,App=4.15ms,GD=0.00ms,CPU&GPU=13.43ms,LCnt=1(DR73,LM0),GPU%=0.37,CPU%=0.56(W0.57),DSF=1.00,CFL=10.20/15.13,ICFLp95=13.55,LD=0,SF=1.00,LP=0,DVFS=0
06-25 21:24:50.022  1070  5366 E ThermalManagerService: No threshold found for pcb1-usr
06-25 21:24:50.022  1070  5366 E ThermalManagerService: No threshold found for pcb2-usr
06-25 21:24:50.022  1070  5366 E ThermalManagerService: No threshold found for pcb3-usr
06-25 21:24:50.022  1070  5366 E ThermalManagerService: No threshold found for rf-usr
06-25 21:24:50.022  1070  5366 E ThermalManagerService: No threshold found for cam0-usr
06-25 21:24:50.022  1070  5366 E ThermalManagerService: No threshold found for cam1-usr
06-25 21:24:50.022  1070  5366 E ThermalManagerService: No threshold found for cam2-usr
06-25 21:24:50.022  1070  5366 E ThermalManagerService: No threshold found for cam3-usr
06-25 21:24:50.022  1070  5366 E ThermalManagerService: No threshold found for cam4-usr
06-25 21:24:50.022  1070  5366 E ThermalManagerService: No threshold found for cam5-usr
06-25 21:24:50.022  1070  5366 E ThermalManagerService: No threshold found for disp-virt
06-25 21:24:50.022  1070  5366 E ThermalManagerService: No threshold found for pogo-usr
06-25 21:24:50.022  2167 30541 I ClientSharedTelemetryStats: App memory usage: PSS=99 MiB, PrivateDirty=65 MiB, PrivateClean=0 MiB, GPU=14.9/14.9 MiB (100% allocated)
06-25 21:24:50.095  2734 30530 I Vsync   : Vsync 6759:  2 x 13.89 ms (72.01 Hz, at 15162.810)
06-25 21:24:50.131  2895  3540 I [CT]    : SlamAnchorClientRuntimeIPC: Kicked off bulk re-registration of 3 slam anchors.
06-25 21:24:50.206  2734 30530 I Vsync   : Vsync 6767:  2 x 13.89 ms (72.01 Hz, at 15162.921)
06-25 21:24:50.755 29971 29971 D wlan    : [29971:IH:HIF] hif_rtpm_display_last_busy_hist: RTPM last busy ts:312619897604 client:HIF_RTPM_DP from:dp_service_srngs [wlan]
06-25 21:24:50.755 29971 29971 D wlan    : [29971:IH:HIF] hif_rtpm_display_last_busy_hist: RTPM client:HIF_RTPM_DP busy_ts:312619897604 get_ts:312606776541 put_ts:312606776795 get_cnt:21347 put_cnt:21347
06-25 21:24:50.755 29971 29971 D wlan    : [29971:IH:HIF] hif_rtpm_display_last_busy_hist: RTPM client:HIF_RTPM_CE busy_ts:312619821397 get_ts:0 put_ts:0 get_cnt:0 put_cnt:0
