06-25 18:58:26.984 17347 17347 D wlan    : [17347:IH:DP] wlan_dp_display_txrx_stats: dp_intf: 0
06-25 18:58:26.984 17347 17347 D wlan    : [17347:IH:DP] wlan_dp_display_txrx_stats: Tx CPU[0]: called 28292, dropped 0, orphaned 8012
06-25 18:58:26.984 17347 17347 D wlan    : [17347:IH:DP] wlan_dp_display_txrx_stats: Tx CPU[1]: called 29859, dropped 0, orphaned 8155
06-25 18:58:26.984 17347 17347 D wlan    : [17347:IH:DP] wlan_dp_display_txrx_stats: Tx CPU[2]: called 10108, dropped 0, orphaned 2770
06-25 18:58:26.984 17347 17347 D wlan    : [17347:IH:DP] wlan_dp_display_txrx_stats: Tx CPU[3]: called 6688, dropped 0, orphaned 1192
06-25 18:58:26.984 17347 17347 D wlan    : [17347:IH:DP] wlan_dp_display_txrx_stats: Tx CPU[4]: called 6306, dropped 0, orphaned 1358
06-25 18:58:26.984 17347 17347 D wlan    : [17347:IH:DP] wlan_dp_display_txrx_stats: Tx CPU[5]: called 6291, dropped 0, orphaned 1343
06-25 18:58:26.984 17347 17347 D wlan    : [17347:IH:DP] wlan_dp_display_txrx_stats: TX - called 87544, dropped 0 orphan 22830
06-25 18:58:26.984 17347 17347 D wlan    : [17347:IH:DP] wlan_dp_display_txrx_stats: Rx CPU[0]: packets 189781, dropped 0, delivered 189774, refused 0
06-25 18:58:26.984 17347 17347 D wlan    : [17347:IH:DP] wlan_dp_display_txrx_stats: Rx CPU[1]: packets 205374, dropped 0, delivered 205367, refused 0
06-25 18:58:26.984 17347 17347 D wlan    : [17347:IH:DP] wlan_dp_display_txrx_stats: Rx CPU[2]: packets 76776, dropped 0, delivered 76775, refused 0
06-25 18:58:26.984 17347 17347 D wlan    : [17347:IH:DP] wlan_dp_display_txrx_stats: Rx CPU[3]: packets 56489, dropped 0, delivered 56489, refused 0
06-25 18:58:26.984 17347 17347 D wlan    : [17347:IH:DP] wlan_dp_display_txrx_stats: Rx CPU[4]: packets 50346, dropped 0, delivered 50346, refused 0
06-25 18:58:26.984 17347 17347 D wlan    : [17347:IH:DP] wlan_dp_display_txrx_stats: Rx CPU[5]: packets 52663, dropped 0, delivered 52663, refused 0
06-25 18:58:26.984 17347 17347 D wlan    : [17347:IH:DP] wlan_dp_display_txrx_stats: RX - packets 631429, dropped 0, unsol_arp_mcast_drp 15, delivered 631414, refused 0 GRO - agg 629827 drop 0 non-agg 1582 flush_skip 0 low_tput_flush 0 disabled(conc 0 low-tput 1)
06-25 18:58:26.984 17347 17347 D wlan    : [17347:IH:DP] dp_rx_tm_thread_dump_stats: thread:0 - qlen:0 queued:(total:113810 reo[0]:113810 ) dequeued:113810 stack:113810 gro_flushes: 8632 gro_flushes_by_vdev_del: 0 rx_flushes: 0 max_len:92 invalid(peer:0 vdev:0 rx-handle:0 others:0 enq fail:0)
06-25 18:58:26.984 17347 17347 D wlan    : [17347:IH:DP] dp_rx_tm_thread_dump_stats: thread:1 - qlen:0 queued:(total:126780 reo[1]:126780 ) dequeued:126780 stack:126780 gro_flushes: 10259 gro_flushes_by_vdev_del: 0 rx_flushes: 0 max_len:95 invalid(peer:0 vdev:0 rx-handle:0 others:0 enq fail:0)
06-25 18:58:26.984 17347 17347 D wlan    : [17347:IH:DP] dp_rx_tm_thread_dump_stats: thread:2 - qlen:0 queued:(total:155272 reo[2]:155272 ) dequeued:155272 stack:155272 gro_flushes: 10090 gro_flushes_by_vdev_del: 0 rx_flushes: 0 max_len:123 invalid(peer:0 vdev:0 rx-handle:0 others:0 enq fail:0)
06-25 18:58:26.984 17347 17347 D wlan    : [17347:IH:DP] dp_rx_tm_thread_dump_stats: thread:3 - qlen:0 queued:(total:235574 reo[3]:235574 ) dequeued:235574 stack:235574 gro_flushes: 17207 gro_flushes_by_vdev_del: 0 rx_flushes: 0 max_len:256 invalid(peer:0 vdev:0 rx-handle:0 others:0 enq fail:0)
06-25 18:58:26.984 17347 17347 D wlan    : [17347:IH:DP] Reo packets per ring:
06-25 18:58:26.984 17347 17347 D wlan    : [17347:IH:DP] Packets on ring 0:
06-25 18:58:26.984 17347 17347 D wlan    : [17347:IH:DP] Packets arriving on core 0: 113810
06-25 18:58:26.984 17347 17347 D wlan    : [17347:IH:DP] Total packets on ring 0: 113810
06-25 18:58:26.984 17347 17347 D wlan    : [17347:IH:DP] Packets on ring 1:
06-25 18:58:26.984 17347 17347 D wlan    : [17347:IH:DP] Packets arriving on core 0: 2088
06-25 18:58:26.984 17347 17347 D wlan    : [17347:IH:DP] Packets arriving on core 1: 34356
06-25 18:58:26.984 17347 17347 D wlan    : [17347:IH:DP] Packets arriving on core 2: 88712
06-25 18:58:26.984 17347 17347 D wlan    : [17347:IH:DP] Packets arriving on core 3: 1624
06-25 18:58:26.984 17347 17347 D wlan    : [17347:IH:DP] Total packets on ring 1: 126780
06-25 18:58:26.984 17347 17347 D wlan    : [17347:IH:DP] Packets on ring 2:
06-25 18:58:26.984 17347 17347 D wlan    : [17347:IH:DP] Packets arriving on core 0: 2067
06-25 18:58:26.984 17347 17347 D wlan    : [17347:IH:DP] Packets arriving on core 1: 8381
06-25 18:58:26.984 17347 17347 D wlan    : [17347:IH:DP] Packets arriving on core 2: 96783
06-25 18:58:26.984 17347 17347 D wlan    : [17347:IH:DP] Packets arriving on core 3: 48041
06-25 18:58:26.984 17347 17347 D wlan    : [17347:IH:DP] Total packets on ring 2: 155272
06-25 18:58:26.984 17347 17347 D wlan    : [17347:IH:DP] Packets on ring 3:
06-25 18:58:26.984 17347 17347 D wlan    : [17347:IH:DP] Packets arriving on core 0: 2180
06-25 18:58:26.984 17347 17347 D wlan    : [17347:IH:DP] Packets arriving on core 1: 1130
06-25 18:58:26.984 17347 17347 D wlan    : [17347:IH:DP] Packets arriving on core 2: 156020
06-25 18:58:26.984 17347 17347 D wlan    : [17347:IH:DP] Packets arriving on core 3: 76244
06-25 18:58:26.984 17347 17347 D wlan    : [17347:IH:DP] Total packets on ring 3: 235574
06-25 18:58:26.984 17347 17347 D wlan    : [17347:IH:DP] Packets on ring 4:
06-25 18:58:26.984 17347 17347 D wlan    : [17347:IH:DP] Total packets on ring 4: 0
06-25 18:58:26.984 17347 17347 D wlan    : [17347:IH:DP] Packets on ring 5:
06-25 18:58:26.984 17347 17347 D wlan    : [17347:IH:DP] Total packets on ring 5: 0
06-25 18:58:26.984 17347 17347 D wlan    : [17347:IH:DP] Packets on ring 6:
06-25 18:58:26.984 17347 17347 D wlan    : [17347:IH:DP] Total packets on ring 6: 0
06-25 18:58:26.984 17347 17347 D wlan    : [17347:IH:DP] Packets on ring 7:
06-25 18:58:26.984 17347 17347 D wlan    : [17347:IH:DP] Total packets on ring 7: 0
06-25 18:58:26.984 17347 17347 D wlan    : [17347:IH:HIF] NAPI[#]CPU[#] |scheds |polls  |comps  |dones  |t-lim  |max(us)|hist(500us buckets)
06-25 18:58:26.984 17347 17347 D wlan    : [17347:IH:HIF] NAPI[0]CPU[0]:    1557    1557    1557    5001       0     167 1557|0|0|0|
06-25 18:58:26.984 17347 17347 D wlan    : [17347:IH:HIF] NAPI[0]CPU[1]:    2441    2441    2441    8049       0     300 2441|0|0|0|
06-25 18:58:26.984 17347 17347 D wlan    : [17347:IH:HIF] NAPI[0]CPU[2]:    9428    9428    9428   25796       0     450 9428|0|0|0|
06-25 18:58:26.984 17347 17347 D wlan    : [17347:IH:HIF] NAPI[0]CPU[3]:    5867    5867    5867   23055       0     546 5866|1|0|0|
06-25 18:58:26.984 17347 17347 D wlan    : [17347:IH:HIF] NAPI[1]CPU[0]:    9188    9189    9188  113810       1     683 9188|1|0|0|
06-25 18:58:26.984 17347 17347 D wlan    : [17347:IH:HIF] NAPI[2]CPU[0]:     635     635     635    2088       0     255 635|0|0|0|
06-25 18:58:26.984 17347 17347 D wlan    : [17347:IH:HIF] NAPI[2]CPU[1]:    2563    2563    2563   34356       0     460 2563|0|0|0|
06-25 18:58:26.984 17347 17347 D wlan    : [17347:IH:HIF] NAPI[2]CPU[2]:    7078    7080    7078   88712       2     550 7076|4|0|0|
06-25 18:58:26.984 17347 17347 D wlan    : [17347:IH:HIF] NAPI[2]CPU[3]:     883     883     883    1624       0     338 883|0|0|0|
06-25 18:58:26.984 17347 17347 D wlan    : [17347:IH:HIF] NAPI[3]CPU[0]:    1604    1604    1604    4247       0     341 1604|0|0|0|
06-25 18:58:26.984 17347 17347 D wlan    : [17347:IH:HIF] NAPI[3]CPU[1]:    1420    1420    1420    9511       0     384 1420|0|0|0|
06-25 18:58:26.984 17347 17347 D wlan    : [17347:IH:HIF] NAPI[3]CPU[2]:   19716   19719   19716  252803       3     566 19713|6|0|0|
06-25 18:58:26.984 17347 17347 D wlan    : [17347:IH:HIF] NAPI[3]CPU[3]:    7079    7090    7079  124285      11     586 7073|17|0|0|
06-25 18:58:26.984 17347 17347 D wlan    : [17347:IH:HIF] NAPI[4]CPU[0]:    1250    1250    1250    3831       0     178 1250|0|0|0|
06-25 18:58:26.984 17347 17347 D wlan    : [17347:IH:HIF] NAPI[4]CPU[1]:    2318    2318    2318   19605       0     332 2318|0|0|0|
06-25 18:58:26.984 17347 17347 D wlan    : [17347:IH:HIF] NAPI[4]CPU[2]:    9197    9197    9197   23160       0     498 9197|0|0|0|
06-25 18:58:26.984 17347 17347 D wlan    : [17347:IH:HIF] NAPI[4]CPU[3]:    1937    1937    1937    4430       0     400 1937|0|0|0|
06-25 18:58:26.984 17347 17347 D wlan    : [17347:IH:HIF] NAPI[6]CPU[0]:      44      44      44       0       0      46 44|0|0|0|
06-25 18:58:26.984 17347 17347 D wlan    : [17347:IH:HIF] NAPI[6]CPU[4]:     161     161     161     256       0     169 161|0|0|0|
06-25 18:58:26.984 17347 17347 D wlan    : [17347:IH:DP] Tx path Statistics:
06-25 18:58:26.984 17347 17347 D wlan    : [17347:IH:DP] from stack: 112922 msdus (58969286 bytes)
06-25 18:58:26.984 17347 17347 D wlan    : [17347:IH:DP] processed from host: 112892 msdus (7755684 bytes)
06-25 18:58:26.984 17347 17347 D wlan    : [17347:IH:DP] successfully transmitted: 112926 msdus (60645728 bytes)
06-25 18:58:26.984 17347 17347 D wlan    : [17347:IH:DP] Enqueue to SW2TCL1: 43172
06-25 18:58:26.984 17347 17347 D wlan    : [17347:IH:DP] TX completions reaped from ring 0: 61901
06-25 18:58:26.984 17347 17347 D wlan    : [17347:IH:DP] Enqueue to SW2TCL2: 18729
06-25 18:58:26.984 17347 17347 D wlan    : [17347:IH:DP] TX completions reaped from ring 1: 0
06-25 18:58:26.984 17347 17347 D wlan    : [17347:IH:DP] Enqueue to SW2TCL3: 51026
06-25 18:58:26.984 17347 17347 D wlan    : [17347:IH:DP] TX completions reaped from ring 2: 51026
06-25 18:58:26.984 17347 17347 D wlan    : [17347:IH:DP] Invalid release source: 0
06-25 18:58:26.984 17347 17347 D wlan    : [17347:IH:DP] Invalid TX desc from completion ring: 0
06-25 18:58:26.984 17347 17347 D wlan    : [17347:IH:DP] Dropped in host:
06-25 18:58:26.984 17347 17347 D wlan    : [17347:IH:DP] Total packets dropped: 0,
06-25 18:58:26.984 17347 17347 D wlan    : [17347:IH:DP] Descriptor not available: 0
06-25 18:58:26.984 17347 17347 D wlan    : [17347:IH:DP] Ring full: 0
06-25 18:58:26.984 17347 17347 D wlan    : [17347:IH:DP] Enqueue fail: 0
06-25 18:58:26.984 17347 17347 D wlan    : [17347:IH:DP] Pkt dropped in vdev-id check: 0
06-25 18:58:26.984 17347 17347 D wlan    : [17347:IH:DP] DMA Error: 0
06-25 18:58:26.984 17347 17347 D wlan    : [17347:IH:DP] Drop Ingress: 0
06-25 18:58:26.984 17347 17347 D wlan    : [17347:IH:DP] Dropped in hardware:
06-25 18:58:26.984 17347 17347 D wlan    : [17347:IH:DP] total packets dropped: 0
06-25 18:58:26.984 17347 17347 D wlan    : [17347:IH:DP] mpdu age out: 0
06-25 18:58:26.984 17347 17347 D wlan    : [17347:IH:DP] firmware removed packets: 0 (0 bytes)
06-25 18:58:26.984 17347 17347 D wlan    : [17347:IH:DP] firmware removed tx: 0
06-25 18:58:26.984 17347 17347 D wlan    : [17347:IH:DP] firmware removed notx 0
06-25 18:58:26.984 17347 17347 D wlan    : [17347:IH:DP] Invalid peer on tx path: 0
06-25 18:58:26.984 17347 17347 D wlan    : [17347:IH:DP] Tx desc freed in non-completion path: 0
06-25 18:58:26.984 17347 17347 D wlan    : [17347:IH:DP] Tx desc force freed: 0
06-25 18:58:26.984 17347 17347 D wlan    : [17347:IH:DP] Tx packets sent per interrupt:
06-25 18:58:26.984 17347 17347 D wlan    : [17347:IH:DP] Single Packet: 12437
06-25 18:58:26.984 17347 17347 D wlan    : [17347:IH:DP] 2-20 Packets:  16351
06-25 18:58:26.984 17347 17347 D wlan    : [17347:IH:DP] 21-40 Packets: 412
06-25 18:58:26.984 17347 17347 D wlan    : [17347:IH:DP] 41-60 Packets: 73
06-25 18:58:26.984 17347 17347 D wlan    : [17347:IH:DP] 61-80 Packets: 45
06-25 18:58:26.984 17347 17347 D wlan    : [17347:IH:DP] 81-100 Packets: 10
06-25 18:58:26.984 17347 17347 D wlan    : [17347:IH:DP] 101-200 Packets: 12
06-25 18:58:26.984 17347 17347 D wlan    : [17347:IH:DP]     201+ Packets: 0
06-25 18:58:26.984 17347 17347 D wlan    : [17347:IH:DP] Rx path statistics
06-25 18:58:26.984 17347 17347 D wlan    : [17347:IH:DP] delivered 631429 msdus ( 864347984 bytes),
06-25 18:58:26.984 17347 17347 D wlan    : [17347:IH:DP] received on reo[0] 113810 msdus( 154968931 bytes),
06-25 18:58:26.984 17347 17347 D wlan    : [17347:IH:DP] received on reo[1] 126780 msdus( 167523322 bytes),
06-25 18:58:26.984 17347 17347 D wlan    : [17347:IH:DP] received on reo[2] 155272 msdus( 214009983 bytes),
06-25 18:58:26.984 17347 17347 D wlan    : [17347:IH:DP] received on reo[3] 235574 msdus( 327851862 bytes),
06-25 18:58:26.984 17347 17347 D wlan    : [17347:IH:DP] received on lmac[0] 0 msdus (0 bytes),
06-25 18:58:26.984 17347 17347 D wlan    : [17347:IH:DP] received on lmac[1] 0 msdus (0 bytes),
06-25 18:58:26.984 17347 17347 D wlan    : [17347:IH:DP] intra-bss packets 0 msdus ( 0 bytes),
06-25 18:58:26.984 17347 17347 D wlan    : [17347:IH:DP] intra-bss fails 0 msdus ( 0 bytes),
06-25 18:58:26.984 17347 17347 D wlan    : [17347:IH:DP] intra-bss no mdns fwds 0 msdus
06-25 18:58:26.984 17347 17347 D wlan    : [17347:IH:DP] intra-bss EAPOL drops: 0
06-25 18:58:26.984 17347 17347 D wlan    : [17347:IH:DP] raw packets 0 msdus ( 0 bytes),
06-25 18:58:26.984 17347 17347 D wlan    : [17347:IH:DP] mic errors 11903
06-25 18:58:26.984 17347 17347 D wlan    : [17347:IH:DP] Invalid peer on rx path: 0
06-25 18:58:26.984 17347 17347 D wlan    : [17347:IH:DP] sw_peer_id invalid 0
06-25 18:58:26.984 17347 17347 D wlan    : [17347:IH:DP] packet_len invalid 0
06-25 18:58:26.984 17347 17347 D wlan    : [17347:IH:DP] sa or da idx invalid 0
06-25 18:58:26.984 17347 17347 D wlan    : [17347:IH:DP] defrag peer uninit 0
06-25 18:58:26.984 17347 17347 D wlan    : [17347:IH:DP] pkts delivered no peer 0
06-25 18:58:26.984 17347 17347 D wlan    : [17347:IH:DP] RX invalid cookie: 0
06-25 18:58:26.984 17347 17347 D wlan    : [17347:IH:DP] RX stale cookie: 0
06-25 18:58:26.984 17347 17347 D wlan    : [17347:IH:DP] 2k jump delba sent: 0
06-25 18:58:26.984 17347 17347 D wlan    : [17347:IH:DP] 2k jump msdu to stack: 0
06-25 18:58:26.984 17347 17347 D wlan    : [17347:IH:DP] 2k jump msdu drop: 0
06-25 18:58:26.984 17347 17347 D wlan    : [17347:IH:DP] REO err oor msdu to stack 0
06-25 18:58:26.984 17347 17347 D wlan    : [17347:IH:DP] REO err oor msdu drop: 256
06-25 18:58:26.984 17347 17347 D wlan    : [17347:IH:DP] Rx err msdu rejected: 0
06-25 18:58:26.984 17347 17347 D wlan    : [17347:IH:DP] Rx raw frame dropped: 0
06-25 18:58:26.984 17347 17347 D wlan    : [17347:IH:DP] Rx stale link desc cookie: 0
06-25 18:58:26.984 17347 17347 D wlan    : [17347:IH:DP] Rx nbuf sanity fails: 0
06-25 18:58:26.984 17347 17347 D wlan    : [17347:IH:DP] Rx refill duplicate link desc: 0
06-25 18:58:26.984 17347 17347 D wlan    : [17347:IH:DP] Rx ipa smmu map duplicate: 0
06-25 18:58:26.984 17347 17347 D wlan    : [17347:IH:DP] Rx ipa smmu unmap duplicate: 0
06-25 18:58:26.984 17347 17347 D wlan    : [17347:IH:DP] Rx ipa smmu unmap no pipes: 0
06-25 18:58:26.984 17347 17347 D wlan    : [17347:IH:DP] PN-in-Dest error frame pn-check fail: 0
06-25 18:58:26.984 17347 17347 D wlan    : [17347:IH:DP] Reo Statistics
06-25 18:58:26.984 17347 17347 D wlan    : [17347:IH:DP] near_full: 0
06-25 18:58:26.984 17347 17347 D wlan    : [17347:IH:DP] rbm error: 0 msdus
06-25 18:58:26.984 17347 17347 D wlan    : [17347:IH:DP] hal ring access fail: 0 msdus
06-25 18:58:26.984 17347 17347 D wlan    : [17347:IH:DP] hal ring access full fail: 0 msdus
06-25 18:58:26.984 17347 17347 D wlan    : [17347:IH:DP] Rx BAR frames:0
06-25 18:58:26.984 17347 17347 D wlan    : [17347:IH:DP] Reo error number (7): 134 msdus
06-25 18:58:26.984 17347 17347 D wlan    : [17347:IH:DP] Rx packets reaped per interrupt:
06-25 18:58:26.984 17347 17347 D wlan    : [17347:IH:DP] Single Packet: 8707
06-25 18:58:26.984 17347 17347 D wlan    : [17347:IH:DP] 2-20 Packets:  28110
06-25 18:58:26.984 17347 17347 D wlan    : [17347:IH:DP] 21-40 Packets: 8572
06-25 18:58:26.984 17347 17347 D wlan    : [17347:IH:DP] 41-60 Packets: 1800
06-25 18:58:26.984 17347 17347 D wlan    : [17347:IH:DP] 61-80 Packets: 203
06-25 18:58:26.984 17347 17347 D wlan    : [17347:IH:DP] 81-100 Packets: 68
06-25 18:58:26.984 17347 17347 D wlan    : [17347:IH:DP] 101-200 Packets: 55
06-25 18:58:26.984 17347 17347 D wlan    : [17347:IH:DP]    201+ Packets: 6
06-25 18:58:26.984 17347 17347 D wlan    : [17347:IH:DP] dp_txrx_path_stats: tso_enable: 1 lro_enable: 0 rx_hash: 1 napi_enable: 1
06-25 18:58:26.984 17347 17347 D wlan    : [17347:IH:DP] dp_txrx_path_stats: Tx flow stop queue: 15 tx flow start queue offset: 10
06-25 18:58:26.984 17347 17347 D wlan    : [17347:IH:DP] dp_print_soc_interrupt_stats:  0[450] - Total:19293 tx_comps[0]:16792
06-25 18:58:26.984 17347 17347 D wlan    : [17347:IH:DP] dp_print_soc_interrupt_stats:  1[451] - Total:9189 reo[0]:8801
06-25 18:58:26.984 17347 17347 D wlan    : [17347:IH:DP] dp_print_soc_interrupt_stats:  2[452] - Total:11161 reo[1]:10539
06-25 18:58:26.984 17347 17347 D wlan    : [17347:IH:DP] dp_print_soc_interrupt_stats:  3[453] - Total:29833 reo[2]:10562 reo[3]:17620
06-25 18:58:26.984 17347 17347 D wlan    : [17347:IH:DP] dp_print_soc_interrupt_stats:  4[454] - Total:14702 tx_comps[2]:12548
06-25 18:58:26.984 17347 17347 D wlan    : [17347:IH:DP] dp_print_soc_interrupt_stats:  6[456] - Total:205 reo_err:48 wbm_rx_err:0 rxdma2_host_err:0
06-25 18:58:26.984 17347 17347 D wlan    : [17347:IH:DP] vdev_id: 0 Per TID Delay Non-Zero Stats:
06-25 18:58:26.984 17347 17347 D wlan    : [17347:IH:DP] Hardware Tx completion latency stats TID: 0
06-25 18:58:26.984 17347 17347 D wlan    : [17347:IH:DP] Min = 0
06-25 18:58:26.984 17347 17347 D wlan    : [17347:IH:DP] Max = 0
06-25 18:58:26.984 17347 17347 D wlan    : [17347:IH:DP] Avg = 0
06-25 18:58:26.984 17347 17347 D wlan    : [17347:IH:DP] Hardware Tx completion latency stats TID: 1
06-25 18:58:26.984 17347 17347 D wlan    : [17347:IH:DP] Min = 0
06-25 18:58:26.984 17347 17347 D wlan    : [17347:IH:DP] Max = 0
06-25 18:58:26.984 17347 17347 D wlan    : [17347:IH:DP] Avg = 0
06-25 18:58:26.984 17347 17347 D wlan    : [17347:IH:DP] Hardware Tx completion latency stats TID: 2
06-25 18:58:26.984 17347 17347 D wlan    : [17347:IH:DP] Min = 0
06-25 18:58:26.984 17347 17347 D wlan    : [17347:IH:DP] Max = 0
06-25 18:58:26.984 17347 17347 D wlan    : [17347:IH:DP] Avg = 0
06-25 18:58:26.984 17347 17347 D wlan    : [17347:IH:DP] Hardware Tx completion latency stats TID: 3
06-25 18:58:26.984 17347 17347 D wlan    : [17347:IH:DP] Min = 0
06-25 18:58:26.984 17347 17347 D wlan    : [17347:IH:DP] Max = 0
06-25 18:58:26.984 17347 17347 D wlan    : [17347:IH:DP] Avg = 0
06-25 18:58:26.984 17347 17347 D wlan    : [17347:IH:DP] Hardware Tx completion latency stats TID: 4
06-25 18:58:26.984 17347 17347 D wlan    : [17347:IH:DP] Min = 0
06-25 18:58:26.984 17347 17347 D wlan    : [17347:IH:DP] Max = 0
06-25 18:58:26.984 17347 17347 D wlan    : [17347:IH:DP] Avg = 0
06-25 18:58:26.984 17347 17347 D wlan    : [17347:IH:DP] Hardware Tx completion latency stats TID: 5
06-25 18:58:26.984 17347 17347 D wlan    : [17347:IH:DP] Min = 0
06-25 18:58:26.984 17347 17347 D wlan    : [17347:IH:DP] Max = 0
06-25 18:58:26.984 17347 17347 D wlan    : [17347:IH:DP] Avg = 0
06-25 18:58:26.984 17347 17347 D wlan    : [17347:IH:DP] Hardware Tx completion latency stats TID: 6
06-25 18:58:26.984 17347 17347 D wlan    : [17347:IH:DP] Min = 0
06-25 18:58:26.984 17347 17347 D wlan    : [17347:IH:DP] Max = 0
06-25 18:58:26.984 17347 17347 D wlan    : [17347:IH:DP] Avg = 0
06-25 18:58:26.984 17347 17347 D wlan    : [17347:IH:DP] Hardware Tx completion latency stats TID: 7
06-25 18:58:26.984 17347 17347 D wlan    : [17347:IH:DP] Min = 0
06-25 18:58:26.984 17347 17347 D wlan    : [17347:IH:DP] Max = 0
06-25 18:58:26.984 17347 17347 D wlan    : [17347:IH:DP] Avg = 0
06-25 18:58:26.984 17347 17347 D wlan    : [17347:IH:DP] Hardware Tx completion latency stats TID: 8
06-25 18:58:26.984 17347 17347 D wlan    : [17347:IH:DP] Min = 0
06-25 18:58:26.984 17347 17347 D wlan    : [17347:IH:DP] Max = 0
06-25 18:58:26.984 17347 17347 D wlan    : [17347:IH:DP] Avg = 0
06-25 18:58:26.984 17347 17347 D wlan    : [17347:IH:DP] dp_print_fisa_stats: invalid flow index: 0
06-25 18:58:26.984 17347 17347 D wlan    : [17347:IH:DP] dp_print_fisa_stats: workqueue update deferred: 0
06-25 18:58:26.984 17347 17347 D wlan    : [17347:IH:DP] dp_print_fisa_stats: reo_mismatch: cce_match: 0
06-25 18:58:26.984 17347 17347 D wlan    : [17347:IH:DP] dp_print_fisa_stats: reo_mismatch: allow_fse_metdata_mismatch: 0
06-25 18:58:26.984 17347 17347 D wlan    : [17347:IH:DP] dp_print_fisa_stats: reo_mismatch: allow_non_aggr: 0
06-25 18:58:26.984 17347 17347 D wlan    : [17347:IH:DP] FLOW_POOL_STATS G:(1,3,0) | 0 0: (6144,6144,0)
06-25 18:58:26.984 17347 17347 D wlan    : [17347:IL:HDD] STATS |[0 0] (0) 8200/7488824ms 1(5,1) |[255 7] (2) 7488824/7488824ms 1(1,0) |[255 16] (2) 7488824/7488824ms 1(3,0) |
06-25 18:58:26.984 17347 17347 D wlan    : [17347:IH:DP] dp_display_srng_info: SRNG HP-TP data:
06-25 18:58:26.984 17347 17347 D wlan    : [17347:IH:DP] dp_display_srng_info: TCL DATA ring[0]: hp=0x4520, tp=0x4520
06-25 18:58:26.984 17347 17347 D wlan    : [17347:IH:DP] dp_display_srng_info: TX comp ring[0]: hp=0x8e68, tp=0x8e68
06-25 18:58:26.984 17347 17347 D wlan    : [17347:IH:DP] dp_display_srng_info: TCL DATA ring[1]: hp=0x6948, tp=0x6948
06-25 18:58:26.984 17347 17347 D wlan    : [17347:IH:DP] dp_display_srng_info: TCL DATA ring[2]: hp=0x9a90, tp=0x9a90
06-25 18:58:26.984 17347 17347 D wlan    : [17347:IH:DP] dp_display_srng_info: TX comp ring[2]: hp=0x3a90, tp=0x3a90
06-25 18:58:26.984 17347 17347 D wlan    : [17347:IH:DP] dp_display_srng_info: REO DST ring[0]: hp=0x920, tp=0x920
06-25 18:58:26.984 17347 17347 D wlan    : [17347:IH:DP] dp_display_srng_info: REO DST ring[1]: hp=0x33c0, tp=0x33c0
06-25 18:58:26.984 17347 17347 D wlan    : [17347:IH:DP] dp_display_srng_info: REO DST ring[2]: hp=0x2880, tp=0x2880
06-25 18:58:26.984 17347 17347 D wlan    : [17347:IH:DP] dp_display_srng_info: REO DST ring[3]: hp=0x360, tp=0x360
06-25 18:58:26.984 17347 17347 D wlan    : [17347:IH:DP] dp_display_srng_info: REO exception ring: hp=0x860, tp=0x860
06-25 18:58:26.984 17347 17347 D wlan    : [17347:IH:DP] dp_display_srng_info: WBM RX release ring: hp=0x0, tp=0x0
06-25 18:58:26.984 17347 17347 D wlan    : [17347:IH:DP] dp_display_srng_info: WBM desc release ring: hp=0x440, tp=0x440
06-25 18:58:27.273     0     0 W healthd : battery l=100 v=4419 t=32.0 h=2 st=5 c=-99978 fc=5070000 cc=3 chg=a
06-25 18:58:27.388   642  1037 E FrameSetCollator: [worldTracking] 31 FrameSets had unexpected timestamps (over 1013.59s). Ex: slot 1 7490376.840ms -> 7490393.506ms (observed period: 16.666ms, expected period: 16.666ms (16.666ms))
06-25 18:58:27.489  1070  1085 E ThermalManagerService: No threshold found for pcb1-usr
06-25 18:58:27.489  1070  1085 E ThermalManagerService: No threshold found for pcb2-usr
06-25 18:58:27.489  1070  1085 E ThermalManagerService: No threshold found for pcb3-usr
06-25 18:58:27.489  1070  1085 E ThermalManagerService: No threshold found for rf-usr
06-25 18:58:27.489  1070  1085 E ThermalManagerService: No threshold found for cam0-usr
06-25 18:58:27.489  1070  1085 E ThermalManagerService: No threshold found for cam1-usr
06-25 18:58:27.489  1070  1085 E ThermalManagerService: No threshold found for cam2-usr
06-25 18:58:27.489  1070  1085 E ThermalManagerService: No threshold found for cam3-usr
06-25 18:58:27.489  1070  1085 E ThermalManagerService: No threshold found for cam4-usr
06-25 18:58:27.489  1070  1085 E ThermalManagerService: No threshold found for cam5-usr
06-25 18:58:27.489  1070  1085 E ThermalManagerService: No threshold found for disp-virt
06-25 18:58:27.489  1070  1085 E ThermalManagerService: No threshold found for pogo-usr
06-25 18:58:28.179   642   886 I SensorService: [color] Setting camera mux mode to 1
06-25 18:58:28.179   642   886 I SensorService: updating CameraStream mux states
06-25 18:58:28.180   843   984 I SensorDataTransforms: [iot:ocal] Staging mux mode update for mode 1 (sequence ID 94)
06-25 18:58:28.180   642   886 I SensorService: ending update to CameraStream mux states
06-25 18:58:28.180   843   984 D TrackingService: [ocal]start onMuxStateUpdate. ModeId: ocalOff -> default
06-25 18:58:28.180   642   886 I FrameSetCollator: [color] Updated frame set period to 16666000, with activeSlots [[T,]]
06-25 18:58:28.180   843   984 D TrackingService: [iot][ocal]handleMuxModeNotification started for muxMode[color: default]
06-25 18:58:28.180   642   886 I FrameSetDispatcher: [color] Latest MuxModeSettings: 1
06-25 18:58:28.180   642   886 I FrameSetDispatcher: [color] purpose: passthrough, frame types: GENERIC_SLOT_0 
06-25 18:58:28.180   642   886 I FrameSetDispatcher: [color] purpose: ocal, frame types: GENERIC_SLOT_0 
06-25 18:58:28.180   642   886 I FrameSetDispatcher: [color] purpose: active_slots, frame types: GENERIC_SLOT_0 
06-25 18:58:28.180   827  1761 D MrSystemService: [color]Camera Mux Mode Transition to: default
06-25 18:58:28.181   642 10099 D CameraStream: [ocal] Client [IOT(843)] attempting start
06-25 18:58:28.183   642 10099 I FrameSetDispatcher: [color] Client pid=843 (IOT): Client thread started
06-25 18:58:28.183   642 10099 I CameraClientManager: [IOT(843)][ocal] client started (estimated 1 started clients total)
06-25 18:58:28.198   642 10099 I VrSensors-HidlWrapper: Create IMU Sensor using fmq
06-25 18:58:28.210   642 10099 I VrSensors-HidlWrapper: Create IMU Sensor using fmq
06-25 18:58:28.255     0     0 I CAM_INFO: CAM-SENSOR: cam_sensor_driver_cmd: 1129 CAM_ACQUIRE_DEV Success for imx471 id:0x471,slave-addr:0x34 crm:[0]
06-25 18:58:28.262    23    23 I CAM_ERR : CAM-SMMU: cam_smmu_map_user_iova: 3243 fd=558 already in list [23:58:28:243] cb=ife idx=0 handle=28342 len=573440,give same addr back
06-25 18:58:28.262    23    23 I CAM_ERR : CAM-SMMU: cam_smmu_map_user_iova: 3243 fd=559 already in list [23:58:28:243] cb=ife idx=0 handle=28342 len=483328,give same addr back
06-25 18:58:28.262    23    23 I CAM_ERR : CAM-SMMU: cam_smmu_map_user_iova: 3243 fd=560 already in list [23:58:28:243] cb=ife idx=0 handle=28342 len=495616,give same addr back
06-25 18:58:28.275     0     0 I CAM_INFO: CAM-SENSOR: cam_sensor_driver_cmd: 1129 CAM_ACQUIRE_DEV Success for imx471 id:0x471,slave-addr:0x34 crm:[0]
06-25 18:58:28.283    23    23 I CAM_ERR : CAM-SMMU: cam_smmu_map_user_iova: 3243 fd=622 already in list [23:58:28:264] cb=ife idx=0 handle=28342 len=573440,give same addr back
06-25 18:58:28.283    23    23 I CAM_ERR : CAM-SMMU: cam_smmu_map_user_iova: 3243 fd=623 already in list [23:58:28:264] cb=ife idx=0 handle=28342 len=483328,give same addr back
06-25 18:58:28.283    23    23 I CAM_ERR : CAM-SMMU: cam_smmu_map_user_iova: 3243 fd=624 already in list [23:58:28:264] cb=ife idx=0 handle=28342 len=495616,give same addr back
06-25 18:58:28.292     0     0 I CAM_INFO: CAM-CRM: cam_req_mgr_link_v3: 4594 link reserved 0000000000000000 0 trigger_type:1 num_devs:2 sess_hdl:15139348 no_crm:4
06-25 18:58:28.293     0     0 I CAM_INFO: CAM-ISP: cam_ife_hw_mgr_print_acquire_info: 1922 23:58:28.274 Acquired Single IFE[1] with [8 pix] [0 pd] [0 rdi] ports for ctx:10 per_port_enabled :0 sensor:-559038737
06-25 18:58:28.293     0     0 I CAM_INFO: CAM-ISP: __cam_isp_ctx_acquire_hw_v2: 7781 NO CRM session,top state machine assigned for no crm ctx 10
06-25 18:58:28.297     0     0 I CAM_INFO: CAM-SENSOR: cam_sensor_driver_cmd: 1270 23:58:28.278 CAM_START_DEV[5] Success for imx471 sensor_id:0x471,sensor_slave_addr:0x34
06-25 18:58:28.297     0     0 I CAM_INFO: CAM-CRM: cam_req_mgr_link_v3: 4594 link reserved 0000000000000000 0 trigger_type:1 num_devs:2 sess_hdl:15139348 no_crm:4
06-25 18:58:28.298     0     0 I CAM_INFO: CAM-ISP: cam_ife_hw_mgr_print_acquire_info: 1922 23:58:28.279 Acquired Single IFE[0] with [8 pix] [0 pd] [0 rdi] ports for ctx:11 per_port_enabled :0 sensor:-559038737
06-25 18:58:28.298     0     0 I CAM_INFO: CAM-ISP: __cam_isp_ctx_acquire_hw_v2: 7781 NO CRM session,top state machine assigned for no crm ctx 11
06-25 18:58:28.289   637   666 I SyncBossFW: 7491297 [info   ] {BCM }: general_cam_mgr_init for cameras 0x30
06-25 18:58:28.435   642 10099 I FrameSetCollator: [color] Updated frame set period to 16666000, with activeSlots [[T,]]
06-25 18:58:28.435   642 10099 I FrameSetCollator: [color] started at 7496.75
06-25 18:58:28.437   637   666 I SyncBossFW: 7491442 [info   ] {BCM }: general_cam_mgr_set_frame_rate_config for cameras 0x30 with shutter period 16666 (us)
06-25 18:58:28.438   642 10099 D CameraStream: [ocal] Client [IOT(843)]: start complete
06-25 18:58:28.439   843   984 D TrackingService: [iot][ocal]handleMuxModeNotification finished for muxMode[color: default]
06-25 18:58:28.439   843   984 D TrackingService: [ocal]end onMuxStateUpdate. ModeId: ocalOff -> default
06-25 18:58:28.440   843   984 I TrackingService: [                        iot:ocal] Mux Mode Transition from sensor service: ocalOff -> default transition time: 259 ms
06-25 18:58:28.441   637   666 I SyncBossFW: 7491444 [info   ] {BCM }: general_cam_mgr_get_stream_info for cameras 0x10
06-25 18:58:28.441   642  1037 E FrameSetCollator: [worldTracking] 31 FrameSets had unexpected timestamps (over 1053.25s). Ex: slot 0 7491410.132ms -> 7491443.464ms (observed period: 33.332ms, expected period: 16.666ms (16.666ms))
06-25 18:58:28.442   637   666 I SyncBossFW: 7491447 [info   ] {BCM }: general_cam_mgr_start_streaming for cameras 0x30
06-25 18:58:28.503  1070  5540 E ThermalManagerService: No threshold found for pcb1-usr
06-25 18:58:28.503  1070  5540 E ThermalManagerService: No threshold found for pcb2-usr
06-25 18:58:28.503  1070  5540 E ThermalManagerService: No threshold found for pcb3-usr
06-25 18:58:28.503  1070  5540 E ThermalManagerService: No threshold found for rf-usr
06-25 18:58:28.503  1070  5540 E ThermalManagerService: No threshold found for cam0-usr
06-25 18:58:28.503  1070  5540 E ThermalManagerService: No threshold found for cam1-usr
06-25 18:58:28.503  1070  5540 E ThermalManagerService: No threshold found for cam2-usr
06-25 18:58:28.503  1070  5540 E ThermalManagerService: No threshold found for cam3-usr
06-25 18:58:28.503  1070  5540 E ThermalManagerService: No threshold found for cam4-usr
06-25 18:58:28.503  1070  5540 E ThermalManagerService: No threshold found for cam5-usr
06-25 18:58:28.503  1070  5540 E ThermalManagerService: No threshold found for disp-virt
06-25 18:58:28.503  1070  5540 E ThermalManagerService: No threshold found for pogo-usr
06-25 18:58:28.535   843 17880 D SensorDataTransforms: [iot:ocal] Erased 1 stale entries from the staged mux states.
06-25 18:58:28.535   843 17880 I TrackingService: [iot:ocal] Configuration update starting
06-25 18:58:28.536   843 17880 I TrackingService: [iot:ocal] Configuration update done
06-25 18:58:28.536   843 17880 I TrackingService: [iot:ocal] Finish configuration update starting
06-25 18:58:28.536   843 17880 I TrackingService: [iot:ocal] Finish configuration update done
06-25 18:58:28.549   642  1037 E FrameSetCollator: [color] 1 FrameSets had unexpected timestamps (over 113.93s). Ex: slot 0 7491526.794ms -> 7491543.460ms (observed period: 16.666ms, expected period: 16.666ms (20399.184ms))
06-25 18:58:29.442   642  1037 E FrameSetCollator: [worldTracking] 30 FrameSets had unexpected timestamps (over 1000.71s). Ex: slot 0 7492410.092ms -> 7492443.424ms (observed period: 33.332ms, expected period: 16.666ms (16.666ms))
06-25 18:58:29.515  1070  5540 E ThermalManagerService: No threshold found for pcb1-usr
06-25 18:58:29.515  1070  5540 E ThermalManagerService: No threshold found for pcb2-usr
06-25 18:58:29.515  1070  5540 E ThermalManagerService: No threshold found for pcb3-usr
06-25 18:58:29.515  1070  5540 E ThermalManagerService: No threshold found for rf-usr
06-25 18:58:29.515  1070  5540 E ThermalManagerService: No threshold found for cam0-usr
06-25 18:58:29.515  1070  5540 E ThermalManagerService: No threshold found for cam1-usr
06-25 18:58:29.515  1070  5540 E ThermalManagerService: No threshold found for cam2-usr
06-25 18:58:29.515  1070  5540 E ThermalManagerService: No threshold found for cam3-usr
06-25 18:58:29.515  1070  5540 E ThermalManagerService: No threshold found for cam4-usr
06-25 18:58:29.515  1070  5540 E ThermalManagerService: No threshold found for cam5-usr
06-25 18:58:29.515  1070  5540 E ThermalManagerService: No threshold found for disp-virt
06-25 18:58:29.515  1070  5540 E ThermalManagerService: No threshold found for pogo-usr
06-25 18:58:29.653   642 10099 I SensorService: [color] Setting camera mux mode to 2
06-25 18:58:29.653   642 10099 I SensorService: updating CameraStream mux states
06-25 18:58:29.653   843   984 I TrackingService: [iot:ocal] Start configuration update starting
06-25 18:58:29.653   827  1761 D MrSystemService: [color]Camera Mux Mode Transition to: ocalOff
06-25 18:58:29.653   843   984 I TrackingService: [iot:ocal] Start configuration update done
06-25 18:58:29.653   843   984 I SensorDataTransforms: [iot:ocal] Staging mux mode update for mode 2 (sequence ID 95)
06-25 18:58:29.653   843   984 D TrackingService: [ocal]start onMuxStateUpdate. ModeId: default -> ocalOff
06-25 18:58:29.653   843   984 D TrackingService: [iot][ocal]handleMuxModeNotification started for muxMode[color: ocalOff]
06-25 18:58:29.654   642 10099 I SensorService: ending update to CameraStream mux states
06-25 18:58:29.654   642 10099 I FrameSetCollator: [color] Updated frame set period to 16666000, with activeSlots [[T,]]
06-25 18:58:29.654   642 10099 I FrameSetDispatcher: [color] Client pid=843 (IOT): Updated CameraMuxMode: 2, FrameTypes: 
06-25 18:58:29.654   642 10099 I FrameSetDispatcher: [color] Latest MuxModeSettings: 2
06-25 18:58:29.654   642 10099 I FrameSetDispatcher: [color] purpose: passthrough, frame types: GENERIC_SLOT_0 
06-25 18:58:29.654   642 10099 I FrameSetDispatcher: [color] purpose: ocal, frame types: 
06-25 18:58:29.654   642 10099 I FrameSetDispatcher: [color] purpose: active_slots, frame types: GENERIC_SLOT_0 
06-25 18:58:29.655   642   886 D CameraStream: [ocal] Client [IOT(843)] attempting stop
06-25 18:58:29.656   642   886 I FrameSetDispatcher: [color] Client pid=843 (IOT): Client thread stopping
06-25 18:58:29.665   642   886 I CameraClientManager: [IOT(843)][ocal] client stopped (estimated 0 started clients remaining)
06-25 18:58:29.665   642   886 I FrameSetCollator: [color] stopped. Ran for 1.23s
06-25 18:58:28.304     0     0 I CAM_INFO: CAM-SENSOR: cam_sensor_driver_cmd: 1270 23:58:28.285 CAM_START_DEV[4] Success for imx471 sensor_id:0x471,sensor_slave_addr:0x34
06-25 18:58:29.690     0     0 I CAM_INFO: CAM-ISP: __cam_isp_ctx_flush_req_in_top_state: 5247 Last request id to flush is 73, ctx_id:10
06-25 18:58:29.720     0     0 I CAM_ERR : CAM-ISP: cam_ife_mgr_cmd: 16237 config done completion timeout, Reg dump will be unreliable rc=0 ctx_index 10
06-25 18:58:29.720     0     0 I CAM_WARN: CAM-ISP: cam_ife_mgr_handle_reg_dump: 304 Reg dump values might be from more than one request
06-25 18:58:29.732     0     0 I CAM_WARN: CAM-ISP: cam_ife_mgr_stop_hw: 9942 config done completion timeout for last applied req_id=71 ctx_index 10
06-25 18:58:29.732     0     0 I CAM_INFO: CAM-ISP: __cam_isp_ctx_flush_req_in_top_state: 5269 Stop HW complete. Reset HW next.
06-25 18:58:29.733     0     0 I CAM_INFO: CAM-ISP: __cam_isp_ctx_flush_req_in_top_state: 5247 Last request id to flush is 73, ctx_id:11
06-25 18:58:29.763     0     0 I CAM_ERR : CAM-ISP: cam_ife_mgr_cmd: 16237 config done completion timeout, Reg dump will be unreliable rc=0 ctx_index 11
06-25 18:58:29.763     0     0 I CAM_WARN: CAM-ISP: cam_ife_mgr_handle_reg_dump: 304 Reg dump values might be from more than one request
06-25 18:58:29.775     0     0 I CAM_WARN: CAM-ISP: cam_ife_mgr_stop_hw: 9942 config done completion timeout for last applied req_id=73 ctx_index 11
06-25 18:58:29.775     0     0 I CAM_INFO: CAM-ISP: __cam_isp_ctx_flush_req_in_top_state: 5269 Stop HW complete. Reset HW next.
06-25 18:58:29.776     0     0 I CAM_WARN: CAM-CORE: cam_context_handle_flush_dev: 547 No flush device in dev 4194583, state 4
06-25 18:58:29.761   637   666 I SyncBossFW: 7492769 [info   ] {BCM }: general_cam_mgr_stop_streaming for cameras 0x30
06-25 18:58:29.765   637   666 I SyncBossFW: 7492774 [info   ] {BCM }: general_cam_mgr_deinit for cameras 0x30
06-25 18:58:29.776     0     0 I CAM_WARN: CAM-CORE: cam_context_handle_flush_dev: 547 No flush device in dev 10158363, state 4
06-25 18:58:29.805     0     0 I CAM_WARN: CAM-CORE: cam_context_handle_flush_dev: 547 No flush device in dev 4194583, state 4
06-25 18:58:29.805     0     0 I CAM_WARN: CAM-CORE: cam_context_handle_flush_dev: 547 No flush device in dev 10158363, state 4
06-25 18:58:29.805     0     0 I CAM_WARN: CAM-CORE: cam_context_handle_flush_dev: 547 No flush device in dev 4194583, state 4
06-25 18:58:29.805     0     0 I CAM_WARN: CAM-CORE: cam_context_handle_flush_dev: 547 No flush device in dev 10158363, state 4
06-25 18:58:29.815     0     0 I CAM_WARN: CAM-ISP: cam_ife_mgr_stop_hw: 9942 config done completion timeout for last applied req_id=71 ctx_index 10
06-25 18:58:29.818     0     0 I CAM_INFO: CAM-SENSOR: cam_sensor_driver_cmd: 1306 23:58:29.799 CAM_STOP_DEV Success for imx471 sensor_id:0x471,sensor_slave_addr:0x34
06-25 18:58:29.819     0     0 I CAM_INFO: CAM-ISP: cam_ife_mgr_release_hw: 11184 23:58:29.800 Release HW success ctx id: 10
06-25 18:58:29.831     0     0 I CAM_WARN: CAM-ISP: cam_ife_mgr_stop_hw: 9942 config done completion timeout for last applied req_id=73 ctx_index 11
06-25 18:58:29.833     0     0 I CAM_INFO: CAM-SENSOR: cam_sensor_driver_cmd: 1306 23:58:29.814 CAM_STOP_DEV Success for imx471 sensor_id:0x471,sensor_slave_addr:0x34
06-25 18:58:29.833     0     0 I CAM_INFO: CAM-ISP: cam_ife_mgr_release_hw: 11184 23:58:29.815 Release HW success ctx id: 11
06-25 18:58:29.837     0     0 I CAM_INFO: CAM-SENSOR: cam_sensor_driver_cmd: 1188 CAM_RELEASE_DEV Success for imx471 sensor_id:0x471, slave_addr:0x34
06-25 18:58:29.855   642   886 D CameraStream: [ocal] Client [IOT(843)]: stop complete
06-25 18:58:29.856   843   984 D TrackingService: [iot][ocal]handleMuxModeNotification finished for muxMode[color: ocalOff]
06-25 18:58:29.856   843   984 D TrackingService: [ocal]end onMuxStateUpdate. ModeId: default -> ocalOff
06-25 18:58:29.856   843   984 I TrackingService: [                        iot:ocal] Mux Mode Transition from sensor service: default -> ocalOff transition time: 202 ms
06-25 18:58:30.117   642   888 E libsensortelemetry: imu samples delayed: 3982024ns capture to arrival (ERS limit: 3500000ns)
06-25 18:58:30.454   642  1037 E FrameSetCollator: [worldTracking] 31 FrameSets had unexpected timestamps (over 1012.68s). Ex: slot 1 7493443.384ms -> 7493460.050ms (observed period: 16.666ms, expected period: 16.666ms (16.666ms))
06-25 18:58:30.516  1070  5540 E ThermalManagerService: No threshold found for pcb1-usr
06-25 18:58:30.516  1070  5540 E ThermalManagerService: No threshold found for pcb2-usr
06-25 18:58:30.516  1070  5540 E ThermalManagerService: No threshold found for pcb3-usr
06-25 18:58:30.516  1070  5540 E ThermalManagerService: No threshold found for rf-usr
06-25 18:58:30.516  1070  5540 E ThermalManagerService: No threshold found for cam0-usr
06-25 18:58:30.516  1070  5540 E ThermalManagerService: No threshold found for cam1-usr
06-25 18:58:30.516  1070  5540 E ThermalManagerService: No threshold found for cam2-usr
06-25 18:58:30.516  1070  5540 E ThermalManagerService: No threshold found for cam3-usr
06-25 18:58:30.516  1070  5540 E ThermalManagerService: No threshold found for cam4-usr
06-25 18:58:30.516  1070  5540 E ThermalManagerService: No threshold found for cam5-usr
06-25 18:58:30.516  1070  5540 E ThermalManagerService: No threshold found for disp-virt
06-25 18:58:30.516  1070  5540 E ThermalManagerService: No threshold found for pogo-usr
06-25 18:58:31.507   642  1037 E FrameSetCollator: [worldTracking] 31 FrameSets had unexpected timestamps (over 1052.96s). Ex: slot 0 7494476.676ms -> 7494510.008ms (observed period: 33.332ms, expected period: 16.666ms (16.666ms))
06-25 18:58:31.518  1070  6682 E ThermalManagerService: No threshold found for pcb1-usr
06-25 18:58:31.518  1070  6682 E ThermalManagerService: No threshold found for pcb2-usr
06-25 18:58:31.518  1070  6682 E ThermalManagerService: No threshold found for pcb3-usr
06-25 18:58:31.518  1070  6682 E ThermalManagerService: No threshold found for rf-usr
06-25 18:58:31.518  1070  6682 E ThermalManagerService: No threshold found for cam0-usr
06-25 18:58:31.518  1070  6682 E ThermalManagerService: No threshold found for cam1-usr
06-25 18:58:31.518  1070  6682 E ThermalManagerService: No threshold found for cam2-usr
06-25 18:58:31.518  1070  6682 E ThermalManagerService: No threshold found for cam3-usr
06-25 18:58:31.518  1070  6682 E ThermalManagerService: No threshold found for cam4-usr
06-25 18:58:31.518  1070  6682 E ThermalManagerService: No threshold found for cam5-usr
06-25 18:58:31.518  1070  6682 E ThermalManagerService: No threshold found for disp-virt
06-25 18:58:31.519  1070  6682 E ThermalManagerService: No threshold found for pogo-usr
06-25 18:58:32.507   642  1037 E FrameSetCollator: [worldTracking] 30 FrameSets had unexpected timestamps (over 1000.07s). Ex: slot 0 7495476.636ms -> 7495509.968ms (observed period: 33.332ms, expected period: 16.666ms (16.666ms))
06-25 18:58:32.529  1070  6682 E ThermalManagerService: No threshold found for pcb1-usr
06-25 18:58:32.529  1070  6682 E ThermalManagerService: No threshold found for pcb2-usr
06-25 18:58:32.529  1070  6682 E ThermalManagerService: No threshold found for pcb3-usr
06-25 18:58:32.529  1070  6682 E ThermalManagerService: No threshold found for rf-usr
06-25 18:58:32.529  1070  6682 E ThermalManagerService: No threshold found for cam0-usr
06-25 18:58:32.529  1070  6682 E ThermalManagerService: No threshold found for cam1-usr
06-25 18:58:32.529  1070  6682 E ThermalManagerService: No threshold found for cam2-usr
06-25 18:58:32.529  1070  6682 E ThermalManagerService: No threshold found for cam3-usr
06-25 18:58:32.529  1070  6682 E ThermalManagerService: No threshold found for cam4-usr
06-25 18:58:32.529  1070  6682 E ThermalManagerService: No threshold found for cam5-usr
06-25 18:58:32.529  1070  6682 E ThermalManagerService: No threshold found for disp-virt
06-25 18:58:32.529  1070  6682 E ThermalManagerService: No threshold found for pogo-usr
06-25 18:58:32.927  1070  6682 I DisplayDeviceRepository: Display device added: DisplayDeviceInfo{"com.oculus.android_panel_app.AndroidPanelLayer-controlbar7": uniqueId="virtual:com.oculus.systemux,10028,com.oculus.android_panel_app.AndroidPanelLayer-controlbar7,0", 1250 x 50, modeId 151, defaultModeId 151, supportedModes [{id=151, width=1250, height=50, fps=60.0, alternativeRefreshRates=[]}], colorMode 0, supportedColorModes [0], hdrCapabilities null, allmSupported false, gameContentTypeSupported false, density 200, 200.0 x 200.0 dpi, appVsyncOff 0, presDeadline 16666666, touch NONE, rotation 0, type VIRTUAL, deviceProductInfo null, state OFF, owner com.oculus.systemux (uid 10028), frameRateOverride , brightnessMinimum 0.0, brightnessMaximum 0.0, brightnessDefault 0.0, FLAG_PRIVATE, FLAG_NEVER_BLANK, FLAG_OWN_CONTENT_ONLY}
06-25 18:58:32.930  1070  6682 I LogicalDisplayMapper: Applying layout: [{addr: {port=146, model=0x40446dbbd154e4}, dispId: 0(ON)}], Previous layout: [{addr: {port=146, model=0x40446dbbd154e4}, dispId: 0(ON)}]
06-25 18:58:32.930  1070  6682 I LogicalDisplayMapper: Adding new display: 72: DisplayInfo{"com.oculus.android_panel_app.AndroidPanelLayer-controlbar7", displayId 72", displayGroupId -1, FLAG_PRIVATE, real 1250 x 50, largest app 1250 x 50, smallest app 1250 x 50, appVsyncOff 0, presDeadline 16666666, mode 151, defaultMode 151, modes [{id=151, width=1250, height=50, fps=60.0, alternativeRefreshRates=[]}], hdrCapabilities null, userDisabledHdrTypes [], minimalPostProcessingSupported false, rotation 0, state OFF, type VIRTUAL, uniqueId "virtual:com.oculus.systemux,10028,com.oculus.android_panel_app.AndroidPanelLayer-controlbar7,0", app 1250 x 50, density 200 (200.0 x 200.0) dpi, layerStack 72, colorMode 0, supportedColorModes [0], deviceProductInfo null, owner com.oculus.systemux (uid 10028), removeMode 1, refreshRateOverride 0.0, brightnessMinimum 0.0, brightnessMaximum 0.0, brightnessDefault 0.0}
06-25 18:58:32.931  1070  6682 I LogicalDisplayMapper: Setting new display group 0 for display 72, from previous group: null
06-25 18:58:32.931  1070  6682 W DisplayPowerController[72]: Screen brightness nits configuration is unavailable; falling back
06-25 18:58:32.950  1070  1100 I WindowManager: Override config changes=20005df8 {0.0 ?mcc?mnc ?localeList ?layoutDir sw40dp w1000dp h40dp 200dpi nrml long land ?uimode ?night -touch -keyb/v/h -nav/h winConfig={ mBounds=Rect(0, 0 - 1250, 50) mAppBounds=Rect(0, 0 - 1250, 50) mMaxBounds=Rect(0, 0 - 1250, 50) mWindowingMode=fullscreen mDisplayWindowingMode=fullscreen mActivityType=undefined mAlwaysOnTop=undefined mRotation=ROTATION_0} ?fontWeightAdjustment} for displayId=72
06-25 18:58:32.973  1070  1100 V WindowManager: Display 72 state is now (1), so update layer mirroring?
06-25 18:58:32.975  1070  1102 I DisplayDeviceRepository: Display device changed: DisplayDeviceInfo{"com.oculus.android_panel_app.AndroidPanelLayer-controlbar7": uniqueId="virtual:com.oculus.systemux,10028,com.oculus.android_panel_app.AndroidPanelLayer-controlbar7,0", 1280 x 50, modeId 152, defaultModeId 152, supportedModes [{id=152, width=1280, height=50, fps=60.0, alternativeRefreshRates=[]}], colorMode 0, supportedColorModes [0], hdrCapabilities null, allmSupported false, gameContentTypeSupported false, density 200, 200.0 x 200.0 dpi, appVsyncOff 0, presDeadline 16666666, touch NONE, rotation 0, type VIRTUAL, deviceProductInfo null, state OFF, owner com.oculus.systemux (uid 10028), frameRateOverride , brightnessMinimum 0.0, brightnessMaximum 0.0, brightnessDefault 0.0, FLAG_PRIVATE, FLAG_NEVER_BLANK, FLAG_OWN_CONTENT_ONLY}
06-25 18:58:32.983  1070  1100 I WindowManager: Override config changes=20000400 {0.0 ?mcc?mnc ?localeList ?layoutDir sw40dp w1024dp h40dp 200dpi nrml long land ?uimode ?night -touch -keyb/v/h -nav/h winConfig={ mBounds=Rect(0, 0 - 1280, 50) mAppBounds=Rect(0, 0 - 1280, 50) mMaxBounds=Rect(0, 0 - 1280, 50) mWindowingMode=fullscreen mDisplayWindowingMode=fullscreen mActivityType=undefined mAlwaysOnTop=undefined mRotation=ROTATION_0} ?fontWeightAdjustment} for displayId=72
06-25 18:58:32.983  1070  1070 W NotificationHistory: Attempted to add notif for locked/gone/disabled user 0
06-25 18:58:32.985  1070  1100 V WindowManager: Display 72 state is now (1), so update layer mirroring?
06-25 18:58:32.991  1070  5540 D CompatibilityChangeReporter: Compat change id reported: 197654537; UID 10007; state: ENABLED
06-25 18:58:32.995  1070  5540 D CompatibilityChangeReporter: Compat change id reported: 181136395; UID 10007; state: DISABLED
06-25 18:58:32.996  1070  5540 D CompatibilityChangeReporter: Compat change id reported: 174042936; UID 10007; state: DISABLED
06-25 18:58:33.000  1070  1100 V WindowManager: Display 72 state is now (1), so update layer mirroring?
06-25 18:58:33.004  1070  4878 I DisplayDeviceRepository: Display device added: DisplayDeviceInfo{"com.oculus.android_panel_app.AndroidPanelLayer-#main": uniqueId="virtual:com.oculus.systemux,10028,com.oculus.android_panel_app.AndroidPanelLayer-#main,3", 1280 x 800, modeId 153, defaultModeId 153, supportedModes [{id=153, width=1280, height=800, fps=60.0, alternativeRefreshRates=[]}], colorMode 0, supportedColorModes [0], hdrCapabilities null, allmSupported false, gameContentTypeSupported false, density 200, 200.0 x 200.0 dpi, appVsyncOff 0, presDeadline 16666666, touch NONE, rotation 0, type VIRTUAL, deviceProductInfo null, state OFF, owner com.oculus.systemux (uid 10028), frameRateOverride , brightnessMinimum 0.0, brightnessMaximum 0.0, brightnessDefault 0.0, FLAG_PRIVATE, FLAG_NEVER_BLANK, FLAG_OWN_CONTENT_ONLY}
06-25 18:58:33.005  1070  4878 I LogicalDisplayMapper: Applying layout: [{addr: {port=146, model=0x40446dbbd154e4}, dispId: 0(ON)}], Previous layout: [{addr: {port=146, model=0x40446dbbd154e4}, dispId: 0(ON)}]
06-25 18:58:33.005  1070  4878 I LogicalDisplayMapper: Adding new display: 73: DisplayInfo{"com.oculus.android_panel_app.AndroidPanelLayer-#main", displayId 73", displayGroupId -1, FLAG_PRIVATE, real 1280 x 800, largest app 1280 x 800, smallest app 1280 x 800, appVsyncOff 0, presDeadline 16666666, mode 153, defaultMode 153, modes [{id=153, width=1280, height=800, fps=60.0, alternativeRefreshRates=[]}], hdrCapabilities null, userDisabledHdrTypes [], minimalPostProcessingSupported false, rotation 0, state OFF, type VIRTUAL, uniqueId "virtual:com.oculus.systemux,10028,com.oculus.android_panel_app.AndroidPanelLayer-#main,3", app 1280 x 800, density 200 (200.0 x 200.0) dpi, layerStack 73, colorMode 0, supportedColorModes [0], deviceProductInfo null, owner com.oculus.systemux (uid 10028), removeMode 1, refreshRateOverride 0.0, brightnessMinimum 0.0, brightnessMaximum 0.0, brightnessDefault 0.0}
06-25 18:58:33.005  1070  4878 I LogicalDisplayMapper: Setting new display group 0 for display 73, from previous group: null
06-25 18:58:33.006  1070  4878 W DisplayPowerController[73]: Screen brightness nits configuration is unavailable; falling back
06-25 18:58:33.018  1070  1100 I WindowManager: Override config changes=20005df8 {0.0 ?mcc?mnc ?localeList ?layoutDir sw640dp w1024dp h640dp 200dpi lrg land ?uimode ?night -touch -keyb/v/h -nav/h winConfig={ mBounds=Rect(0, 0 - 1280, 800) mAppBounds=Rect(0, 0 - 1280, 800) mMaxBounds=Rect(0, 0 - 1280, 800) mWindowingMode=fullscreen mDisplayWindowingMode=fullscreen mActivityType=undefined mAlwaysOnTop=undefined mRotation=ROTATION_0} ?fontWeightAdjustment} for displayId=73
