06-18 18:24:20.101  1910  3367 I OpenXR_Reusable_Android_Swapchain: xrRetainReusableSurfaceSwapchainMETAI Retained Surface with ID: 112
06-18 18:24:20.101  2592  3046 I VrRuntimeServer: RetainReusableSwapChainRequest: result retainswapchain 1
06-18 18:24:20.102  1910  3367 I OpenXR_Reusable_Android_Swapchain: xrRetainReusableSurfaceSwapchainMETAI Retained Surface with ID: 120
06-18 18:24:20.102  2592  3046 I VrRuntimeServer: RetainReusableSwapChainRequest: result retainswapchain 1
06-18 18:24:20.102  1910  3367 I OpenXR_Reusable_Android_Swapchain: xrRetainReusableSurfaceSwapchainMETAI Retained Surface with ID: 123
06-18 18:24:20.102  2592  3020 I ClocksChange: Changing SystemModes to: [VR_MODE_CPU_4,VR_MODE_GPU_3,VR_MODE_BOOSTED,SUSTAINED_PERFORMANCE_VR_MODE]
06-18 18:24:20.102  2592  3046 I VrRuntimeServer: RetainReusableSwapChainRequest: result retainswapchain 1
06-18 18:24:20.102  1910  3367 I OpenXR_Reusable_Android_Swapchain: xrRetainReusableSurfaceSwapchainMETAI Retained Surface with ID: 112
06-18 18:24:20.102  2592  3046 I VrRuntimeServer: RetainReusableSwapChainRequest: result retainswapchain 1
06-18 18:24:20.102  1910  3367 I OpenXR_Reusable_Android_Swapchain: xrRetainReusableSurfaceSwapchainMETAI Retained Surface with ID: 145
06-18 18:24:20.103  2592  3046 I VrRuntimeServer: RetainReusableSwapChainRequest: result retainswapchain 1
06-18 18:24:20.103  1910  3367 I OpenXR_Reusable_Android_Swapchain: xrRetainReusableSurfaceSwapchainMETAI Retained Surface with ID: 117
06-18 18:24:20.103  2592  3046 I VrRuntimeServer: RetainReusableSwapChainRequest: result retainswapchain 1
06-18 18:24:20.103  1910  3367 I OpenXR_Reusable_Android_Swapchain: xrRetainReusableSurfaceSwapchainMETAI Retained Surface with ID: 123
06-18 18:24:20.104  3062  4013 I MRSVC   : MIXEDREALITY: MrFeatureStatus: Passthrough: Client 1437939657 status changed from Paused to Started.
06-18 18:24:20.104  3062  4013 I MRSVC   : MIXEDREALITY: MrFeatureStatus: Passthrough for client 1437939657: Target status Started, CurrentStatus: Started
06-18 18:24:20.104  2868  4015 I GuardianRender: Successfully changed mrSessionActiveMrRenderType_ from None to Passthrough
06-18 18:24:20.104  2592  3046 I VrRuntimeServer: RetainReusableSwapChainRequest: result retainswapchain 1
06-18 18:24:20.104  1910  3367 I OpenXR_Reusable_Android_Swapchain: xrRetainReusableSurfaceSwapchainMETAI Retained Surface with ID: 121
06-18 18:24:20.104  2592  3046 I VrRuntimeServer: RetainReusableSwapChainRequest: result retainswapchain 1
06-18 18:24:20.104  1910  3367 I OpenXR_Reusable_Android_Swapchain: xrRetainReusableSurfaceSwapchainMETAI Retained Surface with ID: 121
06-18 18:24:20.104  2592  3046 I VrRuntimeServer: RetainReusableSwapChainRequest: result retainswapchain 1
06-18 18:24:20.104  1910  3367 I OpenXR_Reusable_Android_Swapchain: xrRetainReusableSurfaceSwapchainMETAI Retained Surface with ID: 118
06-18 18:24:20.105  2592  3046 I VrRuntimeServer: RetainReusableSwapChainRequest: result retainswapchain 1
06-18 18:24:20.105  1910  3367 I OpenXR_Reusable_Android_Swapchain: xrRetainReusableSurfaceSwapchainMETAI Retained Surface with ID: 125
06-18 18:24:20.105  2592  3046 I VrRuntimeServer: RetainReusableSwapChainRequest: result retainswapchain 1
06-18 18:24:20.105  1910  3367 I OpenXR_Reusable_Android_Swapchain: xrRetainReusableSurfaceSwapchainMETAI Retained Surface with ID: 177
06-18 18:24:20.105  2592  3046 I VrRuntimeServer: RetainReusableSwapChainRequest: result retainswapchain 1
06-18 18:24:20.105  1910  3367 I OpenXR_Reusable_Android_Swapchain: xrRetainReusableSurfaceSwapchainMETAI Retained Surface with ID: 122
06-18 18:24:20.105  2592  3046 I VrRuntimeServer: RetainReusableSwapChainRequest: result retainswapchain 1
06-18 18:24:20.106  1910  3367 I OpenXR_Reusable_Android_Swapchain: xrRetainReusableSurfaceSwapchainMETAI Retained Surface with ID: 112
06-18 18:24:20.106  2592  3046 I VrRuntimeServer: RetainReusableSwapChainRequest: result retainswapchain 1
06-18 18:24:20.106  1910  3367 I OpenXR_Reusable_Android_Swapchain: xrRetainReusableSurfaceSwapchainMETAI Retained Surface with ID: 120
06-18 18:24:20.106  2592  3046 I VrRuntimeServer: RetainReusableSwapChainRequest: result retainswapchain 1
06-18 18:24:20.106  1910  3367 I OpenXR_Reusable_Android_Swapchain: xrRetainReusableSurfaceSwapchainMETAI Retained Surface with ID: 112
06-18 18:24:20.106  2592  3046 I VrRuntimeServer: RetainReusableSwapChainRequest: result retainswapchain 1
06-18 18:24:20.106  1910  3367 I OpenXR_Reusable_Android_Swapchain: xrRetainReusableSurfaceSwapchainMETAI Retained Surface with ID: 118
06-18 18:24:20.107  2592  3046 I VrRuntimeServer: RetainReusableSwapChainRequest: result retainswapchain 1
06-18 18:24:20.107  1910  3367 I OpenXR_Reusable_Android_Swapchain: xrRetainReusableSurfaceSwapchainMETAI Retained Surface with ID: 118
06-18 18:24:20.107  2592  3046 I VrRuntimeServer: RetainReusableSwapChainRequest: result retainswapchain 1
06-18 18:24:20.107  1910  3367 I OpenXR_Reusable_Android_Swapchain: xrRetainReusableSurfaceSwapchainMETAI Retained Surface with ID: 177
06-18 18:24:20.107  3062  3148 I MRSVC   : MIXEDREALITY: MrServiceView: (Frame #55673/0) Initialized 1 passthrough layers with presentation layers.
06-18 18:24:20.108  2592  3046 I VrRuntimeServer: RetainReusableSwapChainRequest: result retainswapchain 1
06-18 18:24:20.108  1910  3367 I OpenXR_Reusable_Android_Swapchain: xrRetainReusableSurfaceSwapchainMETAI Retained Surface with ID: 122
06-18 18:24:20.109  2592  3046 I VrRuntimeServer: RetainReusableSwapChainRequest: result retainswapchain 1
06-18 18:24:20.109  1910  3367 I OpenXR_Reusable_Android_Swapchain: xrRetainReusableSurfaceSwapchainMETAI Retained Surface with ID: 125
06-18 18:24:20.109  2592  3046 I VrRuntimeServer: RetainReusableSwapChainRequest: result retainswapchain 1
06-18 18:24:20.109  1910  3367 I OpenXR_Reusable_Android_Swapchain: xrRetainReusableSurfaceSwapchainMETAI Retained Surface with ID: 125
06-18 18:24:20.109  2592  3046 I VrRuntimeServer: RetainReusableSwapChainRequest: result retainswapchain 1
06-18 18:24:20.110  1910  3367 I OpenXR_Reusable_Android_Swapchain: xrRetainReusableSurfaceSwapchainMETAI Retained Surface with ID: 177
06-18 18:24:20.110  2592  3046 I VrRuntimeServer: RetainReusableSwapChainRequest: result retainswapchain 1
06-18 18:24:20.110  1910  3367 I OpenXR_Reusable_Android_Swapchain: xrRetainReusableSurfaceSwapchainMETAI Retained Surface with ID: 121
06-18 18:24:20.110  2592  3046 I VrRuntimeServer: RetainReusableSwapChainRequest: result retainswapchain 1
06-18 18:24:20.110  1910  3367 I OpenXR_Reusable_Android_Swapchain: xrRetainReusableSurfaceSwapchainMETAI Retained Surface with ID: 144
06-18 18:24:20.111  2592  3046 I VrRuntimeServer: RetainReusableSwapChainRequest: result retainswapchain 1
06-18 18:24:20.111  1910  3367 I OpenXR_Reusable_Android_Swapchain: xrRetainReusableSurfaceSwapchainMETAI Retained Surface with ID: 112
06-18 18:24:20.111  2592  3046 I VrRuntimeServer: RetainReusableSwapChainRequest: result retainswapchain 1
06-18 18:24:20.111  1910  3367 I OpenXR_Reusable_Android_Swapchain: xrRetainReusableSurfaceSwapchainMETAI Retained Surface with ID: 123
06-18 18:24:20.111  2592  3046 I VrRuntimeServer: RetainReusableSwapChainRequest: result retainswapchain 1
06-18 18:24:20.111  1910  3367 I OpenXR_Reusable_Android_Swapchain: xrRetainReusableSurfaceSwapchainMETAI Retained Surface with ID: 121
06-18 18:24:20.111  1870  2308 I [SEO] Compositor: EnterVrMode with eye buffer: 1024x1024 : 2
06-18 18:24:20.111  1870  2308 I [SEO] SwapChainApiOpenXr: Destroying SwapChain:0x7b8c8a7420
06-18 18:24:20.112  1870  2308 I [SEO] SwapChainApiOpenXr: Destroying SwapChain:0x7b8ccb1ca0
06-18 18:24:20.112  1870  2308 I [SEO] SwapChainApiOpenXr: Destroying SwapChain:0x7b8d01fe60
06-18 18:24:20.112  1870  2308 I [SEO] PanelRenderLayer: Recreating android surface with ID: 112
06-18 18:24:20.112  2592  3086 I VrRuntimeService: CreateAndroidSurfaceSwapChain: 343409136
06-18 18:24:20.112  2592  3086 I VrRuntimeService: CreateAndroidSurfaceSwapChain: 65536 1 32856 1 1 1 1 1 0 3 1 112
06-18 18:24:20.112  2592  2711 I SwapChain_Surface: CreateAndroidSurfaceSwapChainGLES: Found previous swapchain (id=112, ptr=0x7c3091f000), reusing it
06-18 18:24:20.112  2592  3086 I VrRuntimeServer: CreateAndroidSurfaceSwapChain: result surface 0x7c3091f000
06-18 18:24:20.113  1870  2308 I [SEO] PanelAppHost: Send theaterScreen comments {"nonMediaLayerHidden":true,"theaterScreenStatus":"unavailable"} to panel 125
06-18 18:24:20.113  1870  2308 I [SEO] PanelAppHost: Send theaterScreen comments {"nonMediaLayerHidden":true,"theaterScreenStatus":"unavailable"} to panel 121
06-18 18:24:20.113  1870  2308 I [SEO] PanelAppHost: Send theaterScreen comments {"nonMediaLayerHidden":true,"theaterScreenStatus":"unavailable"} to panel 117
06-18 18:24:20.113 24651 24651 D [UNK] ShellHomeUXPanelApp: Received message: mediaStatusChanged {"nonMediaLayerHidden":true,"theaterScreenStatus":"unavailable"}
06-18 18:24:20.113  1870  2308 I [SEO] PanelRenderLayer: Recreating android surface with ID: 554
06-18 18:24:20.113  2592  3086 I VrRuntimeService: CreateAndroidSurfaceSwapChain: 343409136
06-18 18:24:20.113  2592  3086 I VrRuntimeService: CreateAndroidSurfaceSwapChain: 65536 1 32856 1 1 1 1 1 1 3 1 554
06-18 18:24:20.113  2592  2711 I ResourceCreationThread: ResourceCreationThread: creating as protected resource
06-18 18:24:20.113  2592  2711 I SwapChain_Surface: CreateAndroidSurfaceSwapChainGLES: Found previous swapchain (id=554, ptr=0x7b9fa52800), reusing it
06-18 18:24:20.113  2592  3086 I VrRuntimeServer: CreateAndroidSurfaceSwapChain: result surface 0x7b9fa52800
06-18 18:24:20.115  1870  2308 I [SEO] PanelAppHost: Send theaterScreen comments {"nonMediaLayerHidden":true,"theaterScreenStatus":"unavailable"} to panel 50
06-18 18:24:20.115  1870  2308 I [SEO] PanelRenderLayer: Recreating android surface with ID: 256
06-18 18:24:20.115  2592  3086 I VrRuntimeService: CreateAndroidSurfaceSwapChain: 343409136
06-18 18:24:20.115  2592  3086 I VrRuntimeService: CreateAndroidSurfaceSwapChain: 65536 1 32856 1 1 1 1 1 0 3 1 256
06-18 18:24:20.115  2592  2711 I SwapChain_Surface: CreateAndroidSurfaceSwapChainGLES: Found previous swapchain (id=256, ptr=0x7ba7bd0800), reusing it
06-18 18:24:20.115  2592  3086 I VrRuntimeServer: CreateAndroidSurfaceSwapChain: result surface 0x7ba7bd0800
06-18 18:24:20.115   852 27612 W Tracking: VEGA:HM:MAP_TRACKING: Validation failed on Submap id = 1, version = 892614305
06-18 18:24:20.116  1870  2308 I [SEO] PanelAppHost: Send theaterScreen comments {"nonMediaLayerHidden":true,"theaterScreenStatus":"unavailable"} to panel 123
06-18 18:24:20.116  1870  2308 I [SEO] SwapChainApiOpenXr: Destroying SwapChain:0x7b88ce2380
06-18 18:24:20.116  1870  2308 I [SEO] PanelAppHost: Send theaterScreen comments {"nonMediaLayerHidden":true,"theaterScreenStatus":"unavailable"} to panel 24
06-18 18:24:20.116  1870  2308 I [SEO] PanelRenderLayer: Recreating android surface with ID: 177
06-18 18:24:20.117  2592  3086 I VrRuntimeService: CreateAndroidSurfaceSwapChain: 343409136
06-18 18:24:20.117  2592  3086 I VrRuntimeService: CreateAndroidSurfaceSwapChain: 65536 1 32856 1 1 1 1 1 0 3 1 177
06-18 18:24:20.117 26906 26906 I [SPA] AbstractSettingsPanelApp: handleGenericMessage mediaStatusChanged {"nonMediaLayerHidden":true,"theaterScreenStatus":"unavailable"}
06-18 18:24:20.117  2592  2711 I SwapChain_Surface: CreateAndroidSurfaceSwapChainGLES: Found previous swapchain (id=177, ptr=0x7c02496800), reusing it
06-18 18:24:20.117  2592  3086 I VrRuntimeServer: CreateAndroidSurfaceSwapChain: result surface 0x7c02496800
06-18 18:24:20.117  1870  2308 I [SEO] PanelAppHost: Send theaterScreen comments {"nonMediaLayerHidden":true,"theaterScreenStatus":"unavailable"} to panel 13
06-18 18:24:20.117  1870  2308 I [SEO] PanelRenderLayer: Recreating android surface with ID: 118
06-18 18:24:20.117  2592  3086 I VrRuntimeService: CreateAndroidSurfaceSwapChain: 343409136
06-18 18:24:20.117  2592  3086 I VrRuntimeService: CreateAndroidSurfaceSwapChain: 65536 1 32856 1 1 1 1 1 0 3 1 118
06-18 18:24:20.117  2592  2711 I SwapChain_Surface: CreateAndroidSurfaceSwapChainGLES: Found previous swapchain (id=118, ptr=0x7c02805000), reusing it
06-18 18:24:20.117  2592  3086 I VrRuntimeServer: CreateAndroidSurfaceSwapChain: result surface 0x7c02805000
06-18 18:24:20.119  1870  2308 I [SEO] PanelRenderLayer: Recreating android surface with ID: 119
06-18 18:24:20.119  2592  3086 I VrRuntimeService: CreateAndroidSurfaceSwapChain: 343409136
06-18 18:24:20.119  2592  3086 I VrRuntimeService: CreateAndroidSurfaceSwapChain: 65536 1 32856 1 1 1 1 1 0 3 1 119
06-18 18:24:20.119  2592  2711 I SwapChain_Surface: CreateAndroidSurfaceSwapChainGLES: Found previous swapchain (id=119, ptr=0x7c02807800), reusing it
06-18 18:24:20.119  2592  3086 I VrRuntimeServer: CreateAndroidSurfaceSwapChain: result surface 0x7c02807800
06-18 18:24:20.120  1870  2308 I [SEO] PanelRenderLayer: Recreating android surface with ID: 120
06-18 18:24:20.120  2592  3086 I VrRuntimeService: CreateAndroidSurfaceSwapChain: 343409136
06-18 18:24:20.120  2592  3086 I VrRuntimeService: CreateAndroidSurfaceSwapChain: 65536 1 32856 1 1 1 1 1 0 3 1 120
06-18 18:24:20.121  2592  2711 I SwapChain_Surface: CreateAndroidSurfaceSwapChainGLES: Found previous swapchain (id=120, ptr=0x7c0280d000), reusing it
06-18 18:24:20.121  2592  3086 I VrRuntimeServer: CreateAndroidSurfaceSwapChain: result surface 0x7c0280d000
06-18 18:24:20.121  3062  3148 I MRSVC   : MIXEDREALITY: PassthroughPresentationLayerImpl: Allocating framebuffers for layer: -1 (Guardian) of size: 1800x1800, color internal format: 0x8c43, depth internal format: 0x0, swap chain length: 3, textureSamplingFilter: 1, 
06-18 18:24:20.121  3062  3148 I MRSVC   : MIXEDREALITY: GlFramebufferFactory: framebuffer pool creating buffer (elements in pool=0)
06-18 18:24:20.121  3062  3148 I MRSVC   : MIXEDREALITY: GlFramebufferFactory: framebuffer pool miss (pool was empty=true). GlobalCount: 2
06-18 18:24:20.121  1870  2308 I [SEO] PanelRenderLayer: Recreating android surface with ID: 121
06-18 18:24:20.121  2592  3234 I VrRuntimeService: CreateSwapChain: 1487097973
06-18 18:24:20.121  2592  3086 I VrRuntimeService: CreateAndroidSurfaceSwapChain: 343409136
06-18 18:24:20.121  2592  3234 I VrRuntimeService: CreateSwapChain: api:gles 2 0x8c43 1800 1800 1 3 2 0 3
06-18 18:24:20.123  2592  3234 I VrRuntimeServer: CreateTextureSwapChain: result importswapchaingles 1
06-18 18:24:20.124  2592  3086 I VrRuntimeService: CreateAndroidSurfaceSwapChain: 65536 1 32856 1 1 1 1 1 0 3 1 121
06-18 18:24:20.124  2592  2711 I SwapChain_Surface: CreateAndroidSurfaceSwapChainGLES: Found previous swapchain (id=121, ptr=0x7c0280f800), reusing it
06-18 18:24:20.124  2592  3086 I VrRuntimeServer: CreateAndroidSurfaceSwapChain: result surface 0x7c0280f800
06-18 18:24:20.125  1870  2308 I [SEO] PanelRenderLayer: Recreating android surface with ID: 122
06-18 18:24:20.125  2592  3086 I VrRuntimeService: CreateAndroidSurfaceSwapChain: 343409136
06-18 18:24:20.125  2592  3086 I VrRuntimeService: CreateAndroidSurfaceSwapChain: 65536 1 32856 1 1 1 1 1 0 3 1 122
06-18 18:24:20.125  2592  2711 I SwapChain_Surface: CreateAndroidSurfaceSwapChainGLES: Found previous swapchain (id=122, ptr=0x7c02825000), reusing it
06-18 18:24:20.125  2592  3086 I VrRuntimeServer: CreateAndroidSurfaceSwapChain: result surface 0x7c02825000
06-18 18:24:20.126  1870  2308 I [SEO] PanelRenderLayer: Recreating android surface with ID: 123
06-18 18:24:20.126  2592  3086 I VrRuntimeService: CreateAndroidSurfaceSwapChain: 343409136
06-18 18:24:20.126  2592  3086 I VrRuntimeService: CreateAndroidSurfaceSwapChain: 65536 1 32856 1 1 1 1 1 0 3 1 123
06-18 18:24:20.126  2592  2711 I SwapChain_Surface: CreateAndroidSurfaceSwapChainGLES: Found previous swapchain (id=123, ptr=0x7c02827800), reusing it
06-18 18:24:20.126  2592  3086 I VrRuntimeServer: CreateAndroidSurfaceSwapChain: result surface 0x7c02827800
06-18 18:24:20.127  1870  2308 I [SEO] PanelRenderLayer: Recreating android surface with ID: 124
06-18 18:24:20.127  2592  3086 I VrRuntimeService: CreateAndroidSurfaceSwapChain: 343409136
06-18 18:24:20.127  2592  3086 I VrRuntimeService: CreateAndroidSurfaceSwapChain: 65536 1 32856 1 1 1 1 1 0 3 1 124
06-18 18:24:20.127  2592  2711 I SwapChain_Surface: CreateAndroidSurfaceSwapChainGLES: Found previous swapchain (id=124, ptr=0x7c02831000), reusing it
06-18 18:24:20.127  2592  3086 I VrRuntimeServer: CreateAndroidSurfaceSwapChain: result surface 0x7c02831000
06-18 18:24:20.127  1870  2308 I [SEO] PanelRenderLayer: Recreating android surface with ID: 125
06-18 18:24:20.128  2592  3086 I VrRuntimeService: CreateAndroidSurfaceSwapChain: 343409136
06-18 18:24:20.128  2592  3086 I VrRuntimeService: CreateAndroidSurfaceSwapChain: 65536 1 32856 1 1 1 1 1 0 3 1 125
06-18 18:24:20.128  2592  2711 I SwapChain_Surface: CreateAndroidSurfaceSwapChainGLES: Found previous swapchain (id=125, ptr=0x7c02833800), reusing it
06-18 18:24:20.128  2592  3086 I VrRuntimeServer: CreateAndroidSurfaceSwapChain: result surface 0x7c02833800
06-18 18:24:20.128  1870  2308 I [SEO] PanelAppHost: Send theaterScreen comments {"nonMediaLayerHidden":true,"theaterScreenStatus":"unavailable"} to panel 12
06-18 18:24:20.128  1870  2308 I [SEO] PanelRenderLayer: Recreating android surface with ID: 117
06-18 18:24:20.128  2592  3086 I VrRuntimeService: CreateAndroidSurfaceSwapChain: 343409136
06-18 18:24:20.128  2592  3086 I VrRuntimeService: CreateAndroidSurfaceSwapChain: 65536 1 32856 1 1 1 1 1 8 3 1 117
06-18 18:24:20.128  2592  2711 I SwapChain_Surface: CreateAndroidSurfaceSwapChainGLES: Found previous swapchain (id=117, ptr=0x7c309b6800), reusing it
06-18 18:24:20.129  2592  3086 I VrRuntimeServer: CreateAndroidSurfaceSwapChain: result surface 0x7c309b6800
06-18 18:24:20.129  1870  2308 I [SEO] PanelAppHost: Send theaterScreen comments {"nonMediaLayerHidden":true,"theaterScreenStatus":"unavailable"} to panel 16
06-18 18:24:20.129  1870  2308 I [SEO] PanelRenderLayer: Recreating android surface with ID: 144
06-18 18:24:20.129  2592  3086 I VrRuntimeService: CreateAndroidSurfaceSwapChain: 343409136
06-18 18:24:20.129  2592  3086 I VrRuntimeService: CreateAndroidSurfaceSwapChain: 65536 1 32856 1 1 1 1 1 0 3 1 144
06-18 18:24:20.129  2592  2711 I SwapChain_Surface: CreateAndroidSurfaceSwapChainGLES: Found previous swapchain (id=144, ptr=0x7c14573800), reusing it
06-18 18:24:20.129  2592  3086 I VrRuntimeServer: CreateAndroidSurfaceSwapChain: result surface 0x7c14573800
06-18 18:24:20.130  1870  2308 I [SEO] PanelRenderLayer: Recreating android surface with ID: 145
06-18 18:24:20.130  2592  3086 I VrRuntimeService: CreateAndroidSurfaceSwapChain: 343409136
06-18 18:24:20.130  2592  3086 I VrRuntimeService: CreateAndroidSurfaceSwapChain: 65536 1 32856 1 1 1 1 1 0 3 1 145
06-18 18:24:20.130  2592  2711 I SwapChain_Surface: CreateAndroidSurfaceSwapChainGLES: Found previous swapchain (id=145, ptr=0x7c1440b000), reusing it
06-18 18:24:20.130  2592  3086 I VrRuntimeServer: CreateAndroidSurfaceSwapChain: result surface 0x7c1440b000
06-18 18:24:20.131  1870  2308 I [SEO] PanelAppHost: Send theaterScreen comments {"nonMediaLayerHidden":true,"theaterScreenStatus":"unavailable"} to panel 5
06-18 18:24:20.131  1870  2308 I [SEO] PanelRenderLayer: Recreating android surface with ID: 112
06-18 18:24:20.131  2592  3086 I VrRuntimeService: CreateAndroidSurfaceSwapChain: 343409136
06-18 18:24:20.131  2592  3086 I VrRuntimeService: CreateAndroidSurfaceSwapChain: 65536 1 32856 1 1 1 1 1 0 3 1 112
06-18 18:24:20.131  2592  2711 I SwapChain_Surface: CreateAndroidSurfaceSwapChainGLES: Found previous swapchain (id=112, ptr=0x7c3091f000), reusing it
06-18 18:24:20.132  2592 27629 I CompositorVR: Passthrough usage state changed: app 0, guardian 1, background 1
06-18 18:24:20.132  2592  3086 I VrRuntimeServer: CreateAndroidSurfaceSwapChain: result surface 0x7c3091f000
06-18 18:24:20.133  1870  2308 I [SEO] SystemTaskBar: Destroying MultifieldHandleUI
06-18 18:24:20.133  2868  3372 I VrGuardianService: com.oculus.vrshell -> GuardianSDKServer::OnShellVrModeChangeReq: enterVrMode: 1, isShell: 1
06-18 18:24:20.133  2868  3372 I GuardianSystem: [GuardianSystem::OnShellVrModeChange] Enter Vr Mode
06-18 18:24:20.135  1870  2308 I [SEO] ShellEnvHomeController: closing ShellHomeUX
06-18 18:24:20.135  1870  2308 I [SEO] PanelAppHost: Exiting panel application 125 (com.oculus.vrshell/com.oculus.panelapp.shellhomeux.ShellHomeUXPanelService) on next frame with reason System Defined Closure.
06-18 18:24:20.135  1870  2308 I [SEO] PanelAppHost: PanelAppHost destructor, panel 125 (com.oculus.vrshell/com.oculus.panelapp.shellhomeux.ShellHomeUXPanelService)
06-18 18:24:20.135  1870  2308 I [SEO] PanelAppHost: Panel app 125 (com.oculus.vrshell/com.oculus.panelapp.shellhomeux.ShellHomeUXPanelService) changing state from foreground to shutdown
06-18 18:24:20.135 24651 24651 D [UNK] ShellHomeUXPanelApp: Received message: exit
06-18 18:24:20.135  1870  2308 D [SEO] ShellApplication: Unbinding service for panel app id 125
06-18 18:24:20.136  1095  8498 D ActivityManager: Is background playback GK enabled: true Is background playback enabled for all apps: false
06-18 18:24:20.136  3062  3148 I MRSVC   : MIXEDREALITY: BackgroundPassthroughController: Hysteresis ended
06-18 18:24:20.136  3062  3148 I MRSVC   : MIXEDREALITY: MrFeatureStatus: Passthrough: Client 9223372036854775808 status changed from Started to Paused.
06-18 18:24:20.136  3062  3148 I MRSVC   : MIXEDREALITY: MrFeatureStatus: Passthrough for client 9223372036854775808: Target status Started, CurrentStatus: Started
06-18 18:24:20.136  3062  3148 I MRSVC   : MIXEDREALITY: MrFeatureStatus: Passthrough: Client 9223372036854775808 status changed from Paused to Destroyed.
06-18 18:24:20.136  3062  3148 I MRSVC   : MIXEDREALITY: MrFeatureStatus: Passthrough for client 9223372036854775808: Target status Started, CurrentStatus: Started
06-18 18:24:20.136  3062  3148 I MRSVC   : MIXEDREALITY: MrServiceController: clientDisconnected: 9223372036854775808/com.oculus.mrservice/com.oculus.mrservice
06-18 18:24:20.136  3062  3148 I MRSVC   : MIXEDREALITY: ClientsStatus: ====== Connected clients ======
06-18 18:24:20.136  3062  3148 I MRSVC   : MIXEDREALITY: ClientsStatus: Client: 9223372036854775808/com.oculus.mrservice/com.oculus.mrservice
06-18 18:24:20.136  3062  3148 I MRSVC   : MIXEDREALITY: ClientsStatus:    [Passthrough] -> Destroyed
06-18 18:24:20.136  3062  3148 I MRSVC   : MIXEDREALITY: ClientsStatus:    [Freespace] -> Destroyed
06-18 18:24:20.136  3062  3148 I MRSVC   : MIXEDREALITY: ClientsStatus: Client: 1437939657/com.oculus.guardian/com.oculus.vrguardianservice:2868
06-18 18:24:20.136  3062  3148 I MRSVC   : MIXEDREALITY: ClientsStatus:    [Passthrough] -> Started
06-18 18:24:20.136  3062  3148 I MRSVC   : MIXEDREALITY: ClientsStatus:    [Freespace] -> Created
06-18 18:24:20.136  3062  3148 I MRSVC   : MIXEDREALITY: ClientsStatus: Client: 343409136/com.oculus.vrshell/com.oculus.vrshell:1870
06-18 18:24:20.136  3062  3148 I MRSVC   : MIXEDREALITY: ClientsStatus:    [Passthrough] -> Started
06-18 18:24:20.136  3062  3148 I MRSVC   : MIXEDREALITY: ClientsStatus:    [Freespace] -> Destroyed
06-18 18:24:20.136  3062  3148 I MRSVC   : MIXEDREALITY: ClientsStatus: ===============================
06-18 18:24:20.136  3062  3148 I MRSVC   : MIXEDREALITY: MrClientModelStates: unregisterClient: For client 9223372036854775808.
06-18 18:24:20.136  3062  3148 I MRSVC   : MIXEDREALITY: ClientsStatus: Unregistration from 9223372036854775808/com.oculus.mrservice/com.oculus.mrservice accepted.
06-18 18:24:20.136  3062  3148 I MRSVC   : MIXEDREALITY: MrClientModelStates: commitClientState: layer 1090 was queued for destruction
06-18 18:24:20.136  3062  3148 I MRSVC   : MIXEDREALITY: PassthroughPresentationLayerImpl: Deallocating framebuffers for layer 1090.
06-18 18:24:20.136  3062  3148 I MRSVC   : MIXEDREALITY: GlFramebufferFactory: framebuffer pool releasing buffer (elements in pool=0)
06-18 18:24:20.136 24651 24651 D CppPanelService: onDestroy()
06-18 18:24:20.138  1870  2308 I MessageQueue: 0x7c19acfec0:ovrMessageQueue shutdown
06-18 18:24:20.138  1870  2308 I [SEO] PanoLoader: ~PanoLoader
06-18 18:24:20.138  1870  2308 I MessageQueue: 0x7ba745e6c0:ovrMessageQueue shutdown
06-18 18:24:20.138  1870  2308 I MessageQueue: 0x7ba745e6f0:ovrMessageQueue shutdown
06-18 18:24:20.138  1870 27572 I [SEO] PanoLoader: DecodeQueue msg = 'shutDown'
06-18 18:24:20.138  1870  2308 I MessageQueue: 0x7ba745e720:ovrMessageQueue shutdown
06-18 18:24:20.139  1870 27572 I [SEO] PanoLoader: DecodeThread returned
06-18 18:24:20.139  1870 27573 I [SEO] PanoLoader: TextureUploadThread msg: shutDown
06-18 18:24:20.139  1870 27573 I [SEO] CubeUploader: CubeUploader::~CubeUploader
06-18 18:24:20.139 24651 24651 I PanelService: VR Shell socket closed(ECONNRESET); shutting down fd: 50
06-18 18:24:20.139 24651 24651 I PanelService: Quitting application via hardExit flag. Shutting down fd 50.
06-18 18:24:20.139 24651 24651 I AndroidPanelApp: Destroyed
06-18 18:24:20.139 24651 24651 I RuntimeIPCClient [RUNTIMEIPC]: Shutdown: 1, Client: com.oculus.vrshell:com.oculus.vrshell:ShellHomeUX:24651, Server: com.oculus.shellenv:com.oculus.shellenv (shellenvipc-0)
06-18 18:24:20.139 24651 24651 I RuntimeIPCClient [RUNTIMEIPC]: ReleaseRef: Remaining refs: 0, Client: com.oculus.vrshell:com.oculus.vrshell:ShellHomeUX:24651, Server: com.oculus.shellenv:com.oculus.shellenv (shellenvipc-0)
06-18 18:24:20.139 24651 24651 I RuntimeIPCClient [RUNTIMEIPC]: DisconnectFromServer: 0, Client: com.oculus.vrshell:com.oculus.vrshell:ShellHomeUX:24651, Server: com.oculus.shellenv:com.oculus.shellenv (shellenvipc-0)
06-18 18:24:20.139  1870 27573 I [SEO] PanoLoader: TextureUploadThread: returned
06-18 18:24:20.139  1870 27571 I [SEO] PanoLoader: FileLoadCommand msg = 'shutDown'
06-18 18:24:20.139  1870 27571 I [SEO] PanoLoader: FileLoadThread returned
06-18 18:24:20.139  1870  2308 I [SEO] PanoLoader: ~PanoLoader completed
06-18 18:24:20.139  1870  2308 I [SEO] DoubleBufferedTextureData: ~DoubleBufferedTextureData
06-18 18:24:20.139  1870  2308 I [SEO] ReusableTexture: ReusableTexture::~ReusableTexture
06-18 18:24:20.139  1870  2308 I [SEO] ReusableTexture: ReusableTexture::~ReusableTexture
06-18 18:24:20.139  1870  2308 I [SEO] ReusableTexture: ReusableTexture::~ReusableTexture
06-18 18:24:20.139  1870  2308 I [SEO] ReusableTexture: ReusableTexture::~ReusableTexture
06-18 18:24:20.139  2592  3234 I VrRuntimeService: DestroySwapChain: swapchain=571
06-18 18:24:20.139  3062  3148 I MRSVC   : MIXEDREALITY: GlFramebufferFactory: framebuffer pool destroying buffere because there are too many instanciated buffers. GlobalCount: 1
06-18 18:24:20.139  3062  3148 I MRSVC   : MIXEDREALITY: MrClientModelStates: Cleaned up resources for client 9223372036854775808
06-18 18:24:20.139  1910  2805 I RPCServer [RUNTIMEIPC]: HandleClientDisconnect: Client: com.oculus.vrshell:com.oculus.vrshell:ShellHomeUX:24651:, Server: com.oculus.shellenv:com.oculus.shellenv (shellenvipc-0)
06-18 18:24:20.139 24651 24651 W RuntimeIPCProxyMgr [RUNTIMEIPC]: Failed to find connection to disable
06-18 18:24:20.139  1910 27741 I ThreadHelpers [RUNTIMEIPC]: RuntimeIPC::ThreadHelpers::SetState: threadName: IpcDCReqHandler, currentState: STATE_STOPPING, newState: STATE_STOPPED
06-18 18:24:20.139 24651 27740 I ThreadHelpers [RUNTIMEIPC]: RuntimeIPC::ThreadHelpers::SetState: threadName: JobPoolWorker, currentState: STATE_STOPPING, newState: STATE_STOPPED
06-18 18:24:20.140  1870  2308 I [SEO] PanelToggleController: Visibility toggled from true to false, reason system-initiated, source HideShellUI
06-18 18:24:20.140 24651 24651 I RuntimeIPCSystem [RUNTIMEIPC]: Shutdown: com.oculus.vrshell:ShellHomeUX
06-18 18:24:20.140  1870  2308 I [SEO] ShellFrameAnalytics: Shell Heartbeat focusedPanelTimeSpent: {"50":14353} visibleTimeSpent: {"5":13306,"50":14353} inputTimeSpent: {"5":"{\"visible_controller\":11563,\"visible_gaze\":1742}","50":"{\"focus_controller\":11563,\"focus_gaze\":2789,\"visible_controller\":11563,\"visible_gaze\":2789}"} inputClickCount: {"5":"{\"visible_controller\":1}","50":"{\"focused_controller\":1,\"visible_controller\":1}"} mouseMoveTimeSpent: 0 mouseScrollTimeSpent: 0 physicalKeyboardConnectedTimeSpent: 0 physicalKeyboardTrackedTimeSpent: 0 quickActionsMenuActivations: 0 quickActionsMenuTimeSpent: 0 quickActionsMenuSessionLengths: [] quickActionsMenuSelections: {} handTrackingOptIn: 1 handTrackingAutoTransition: 1 directTouchTabletEnabled: 0
06-18 18:24:20.140  1870  2308 I [SEO] FlowController: Reset resetReason : PrimaryClientChanged
06-18 18:24:20.140  1870  2308 I [SEO] FlowController: Reset resetting current flow : DesktopFlow
06-18 18:24:20.140  1870  2308 I [SEO] OverlayDesktopFlow: OverlayDesktopFlow Reset
06-18 18:24:20.140 24651 27739 I ThreadHelpers [RUNTIMEIPC]: RuntimeIPC::ThreadHelpers::SetState: threadName: RIPCSystem, currentState: STATE_STOPPING, newState: STATE_STOPPED
06-18 18:24:20.140  1870  2308 I [SEO] DialogController: Reset resetReason:4
06-18 18:24:20.140  1870  2308 I [SEO] ShellAppBase: 0x7c0ae172a0 msg: overlayCommand:
06-18 18:24:20.140  1870  2308 I [SEO] ShellAppBase: command = immersiveAppChanged
06-18 18:24:20.140  1870  2308 I [SEO] ShellAppBase: immersiveApp = com.YourCompany.Metaverse_Game1
06-18 18:24:20.140  1870  2308 I [SEO] ShellAppBase: Process_OverlayCommand command : immersiveAppChanged
06-18 18:24:20.140  1870  2308 I [SEO] ShellAppBase: immersiveAppChanged called with com.YourCompany.Metaverse_Game1
06-18 18:24:20.140  1870  2308 I VrRuntimeClient: BoundaryVisibilityChangeEvent Occurred: Boundary is visible
06-18 18:24:20.140  1870  2308 I Deque   : AddEventToQueue called. eventInfo.type: 40, eventInfo.next: 0
06-18 18:24:20.140  1870  2308 I Deque   : AddEventToQueue called. eventInfo.type: 1000101000, eventInfo.next: 1
06-18 18:24:20.140  1870  2308 I [SEO] VrPlatformOpenXr: xrPollEvent: received XR_TYPE_EVENT_DATA_REFERENCE_SPACE_CHANGE_PENDING event
06-18 18:24:20.140  1870  2308 I [SEO] VrPlatformOpenXr: xrPollEvent: received XR_TYPE_EVENT_DATA_DISPLAY_REFRESH_RATE_CHANGED_FB event: fromRate 90.000000 -> toRate 72.000000
06-18 18:24:20.140 24651 24651 I RuntimeIPCClientMgr [RUNTIMEIPC]: RuntimeIPCClientMgr::Shutdown
06-18 18:24:20.140 24651 24651 D IPCDataChannelAndroidBinder [RUNTIMEIPC]: RuntimeIPC: MainBinderDiedInfo: onBinderDied: 0
06-18 18:24:20.140 24651 24651 D IPCDataChannelAndroidBinder [RUNTIMEIPC]: RuntimeIPC: MainBinderDiedInfo: onBinderDied: 0
06-18 18:24:20.141  2868  3372 I VrGuardianService: com.oculus.vrshell -> GuardianSDKServer::OnShellVrModeChangeReq: enterVrMode: 0, isShell: 1
06-18 18:24:20.141  2868  3372 I GuardianSystem: [GuardianSystem::OnShellVrModeChange] Exit Vr Mode
06-18 18:24:20.141 24651 27738 D IPCDataChannelServer [RUNTIMEIPC]: Disconnected: 1, broker_package:broker_process:0
06-18 18:24:20.141 24651 27738 I ThreadHelpers [RUNTIMEIPC]: RuntimeIPC::ThreadHelpers::SetState: threadName: IpcDCReqHandler, currentState: STATE_STOPPING, newState: STATE_STOPPED
06-18 18:24:20.141   837 25435 D IPCDataChannelAndroidBinder [RUNTIMEIPC]: RuntimeIPC: ConnectionDiedInfo: onBinderDied: 0, com.oculus.vrshell:com.oculus.vrshell:ShellHomeUX:24651
06-18 18:24:20.142   837 25435 I RuntimeIPCService [RUNTIMEIPC]: DestroyBrokerConnection: com.oculus.vrshell:com.oculus.vrshell:ShellHomeUX:24651
06-18 18:24:20.142   837 25435 I BpBinder: onLastStrongRef automatically unlinking death recipients: <uncached descriptor>
06-18 18:24:20.142 24651 27737 I ThreadHelpers [RUNTIMEIPC]: RuntimeIPC::ThreadHelpers::SetState: threadName: DLObserver, currentState: STATE_STOPPING, newState: STATE_STOPPED
06-18 18:24:20.142 24651 27737 I DeadlockObserver [RUNTIMEIPC]: MainLoop exiting
06-18 18:24:20.142 24651 24651 I MultiInstanceDetector [RUNTIMEIPC]: Multiple instances detector socket closed: INSTANCE_DETECTOR:24651
06-18 18:24:20.142 24651 24651 I RuntimeIPCSystem [RUNTIMEIPC]: Shutdown: complete com.oculus.vrshell:ShellHomeUX
06-18 18:24:20.149  1870  2308 I [SEO] ShellAppBase: ResolveInteractionState: change from InputFocus to None
06-18 18:24:20.149  1870  2308 I [SEO] ShellAppBase: LeaveVrMode: Interaction state from InputFocus to None
06-18 18:24:20.149  1870  2308 I [SEO] ShellAppBase: LeaveVrMode - Skipping in Single Process Mode
06-18 18:24:20.149  1870  2308 D [SEO] ShellApplication: setOverlayInputFocus: inputFocus=false
06-18 18:24:20.149  1870  2308 D [SEO] ShellService: setOverlayInputFocus : entrypoint - inputFocus=false
06-18 18:24:20.149  1870  2308 D [SEO] ShellService: Uninstalling global InputFilter
06-18 18:24:20.149  1870 29428 D [SEO] ShellInputFilter: onUninstalled
06-18 18:24:20.150  1870  2308 I [SEO] SystemAssistant: OnModeChanged from Paused to ImmersiveAppFocused
06-18 18:24:20.150  1870  2308 D [SEO] ShellApplication: notify OS to set com.oculus.vrshell/com.oculus.vrshell.ShellService to BACKGROUND
06-18 18:24:20.150  1095  8716 D ActivityManager: Is background playback GK enabled: true Is background playback enabled for all apps: false
06-18 18:24:20.151  2592 27629 I Vsync   : Vsync 1330:  2 x 13.89 ms (72.00 Hz, at 10034.674)
06-18 18:24:20.152  1870  2308 I [SEO] FlowController: UpdateActiveFlow from (none) to NonModalFlow
06-18 18:24:20.152  1870  2308 I [SEO] NonModalFlow: Activated
06-18 18:24:20.152  1870  2308 I [SEO] LocalSpace: New Space: quat(0.000000, 0.000000, 0.000000, 1.000000), translation(0.000000, 1.060970, 0.000000) - Prior Space: quat(0.020034, 0.000173, -0.008617, 0.999762), translation(0.000000, 1.055031, 0.000000)
06-18 18:24:20.152  1870  2308 I [SEO] LocalSpace: Local space version from 108 to 109, local space user version from 1 to 1.
06-18 18:24:20.152  1870  2308 I [SEO] VrShellDesktopBase: BackgroundDesktop: Multi-app, reason egoCentricDesktopBackground
06-18 18:24:20.152  1870  2308 I [SEO] PanelAppHost: OnBackground panel 50 (com.oculus.systemux/com.oculus.panelapp.notifications.NotificationsPanelService)
06-18 18:24:20.152  1870  2308 I [SEO] PanelAppHost: Panel app 50 (com.oculus.systemux/com.oculus.panelapp.notifications.NotificationsPanelService) changing state from foreground to background
06-18 18:24:20.152  1870  2308 I [SEO] PanelAppHost: Panel 50 (com.oculus.systemux/com.oculus.panelapp.notifications.NotificationsPanelService) is now backgrounded due to: egoCentricDesktopBackground
06-18 18:24:20.154  1870  2308 I [SEO] DesktopPanelController: Backgrounded desktop Multi-app with reason egoCentricDesktopBackground
06-18 18:24:20.154  1870  2308 I [SEO] SystemTaskBar: Creating MultifieldHandleUI
06-18 18:24:20.156  3062  5678 I MRSVC   : MIXEDREALITY: MrServiceController: VrFocusManager::Top Activity Changed, topActivity now is: 'com.YourCompany.Metaverse_Game1', immersiveApp now is: ''.
06-18 18:24:20.158  1870  1870 D [SEO] ShellService: setOverlayInputFocus : completed - inputFocus=false
06-18 18:24:20.158  2592 27629 I CompositorVR: Passthrough usage state changed: app 0, guardian 1, background 0
06-18 18:24:20.158  1870  2308 I [SEO] PanelAppHost: Exiting panel application 123 (com.oculus.systemux/com.oculus.panelapp.virtualobjects.VirtualObjectsPanelService) on next frame with reason System Defined Closure.
06-18 18:24:20.159  1095  8716 W InputManager-JNI: Input channel object '8c5126 Shell.EventInterceptor (client)' was disposed without first being removed with the input manager!
06-18 18:24:20.159  1095  1135 W NotificationHistory: Attempted to remove channel for locked/gone/disabled user 0
06-18 18:24:20.161  1870  2308 I [SEO] PanelAppHost: Exiting panel application 117 (com.oculus.vrshell/com.oculus.panelapp.theaterscreen.TheaterScreenPanelService) on next frame with reason System Defined Closure.
06-18 18:24:20.165  1095  1135 V WindowManager: Unknown focus tokens, dropping reportFocusChanged
06-18 18:24:20.167 20692 20692 D AssistantUserEdService: Incoming intent Intent { act=notification_panel_closed pkg=com.oculus.systemux cmp=com.oculus.assistant/.service.AssistantUserEdService }
06-18 18:24:20.168 20692 20819 E AssistantUserEdService: The user ed service will not process the intent due to GK not passing
06-18 18:24:20.168  2868  2941 I GuardianPassthroughMgr: GuardianPassthroughMgr::MaybeActivateTransition - Transition type Wipe to hide passthrough (0) activated (1.000000 => 0.000000)
06-18 18:24:20.168  1514  1514 D OculusNotificationListenerService: Notification removed: 0|android|0|com.android.server.wm.AlertWindowNotification - com.oculus.vrshell|1000
06-18 18:24:20.168  2868  2941 I GuardianPassthroughMgr: GuardianPassthroughMgr::UpdateTransition - Transition state change (PT_TRANSITION_MR -> PT_TRANSITION_MR_TO_VR)
06-18 18:24:20.168  2868  2941 I GuardianAudioRequester: StartOneShotGuardianAudio: Requesting new on-demand one-shot audio clip apk://com.oculus.guardianresources/assets/audio/system_transition_mrvr_enter.ogg at 1.00 volume.
06-18 18:24:20.168  2868  2941 I GuardianPassthroughMgr: [GuardianPassthroughMgr::UpdateGuardianSharedState] passthrough alpha changed from 1.000000 to 0.000000
06-18 18:24:20.168  2868  2941 I GuardianPassthroughMgr: [GuardianPassthroughMgr::UpdateDebugLog] Passthrough flags changed from: PT_ENVIRONMENT to NONE, alpha from 1.000000 to 0.000000, reality tuner value 0
06-18 18:24:20.169  1843  2273 I OVRMediaService: onStartCommand Received message type: overlay_input_focus_change, caller package: com.oculus.vrshell, app identify: AppIdentity{uid=10037, packageNames=[com.oculus.vrshell], sha2=3C-DTjwZQjeLFPB2yCzRq1nqZWa_9HMLIEfpjvyfna8, version=null, domain=null}
06-18 18:24:20.171  1870  1870 I [SEO] VrNotificationListenerService: onNotificationRemoved() - key = 0|android|0|com.android.server.wm.AlertWindowNotification - com.oculus.vrshell|1000, type = unspecified
06-18 18:24:20.172  1870  1870 D VrNotificationAnalytics: logNotificationRemoved(unspecified)
06-18 18:24:20.172  1870  2308 I [SEO] LayerSwapChainResource: LayerSwapChainResource width(1000), height(80), swap chain length(3), mips(4)
06-18 18:24:20.172  1843  2273 I OVRMediaService: Received OVERLAY_INPUT_FOCUS_CHANGE. is focused: false
06-18 18:24:20.172  2592  3086 I VrRuntimeService: CreateSwapChain: 343409136
06-18 18:24:20.172  2592  3086 I VrRuntimeService: CreateSwapChain: api:gles 0 0x8c43 1000 80 4 3 1 0 3
06-18 18:24:20.174  2592  3086 I VrRuntimeServer: CreateTextureSwapChain: result importswapchaingles 1
06-18 18:24:20.178  1870  2308 I [SEO] SwapChainApiOpenXr: Swapchain created: 1000,80 - 3
06-18 18:24:20.179  2592  3086 I VrRuntimeService: UpdateSwapChainSamplerState: 578
06-18 18:24:20.179  2592  3086 I VrRuntimeService: UpdateSwapChainSamplerState: minFilter=1 magFilter=1 wrapModeS=3 warpModeT=3 maxAniso=1.000000 border={0.000000,0.000000,0.000000,0.000000} swizzle={0,1,2,3}
06-18 18:24:20.179  1870  2308 I [SEO] LayerSwapChainResource: LayerSwapChainResource width(1), height(1), swap chain length(3), mips(1)
06-18 18:24:20.179  2592  3086 I VrRuntimeService: CreateSwapChain: 343409136
06-18 18:24:20.179  2592  3086 I VrRuntimeService: CreateSwapChain: api:gles 0 0x8c43 1 1 1 3 1 0 3
06-18 18:24:20.180  2592  3086 I VrRuntimeServer: CreateTextureSwapChain: result importswapchaingles 1
06-18 18:24:20.183  1870  2308 I [SEO] SwapChainApiOpenXr: Swapchain created: 1,1 - 3
06-18 18:24:20.183  1870  2308 I VrRuntimeClient: SetTextureSwapChainSamplerState: No change in sampler state.
06-18 18:24:20.183  1870  2308 I [SEO] LayerSwapChainResource: LayerSwapChainResource width(1), height(1), swap chain length(3), mips(1)
06-18 18:24:20.183  2592  3086 I VrRuntimeService: CreateSwapChain: 343409136
06-18 18:24:20.183  2592  3086 I VrRuntimeService: CreateSwapChain: api:gles 0 0x8c43 1 1 1 3 1 0 3
06-18 18:24:20.184  2592  3086 I VrRuntimeServer: CreateTextureSwapChain: result importswapchaingles 1
06-18 18:24:20.185  1870  2308 I [SEO] SwapChainApiOpenXr: Swapchain created: 1,1 - 3
06-18 18:24:20.185  1870  2308 I VrRuntimeClient: SetTextureSwapChainSamplerState: No change in sampler state.
06-18 18:24:20.185  1870  2308 I [SEO] PanelAppHost: ExitNextFrame triggered on panel com.oculus.vrshell/com.oculus.panelapp.theaterscreen.TheaterScreenPanelService:117 for reason System Defined Closure
06-18 18:24:20.185  1870  2308 I [SEO] PanelAppHost: ExitNextFrame triggered on panel com.oculus.systemux/com.oculus.panelapp.virtualobjects.VirtualObjectsPanelService:123 for reason System Defined Closure
06-18 18:24:20.186  2868  3372 I VrGuardianService: com.oculus.vrshell -> GuardianSDKServer::SetGuardianHitDialog 0
06-18 18:24:20.186  1870  2308 I [SEO] SystemUXControllerHelper: OnReorient(reason: 3)
06-18 18:24:20.186  1870  2308 I [SEO] TelemetryProvider: aui_reorient system 3 0 0 com.YourCompany.Metaverse_Game1
06-18 18:24:20.186  1870  2308 I [SEO] DesktopPanelController: CooperativeState transit from shell state cooperative to exclusive
06-18 18:24:20.186  1870  2308 I [SEO] VrShellDesktopBase: DesktopType transit from desktop Multi-app to Exclusive, under shell state exclusive with shouldTransitionFocusedApp:0 with shouldTransitionAllApps:0
06-18 18:24:20.187  3469  3469 I [SUI] AnytimeUIPanelApp: Bar visibility changed to false
06-18 18:24:20.187  3469  3469 I [SUI] AnytimeUIPanelApp: updateGuardianConfig - $configIndex - $configValue
06-18 18:24:20.189  3062  3148 I MRSVC   : MIXEDREALITY: PassthroughRenderer: Created a render config 23 with shader kPassthroughVrTransition
06-18 18:24:20.189  1870  2308 I [SEO] DesktopPanelControllerAnalytics: FlushPendingDesktopMetrics Multi-app
06-18 18:24:20.189  1870  2308 I [SEO] PanelAppHost: PanelAppHost destructor, panel 123 (com.oculus.systemux/com.oculus.panelapp.virtualobjects.VirtualObjectsPanelService)
06-18 18:24:20.189  1870  2308 I [SEO] PanelAppHost: Panel app 123 (com.oculus.systemux/com.oculus.panelapp.virtualobjects.VirtualObjectsPanelService) changing state from foreground to shutdown
06-18 18:24:20.190  1870  2308 D [SEO] ShellApplication: Unbinding service for panel app id 123
06-18 18:24:20.191  1095  8716 W InputManager-JNI: Input channel object 'eb516cb com.oculus.systemux (client)' was disposed without first being removed with the input manager!
06-18 18:24:20.192  1870  2308 I [SEO] PanelAppHost: PanelAppHost destructor, panel 117 (com.oculus.vrshell/com.oculus.panelapp.theaterscreen.TheaterScreenPanelService)
06-18 18:24:20.192  1870  2308 I [SEO] PanelAppHost: Panel app 117 (com.oculus.vrshell/com.oculus.panelapp.theaterscreen.TheaterScreenPanelService) changing state from foreground to shutdown
06-18 18:24:20.192  1870  2308 D [SEO] ShellApplication: Unbinding service for panel app id 117
06-18 18:24:20.192  1095  8498 D ActivityManager: Is background playback GK enabled: true Is background playback enabled for all apps: false
06-18 18:24:20.193  1095  8716 I DisplayDeviceRepository: Display device removed: DisplayDeviceInfo{"com.oculus.android_panel_app.AndroidPanelLayer-controlbar7": uniqueId="virtual:com.oculus.systemux,10028,com.oculus.android_panel_app.AndroidPanelLayer-controlbar7,0", 1280 x 50, modeId 277, defaultModeId 277, supportedModes [{id=277, width=1280, height=50, fps=60.0, alternativeRefreshRates=[]}], colorMode 0, supportedColorModes [0], hdrCapabilities null, allmSupported false, gameContentTypeSupported false, density 200, 200.0 x 200.0 dpi, appVsyncOff 0, presDeadline 16666666, touch NONE, rotation 0, type VIRTUAL, deviceProductInfo null, state ON, owner com.oculus.systemux (uid 10028), frameRateOverride , brightnessMinimum 0.0, brightnessMaximum 0.0, brightnessDefault 0.0, FLAG_PRIVATE, FLAG_NEVER_BLANK, FLAG_OWN_CONTENT_ONLY}
06-18 18:24:20.193  5504  5504 I PanelService: VR Shell socket closed(0); shutting down fd: 50
06-18 18:24:20.193  5504  5504 I PanelService: Quitting application via hardExit flag. Shutting down fd 50.
06-18 18:24:20.194  5504  5504 D CppPanelService: onDestroy()
06-18 18:24:20.195  1095  8716 I LogicalDisplayMapper: Removing display: 165
06-18 18:24:20.195  1870  2308 I [SEO] PanelAppOSLifecycleNotificationManager: Sending frameState isForeground:0 to OS for app com.oculus.vrshell/com.oculus.panelapp.theaterscreen.TheaterScreenPanelService
06-18 18:24:20.195  1870  2308 D [SEO] ShellApplication: notify OS to set com.oculus.vrshell/com.oculus.panelapp.theaterscreen.TheaterScreenPanelService to BACKGROUND
06-18 18:24:20.195  1095  8498 W ActivityManager: setIsForegroundPanelService: ComponentInfo{com.oculus.vrshell/com.oculus.panelapp.theaterscreen.TheaterScreenPanelService} not found
06-18 18:24:20.196  3469  3469 I AndroidPanelApp: HideLayer(controlbar7, shape: 2, shouldMinimizeLayer: true)
06-18 18:24:20.196  3469  3469 I AndroidPanelApp: Processing pending hide layer for layer controlbar7.
06-18 18:24:20.196  1095  1202 I InputDispatcher: Erasing monitor PointerEventDispatcher165 (server) on display 165, pid=1095
06-18 18:24:20.196  1870  2308 I [SEO] PanelAppOSLifecycleNotificationManager: Sending frameState isForeground:0 to OS for app com.oculus.systemux/com.oculus.panelapp.virtualobjects.VirtualObjectsPanelService
06-18 18:24:20.196  1870  2308 I [SEO] PanelAppOSLifecycleNotificationManager: Sending frameState isForeground:0 to OS for app com.oculus.systemux/com.oculus.panelapp.notifications.NotificationsPanelService
06-18 18:24:20.196  1870  2308 I [SEO] PanelAppOSLifecycleNotificationManager: Sending frameState isForeground:0 to OS for app com.oculus.vrshell/com.oculus.panelapp.shellhomeux.ShellHomeUXPanelService
06-18 18:24:20.196  1870  2308 D [SEO] ShellApplication: notify OS to set com.oculus.vrshell/com.oculus.panelapp.shellhomeux.ShellHomeUXPanelService to BACKGROUND
06-18 18:24:20.197  3469  3469 I PanelService: VR Shell socket closed(0); shutting down fd: 174
06-18 18:24:20.197  3469  3469 I PanelService: Quitting application via hardExit flag. Shutting down fd 174.
06-18 18:24:20.197  3469  3469 I AndroidPanelApp: Destroyed
06-18 18:24:20.197  1095  6094 W ActivityManager: setIsForegroundPanelService: ComponentInfo{com.oculus.vrshell/com.oculus.panelapp.shellhomeux.ShellHomeUXPanelService} not found
06-18 18:24:20.198  3469  3469 I PresenceAPK(ServicePresenceClient): ServicePresenceClient close
06-18 18:24:20.198  3469  3469 I PresenceAPK(GroupManager): removeListener with id AnchoredHomeGroup
06-18 18:24:20.198  3469  3469 I PresenceAPK(ServiceApiManager): onApiNotReady
06-18 18:24:20.198  3469  3469 I PresenceAPK(GroupManager): disconnected
06-18 18:24:20.200  1870  2308 I [SEO] SwapChainApiOpenXr: Destroying SwapChain:0x7b88ce30a0
06-18 18:24:20.204  1095  6094 W InputManager-JNI: Input channel object 'f066257 com.oculus.systemux (client)' was disposed without first being removed with the input manager!
06-18 18:24:20.205  1870  2308 I [SEO] ShellAppBase: ResolveInteractionState: change from None to Rendering
06-18 18:24:20.206  1870  2308 I [SEO] DisplayStatePreservationController: Applied preserved state by adapter: taskBarPositionAdapter
06-18 18:24:20.206  1870  2308 I [SEO] DisplayStatePreservationController: Applied preserved state by adapter: adaptabilityControllerAdapter
06-18 18:24:20.206  1870  2308 I [SEO] VrShellDesktopBase: BackgroundDesktop: Multi-app, reason appSwitch
06-18 18:24:20.206  1870  2308 I [SEO] DesktopFocusManager: Notifying panel with id:50, component:com.oculus.systemux/com.oculus.panelapp.notifications.NotificationsPanelService of isFocused:0
06-18 18:24:20.206  1870  2308 I [SEO] DesktopFocusManager: Focused panel changed from 50 to 0
06-18 18:24:20.206  1870  2308 I [SEO] PanelAppHost: Setting panel layer visibility of layer "controlbar7" to invisible, panel 13 (com.oculus.systemux/com.oculus.panelapp.controlbar.ControlBarPanelService)
06-18 18:24:20.206  1870  2308 I [SEO] PanelAppHost: Resize layer controlbar7 to size 1 x 1 shape: 2 stereo: 0, panel 13 (com.oculus.systemux/com.oculus.panelapp.controlbar.ControlBarPanelService)
06-18 18:24:20.206  1870  2308 I [SEO] PanelRenderLayer: ResetSurface controlbar7 1 x 1 - shape:2 stereo:0
06-18 18:24:20.206  2592  3086 I VrRuntimeService: UpdateAndroidSurfaceSwapChainDimensions: 125: 1x1
06-18 18:24:20.206  3062  3148 I MRSVC   : MIXEDREALITY: GlProgram: OpenGL shader compilation and linking took: 3 ms
06-18 18:24:20.206  1095  6094 I DisplayDeviceRepository: Display device removed: DisplayDeviceInfo{"com.oculus.android_panel_app.AndroidPanelLayer-#main": uniqueId="virtual:com.oculus.systemux,10028,com.oculus.android_panel_app.AndroidPanelLayer-#main,5", 375 x 188, modeId 272, defaultModeId 272, supportedModes [{id=272, width=375, height=188, fps=60.0, alternativeRefreshRates=[]}], colorMode 0, supportedColorModes [0], hdrCapabilities null, allmSupported false, gameContentTypeSupported false, density 200, 200.0 x 200.0 dpi, appVsyncOff 0, presDeadline 16666666, touch NONE, rotation 0, type VIRTUAL, deviceProductInfo null, state ON, owner com.oculus.systemux (uid 10028), frameRateOverride , brightnessMinimum 0.0, brightnessMaximum 0.0, brightnessDefault 0.0, FLAG_PRIVATE, FLAG_NEVER_BLANK, FLAG_OWN_CONTENT_ONLY}
06-18 18:24:20.206  2592  3086 I VrRuntimeService: UpdateSwapChainSamplerState: 125
06-18 18:24:20.206  2592  3086 I VrRuntimeService: UpdateSwapChainSamplerState: minFilter=1 magFilter=1 wrapModeS=3 warpModeT=3 maxAniso=1.000000 border={0.000000,0.000000,0.000000,0.000000} swizzle={0,1,2,3}
06-18 18:24:20.208  1095  6094 I LogicalDisplayMapper: Removing display: 162
06-18 18:24:20.211  1095  1202 I InputDispatcher: Erasing monitor PointerEventDispatcher162 (server) on display 162, pid=1095
06-18 18:24:20.212  1870  2308 I [SEO] ShaderCache: ShaderCache::ShaderCache()
06-18 18:24:20.213  1870  2308 I [SEO] ShaderCache: ShaderCache::compiling PBR shader for featureMask 576
06-18 18:24:20.214  1870  2308 I [SEO] ShaderCache: ShaderCache::ShaderCache()
