06-18 22:53:36.410   624   624 I PAL: ResourceManager: GetConcurrencyInfo: 5024: stream type 1 Tx conc 0, Rx conc 0, concurrency allowed
06-18 22:53:36.410   624   624 I PAL: ResourceManager: GetConcurrencyInfo: 5024: stream type 1 Tx conc 0, Rx conc 0, concurrency allowed
06-18 22:53:36.410   624   624 I PAL: ResourceManager: GetConcurrencyInfo: 5024: stream type 1 Tx conc 0, Rx conc 0, concurrency allowed
06-18 22:53:36.410   624   624 I PAL: ResourceManager: deregisterStream: 3266: stream type 1
06-18 22:53:36.410   624   624 I PAL: ResourceManager: compareSharedBEStreamDevAttr: 7090: switchStreams is 0
06-18 22:53:36.449  2868  3956 I [CT]    : SlamAnchorClientRuntimeIPC: Kicked off bulk re-registration of 3 slam anchors.
06-18 22:53:36.594   852  7696 W Tracking: VEGA:HM:MAP_TRACKING: Validation failed on Submap id = 2, version = 1808939755
06-18 22:53:36.653  1095  1135 W WindowManager: Unable to start animation, surface is null or no children.
06-18 22:53:36.750   647  7694 I libcamerahal: [INSIGHTS][2.01s] recv/ret/req heartbeat: cam0: 90/90/90, cam1: 90/90/90, cam2: 90/90/90, cam3: 90/90/90
06-18 22:53:36.840   632   632 E perfservice: Same callback registered already
06-18 22:53:36.840   857   857 E VrDeviceManagerService: registerThermalCallback failed, status: No error, ret: Same callback registered already
06-18 22:53:36.840   857   857 E VrDeviceManagerService: getCurrentTemperatures: Thermal HAL unavailable!
06-18 22:53:36.841   632   632 E perfservice: Same callback registered already
06-18 22:53:36.841   857  2211 E VrDeviceManagerService: registerThermalCallback failed, status: No error, ret: Same callback registered already
06-18 22:53:36.841   857  2211 E VrDeviceManagerService: getCurrentTemperatures: Thermal HAL unavailable!
06-18 22:53:36.905  9065  9229 D ProfileInstaller: Installing profile for com.oculus.vrshell.desktop
06-18 22:53:36.992   647  1038 E FrameSetCollator: [worldTracking] 31 FrameSets had unexpected timestamps (over 1012.82s). Ex: slot 1 24467697.720ms -> 24467714.386ms (observed period: 16.666ms, expected period: 16.666ms (16.666ms))
06-18 22:53:37.010  8124  8366 I VrApi   : FPS=72/72,Prd=35ms,Tear=0,Early=0,Stale=0,Stale2/5/10/max=0/0/0/0,VSnc=1,Lat=-1,Fov=0,CPU4/GPU=3/2,1920/545MHz,OC=3F,TA=0/0/0,SP=N/N/N,Mem=2736MHz,Free=2506MB,PLS=0,Temp=44.0C/0.0C,TW=2.04ms,App=4.82ms,GD=0.66ms,CPU&GPU=13.04ms,LCnt=10(DR0,LM2),GPU%=0.54,CPU%=0.64(W0.67),DSF=1.00,CFL=11.35/17.63,ICFLp95=16.47,LD=0,SF=1.00,LP=0,DVFS=0
06-18 22:53:37.063  1095  1641 E ThermalManagerService: No threshold found for pcb1-usr
06-18 22:53:37.064  1095  1641 E ThermalManagerService: No threshold found for pcb2-usr
06-18 22:53:37.064  1095  1641 E ThermalManagerService: No threshold found for pcb3-usr
06-18 22:53:37.064  1095  1641 E ThermalManagerService: No threshold found for rf-usr
06-18 22:53:37.064  1095  1641 E ThermalManagerService: No threshold found for cam0-usr
06-18 22:53:37.064  1095  1641 E ThermalManagerService: No threshold found for cam1-usr
06-18 22:53:37.064  1095  1641 E ThermalManagerService: No threshold found for cam2-usr
06-18 22:53:37.064  1095  1641 E ThermalManagerService: No threshold found for cam3-usr
06-18 22:53:37.064  1095  1641 E ThermalManagerService: No threshold found for cam4-usr
06-18 22:53:37.064  1095  1641 E ThermalManagerService: No threshold found for cam5-usr
06-18 22:53:37.064  1095  1641 E ThermalManagerService: No threshold found for disp-virt
06-18 22:53:37.064  1095  1641 E ThermalManagerService: No threshold found for pogo-usr
06-18 22:53:37.088  2868  2941 W [CT]    : Anchor:SlamAnchorMemoryOSSDKClient: [Throttled count=526] Skipping invalid anchorHandle when attempting to cache AnchorStates
06-18 22:53:37.125   852  7696 W Tracking: VEGA:HM:MAP_TRACKING: Validation failed on Submap id = 2, version = 1808939755
06-18 22:53:37.199  2868  2941 I [CT]    : SP:AF:AnchorFramework: calculateRigidScenePose: Located 19 / 19 anchors for calculating rigid scene pose
06-18 22:53:37.199  2868  2941 I [CT]    : SP:AF:AnchorAccuracy: New Rigid Scene calculated using 19 anchors attached to 1 IAs. 2.0137328150012763 seconds since last update
06-18 22:53:37.200  2868  2941 I [CT]    : SP:AF:AnchorAccuracy: New scene origin pose: -0.33175215125083923 -0.9697737693786621 0.8826016783714294 : 0.5090996026992798 -0.509099543094635 -0.490731805562973 -0.49073174595832825
06-18 22:53:37.200  2868  2941 I [CT]    : SP:AF:AnchorAccuracy: New scene origin pose moved: 0.00017243380716536194 translation 6.80685043334961e-05 rotation
06-18 22:53:37.246  2592  3020 I PerformanceManager_ZSF: perfmgr: SetClockLevels: Apply pending clock request change: 3,2 -> 2,2
06-18 22:53:37.246  2592  3020 I Clocks  : ApplySystemModes( cpu=2, gpu=2 ) - start
06-18 22:53:37.246  2592  3020 I Clocks  : CPU levels [0, 8]
06-18 22:53:37.246  2592  3020 I Clocks  : GPU levels [0, 7]
06-18 22:53:37.246  2592  3020 I ClocksChange: Changing SystemModes to: [VR_MODE_CPU_2,VR_MODE_GPU_2,VR_MODE_BOOSTED,SUSTAINED_PERFORMANCE_VR_MODE]
06-18 22:53:37.247  2592  3020 I Clocks  : ApplySystemModes( cpu=2, gpu=2 ) - end (0.1 ms)
06-18 22:53:37.366  1095  1641 I MediaFocusControl: abandonAudioFocus() from uid/pid 10028/3469 clientId=android.media.AudioManager@b136ab2
06-18 22:53:37.449  2868  3956 I [CT]    : SlamAnchorClientRuntimeIPC: Kicked off bulk re-registration of 3 slam anchors.
06-18 22:53:37.505  9107  9107 E com.whatsapp: Invalid ID 0x00000000.
06-18 22:53:37.506  9107  9107 E com.whatsapp: Invalid ID 0x00000000.
06-18 22:53:37.510  9107  9107 E com.whatsapp: Invalid ID 0x00000000.
06-18 22:53:37.510  9107  9107 E com.whatsapp: Invalid ID 0x00000000.
06-18 22:53:37.510  2592  3020 I PerformanceManager_ZSF: perfmgr: SetClockLevels: Apply pending clock request change: 2,2 -> 3,2
06-18 22:53:37.511  2592  3020 I Clocks  : ApplySystemModes( cpu=3, gpu=2 ) - start
06-18 22:53:37.511  2592  3020 I Clocks  : CPU levels [0, 8]
06-18 22:53:37.511  2592  3020 I Clocks  : GPU levels [0, 7]
06-18 22:53:37.511  2592  3020 I ClocksChange: Changing SystemModes to: [VR_MODE_CPU_3,VR_MODE_GPU_2,VR_MODE_BOOSTED,SUSTAINED_PERFORMANCE_VR_MODE]
06-18 22:53:37.511  2592  3020 I Clocks  : ApplySystemModes( cpu=3, gpu=2 ) - end (0.1 ms)
06-18 22:53:37.511  9107  9107 E com.whatsapp: Invalid ID 0x00000000.
06-18 22:53:37.511  9107  9107 E com.whatsapp: Invalid ID 0x00000000.
06-18 22:53:37.512  9107  9107 E com.whatsapp: Invalid ID 0x00000000.
06-18 22:53:37.512  2592  2607 W System  : A resource failed to call release. 
06-18 22:53:37.522     0     0 D wlan    : [0:IH:DP] dp_fisa_fse_cache_flush_timer: FSE cache flush for 1 flows
06-18 22:53:37.522     0     0 D wlan    : [0:IH:DP] dp_htt_rx_flow_fse_operation: HTT_H2T RX_FSE_OPERATION_CFG sent to FW for pdev = 0
06-18 22:53:37.513  9107  9107 E com.whatsapp: Invalid ID 0x00000000.
06-18 22:53:37.544  1095  4488 W InputManager-JNI: Input channel object 'dd6505 com.oculus.systemux (client)' was disposed without first being removed with the input manager!
06-18 22:53:37.549  1095  4488 I DisplayDeviceRepository: Display device removed: DisplayDeviceInfo{"com.oculus.android_panel_app.AndroidPanelLayer-toast": uniqueId="virtual:com.oculus.systemux,10028,com.oculus.android_panel_app.AndroidPanelLayer-toast,0", 460 x 99, modeId 570, defaultModeId 570, supportedModes [{id=570, width=460, height=99, fps=60.0, alternativeRefreshRates=[]}], colorMode 0, supportedColorModes [0], hdrCapabilities null, allmSupported false, gameContentTypeSupported false, density 200, 200.0 x 200.0 dpi, appVsyncOff 0, presDeadline 16666666, touch NONE, rotation 0, type VIRTUAL, deviceProductInfo null, state ON, owner com.oculus.systemux (uid 10028), frameRateOverride , brightnessMinimum 0.0, brightnessMaximum 0.0, brightnessDefault 0.0, FLAG_PRIVATE, FLAG_NEVER_BLANK, FLAG_OWN_CONTENT_ONLY}
06-18 22:53:37.550  1095  4488 I LogicalDisplayMapper: Removing display: 317
06-18 22:53:37.553  3469  3469 I AndroidPanelApp: HideLayer(toast, shape: 1, shouldMinimizeLayer: true)
06-18 22:53:37.553  3469  3469 I AndroidPanelApp: Processing pending hide layer for layer toast.
06-18 22:53:37.554  1095  1202 I InputDispatcher: Erasing monitor PointerEventDispatcher317 (server) on display 317, pid=1095
06-18 22:53:37.561  1870  2308 I [SEO] PanelAppHost: Setting panel layer visibility of layer "toast" to invisible, panel 5 (com.oculus.systemux/com.oculus.panelapp.anytimeui.AnytimeUIPanelService)
06-18 22:53:37.562  1870  2308 I [SEO] PanelAppHost: Resize layer toast to size 1 x 1 shape: 1 stereo: 0, panel 5 (com.oculus.systemux/com.oculus.panelapp.anytimeui.AnytimeUIPanelService)
06-18 22:53:37.562  1870  2308 I [SEO] PanelRenderLayer: ResetSurface toast 1 x 1 - shape:1 stereo:0
06-18 22:53:37.562  2592  3086 I VrRuntimeService: UpdateSwapChainSamplerState: 1106
06-18 22:53:37.562  2592  3086 I VrRuntimeService: UpdateSwapChainSamplerState: minFilter=5 magFilter=1 wrapModeS=3 warpModeT=3 maxAniso=1.000000 border={0.000000,0.000000,0.000000,0.000000} swizzle={0,1,2,3}
06-18 22:53:37.575  1870  2308 I [SEO] LayerSwapChainResource: LayerSwapChainResource width(1), height(1), swap chain length(3), mips(1)
06-18 22:53:37.581  2592  3086 I VrRuntimeService: CreateSwapChain: 343409136
06-18 22:53:37.581  2592  3086 I VrRuntimeService: CreateSwapChain: api:gles 0 0x8c43 1 1 1 3 1 0 3
06-18 22:53:37.590  2592  3086 I VrRuntimeServer: CreateTextureSwapChain: result importswapchaingles 1
06-18 22:53:37.590  9107  9173 W GooglePlayServicesUtil: com.whatsapp requires the Google Play Store, but it is missing.
06-18 22:53:37.593  1870  2308 I [SEO] SwapChainApiOpenXr: Swapchain created: 1,1 - 3
06-18 22:53:37.593  1870  2308 I VrRuntimeClient: SetTextureSwapChainSamplerState: No change in sampler state.
06-18 22:53:37.595  1870  2308 I [SEO] SwapChainApiOpenXr: Destroying SwapChain:0x7b84616a00
06-18 22:53:37.598  2592  3086 I VrRuntimeService: DestroySwapChain: swapchain=1106
06-18 22:53:37.614  2592  7720 I ScreenCaptureBase: GlobalInhibitState changed to 0
06-18 22:53:37.614  2592  7720 I ClientSurface: ClientSurface.setSecure: vr_compositor secure=0
06-18 22:53:37.657  9107  9146 W com.whatsapp: Accessing hidden method Lcom/android/org/conscrypt/OpenSSLSocketImpl;->setUseSessionTickets(Z)V (max-target-q,core-platform-api, reflection, denied)
06-18 22:53:37.658  9107  9146 W com.whatsapp: Accessing hidden method Lcom/android/org/conscrypt/AbstractConscryptSocket;->setUseSessionTickets(Z)V (max-target-q, reflection, denied)
06-18 22:53:37.670  9107  9248 D CompatibilityChangeReporter: Compat change id reported: 149924527; UID 10102; state: ENABLED
06-18 22:53:37.670  9107  9248 D CompatibilityChangeReporter: Compat change id reported: 132649864; UID 10102; state: DISABLED
06-18 22:53:37.735  2592  7720 I CompositorUtil: TryDelete moving to delete now list chain id=1106 ptr=0x7b8ab82800, client id=2
06-18 22:53:37.735  2592  7720 I CompositorUtil: TryDelete: Deleting 1 swapchains
06-18 22:53:37.735  2592  7720 I CompositorUtil: SwapChainDeferDeletion: destroying texture swap chain id=1106 ptr=0x7b8ab82800, client id=2
06-18 22:53:37.735  2592  7720 I SwapChain: DestroyTextureSwapChain: chain id=1106, ptr=0x7b8ab82800
06-18 22:53:37.803  9107  9253 W System  : Ignoring header X-FB-Request-Analytics-Tags because its value was null.
06-18 22:53:37.841   632   699 E perfservice: Same callback registered already
06-18 22:53:37.842   857  2211 E VrDeviceManagerService: registerThermalCallback failed, status: No error, ret: Same callback registered already
06-18 22:53:37.842   857  2211 E VrDeviceManagerService: getCurrentTemperatures: Thermal HAL unavailable!
06-18 22:53:37.843   632   699 E perfservice: Same callback registered already
06-18 22:53:37.843   857  2212 E VrDeviceManagerService: registerThermalCallback failed, status: No error, ret: Same callback registered already
06-18 22:53:37.843   857  2212 E VrDeviceManagerService: getCurrentTemperatures: Thermal HAL unavailable!
06-18 22:53:37.907  1095  4488 D BluetoothManagerService: Creating new ProfileServiceConnections object for profile: 1
06-18 22:53:37.908  1095  4488 E BluetoothManagerService: Fail to bind to: Intent { act=android.bluetooth.IBluetoothHeadset }
06-18 22:53:37.908  1095  4488 W BluetoothManagerService: Unable to bind with intent: Intent { act=android.bluetooth.IBluetoothHeadset }
06-18 22:53:37.957   667  1183 D EpsServiceImpl: startStream: stream_handle=14
06-18 22:53:37.957   667  1183 D EpsAudioSinkFast: start
06-18 22:53:37.964   667  1183 I EpsEngine: updateAudioSinkState: Started audio sink
06-18 22:53:37.965   667  9270 D EpsAudioThread: [eps_sink_2] run: setting thread priority to 52. pid=667 tid=9270
06-18 22:53:37.966   667  9270 D EpsAudioThread: setThreadPriority: pid=667 tid=9270 priority=52
06-18 22:53:37.994   667  9270 I EpsAudioSinkFast: setState: Transitioned from STARTING to READY after 27532 us
06-18 22:53:38.010  8124  8366 I VrApi   : FPS=72/72,Prd=34ms,Tear=0,Early=0,Stale=0,Stale2/5/10/max=0/0/0/0,VSnc=1,Lat=-1,Fov=0,CPU4/GPU=2/2,1920/545MHz,OC=3F,TA=0/0/0,SP=N/N/N,Mem=2736MHz,Free=2506MB,PLS=0,Temp=44.0C/0.0C,TW=2.08ms,App=4.70ms,GD=0.66ms,CPU&GPU=13.45ms,LCnt=10(DR0,LM2),GPU%=0.56,CPU%=0.68(W0.71),DSF=1.00,CFL=10.70/15.72,ICFLp95=14.44,LD=0,SF=1.00,LP=0,DVFS=0
06-18 22:53:38.022  2592  3020 I PerformanceManager_ZSF: perfmgr: SetClockLevels: Apply pending clock request change: 3,2 -> 4,2
06-18 22:53:38.022  2592  3020 I Clocks  : ApplySystemModes( cpu=4, gpu=2 ) - start
06-18 22:53:38.022  2592  3020 I Clocks  : CPU levels [0, 8]
06-18 22:53:38.022  2592  3020 I Clocks  : GPU levels [0, 7]
06-18 22:53:38.023  2592  3020 I ClocksChange: Changing SystemModes to: [VR_MODE_CPU_4,VR_MODE_GPU_2,VR_MODE_BOOSTED,SUSTAINED_PERFORMANCE_VR_MODE]
06-18 22:53:38.023  2592  3020 I Clocks  : ApplySystemModes( cpu=4, gpu=2 ) - end (0.1 ms)
06-18 22:53:38.045   647  1038 E FrameSetCollator: [worldTracking] 31 FrameSets had unexpected timestamps (over 1053.30s). Ex: slot 0 24468731.012ms -> 24468764.344ms (observed period: 33.332ms, expected period: 16.666ms (16.666ms))
06-18 22:53:38.053   852  5890 I Tracking: boltlib: DSP utilization: 6.47 % (327 / 5059 ms)
06-18 22:53:38.070  1095  6095 E ThermalManagerService: No threshold found for pcb1-usr
06-18 22:53:38.070  1095  6095 E ThermalManagerService: No threshold found for pcb2-usr
06-18 22:53:38.070  1095  6095 E ThermalManagerService: No threshold found for pcb3-usr
06-18 22:53:38.071  1095  6095 E ThermalManagerService: No threshold found for rf-usr
06-18 22:53:38.071  1095  6095 E ThermalManagerService: No threshold found for cam0-usr
06-18 22:53:38.071  1095  6095 E ThermalManagerService: No threshold found for cam1-usr
06-18 22:53:38.071  1095  6095 E ThermalManagerService: No threshold found for cam2-usr
06-18 22:53:38.071  1095  6095 E ThermalManagerService: No threshold found for cam3-usr
06-18 22:53:38.071  1095  6095 E ThermalManagerService: No threshold found for cam4-usr
06-18 22:53:38.071  1095  6095 E ThermalManagerService: No threshold found for cam5-usr
06-18 22:53:38.071  1095  6095 E ThermalManagerService: No threshold found for disp-virt
06-18 22:53:38.071  1095  6095 E ThermalManagerService: No threshold found for pogo-usr
06-18 22:53:38.103  9107  9107 I AppCompatViewInflater: app:theme is now deprecated. Please move to using android:theme instead.
06-18 22:53:38.109   667   930 D AF::TrackHandle: OpPlayAudio: track:148 uid:1000 pkg:android usage:13 not muted
06-18 22:53:38.111  1095  1232 D AudioTrack: createTrack_l(6): AUDIO_OUTPUT_FLAG_FAST denied by server; frameCount 0 -> 4146
06-18 22:53:38.116   667  1183 D EpsServiceImpl: stopStream: stream_handle=14
06-18 22:53:38.116   667  1183 D EpsClientStream: stop called with 5568 samples released.
06-18 22:53:38.117   667  1183 I EpsAudioSinkFast: stop:
06-18 22:53:38.117   667  1183 D AudioTrack: stop(33): called with 7104 frames delivered
06-18 22:53:38.117   667  9270 I EpsAudioSinkFast: Audio thread exited
06-18 22:53:38.118   667  1183 I EpsEngine: updateAudioSinkState: Stopped audio sink
06-18 22:53:38.128  2868  2941 W [CT]    : Anchor:SlamAnchorMemoryOSSDKClient: [Throttled count=526] Skipping invalid anchorHandle when attempting to cache AnchorStates
06-18 22:53:38.142  5866  5866 D wlan    : [5866:IH:DP] bbm_request_bus_bandwidth: Bus bandwidth vote level change from 1 to 2 pld_vote: 2
06-18 22:53:38.142  5866  5866 D wlan    : [5866:IH:DP] dp_pld_request_bus_bandwidth: tx:66[0(off)+66(no-off)] rx:132[132(off)+0(no-off)] next_level(vote 2 rx 1 tx 1 rtpm 0) pm_qos(rx:0,00 tx:0,00 on_low_tput:1)
06-18 22:53:38.142  5866  5866 D wlan    : [5866:IH:HIF] hif_rtpm_display_last_busy_hist: RTPM last busy ts:1755976387247 client:HIF_RTPM_DP from:dp_service_srngs [wlan]
06-18 22:53:38.142  5866  5866 D wlan    : [5866:IH:HIF] hif_rtpm_display_last_busy_hist: RTPM client:HIF_RTPM_DP busy_ts:1755976380616 get_ts:1755976387108 put_ts:1755976387247 get_cnt:33422 put_cnt:33422
06-18 22:53:38.143  5866  5866 D wlan    : [5866:IH:HIF] hif_rtpm_display_last_busy_hist: RTPM client:HIF_RTPM_CE busy_ts:1755976296082 get_ts:0 put_ts:0 get_cnt:0 put_cnt:0
06-18 22:53:38.143  5866  5866 D wlan    : [5866:IH:HIF] hif_rtpm_display_last_busy_hist: RTPM CE-1 last busy_cnt:4 cur_idx:4 ts1:1705169666474 ts2:0 ts3:0 ts4:0
06-18 22:53:38.143  5866  5866 D wlan    : [5866:IH:HIF] hif_rtpm_display_last_busy_hist: RTPM CE-2 last busy_cnt:54471 cur_idx:54471 ts1:1755976296080 ts2:1755976271781 ts3:1755976276776 ts4:1755976286508
06-18 22:53:38.143  5866  5866 D wlan    : [5866:IH:HIF] hif_rtpm_display_last_busy_hist: RTPM CE-7 last busy_cnt:0 cur_idx:0 ts1:0 ts2:0 ts3:0 ts4:0
06-18 22:53:38.143  5866  5866 D wlan    : [5866:IH:DP] wlan_dp_display_txrx_stats: dp_intf: 0
06-18 22:53:38.143  5866  5866 D wlan    : [5866:IH:DP] wlan_dp_display_txrx_stats: Tx CPU[0]: called 37585, dropped 0, orphaned 21766
06-18 22:53:38.143  5866  5866 D wlan    : [5866:IH:DP] wlan_dp_display_txrx_stats: Tx CPU[1]: called 38845, dropped 0, orphaned 22598
06-18 22:53:38.143  5866  5866 D wlan    : [5866:IH:DP] wlan_dp_display_txrx_stats: Tx CPU[2]: called 6080, dropped 0, orphaned 4867
06-18 22:53:38.143  5866  5866 D wlan    : [5866:IH:DP] wlan_dp_display_txrx_stats: Tx CPU[3]: called 2799, dropped 0, orphaned 1956
06-18 22:53:38.143  5866  5866 D wlan    : [5866:IH:DP] wlan_dp_display_txrx_stats: Tx CPU[4]: called 2665, dropped 0, orphaned 1802
06-18 22:53:38.143  5866  5866 D wlan    : [5866:IH:DP] wlan_dp_display_txrx_stats: Tx CPU[5]: called 3154, dropped 0, orphaned 2078
06-18 22:53:38.143  5866  5866 D wlan    : [5866:IH:DP] wlan_dp_display_txrx_stats: TX - called 91128, dropped 0 orphan 55067
06-18 22:53:38.143  5866  5866 D wlan    : [5866:IH:DP] wlan_dp_display_txrx_stats: Rx CPU[0]: packets 44679, dropped 0, delivered 44618, refused 0
06-18 22:53:38.143  5866  5866 D wlan    : [5866:IH:DP] wlan_dp_display_txrx_stats: Rx CPU[1]: packets 45885, dropped 0, delivered 45835, refused 0
06-18 22:53:38.143  5866  5866 D wlan    : [5866:IH:DP] wlan_dp_display_txrx_stats: Rx CPU[2]: packets 1272, dropped 0, delivered 1270, refused 0
06-18 22:53:38.143  5866  5866 D wlan    : [5866:IH:DP] wlan_dp_display_txrx_stats: Rx CPU[3]: packets 1227, dropped 0, delivered 1227, refused 0
06-18 22:53:38.143  5866  5866 D wlan    : [5866:IH:DP] wlan_dp_display_txrx_stats: Rx CPU[4]: packets 1080, dropped 0, delivered 1079, refused 0
06-18 22:53:38.143  5866  5866 D wlan    : [5866:IH:DP] wlan_dp_display_txrx_stats: Rx CPU[5]: packets 1591, dropped 0, delivered 1591, refused 0
06-18 22:53:38.143  5866  5866 D wlan    : [5866:IH:DP] wlan_dp_display_txrx_stats: RX - packets 95734, dropped 0, unsol_arp_mcast_drp 112, delivered 95620, refused 0 GRO - agg 91339 drop 0 non-agg 4263 flush_skip 0 low_tput_flush 0 disabled(conc 0 low-tput 1)
06-18 22:53:38.143  5866  5866 D wlan    : [5866:IH:DP] dp_rx_tm_thread_dump_stats: thread:0 - qlen:0 queued:(total:6976 reo[0]:6976 ) dequeued:6976 stack:6976 gro_flushes: 3058 gro_flushes_by_vdev_del: 1 rx_flushes: 0 max_len:31 invalid(peer:0 vdev:0 rx-handle:0 others:0 enq fail:0)
06-18 22:53:38.143  5866  5866 D wlan    : [5866:IH:DP] dp_rx_tm_thread_dump_stats: thread:1 - qlen:0 queued:(total:5711 reo[1]:5711 ) dequeued:5711 stack:5711 gro_flushes: 2512 gro_flushes_by_vdev_del: 1 rx_flushes: 0 max_len:36 invalid(peer:0 vdev:0 rx-handle:0 others:0 enq fail:0)
06-18 22:53:38.143  5866  5866 D wlan    : [5866:IH:DP] dp_rx_tm_thread_dump_stats: thread:2 - qlen:0 queued:(total:6724 reo[2]:6724 ) dequeued:6724 stack:6724 gro_flushes: 2749 gro_flushes_by_vdev_del: 1 rx_flushes: 0 max_len:33 invalid(peer:0 vdev:0 rx-handle:0 others:0 enq fail:0)
06-18 22:53:38.143  5866  5866 D wlan    : [5866:IH:DP] dp_rx_tm_thread_dump_stats: thread:3 - qlen:0 queued:(total:6501 reo[3]:6501 ) dequeued:6501 stack:6501 gro_flushes: 2850 gro_flushes_by_vdev_del: 1 rx_flushes: 0 max_len:33 invalid(peer:0 vdev:0 rx-handle:0 others:0 enq fail:0)
06-18 22:53:38.143  5866  5866 D wlan    : [5866:IH:DP] Reo packets per ring:
06-18 22:53:38.143  5866  5866 D wlan    : [5866:IH:DP] Packets on ring 0:
06-18 22:53:38.143  5866  5866 D wlan    : [5866:IH:DP] Packets arriving on core 0: 302
06-18 22:53:38.143  5866  5866 D wlan    : [5866:IH:DP] Packets arriving on core 1: 296
06-18 22:53:38.143  5866  5866 D wlan    : [5866:IH:DP] Packets arriving on core 2: 3877
06-18 22:53:38.143  5866  5866 D wlan    : [5866:IH:DP] Packets arriving on core 3: 1752
06-18 22:53:38.143  5866  5866 D wlan    : [5866:IH:DP] Packets arriving on core 4: 749
06-18 22:53:38.143  5866  5866 D wlan    : [5866:IH:DP] Total packets on ring 0: 6976
06-18 22:53:38.143  5866  5866 D wlan    : [5866:IH:DP] Packets on ring 1:
06-18 22:53:38.143  5866  5866 D wlan    : [5866:IH:DP] Packets arriving on core 1: 1428
06-18 22:53:38.143  5866  5866 D wlan    : [5866:IH:DP] Packets arriving on core 2: 2760
06-18 22:53:38.143  5866  5866 D wlan    : [5866:IH:DP] Packets arriving on core 3: 271
06-18 22:53:38.143  5866  5866 D wlan    : [5866:IH:DP] Packets arriving on core 4: 1252
06-18 22:53:38.143  5866  5866 D wlan    : [5866:IH:DP] Total packets on ring 1: 5711
06-18 22:53:38.143  5866  5866 D wlan    : [5866:IH:DP] Packets on ring 2:
06-18 22:53:38.143  5866  5866 D wlan    : [5866:IH:DP] Packets arriving on core 1: 416
06-18 22:53:38.143  5866  5866 D wlan    : [5866:IH:DP] Packets arriving on core 2: 3855
06-18 22:53:38.143  5866  5866 D wlan    : [5866:IH:DP] Packets arriving on core 3: 720
06-18 22:53:38.143  5866  5866 D wlan    : [5866:IH:DP] Packets arriving on core 4: 1733
06-18 22:53:38.143  5866  5866 D wlan    : [5866:IH:DP] Total packets on ring 2: 6724
06-18 22:53:38.143  5866  5866 D wlan    : [5866:IH:DP] Packets on ring 3:
06-18 22:53:38.143  5866  5866 D wlan    : [5866:IH:DP] Packets arriving on core 1: 236
06-18 22:53:38.143  5866  5866 D wlan    : [5866:IH:DP] Packets arriving on core 2: 3582
06-18 22:53:38.143  5866  5866 D wlan    : [5866:IH:DP] Packets arriving on core 3: 949
06-18 22:53:38.143  5866  5866 D wlan    : [5866:IH:DP] Packets arriving on core 4: 1734
06-18 22:53:38.143  5866  5866 D wlan    : [5866:IH:DP] Total packets on ring 3: 6501
06-18 22:53:38.143  5866  5866 D wlan    : [5866:IH:DP] Packets on ring 4:
06-18 22:53:38.143  5866  5866 D wlan    : [5866:IH:DP] Total packets on ring 4: 0
06-18 22:53:38.143  5866  5866 D wlan    : [5866:IH:DP] Packets on ring 5:
06-18 22:53:38.143  5866  5866 D wlan    : [5866:IH:DP] Total packets on ring 5: 0
06-18 22:53:38.143  5866  5866 D wlan    : [5866:IH:DP] Packets on ring 6:
06-18 22:53:38.143  5866  5866 D wlan    : [5866:IH:DP] Total packets on ring 6: 0
06-18 22:53:38.143  5866  5866 D wlan    : [5866:IH:DP] Packets on ring 7:
06-18 22:53:38.143  5866  5866 D wlan    : [5866:IH:DP] Total packets on ring 7: 0
06-18 22:53:38.143  5866  5866 D wlan    : [5866:IH:HIF] NAPI[#]CPU[#] |scheds |polls  |comps  |dones  |t-lim  |max(us)|hist(500us buckets)
06-18 22:53:38.143  5866  5866 D wlan    : [5866:IH:HIF] NAPI[0]CPU[1]:     502     502     502    1172       0     205 502|0|0|0|
06-18 22:53:38.143  5866  5866 D wlan    : [5866:IH:HIF] NAPI[0]CPU[2]:    4256    4256    4256    9330       0     421 4256|0|0|0|
06-18 22:53:38.143  5866  5866 D wlan    : [5866:IH:HIF] NAPI[0]CPU[3]:     782     782     782    1748       0     138 782|0|0|0|
06-18 22:53:38.143  5866  5866 D wlan    : [5866:IH:HIF] NAPI[0]CPU[4]:    1996    1996    1996    3961       0     231 1996|0|0|0|
06-18 22:53:38.143  5866  5866 D wlan    : [5866:IH:HIF] NAPI[1]CPU[0]:     150     150     150     302       0     381 150|0|0|0|
06-18 22:53:38.143  5866  5866 D wlan    : [5866:IH:HIF] NAPI[1]CPU[1]:     120     120     120     296       0     526 119|1|0|0|
06-18 22:53:38.143  5866  5866 D wlan    : [5866:IH:HIF] NAPI[1]CPU[2]:    1851    1851    1851    3877       0     336 1851|0|0|0|
06-18 22:53:38.143  5866  5866 D wlan    : [5866:IH:HIF] NAPI[1]CPU[3]:     846     846     846    1752       0     366 846|0|0|0|
06-18 22:53:38.143  5866  5866 D wlan    : [5866:IH:HIF] NAPI[1]CPU[4]:     378     378     378     749       0     258 378|0|0|0|
06-18 22:53:38.143  5866  5866 D wlan    : [5866:IH:HIF] NAPI[2]CPU[1]:     744     744     744    1428       0     377 744|0|0|0|
06-18 22:53:38.143  5866  5866 D wlan    : [5866:IH:HIF] NAPI[2]CPU[2]:    1333    1333    1333    2760       0     310 1333|0|0|0|
06-18 22:53:38.143  5866  5866 D wlan    : [5866:IH:HIF] NAPI[2]CPU[3]:     122     122     122     271       0     298 122|0|0|0|
06-18 22:53:38.143  5866  5866 D wlan    : [5866:IH:HIF] NAPI[2]CPU[4]:     619     619     619    1252       0     516 618|1|0|0|
06-18 22:53:38.143  5866  5866 D wlan    : [5866:IH:HIF] NAPI[3]CPU[1]:     318     318     318     652       0     427 318|0|0|0|
06-18 22:53:38.143  5866  5866 D wlan    : [5866:IH:HIF] NAPI[3]CPU[2]:    3293    3293    3293    7437       0     461 3293|0|0|0|
06-18 22:53:38.143  5866  5866 D wlan    : [5866:IH:HIF] NAPI[3]CPU[3]:     678     678     678    1669       0     208 678|0|0|0|
06-18 22:53:38.143  5866  5866 D wlan    : [5866:IH:HIF] NAPI[3]CPU[4]:    1814    1814    1814    3467       0     348 1814|0|0|0|
06-18 22:53:38.143  5866  5866 D wlan    : [5866:IH:HIF] NAPI[4]CPU[1]:    1447    1447    1447    3695       0     362 1447|0|0|0|
06-18 22:53:38.143  5866  5866 D wlan    : [5866:IH:HIF] NAPI[4]CPU[2]:    2730    2730    2730    5993       0     473 2730|0|0|0|
06-18 22:53:38.143  5866  5866 D wlan    : [5866:IH:HIF] NAPI[4]CPU[3]:    1075    1075    1075    3134       0     221 1075|0|0|0|
06-18 22:53:38.143  5866  5866 D wlan    : [5866:IH:HIF] NAPI[4]CPU[4]:    2418    2418    2418    5575       0     223 2418|0|0|0|
06-18 22:53:38.143  5866  5866 D wlan    : [5866:IH:HIF] NAPI[6]CPU[0]:     257     257     257      47       0     218 257|0|0|0|
06-18 22:53:38.143  5866  5866 D wlan    : [5866:IH:HIF] NAPI[6]CPU[4]:     135     135     135      49       0     281 135|0|0|0|
06-18 22:53:38.143  5866  5866 D wlan    : [5866:IH:DP] Tx path Statistics:
06-18 22:53:38.143  5866  5866 D wlan    : [5866:IH:DP] from stack: 18657 msdus (13827338 bytes)
06-18 22:53:38.143  5866  5866 D wlan    : [5866:IH:DP] processed from host: 18658 msdus (1313028 bytes)
06-18 22:53:38.143  5866  5866 D wlan    : [5866:IH:DP] successfully transmitted: 18659 msdus (14110572 bytes)
06-18 22:53:38.143  5866  5866 D wlan    : [5866:IH:DP] Enqueue to SW2TCL1: 7861
06-18 22:53:38.143  5866  5866 D wlan    : [5866:IH:DP] TX completions reaped from ring 0: 16211
06-18 22:53:38.143  5866  5866 D wlan    : [5866:IH:DP] Enqueue to SW2TCL2: 8350
06-18 22:53:38.143  5866  5866 D wlan    : [5866:IH:DP] TX completions reaped from ring 1: 0
06-18 22:53:38.143  5866  5866 D wlan    : [5866:IH:DP] Enqueue to SW2TCL3: 18397
06-18 22:53:38.143  5866  5866 D wlan    : [5866:IH:DP] TX completions reaped from ring 2: 18397
06-18 22:53:38.143  5866  5866 D wlan    : [5866:IH:DP] Invalid release source: 0
06-18 22:53:38.143  5866  5866 D wlan    : [5866:IH:DP] Invalid TX desc from completion ring: 0
06-18 22:53:38.143  5866  5866 D wlan    : [5866:IH:DP] Dropped in host:
06-18 22:53:38.143  5866  5866 D wlan    : [5866:IH:DP] Total packets dropped: 0,
06-18 22:53:38.143  5866  5866 D wlan    : [5866:IH:DP] Descriptor not available: 0
06-18 22:53:38.143  5866  5866 D wlan    : [5866:IH:DP] Ring full: 0
06-18 22:53:38.143  5866  5866 D wlan    : [5866:IH:DP] Enqueue fail: 0
06-18 22:53:38.143  5866  5866 D wlan    : [5866:IH:DP] Pkt dropped in vdev-id check: 0
06-18 22:53:38.143  5866  5866 D wlan    : [5866:IH:DP] DMA Error: 0
06-18 22:53:38.143  5866  5866 D wlan    : [5866:IH:DP] Drop Ingress: 0
06-18 22:53:38.143  5866  5866 D wlan    : [5866:IH:DP] Dropped in hardware:
06-18 22:53:38.143  5866  5866 D wlan    : [5866:IH:DP] total packets dropped: 1
06-18 22:53:38.143  5866  5866 D wlan    : [5866:IH:DP] mpdu age out: 0
06-18 22:53:38.143  5866  5866 D wlan    : [5866:IH:DP] firmware removed packets: 0 (0 bytes)
06-18 22:53:38.143  5866  5866 D wlan    : [5866:IH:DP] firmware removed tx: 1
06-18 22:53:38.143  5866  5866 D wlan    : [5866:IH:DP] firmware removed notx 0
06-18 22:53:38.143  5866  5866 D wlan    : [5866:IH:DP] Invalid peer on tx path: 0
06-18 22:53:38.143  5866  5866 D wlan    : [5866:IH:DP] Tx desc freed in non-completion path: 0
06-18 22:53:38.143  5866  5866 D wlan    : [5866:IH:DP] Tx desc force freed: 0
06-18 22:53:38.143  5866  5866 D wlan    : [5866:IH:DP] Tx packets sent per interrupt:
06-18 22:53:38.143  5866  5866 D wlan    : [5866:IH:DP] Single Packet: 7459
06-18 22:53:38.143  5866  5866 D wlan    : [5866:IH:DP] 2-20 Packets:  5226
06-18 22:53:38.143  5866  5866 D wlan    : [5866:IH:DP] 21-40 Packets: 202
06-18 22:53:38.143  5866  5866 D wlan    : [5866:IH:DP] 41-60 Packets: 4
06-18 22:53:38.143  5866  5866 D wlan    : [5866:IH:DP] 61-80 Packets: 1
06-18 22:53:38.143  5866  5866 D wlan    : [5866:IH:DP] 81-100 Packets: 0
06-18 22:53:38.143  5866  5866 D wlan    : [5866:IH:DP] 101-200 Packets: 0
06-18 22:53:38.143  5866  5866 D wlan    : [5866:IH:DP]     201+ Packets: 0
06-18 22:53:38.143  5866  5866 D wlan    : [5866:IH:DP] Rx path statistics
06-18 22:53:38.143  5866  5866 D wlan    : [5866:IH:DP] delivered 13997 msdus ( 3808898 bytes),
06-18 22:53:38.143  5866  5866 D wlan    : [5866:IH:DP] received on reo[0] 3516 msdus( 1593022 bytes),
06-18 22:53:38.143  5866  5866 D wlan    : [5866:IH:DP] received on reo[1] 3088 msdus( 638341 bytes),
06-18 22:53:38.143  5866  5866 D wlan    : [5866:IH:DP] received on reo[2] 3579 msdus( 730998 bytes),
06-18 22:53:38.143  5866  5866 D wlan    : [5866:IH:DP] received on reo[3] 3817 msdus( 848689 bytes),
06-18 22:53:38.143  5866  5866 D wlan    : [5866:IH:DP] received on lmac[0] 0 msdus (0 bytes),
06-18 22:53:38.143  5866  5866 D wlan    : [5866:IH:DP] received on lmac[1] 0 msdus (0 bytes),
06-18 22:53:38.143  5866  5866 D wlan    : [5866:IH:DP] intra-bss packets 0 msdus ( 0 bytes),
06-18 22:53:38.143  5866  5866 D wlan    : [5866:IH:DP] intra-bss fails 0 msdus ( 0 bytes),
06-18 22:53:38.143  5866  5866 D wlan    : [5866:IH:DP] intra-bss no mdns fwds 0 msdus
06-18 22:53:38.143  5866  5866 D wlan    : [5866:IH:DP] intra-bss EAPOL drops: 0
06-18 22:53:38.143  9107  9107 I AppCompatViewInflater: app:theme is now deprecated. Please move to using android:theme instead.
06-18 22:53:38.143  5866  5866 D wlan    : [5866:IH:DP] raw packets 0 msdus ( 0 bytes),
06-18 22:53:38.143  5866  5866 D wlan    : [5866:IH:DP] mic errors 1881
06-18 22:53:38.143  5866  5866 D wlan    : [5866:IH:DP] Invalid peer on rx path: 0
06-18 22:53:38.143  5866  5866 D wlan    : [5866:IH:DP] sw_peer_id invalid 0
06-18 22:53:38.143  5866  5866 D wlan    : [5866:IH:DP] packet_len invalid 0
06-18 22:53:38.143  5866  5866 D wlan    : [5866:IH:DP] sa or da idx invalid 0
06-18 22:53:38.143  5866  5866 D wlan    : [5866:IH:DP] defrag peer uninit 0
06-18 22:53:38.143  5866  5866 D wlan    : [5866:IH:DP] pkts delivered no peer 0
06-18 22:53:38.143  5866  5866 D wlan    : [5866:IH:DP] RX invalid cookie: 0
06-18 22:53:38.143  5866  5866 D wlan    : [5866:IH:DP] RX stale cookie: 0
06-18 22:53:38.143  5866  5866 D wlan    : [5866:IH:DP] 2k jump delba sent: 0
06-18 22:53:38.143  5866  5866 D wlan    : [5866:IH:DP] 2k jump msdu to stack: 0
06-18 22:53:38.143  5866  5866 D wlan    : [5866:IH:DP] 2k jump msdu drop: 0
06-18 22:53:38.143  5866  5866 D wlan    : [5866:IH:DP] REO err oor msdu to stack 0
06-18 22:53:38.143  5866  5866 D wlan    : [5866:IH:DP] REO err oor msdu drop: 96
06-18 22:53:38.143  5866  5866 D wlan    : [5866:IH:DP] Rx err msdu rejected: 0
06-18 22:53:38.143  5866  5866 D wlan    : [5866:IH:DP] Rx raw frame dropped: 0
06-18 22:53:38.143  5866  5866 D wlan    : [5866:IH:DP] Rx stale link desc cookie: 0
06-18 22:53:38.143  5866  5866 D wlan    : [5866:IH:DP] Rx nbuf sanity fails: 0
06-18 22:53:38.143  5866  5866 D wlan    : [5866:IH:DP] Rx refill duplicate link desc: 0
06-18 22:53:38.143  5866  5866 D wlan    : [5866:IH:DP] Rx ipa smmu map duplicate: 0
06-18 22:53:38.143  5866  5866 D wlan    : [5866:IH:DP] Rx ipa smmu unmap duplicate: 0
06-18 22:53:38.143  5866  5866 D wlan    : [5866:IH:DP] Rx ipa smmu unmap no pipes: 0
06-18 22:53:38.143  5866  5866 D wlan    : [5866:IH:DP] PN-in-Dest error frame pn-check fail: 0
06-18 22:53:38.143  5866  5866 D wlan    : [5866:IH:DP] Reo Statistics
06-18 22:53:38.143  5866  5866 D wlan    : [5866:IH:DP] near_full: 0
06-18 22:53:38.143  5866  5866 D wlan    : [5866:IH:DP] rbm error: 0 msdus
06-18 22:53:38.143  5866  5866 D wlan    : [5866:IH:DP] hal ring access fail: 0 msdus
06-18 22:53:38.143  5866  5866 D wlan    : [5866:IH:DP] hal ring access full fail: 0 msdus
06-18 22:53:38.143  5866  5866 D wlan    : [5866:IH:DP] Rx BAR frames:0
06-18 22:53:38.143  5866  5866 D wlan    : [5866:IH:DP] Reo error number (7): 37 msdus
06-18 22:53:38.143  5866  5866 D wlan    : [5866:IH:DP] Rx packets reaped per interrupt:
06-18 22:53:38.143  5866  5866 D wlan    : [5866:IH:DP] Single Packet: 5400
06-18 22:53:38.143  5866  5866 D wlan    : [5866:IH:DP] 2-20 Packets:  5753
06-18 22:53:38.143  5866  5866 D wlan    : [5866:IH:DP] 21-40 Packets: 20
06-18 22:53:38.143  5866  5866 D wlan    : [5866:IH:DP] 41-60 Packets: 0
06-18 22:53:38.143  5866  5866 D wlan    : [5866:IH:DP] 61-80 Packets: 0
06-18 22:53:38.143  5866  5866 D wlan    : [5866:IH:DP] 81-100 Packets: 0
06-18 22:53:38.143  5866  5866 D wlan    : [5866:IH:DP] 101-200 Packets: 0
06-18 22:53:38.143  5866  5866 D wlan    : [5866:IH:DP]    201+ Packets: 0
06-18 22:53:38.143  5866  5866 D wlan    : [5866:IH:DP] dp_txrx_path_stats: tso_enable: 1 lro_enable: 0 rx_hash: 1 napi_enable: 1
06-18 22:53:38.143  5866  5866 D wlan    : [5866:IH:DP] dp_txrx_path_stats: Tx flow stop queue: 15 tx flow start queue offset: 10
06-18 22:53:38.143  5866  5866 D wlan    : [5866:IH:DP] dp_print_soc_interrupt_stats:  0[449] - Total:7536 tx_comps[0]:6350
06-18 22:53:38.143  5866  5866 D wlan    : [5866:IH:DP] dp_print_soc_interrupt_stats:  1[450] - Total:3345 reo[0]:3061
06-18 22:53:38.143  5866  5866 D wlan    : [5866:IH:DP] dp_print_soc_interrupt_stats:  2[451] - Total:2818 reo[1]:2512
06-18 22:53:38.143  5866  5866 D wlan    : [5866:IH:DP] dp_print_soc_interrupt_stats:  3[452] - Total:6103 reo[2]:2751 reo[3]:2849
06-18 22:53:38.143  5866  5866 D wlan    : [5866:IH:DP] dp_print_soc_interrupt_stats:  4[453] - Total:7670 tx_comps[2]:6544
06-18 22:53:38.143  5866  5866 D wlan    : [5866:IH:DP] dp_print_soc_interrupt_stats:  6[455] - Total:392 reo_err:32 wbm_rx_err:0 rxdma2_host_err:0
06-18 22:53:38.143  5866  5866 D wlan    : [5866:IH:DP] vdev_id: 0 Per TID Delay Non-Zero Stats:
06-18 22:53:38.143  5866  5866 D wlan    : [5866:IH:DP] Hardware Tx completion latency stats TID: 0
06-18 22:53:38.143  5866  5866 D wlan    : [5866:IH:DP] Min = 0
06-18 22:53:38.143  5866  5866 D wlan    : [5866:IH:DP] Max = 0
06-18 22:53:38.143  5866  5866 D wlan    : [5866:IH:DP] Avg = 0
06-18 22:53:38.143  5866  5866 D wlan    : [5866:IH:DP] Hardware Tx completion latency stats TID: 1
06-18 22:53:38.143  5866  5866 D wlan    : [5866:IH:DP] Min = 0
06-18 22:53:38.143  5866  5866 D wlan    : [5866:IH:DP] Max = 0
06-18 22:53:38.143  5866  5866 D wlan    : [5866:IH:DP] Avg = 0
06-18 22:53:38.143  5866  5866 D wlan    : [5866:IH:DP] Hardware Tx completion latency stats TID: 2
06-18 22:53:38.143  5866  5866 D wlan    : [5866:IH:DP] Min = 0
06-18 22:53:38.143  5866  5866 D wlan    : [5866:IH:DP] Max = 0
06-18 22:53:38.143  5866  5866 D wlan    : [5866:IH:DP] Avg = 0
06-18 22:53:38.143  5866  5866 D wlan    : [5866:IH:DP] Hardware Tx completion latency stats TID: 3
06-18 22:53:38.143  5866  5866 D wlan    : [5866:IH:DP] Min = 0
06-18 22:53:38.143  5866  5866 D wlan    : [5866:IH:DP] Max = 0
06-18 22:53:38.143  5866  5866 D wlan    : [5866:IH:DP] Avg = 0
06-18 22:53:38.143  5866  5866 D wlan    : [5866:IH:DP] Hardware Tx completion latency stats TID: 4
06-18 22:53:38.143  5866  5866 D wlan    : [5866:IH:DP] Min = 0
06-18 22:53:38.143  5866  5866 D wlan    : [5866:IH:DP] Max = 0
06-18 22:53:38.143  5866  5866 D wlan    : [5866:IH:DP] Avg = 0
06-18 22:53:38.143  5866  5866 D wlan    : [5866:IH:DP] Hardware Tx completion latency stats TID: 5
06-18 22:53:38.143  5866  5866 D wlan    : [5866:IH:DP] Min = 0
06-18 22:53:38.143  5866  5866 D wlan    : [5866:IH:DP] Max = 0
06-18 22:53:38.143  5866  5866 D wlan    : [5866:IH:DP] Avg = 0
06-18 22:53:38.143  5866  5866 D wlan    : [5866:IH:DP] Hardware Tx completion latency stats TID: 6
06-18 22:53:38.143  5866  5866 D wlan    : [5866:IH:DP] Min = 0
06-18 22:53:38.143  5866  5866 D wlan    : [5866:IH:DP] Max = 0
06-18 22:53:38.143  5866  5866 D wlan    : [5866:IH:DP] Avg = 0
06-18 22:53:38.143  5866  5866 D wlan    : [5866:IH:DP] Hardware Tx completion latency stats TID: 7
06-18 22:53:38.143  5866  5866 D wlan    : [5866:IH:DP] Min = 0
06-18 22:53:38.143  5866  5866 D wlan    : [5866:IH:DP] Max = 0
06-18 22:53:38.143  5866  5866 D wlan    : [5866:IH:DP] Avg = 0
06-18 22:53:38.143  5866  5866 D wlan    : [5866:IH:DP] Hardware Tx completion latency stats TID: 8
06-18 22:53:38.143  5866  5866 D wlan    : [5866:IH:DP] Min = 0
06-18 22:53:38.143  5866  5866 D wlan    : [5866:IH:DP] Max = 0
06-18 22:53:38.143  5866  5866 D wlan    : [5866:IH:DP] Avg = 0
06-18 22:53:38.143  5866  5866 D wlan    : [5866:IH:DP] dp_print_fisa_stats: invalid flow index: 0
06-18 22:53:38.143  5866  5866 D wlan    : [5866:IH:DP] dp_print_fisa_stats: workqueue update deferred: 0
06-18 22:53:38.143  5866  5866 D wlan    : [5866:IH:DP] dp_print_fisa_stats: reo_mismatch: cce_match: 0
06-18 22:53:38.143  5866  5866 D wlan    : [5866:IH:DP] dp_print_fisa_stats: reo_mismatch: allow_fse_metdata_mismatch: 0
06-18 22:53:38.143  5866  5866 D wlan    : [5866:IH:DP] dp_print_fisa_stats: reo_mismatch: allow_non_aggr: 0
06-18 22:53:38.143  5866  5866 D wlan    : [5866:IH:DP] FLOW_POOL_STATS G:(2,5,0) | 0 0: (6144,6144,0)
06-18 22:53:38.143  5866  5866 D wlan    : [5866:IL:HDD] STATS |[0 0] (0) 13845000/26186460ms 1(132,25) |[255 7] (2) 26186456/26186460ms 1(1,0) |[255 16] (2) 26186456/26186456ms 1(3,0) |
06-18 22:53:38.143  5866  5866 D wlan    : [5866:IH:DP] dp_display_srng_info: SRNG HP-TP data:
06-18 22:53:38.143  5866  5866 D wlan    : [5866:IH:DP] dp_display_srng_info: TCL DATA ring[0]: hp=0x55a8, tp=0x55a8
06-18 22:53:38.143  5866  5866 D wlan    : [5866:IH:DP] dp_display_srng_info: TX comp ring[0]: hp=0xfa98, tp=0xfa98
06-18 22:53:38.143  5866  5866 D wlan    : [5866:IH:DP] dp_display_srng_info: TCL DATA ring[1]: hp=0x64f0, tp=0x64f0
06-18 22:53:38.143  5866  5866 D wlan    : [5866:IH:DP] dp_display_srng_info: TCL DATA ring[2]: hp=0x5ee8, tp=0x5ee8
06-18 22:53:38.143  5866  5866 D wlan    : [5866:IH:DP] dp_display_srng_info: TX comp ring[2]: hp=0x3ee8, tp=0x3ee8
06-18 22:53:38.143  5866  5866 D wlan    : [5866:IH:DP] dp_display_srng_info: REO DST ring[0]: hp=0x3400, tp=0x3400
06-18 22:53:38.143  5866  5866 D wlan    : [5866:IH:DP] dp_display_srng_info: REO DST ring[1]: hp=0x24f0, tp=0x24f0
06-18 22:53:38.143  5866  5866 D wlan    : [5866:IH:DP] dp_display_srng_info: REO DST ring[2]: hp=0x2440, tp=0x2440
06-18 22:53:38.143  5866  5866 D wlan    : [5866:IH:DP] dp_display_srng_info: REO DST ring[3]: hp=0x1650, tp=0x1650
06-18 22:53:38.143  5866  5866 D wlan    : [5866:IH:DP] dp_display_srng_info: REO exception ring: hp=0x250, tp=0x250
06-18 22:53:38.143  5866  5866 D wlan    : [5866:IH:DP] dp_display_srng_info: WBM RX release ring: hp=0x0, tp=0x0
06-18 22:53:38.143  5866  5866 D wlan    : [5866:IH:DP] dp_display_srng_info: WBM desc release ring: hp=0x140, tp=0x140
06-18 22:53:38.189   624  1446 I AHAL: AudioStream: Open: 2845: Enter: OutPrimary usecase(1: low-latency-playback)
06-18 22:53:38.189   624  1446 I PAL: ResourceManager: compareSharedBEStreamDevAttr: 7090: switchStreams is 0
06-18 22:53:38.189   624  1446 I PAL: Device: setDeviceAttributes: 372: DeviceAttributes for Device Id 3 updated
06-18 22:53:38.189   624  1446 I PAL: Device: open: 452: Enter. deviceCount 1 for device id 3 (PAL_DEVICE_OUT_SPEAKER)
06-18 22:53:38.189   624  1446 I PAL: Device: open: 487: Exit. deviceCount 2 for device id 3 (PAL_DEVICE_OUT_SPEAKER), exit status: 0
06-18 22:53:38.189   624  1446 I PAL: ResourceManager: allocateFrontEndIds: 6567: allocateFrontEndIds: front end 117
06-18 22:53:38.189   624  1446 I PAL: PayloadBuilder: populateStreamKV: 2831: stream type 1
06-18 22:53:38.189   624  1446 I PAL: PayloadBuilder: getSelectorValues: 2653: Direction: 1
06-18 22:53:38.189   624  1446 I PAL: PayloadBuilder: getSelectorValues: 2669: Instance: 4
06-18 22:53:38.189   624  1446 I PAL: PayloadBuilder: findKVs: 2543: key: 0xa1000000 value: 0xa100000e
06-18 22:53:38.189   624  1446 I PAL: PayloadBuilder: findKVs: 2543: key: 0xab000000 value: 0x4
06-18 22:53:38.189   624  1446 I PAL: PayloadBuilder: populateDeviceKV: 2945: Enter device id:3
06-18 22:53:38.189   624  1446 I PAL: PayloadBuilder: findKVs: 2556: key: 0xa2000000 value: 0xa2000001
06-18 22:53:38.189   624  1446 I PAL: PayloadBuilder: populateDeviceKV: 2973: Exit device id:3, status 0
06-18 22:53:38.189   624  1446 I PAL: PayloadBuilder: populateDevicePPKV: 3086: Rx device id:3
06-18 22:53:38.189   624  1446 I PAL: PayloadBuilder: getSelectorValues: 2729: stream type: 1
06-18 22:53:38.189   624  1446 I PAL: PayloadBuilder: findKVs: 2543: key: 0xa2000000 value: 0xa2000001
06-18 22:53:38.189   624  1446 I PAL: PayloadBuilder: findKVs: 2543: key: 0xac000000 value: 0xac000002
06-18 22:53:38.189   624  1446 I PAL: PayloadBuilder: populateDevicePPCkv: 3228: SpeakerProt Status[1], RAS Status[0]
06-18 22:53:38.189   624  1446 D agm_server_wrapper: Aif id 31 already added to session list of 117
06-18 22:53:38.189   624  1446 D agm_server_wrapper: Aif id 31 already added to session list of 117
06-18 22:53:38.189   624  1446 I PAL: ResourceManager: GetConcurrencyInfo: 5024: stream type 1 Tx conc 0, Rx conc 0, concurrency allowed
06-18 22:53:38.189   624  1446 I PAL: ResourceManager: GetConcurrencyInfo: 5024: stream type 1 Tx conc 0, Rx conc 0, concurrency allowed
06-18 22:53:38.189   624  1446 I PAL: ResourceManager: GetConcurrencyInfo: 5024: stream type 1 Tx conc 0, Rx conc 0, concurrency allowed
06-18 22:53:38.189   624  1446 E PAL: ResourceManager: voteSleepMonitor: 1758: ioctl device is not open
06-18 22:53:38.190   624  1446 D agm_client_wrapper: agm_session_open called with handle = 19797960 , *handle = 0
06-18 22:53:38.190   624  1446 I AGM: device: device_open: 340 PCM device 31 already opened
06-18 22:53:38.190   624  1446 D AGM: graph: graph_open: 630 miid 4661 mid 7001000 tag c0000002
06-18 22:53:38.190   624  1446 D AGM: graph: graph_open: 678 miid 4678 mid 700100e tag c0000004
06-18 22:53:38.190   624  1446 I GPR:    : __gpr_cmd_register_v2:902 GPR Register: Source Port is 8209 heap_index: 0
06-18 22:53:38.192   624  1446 E ACDB    : AcdbCmdGetProcSubgraphCalDataPersist:8217 Error[19]: No calibration found
06-18 22:53:38.192   624  1446 E ACDB    : AcdbCmdGetProcSubgraphCalDataPersist:8217 Error[19]: No calibration found
06-18 22:53:38.192   624  1446 D agm_client_wrapper: agm_session_open Received handle = 0x7f19797960 , *handle = b400007fa9307d80
06-18 22:53:38.192   624  1446 D PLUGIN: pcm: agm_pcm_hw_params: 477 agm_pcm_hw_params: mode: 0
06-18 22:53:38.192   624  1446 I PAL: Session: updateCustomPayload: 619: customPayloadSize = 32
06-18 22:53:38.193   624  1446 E PAL: SessionAlsaUtils: getModuleInstanceId: 1197: No matching MIID found for tag: 0xc0000039, error:-22
06-18 22:53:38.193   624  1446 E PAL: Session: handleDeviceRotation: 707: getModuleInstanceId failed
06-18 22:53:38.193   624  1446 E PAL: SessionAlsaPcm: start: 1450: handleDeviceRotation failed
06-18 22:53:38.193   624  1446 D AGM: device: device_prepare: 411 PCM device 31 already in prepare state
06-18 22:53:38.193   624  1446 D AGM: graph_module: configure_pcm_shared_mem_ep: 1660 entry mod tag c0000002 miid 4661 mid 7001000
06-18 22:53:38.193   624  1446 D AGM: graph_module: configure_pcm_shared_mem_ep: 1736 exit, ret 0
06-18 22:53:38.193   624  1446 E AGM: graph: graph_prepare: 848 device obj:TDM-LPAIF_WSA-RX-PRIMARY in started state, start ref_cnt:1 miid 4678 mid 700100e tag c0000004
06-18 22:53:38.193   624  1446 E AGM: graph: configure_buffer_params: 295 Unsupported buffer mode : 0, Default to Blocking
06-18 22:53:38.195   624  1446 I AGM: device: device_start: 463 PCM device 31 already in start state
06-18 22:53:38.195   624  1446 E PAL: SessionAlsaUtils: getModuleInstanceId: 1197: No matching MIID found for tag: 0xc0000006, error:-22
06-18 22:53:38.195   624  1446 E PAL: SessionAlsaUtils: registerMixerEvent: 1346: Failed to get tage info c0000006, status = -22
06-18 22:53:38.195   624  1446 E PAL: SessionAlsaPcm: start: 1567: Register for Pause failed 22
06-18 22:53:38.195   624  1446 E ACDB    : AcdbCmdGetSubgraphCalDataNonPersist:5898 Error[19]: No calibration found
06-18 22:53:38.195   624  1446 I AHAL: AudioStream: configurePalOutputStream: 3360: notify GEF client of device config
06-18 22:53:38.195   624  1446 D generic_effect_ar: gef_device_config_cb: stream type=4 sample_rate=48000 device=16777216
06-18 22:53:38.198   624  1446 I PAL: SessionAlsaPcm: setParameters: 2507: mixer set module config status=0
06-18 22:53:38.198   624  1446 I PAL: SessionAlsaPcm: setParameters: 2507: mixer set module config status=0
06-18 22:53:38.252  9107  9273 E ShortcutInfoCompatSaver: Failed to load saved values from file /data/user/0/com.whatsapp/files/ShortcutInfoCompatSaver_share_targets/targets.xml. Old state removed, new added
06-18 22:53:38.252  9107  9273 E ShortcutInfoCompatSaver: java.io.FileNotFoundException: /data/user/0/com.whatsapp/files/ShortcutInfoCompatSaver_share_targets/targets.xml: open failed: ENOENT (No such file or directory)
06-18 22:53:38.252  9107  9273 E ShortcutInfoCompatSaver: 	at libcore.io.IoBridge.open(IoBridge.java:575)
06-18 22:53:38.252  9107  9273 E ShortcutInfoCompatSaver: 	at java.io.FileInputStream.<init>(FileInputStream.java:160)
06-18 22:53:38.252  9107  9273 E ShortcutInfoCompatSaver: 	at X.4Em.A0y(:2)
06-18 22:53:38.252  9107  9273 E ShortcutInfoCompatSaver: 	at X.9tJ.run(:2341)
06-18 22:53:38.252  9107  9273 E ShortcutInfoCompatSaver: 	at java.util.concurrent.Executors$RunnableAdapter.call(Executors.java:462)
06-18 22:53:38.252  9107  9273 E ShortcutInfoCompatSaver: 	at java.util.concurrent.FutureTask.run(FutureTask.java:266)
06-18 22:53:38.252  9107  9273 E ShortcutInfoCompatSaver: 	at java.util.concurrent.ThreadPoolExecutor.runWorker(ThreadPoolExecutor.java:1167)
06-18 22:53:38.252  9107  9273 E ShortcutInfoCompatSaver: 	at java.util.concurrent.ThreadPoolExecutor$Worker.run(ThreadPoolExecutor.java:641)
06-18 22:53:38.252  9107  9273 E ShortcutInfoCompatSaver: 	at java.lang.Thread.run(Thread.java:920)
06-18 22:53:38.252  9107  9273 E ShortcutInfoCompatSaver: Caused by: android.system.ErrnoException: open failed: ENOENT (No such file or directory)
06-18 22:53:38.252  9107  9273 E ShortcutInfoCompatSaver: 	at libcore.io.Linux.open(Native Method)
06-18 22:53:38.252  9107  9273 E ShortcutInfoCompatSaver: 	at libcore.io.ForwardingOs.open(ForwardingOs.java:567)
06-18 22:53:38.252  9107  9273 E ShortcutInfoCompatSaver: 	at libcore.io.BlockGuardOs.open(BlockGuardOs.java:273)
06-18 22:53:38.252  9107  9273 E ShortcutInfoCompatSaver: 	at libcore.io.ForwardingOs.open(ForwardingOs.java:567)
06-18 22:53:38.252  9107  9273 E ShortcutInfoCompatSaver: 	at android.app.ActivityThread$AndroidOs.open(ActivityThread.java:7804)
06-18 22:53:38.252  9107  9273 E ShortcutInfoCompatSaver: 	at libcore.io.IoBridge.open(IoBridge.java:561)
06-18 22:53:38.252  9107  9273 E ShortcutInfoCompatSaver: 	... 8 more
06-18 22:53:38.256  9107  9274 W GooglePlayServicesUtil: com.whatsapp requires the Google Play Store, but it is missing.
06-18 22:53:38.257  9107  9274 W GoogleApiManager: The service for X.7oS is not available: 0GD{statusCode=SERVICE_INVALID, resolution=null, message=null}
06-18 22:53:38.257  9107  9274 W GooglePlayServicesUtil: com.whatsapp requires the Google Play Store, but it is missing.
06-18 22:53:38.257  9107  9274 W GoogleApiManager: The service for X.7oS is not available: 0GD{statusCode=SERVICE_INVALID, resolution=null, message=null}
06-18 22:53:38.266  9107  9250 W GooglePlayServicesUtil: com.whatsapp requires the Google Play Store, but it is missing.
06-18 22:53:38.270  9107  9156 E FrameEvents: updateAcquireFence: Did not find frame.
06-18 22:53:38.278  9107  9156 E FrameEvents: updateAcquireFence: Did not find frame.
06-18 22:53:38.302  9107  9107 W com.whatsapp: type=1400 audit(0.0:2148): avc: denied { read } for name="osrelease" dev="proc" ino=1274501 scontext=u:r:untrusted_app:s0:c102,c256,c512,c768 tcontext=u:object_r:proc:s0 tclass=file permissive=0 app=com.whatsapp
