06-19 21:58:04.883   836 13265 I MRSS    : BoltSDK::Soc-Hexagon: Releasing all Hexagon resources from Bolt SDK
06-19 21:58:04.883   836 13265 I MRSS    : BOLT:HexagonShim: [EVENT] HexagonStop
06-19 21:58:04.888   836 13265 I MRSS    : DEPTH: CvpPreprocessor: deactivated successfully
06-19 21:58:04.945 30573 30713 W [CT]    : Anchor:SlamAnchorMemoryOSSDKClient: [Throttled count=495] Skipping invalid anchorHandle when attempting to cache AnchorStates
06-19 21:58:04.949 13021 13235 I AppLoadTimeTelemetryCommon: App load time recorded [packageName=com.YourCompany.Metaverse_Game1, time=9.653393, method="Input", launchType="Launch"]
06-19 21:58:05.001 13021 13237 I VrApi   : FPS=64/72,Prd=39ms,Tear=0,Early=52,Stale=0,Stale2/5/10/max=0/0/0/0,VSnc=1,Lat=-1,Fov=0,CPU4/GPU=3/2,1651/456MHz,OC=3F,TA=0/0/0,SP=N/N/N,Mem=2736MHz,Free=3191MB,PLS=0,Temp=43.0C/0.0C,TW=1.00ms,App=3.90ms,GD=0.90ms,CPU&GPU=12.35ms,LCnt=2(DR27,LM2),GPU%=0.46,CPU%=0.53(W0.53),DSF=1.00,CFL=12.25/17.90,ICFLp95=16.91,LD=0,SF=1.00,LP=0,DVFS=0
06-19 21:58:05.024   852 12620 W Tracking: VEGA:HM:MAP_TRACKING: Validation failed on Submap id = 0, version = 1710985230
06-19 21:58:05.127 11276 11276 D wlan    : [11276:IH:HIF] hif_rtpm_display_last_busy_hist: RTPM last busy ts:3350901689085 client:HIF_RTPM_DP from:dp_service_srngs [wlan]
06-19 21:58:05.127 11276 11276 D wlan    : [11276:IH:HIF] hif_rtpm_display_last_busy_hist: RTPM client:HIF_RTPM_DP busy_ts:3350901689085 get_ts:3350887160116 put_ts:3350887160392 get_cnt:23085 put_cnt:23085
06-19 21:58:05.127 11276 11276 D wlan    : [11276:IH:HIF] hif_rtpm_display_last_busy_hist: RTPM client:HIF_RTPM_CE busy_ts:3350901636221 get_ts:0 put_ts:0 get_cnt:0 put_cnt:0
06-19 21:58:05.127 11276 11276 D wlan    : [11276:IH:HIF] hif_rtpm_display_last_busy_hist: RTPM CE-1 last busy_cnt:2 cur_idx:2 ts1:3309237011393 ts2:0 ts3:0 ts4:0
06-19 21:58:05.127 11276 11276 D wlan    : [11276:IH:HIF] hif_rtpm_display_last_busy_hist: RTPM CE-2 last busy_cnt:30229 cur_idx:30229 ts1:3350901636219 ts2:3350901609901 ts3:3350901624083 ts4:3350901630738
06-19 21:58:05.127 11276 11276 D wlan    : [11276:IH:HIF] hif_rtpm_display_last_busy_hist: RTPM CE-7 last busy_cnt:0 cur_idx:0 ts1:0 ts2:0 ts3:0 ts4:0
06-19 21:58:05.127 11276 11276 D wlan    : [11276:IH:DP] wlan_dp_display_txrx_stats: dp_intf: 0
06-19 21:58:05.127 11276 11276 D wlan    : [11276:IH:DP] wlan_dp_display_txrx_stats: Tx CPU[0]: called 59070, dropped 0, orphaned 32785
06-19 21:58:05.127 11276 11276 D wlan    : [11276:IH:DP] wlan_dp_display_txrx_stats: Tx CPU[1]: called 58964, dropped 0, orphaned 32539
06-19 21:58:05.127 11276 11276 D wlan    : [11276:IH:DP] wlan_dp_display_txrx_stats: Tx CPU[2]: called 8895, dropped 0, orphaned 6981
06-19 21:58:05.127 11276 11276 D wlan    : [11276:IH:DP] wlan_dp_display_txrx_stats: Tx CPU[3]: called 4029, dropped 0, orphaned 2776
06-19 21:58:05.127 11276 11276 D wlan    : [11276:IH:DP] wlan_dp_display_txrx_stats: Tx CPU[4]: called 3871, dropped 0, orphaned 2565
06-19 21:58:05.127 11276 11276 D wlan    : [11276:IH:DP] wlan_dp_display_txrx_stats: Tx CPU[5]: called 4479, dropped 0, orphaned 2892
06-19 21:58:05.127 11276 11276 D wlan    : [11276:IH:DP] wlan_dp_display_txrx_stats: TX - called 139308, dropped 0 orphan 80538
06-19 21:58:05.127 11276 11276 D wlan    : [11276:IH:DP] wlan_dp_display_txrx_stats: Rx CPU[0]: packets 81902, dropped 0, delivered 81827, refused 0
06-19 21:58:05.127 11276 11276 D wlan    : [11276:IH:DP] wlan_dp_display_txrx_stats: Rx CPU[1]: packets 84588, dropped 0, delivered 84521, refused 0
06-19 21:58:05.127 11276 11276 D wlan    : [11276:IH:DP] wlan_dp_display_txrx_stats: Rx CPU[2]: packets 1896, dropped 0, delivered 1894, refused 0
06-19 21:58:05.127 11276 11276 D wlan    : [11276:IH:DP] wlan_dp_display_txrx_stats: Rx CPU[3]: packets 1812, dropped 0, delivered 1812, refused 0
06-19 21:58:05.127 11276 11276 D wlan    : [11276:IH:DP] wlan_dp_display_txrx_stats: Rx CPU[4]: packets 2028, dropped 0, delivered 2027, refused 0
06-19 21:58:05.127 11276 11276 D wlan    : [11276:IH:DP] wlan_dp_display_txrx_stats: Rx CPU[5]: packets 2240, dropped 0, delivered 2240, refused 0
06-19 21:58:05.127 11276 11276 D wlan    : [11276:IH:DP] wlan_dp_display_txrx_stats: RX - packets 174466, dropped 0, unsol_arp_mcast_drp 143, delivered 174321, refused 0 GRO - agg 167987 drop 0 non-agg 6312 flush_skip 0 low_tput_flush 0 disabled(conc 0 low-tput 1)
06-19 21:58:05.127 11276 11276 D wlan    : [11276:IH:DP] dp_rx_tm_thread_dump_stats: thread:0 - qlen:0 queued:(total:3812 reo[0]:3812 ) dequeued:3812 stack:3812 gro_flushes: 1767 gro_flushes_by_vdev_del: 0 rx_flushes: 0 max_len:19 invalid(peer:0 vdev:0 rx-handle:0 others:0 enq fail:0)
06-19 21:58:05.127 11276 11276 D wlan    : [11276:IH:DP] dp_rx_tm_thread_dump_stats: thread:1 - qlen:0 queued:(total:5719 reo[1]:5719 ) dequeued:5719 stack:5719 gro_flushes: 2193 gro_flushes_by_vdev_del: 0 rx_flushes: 0 max_len:68 invalid(peer:0 vdev:0 rx-handle:0 others:0 enq fail:0)
06-19 21:58:05.127 11276 11276 D wlan    : [11276:IH:DP] dp_rx_tm_thread_dump_stats: thread:2 - qlen:0 queued:(total:4457 reo[2]:4457 ) dequeued:4457 stack:4457 gro_flushes: 1836 gro_flushes_by_vdev_del: 0 rx_flushes: 0 max_len:26 invalid(peer:0 vdev:0 rx-handle:0 others:0 enq fail:0)
06-19 21:58:05.127 11276 11276 D wlan    : [11276:IH:DP] dp_rx_tm_thread_dump_stats: thread:3 - qlen:0 queued:(total:4581 reo[3]:4581 ) dequeued:4581 stack:4581 gro_flushes: 1913 gro_flushes_by_vdev_del: 0 rx_flushes: 0 max_len:82 invalid(peer:0 vdev:0 rx-handle:0 others:0 enq fail:0)
06-19 21:58:05.127 11276 11276 D wlan    : [11276:IH:DP] Reo packets per ring:
06-19 21:58:05.127 11276 11276 D wlan    : [11276:IH:DP] Packets on ring 0:
06-19 21:58:05.127 11276 11276 D wlan    : [11276:IH:DP] Packets arriving on core 1: 397
06-19 21:58:05.127 11276 11276 D wlan    : [11276:IH:DP] Packets arriving on core 2: 1161
06-19 21:58:05.127 11276 11276 D wlan    : [11276:IH:DP] Packets arriving on core 3: 2254
06-19 21:58:05.127 11276 11276 D wlan    : [11276:IH:DP] Total packets on ring 0: 3812
06-19 21:58:05.127 11276 11276 D wlan    : [11276:IH:DP] Packets on ring 1:
06-19 21:58:05.127 11276 11276 D wlan    : [11276:IH:DP] Packets arriving on core 1: 5465
06-19 21:58:05.127 11276 11276 D wlan    : [11276:IH:DP] Packets arriving on core 2: 72
06-19 21:58:05.127 11276 11276 D wlan    : [11276:IH:DP] Packets arriving on core 4: 182
06-19 21:58:05.127 11276 11276 D wlan    : [11276:IH:DP] Total packets on ring 1: 5719
06-19 21:58:05.127 11276 11276 D wlan    : [11276:IH:DP] Packets on ring 2:
06-19 21:58:05.127 11276 11276 D wlan    : [11276:IH:DP] Packets arriving on core 1: 725
06-19 21:58:05.127 11276 11276 D wlan    : [11276:IH:DP] Packets arriving on core 3: 1562
06-19 21:58:05.127 11276 11276 D wlan    : [11276:IH:DP] Packets arriving on core 4: 2170
06-19 21:58:05.127 11276 11276 D wlan    : [11276:IH:DP] Total packets on ring 2: 4457
06-19 21:58:05.127 11276 11276 D wlan    : [11276:IH:DP] Packets on ring 3:
06-19 21:58:05.127 11276 11276 D wlan    : [11276:IH:DP] Packets arriving on core 1: 641
06-19 21:58:05.127 11276 11276 D wlan    : [11276:IH:DP] Packets arriving on core 3: 1521
06-19 21:58:05.127 11276 11276 D wlan    : [11276:IH:DP] Packets arriving on core 4: 2419
06-19 21:58:05.127 11276 11276 D wlan    : [11276:IH:DP] Total packets on ring 3: 4581
06-19 21:58:05.127 11276 11276 D wlan    : [11276:IH:DP] Packets on ring 4:
06-19 21:58:05.127 11276 11276 D wlan    : [11276:IH:DP] Total packets on ring 4: 0
06-19 21:58:05.127 11276 11276 D wlan    : [11276:IH:DP] Packets on ring 5:
06-19 21:58:05.127 11276 11276 D wlan    : [11276:IH:DP] Total packets on ring 5: 0
06-19 21:58:05.127 11276 11276 D wlan    : [11276:IH:DP] Packets on ring 6:
06-19 21:58:05.127 11276 11276 D wlan    : [11276:IH:DP] Total packets on ring 6: 0
06-19 21:58:05.127 11276 11276 D wlan    : [11276:IH:DP] Packets on ring 7:
06-19 21:58:05.127 11276 11276 D wlan    : [11276:IH:DP] Total packets on ring 7: 0
06-19 21:58:05.127 11276 11276 D wlan    : [11276:IH:HIF] NAPI[#]CPU[#] |scheds |polls  |comps  |dones  |t-lim  |max(us)|hist(500us buckets)
06-19 21:58:05.127 11276 11276 D wlan    : [11276:IH:HIF] NAPI[0]CPU[1]:     817     817     817    1983       0     243 817|0|0|0|
06-19 21:58:05.127 11276 11276 D wlan    : [11276:IH:HIF] NAPI[0]CPU[3]:    1513    1513    1513    3352       0     170 1513|0|0|0|
06-19 21:58:05.127 11276 11276 D wlan    : [11276:IH:HIF] NAPI[0]CPU[4]:    1980    1980    1980    4668       0     306 1980|0|0|0|
06-19 21:58:05.127 11276 11276 D wlan    : [11276:IH:HIF] NAPI[1]CPU[1]:     245     245     245     397       0     255 245|0|0|0|
06-19 21:58:05.127 11276 11276 D wlan    : [11276:IH:HIF] NAPI[1]CPU[2]:     538     538     538    1161       0     247 538|0|0|0|
06-19 21:58:05.127 11276 11276 D wlan    : [11276:IH:HIF] NAPI[1]CPU[3]:    1148    1148    1148    2254       0     279 1148|0|0|0|
06-19 21:58:05.127 11276 11276 D wlan    : [11276:IH:HIF] NAPI[2]CPU[1]:    2297    2297    2297    5465       0     356 2297|0|0|0|
06-19 21:58:05.127 11276 11276 D wlan    : [11276:IH:HIF] NAPI[2]CPU[2]:      34      34      34      72       0     180 34|0|0|0|
06-19 21:58:05.127 11276 11276 D wlan    : [11276:IH:HIF] NAPI[2]CPU[4]:     103     103     103     182       0     246 103|0|0|0|
06-19 21:58:05.127 11276 11276 D wlan    : [11276:IH:HIF] NAPI[3]CPU[1]:     644     644     644    1366       0     456 644|0|0|0|
06-19 21:58:05.127 11276 11276 D wlan    : [11276:IH:HIF] NAPI[3]CPU[3]:    1429    1429    1429    3083       0     358 1429|0|0|0|
06-19 21:58:05.127 11276 11276 D wlan    : [11276:IH:HIF] NAPI[3]CPU[4]:    1932    1932    1932    4589       0     355 1932|0|0|0|
06-19 21:58:05.127 11276 11276 D wlan    : [11276:IH:HIF] NAPI[4]CPU[1]:     918     918     918    2169       0     267 918|0|0|0|
06-19 21:58:05.127 11276 11276 D wlan    : [11276:IH:HIF] NAPI[4]CPU[2]:    1098    1098    1098    2311       0     180 1098|0|0|0|
06-19 21:58:05.127 11276 11276 D wlan    : [11276:IH:HIF] NAPI[4]CPU[3]:    1209    1209    1209    2823       0     189 1209|0|0|0|
06-19 21:58:05.127 11276 11276 D wlan    : [11276:IH:HIF] NAPI[4]CPU[4]:    2448    2448    2448    6430       0     250 2448|0|0|0|
06-19 21:58:05.127 11276 11276 D wlan    : [11276:IH:HIF] NAPI[6]CPU[2]:       4       4       4       1       0      63 4|0|0|0|
06-19 21:58:05.127 11276 11276 D wlan    : [11276:IH:HIF] NAPI[6]CPU[3]:      52      52      52      25       0     193 52|0|0|0|
06-19 21:58:05.127 11276 11276 D wlan    : [11276:IH:HIF] NAPI[6]CPU[4]:     158     158     158      78       0     172 158|0|0|0|
06-19 21:58:05.127 11276 11276 D wlan    : [11276:IH:DP] Tx path Statistics:
06-19 21:58:05.127 11276 11276 D wlan    : [11276:IH:DP] from stack: 23733 msdus (17605066 bytes)
06-19 21:58:05.127 11276 11276 D wlan    : [11276:IH:DP] processed from host: 23727 msdus (1669399 bytes)
06-19 21:58:05.127 11276 11276 D wlan    : [11276:IH:DP] successfully transmitted: 23735 msdus (17981666 bytes)
06-19 21:58:05.127 11276 11276 D wlan    : [11276:IH:DP] Enqueue to SW2TCL1: 5037
06-19 21:58:05.127 11276 11276 D wlan    : [11276:IH:DP] TX completions reaped from ring 0: 10003
06-19 21:58:05.127 11276 11276 D wlan    : [11276:IH:DP] Enqueue to SW2TCL2: 4966
06-19 21:58:05.127 11276 11276 D wlan    : [11276:IH:DP] TX completions reaped from ring 1: 0
06-19 21:58:05.127 11276 11276 D wlan    : [11276:IH:DP] Enqueue to SW2TCL3: 13733
06-19 21:58:05.127 11276 11276 D wlan    : [11276:IH:DP] TX completions reaped from ring 2: 13733
06-19 21:58:05.127 11276 11276 D wlan    : [11276:IH:DP] Invalid release source: 0
06-19 21:58:05.127 11276 11276 D wlan    : [11276:IH:DP] Invalid TX desc from completion ring: 0
06-19 21:58:05.127 11276 11276 D wlan    : [11276:IH:DP] Dropped in host:
06-19 21:58:05.127 11276 11276 D wlan    : [11276:IH:DP] Total packets dropped: 0,
06-19 21:58:05.127 11276 11276 D wlan    : [11276:IH:DP] Descriptor not available: 0
06-19 21:58:05.127 11276 11276 D wlan    : [11276:IH:DP] Ring full: 0
06-19 21:58:05.127 11276 11276 D wlan    : [11276:IH:DP] Enqueue fail: 0
06-19 21:58:05.127 11276 11276 D wlan    : [11276:IH:DP] Pkt dropped in vdev-id check: 0
06-19 21:58:05.127 11276 11276 D wlan    : [11276:IH:DP] DMA Error: 0
06-19 21:58:05.127 11276 11276 D wlan    : [11276:IH:DP] Drop Ingress: 0
06-19 21:58:05.127 11276 11276 D wlan    : [11276:IH:DP] Dropped in hardware:
06-19 21:58:05.127 11276 11276 D wlan    : [11276:IH:DP] total packets dropped: 0
06-19 21:58:05.127 11276 11276 D wlan    : [11276:IH:DP] mpdu age out: 0
06-19 21:58:05.127 11276 11276 D wlan    : [11276:IH:DP] firmware removed packets: 0 (0 bytes)
06-19 21:58:05.127 11276 11276 D wlan    : [11276:IH:DP] firmware removed tx: 0
06-19 21:58:05.127 11276 11276 D wlan    : [11276:IH:DP] firmware removed notx 0
06-19 21:58:05.127 11276 11276 D wlan    : [11276:IH:DP] Invalid peer on tx path: 0
06-19 21:58:05.127 11276 11276 D wlan    : [11276:IH:DP] Tx desc freed in non-completion path: 0
06-19 21:58:05.127 11276 11276 D wlan    : [11276:IH:DP] Tx desc force freed: 0
06-19 21:58:05.127 11276 11276 D wlan    : [11276:IH:DP] Tx packets sent per interrupt:
06-19 21:58:05.127 11276 11276 D wlan    : [11276:IH:DP] Single Packet: 4761
06-19 21:58:05.127 11276 11276 D wlan    : [11276:IH:DP] 2-20 Packets:  3597
06-19 21:58:05.127 11276 11276 D wlan    : [11276:IH:DP] 21-40 Packets: 103
06-19 21:58:05.127 11276 11276 D wlan    : [11276:IH:DP] 41-60 Packets: 8
06-19 21:58:05.127 11276 11276 D wlan    : [11276:IH:DP] 61-80 Packets: 1
06-19 21:58:05.127 11276 11276 D wlan    : [11276:IH:DP] 81-100 Packets: 0
06-19 21:58:05.127 11276 11276 D wlan    : [11276:IH:DP] 101-200 Packets: 0
06-19 21:58:05.127 11276 11276 D wlan    : [11276:IH:DP]     201+ Packets: 0
06-19 21:58:05.127 11276 11276 D wlan    : [11276:IH:DP] Rx path statistics
06-19 21:58:05.127 11276 11276 D wlan    : [11276:IH:DP] delivered 18556 msdus ( 6924138 bytes),
06-19 21:58:05.127 11276 11276 D wlan    : [11276:IH:DP] received on reo[0] 3812 msdus( 1017512 bytes),
06-19 21:58:05.127 11276 11276 D wlan    : [11276:IH:DP] received on reo[1] 5719 msdus( 2405941 bytes),
06-19 21:58:05.127 11276 11276 D wlan    : [11276:IH:DP] received on reo[2] 4457 msdus( 1122656 bytes),
06-19 21:58:05.127 11276 11276 D wlan    : [11276:IH:DP] received on reo[3] 4581 msdus( 2382339 bytes),
06-19 21:58:05.127 11276 11276 D wlan    : [11276:IH:DP] received on lmac[0] 0 msdus (0 bytes),
06-19 21:58:05.127 11276 11276 D wlan    : [11276:IH:DP] received on lmac[1] 0 msdus (0 bytes),
06-19 21:58:05.127 11276 11276 D wlan    : [11276:IH:DP] intra-bss packets 0 msdus ( 0 bytes),
06-19 21:58:05.127 11276 11276 D wlan    : [11276:IH:DP] intra-bss fails 0 msdus ( 0 bytes),
06-19 21:58:05.127 11276 11276 D wlan    : [11276:IH:DP] intra-bss no mdns fwds 0 msdus
06-19 21:58:05.127 11276 11276 D wlan    : [11276:IH:DP] intra-bss EAPOL drops: 0
06-19 21:58:05.127 11276 11276 D wlan    : [11276:IH:DP] raw packets 0 msdus ( 0 bytes),
06-19 21:58:05.127 11276 11276 D wlan    : [11276:IH:DP] mic errors 2621
06-19 21:58:05.127 11276 11276 D wlan    : [11276:IH:DP] Invalid peer on rx path: 0
06-19 21:58:05.127 11276 11276 D wlan    : [11276:IH:DP] sw_peer_id invalid 0
06-19 21:58:05.127 11276 11276 D wlan    : [11276:IH:DP] packet_len invalid 0
06-19 21:58:05.127 11276 11276 D wlan    : [11276:IH:DP] sa or da idx invalid 0
06-19 21:58:05.127 11276 11276 D wlan    : [11276:IH:DP] defrag peer uninit 0
06-19 21:58:05.127 11276 11276 D wlan    : [11276:IH:DP] pkts delivered no peer 0
06-19 21:58:05.127 11276 11276 D wlan    : [11276:IH:DP] RX invalid cookie: 0
06-19 21:58:05.127 11276 11276 D wlan    : [11276:IH:DP] RX stale cookie: 0
06-19 21:58:05.127 11276 11276 D wlan    : [11276:IH:DP] 2k jump delba sent: 0
06-19 21:58:05.127 11276 11276 D wlan    : [11276:IH:DP] 2k jump msdu to stack: 0
06-19 21:58:05.127 11276 11276 D wlan    : [11276:IH:DP] 2k jump msdu drop: 0
06-19 21:58:05.127 11276 11276 D wlan    : [11276:IH:DP] REO err oor msdu to stack 0
06-19 21:58:05.127 11276 11276 D wlan    : [11276:IH:DP] REO err oor msdu drop: 104
06-19 21:58:05.127 11276 11276 D wlan    : [11276:IH:DP] Rx err msdu rejected: 0
06-19 21:58:05.127 11276 11276 D wlan    : [11276:IH:DP] Rx raw frame dropped: 0
06-19 21:58:05.127 11276 11276 D wlan    : [11276:IH:DP] Rx stale link desc cookie: 0
06-19 21:58:05.127 11276 11276 D wlan    : [11276:IH:DP] Rx nbuf sanity fails: 0
06-19 21:58:05.127 11276 11276 D wlan    : [11276:IH:DP] Rx refill duplicate link desc: 0
06-19 21:58:05.127 11276 11276 D wlan    : [11276:IH:DP] Rx ipa smmu map duplicate: 0
06-19 21:58:05.127 11276 11276 D wlan    : [11276:IH:DP] Rx ipa smmu unmap duplicate: 0
06-19 21:58:05.127 11276 11276 D wlan    : [11276:IH:DP] Rx ipa smmu unmap no pipes: 0
06-19 21:58:05.127 11276 11276 D wlan    : [11276:IH:DP] PN-in-Dest error frame pn-check fail: 0
06-19 21:58:05.127 11276 11276 D wlan    : [11276:IH:DP] Reo Statistics
06-19 21:58:05.127 11276 11276 D wlan    : [11276:IH:DP] near_full: 0
06-19 21:58:05.127 11276 11276 D wlan    : [11276:IH:DP] rbm error: 0 msdus
06-19 21:58:05.127 11276 11276 D wlan    : [11276:IH:DP] hal ring access fail: 0 msdus
06-19 21:58:05.127 11276 11276 D wlan    : [11276:IH:DP] hal ring access full fail: 0 msdus
06-19 21:58:05.127 11276 11276 D wlan    : [11276:IH:DP] Rx BAR frames:0
06-19 21:58:05.127 11276 11276 D wlan    : [11276:IH:DP] Reo error number (7): 52 msdus
06-19 21:58:05.127 11276 11276 D wlan    : [11276:IH:DP] Rx packets reaped per interrupt:
06-19 21:58:05.127 11276 11276 D wlan    : [11276:IH:DP] Single Packet: 3766
06-19 21:58:05.127 11276 11276 D wlan    : [11276:IH:DP] 2-20 Packets:  3937
06-19 21:58:05.127 11276 11276 D wlan    : [11276:IH:DP] 21-40 Packets: 7
06-19 21:58:05.127 11276 11276 D wlan    : [11276:IH:DP] 41-60 Packets: 2
06-19 21:58:05.127 11276 11276 D wlan    : [11276:IH:DP] 61-80 Packets: 3
06-19 21:58:05.127 11276 11276 D wlan    : [11276:IH:DP] 81-100 Packets: 1
06-19 21:58:05.127 11276 11276 D wlan    : [11276:IH:DP] 101-200 Packets: 0
06-19 21:58:05.127 11276 11276 D wlan    : [11276:IH:DP]    201+ Packets: 0
06-19 21:58:05.127 11276 11276 D wlan    : [11276:IH:DP] dp_txrx_path_stats: tso_enable: 1 lro_enable: 0 rx_hash: 1 napi_enable: 1
06-19 21:58:05.127 11276 11276 D wlan    : [11276:IH:DP] dp_txrx_path_stats: Tx flow stop queue: 15 tx flow start queue offset: 10
06-19 21:58:05.127 11276 11276 D wlan    : [11276:IH:DP] dp_print_soc_interrupt_stats:  0[449] - Total:4310 tx_comps[0]:3626
06-19 21:58:05.127 11276 11276 D wlan    : [11276:IH:DP] dp_print_soc_interrupt_stats:  1[450] - Total:1931 reo[0]:1768
06-19 21:58:05.127 11276 11276 D wlan    : [11276:IH:DP] dp_print_soc_interrupt_stats:  2[451] - Total:2434 reo[1]:2200
06-19 21:58:05.127 11276 11276 D wlan    : [11276:IH:DP] dp_print_soc_interrupt_stats:  3[452] - Total:4005 reo[2]:1836 reo[3]:1915
06-19 21:58:05.127 11276 11276 D wlan    : [11276:IH:DP] dp_print_soc_interrupt_stats:  4[453] - Total:5673 tx_comps[2]:4845
06-19 21:58:05.127 11276 11276 D wlan    : [11276:IH:DP] dp_print_soc_interrupt_stats:  6[455] - Total:214 reo_err:40 wbm_rx_err:0 rxdma2_host_err:0
06-19 21:58:05.127 11276 11276 D wlan    : [11276:IH:DP] vdev_id: 0 Per TID Delay Non-Zero Stats:
06-19 21:58:05.127 11276 11276 D wlan    : [11276:IH:DP] Hardware Tx completion latency stats TID: 0
06-19 21:58:05.127 11276 11276 D wlan    : [11276:IH:DP] Min = 0
06-19 21:58:05.127 11276 11276 D wlan    : [11276:IH:DP] Max = 0
06-19 21:58:05.127 11276 11276 D wlan    : [11276:IH:DP] Avg = 0
06-19 21:58:05.127 11276 11276 D wlan    : [11276:IH:DP] Hardware Tx completion latency stats TID: 1
06-19 21:58:05.127 11276 11276 D wlan    : [11276:IH:DP] Min = 0
06-19 21:58:05.127 11276 11276 D wlan    : [11276:IH:DP] Max = 0
06-19 21:58:05.127 11276 11276 D wlan    : [11276:IH:DP] Avg = 0
06-19 21:58:05.127 11276 11276 D wlan    : [11276:IH:DP] Hardware Tx completion latency stats TID: 2
06-19 21:58:05.127 11276 11276 D wlan    : [11276:IH:DP] Min = 0
06-19 21:58:05.127 11276 11276 D wlan    : [11276:IH:DP] Max = 0
06-19 21:58:05.127 11276 11276 D wlan    : [11276:IH:DP] Avg = 0
06-19 21:58:05.127 11276 11276 D wlan    : [11276:IH:DP] Hardware Tx completion latency stats TID: 3
06-19 21:58:05.127 11276 11276 D wlan    : [11276:IH:DP] Min = 0
06-19 21:58:05.127 11276 11276 D wlan    : [11276:IH:DP] Max = 0
06-19 21:58:05.127 11276 11276 D wlan    : [11276:IH:DP] Avg = 0
06-19 21:58:05.127 11276 11276 D wlan    : [11276:IH:DP] Hardware Tx completion latency stats TID: 4
06-19 21:58:05.127 11276 11276 D wlan    : [11276:IH:DP] Min = 0
06-19 21:58:05.127 11276 11276 D wlan    : [11276:IH:DP] Max = 0
06-19 21:58:05.127 11276 11276 D wlan    : [11276:IH:DP] Avg = 0
06-19 21:58:05.127 11276 11276 D wlan    : [11276:IH:DP] Hardware Tx completion latency stats TID: 5
06-19 21:58:05.127 11276 11276 D wlan    : [11276:IH:DP] Min = 0
06-19 21:58:05.127 11276 11276 D wlan    : [11276:IH:DP] Max = 0
06-19 21:58:05.127 11276 11276 D wlan    : [11276:IH:DP] Avg = 0
06-19 21:58:05.127 11276 11276 D wlan    : [11276:IH:DP] Hardware Tx completion latency stats TID: 6
06-19 21:58:05.127 11276 11276 D wlan    : [11276:IH:DP] Min = 0
06-19 21:58:05.127 11276 11276 D wlan    : [11276:IH:DP] Max = 0
06-19 21:58:05.127 11276 11276 D wlan    : [11276:IH:DP] Avg = 0
06-19 21:58:05.127 11276 11276 D wlan    : [11276:IH:DP] Hardware Tx completion latency stats TID: 7
06-19 21:58:05.127 11276 11276 D wlan    : [11276:IH:DP] Min = 0
06-19 21:58:05.127 11276 11276 D wlan    : [11276:IH:DP] Max = 0
06-19 21:58:05.127 11276 11276 D wlan    : [11276:IH:DP] Avg = 0
06-19 21:58:05.127 11276 11276 D wlan    : [11276:IH:DP] Hardware Tx completion latency stats TID: 8
06-19 21:58:05.127 11276 11276 D wlan    : [11276:IH:DP] Min = 0
06-19 21:58:05.127 11276 11276 D wlan    : [11276:IH:DP] Max = 0
06-19 21:58:05.127 11276 11276 D wlan    : [11276:IH:DP] Avg = 0
06-19 21:58:05.127 11276 11276 D wlan    : [11276:IH:DP] dp_print_fisa_stats: invalid flow index: 0
06-19 21:58:05.127 11276 11276 D wlan    : [11276:IH:DP] dp_print_fisa_stats: workqueue update deferred: 0
06-19 21:58:05.127 11276 11276 D wlan    : [11276:IH:DP] dp_print_fisa_stats: reo_mismatch: cce_match: 0
06-19 21:58:05.127 11276 11276 D wlan    : [11276:IH:DP] dp_print_fisa_stats: reo_mismatch: allow_fse_metdata_mismatch: 0
06-19 21:58:05.127 11276 11276 D wlan    : [11276:IH:DP] dp_print_fisa_stats: reo_mismatch: allow_non_aggr: 0
06-19 21:58:05.127 11276 11276 D wlan    : [11276:IH:DP] FLOW_POOL_STATS G:(1,2,0) | 0 0: (6144,6144,0)
06-19 21:58:05.127 11276 11276 D wlan    : [11276:IL:HDD] STATS |[0 0] (0) 19309476/39117992ms 1(240,56) |[255 7] (2) 39117988/39117992ms 1(1,0) |[255 16] (2) 39117988/39117988ms 1(3,0) |
06-19 21:58:05.127 11276 11276 D wlan    : [11276:IH:DP] dp_display_srng_info: SRNG HP-TP data:
06-19 21:58:05.127 11276 11276 D wlan    : [11276:IH:DP] dp_display_srng_info: TCL DATA ring[0]: hp=0x9d68, tp=0x9d68
06-19 21:58:05.127 11276 11276 D wlan    : [11276:IH:DP] dp_display_srng_info: TX comp ring[0]: hp=0x3898, tp=0x3898
06-19 21:58:05.127 11276 11276 D wlan    : [11276:IH:DP] dp_display_srng_info: TCL DATA ring[1]: hp=0x9b30, tp=0x9b30
06-19 21:58:05.127 11276 11276 D wlan    : [11276:IH:DP] dp_display_srng_info: TCL DATA ring[2]: hp=0x6d28, tp=0x6d28
06-19 21:58:05.127 11276 11276 D wlan    : [11276:IH:DP] dp_display_srng_info: TX comp ring[2]: hp=0xad28, tp=0xad28
06-19 21:58:05.127 11276 11276 D wlan    : [11276:IH:DP] dp_display_srng_info: REO DST ring[0]: hp=0x2e40, tp=0x2e40
06-19 21:58:05.127 11276 11276 D wlan    : [11276:IH:DP] dp_display_srng_info: REO DST ring[1]: hp=0x2570, tp=0x2570
06-19 21:58:05.127 11276 11276 D wlan    : [11276:IH:DP] dp_display_srng_info: REO DST ring[2]: hp=0x1690, tp=0x1690
06-19 21:58:05.127 11276 11276 D wlan    : [11276:IH:DP] dp_display_srng_info: REO DST ring[3]: hp=0x1e50, tp=0x1e50
06-19 21:58:05.127 11276 11276 D wlan    : [11276:IH:DP] dp_display_srng_info: REO exception ring: hp=0x340, tp=0x340
06-19 21:58:05.127 11276 11276 D wlan    : [11276:IH:DP] dp_display_srng_info: WBM RX release ring: hp=0x0, tp=0x0
06-19 21:58:05.127 11276 11276 D wlan    : [11276:IH:DP] dp_display_srng_info: WBM desc release ring: hp=0x1a0, tp=0x1a0
06-19 21:58:05.292 30573 30713 I [CT]    : SP:AF:AnchorFramework: calculateRigidScenePose: Located 19 / 19 anchors for calculating rigid scene pose
06-19 21:58:05.292 30573 30713 I [CT]    : SP:AF:AnchorAccuracy: New Rigid Scene calculated using 19 anchors attached to 1 IAs. 2.013731088998611 seconds since last update
06-19 21:58:05.292 30573 30713 I [CT]    : SP:AF:AnchorAccuracy: New scene origin pose: -0.9367918372154236 -0.9945151209831238 0.6414405107498169 : 0.3913743197917938 -0.3913743197917938 -0.5889195203781128 -0.588919460773468
06-19 21:58:05.292 30573 30713 I [CT]    : SP:AF:AnchorAccuracy: New scene origin pose moved: 0.0012325432617217302 translation 0.00044015049934387207 rotation
06-19 21:58:05.292   852 12620 W Tracking: VEGA:HM:MAP_TRACKING: Validation failed on Submap id = 0, version = 1710985230
06-19 21:58:05.462  1095  3690 E ThermalManagerService: No threshold found for pcb1-usr
06-19 21:58:05.462  1095  3690 E ThermalManagerService: No threshold found for pcb2-usr
06-19 21:58:05.462  1095  3690 E ThermalManagerService: No threshold found for pcb3-usr
06-19 21:58:05.462  1095  3690 E ThermalManagerService: No threshold found for rf-usr
06-19 21:58:05.462  1095  3690 E ThermalManagerService: No threshold found for cam0-usr
06-19 21:58:05.462  1095  3690 E ThermalManagerService: No threshold found for cam1-usr
06-19 21:58:05.462  1095  3690 E ThermalManagerService: No threshold found for cam2-usr
06-19 21:58:05.462  1095  3690 E ThermalManagerService: No threshold found for cam3-usr
06-19 21:58:05.462  1095  3690 E ThermalManagerService: No threshold found for cam4-usr
06-19 21:58:05.462  1095  3690 E ThermalManagerService: No threshold found for cam5-usr
06-19 21:58:05.462  1095  3690 E ThermalManagerService: No threshold found for disp-virt
06-19 21:58:05.462  1095  3690 E ThermalManagerService: No threshold found for pogo-usr
06-19 21:58:05.560   852 12620 W Tracking: VEGA:HM:MAP_TRACKING: Validation failed on Submap id = 0, version = 1710985230
06-19 21:58:05.639  3062 30854 I ClientSharedTelemetryStats: App memory usage: PSS=131 MiB, PrivateDirty=112 MiB, PrivateClean=0 MiB, GPU=28.5/28.5 MiB (100% allocated)
06-19 21:58:05.666   852 12631 E Tracking: CONSTELLATION:IMU_STATUS: da7a0f37bc734fd (L): Timestamp not increasing: current time 2175.206122s <= last log time 26766.622426s
06-19 21:58:05.775   632   699 E perfservice: Same callback registered already
06-19 21:58:05.775   857  2211 E VrDeviceManagerService: registerThermalCallback failed, status: No error, ret: Same callback registered already
06-19 21:58:05.775   857  2211 E VrDeviceManagerService: getCurrentTemperatures: Thermal HAL unavailable!
06-19 21:58:05.776   632   699 E perfservice: Same callback registered already
06-19 21:58:05.776   857  2732 E VrDeviceManagerService: registerThermalCallback failed, status: No error, ret: Same callback registered already
06-19 21:58:05.776   857  2732 E VrDeviceManagerService: getCurrentTemperatures: Thermal HAL unavailable!
06-19 21:58:05.793   647  1038 E FrameSetCollator: [worldTracking] 31 FrameSets had unexpected timestamps (over 1014.06s). Ex: slot 1 2175322.784ms -> 2175339.450ms (observed period: 16.666ms, expected period: 16.666ms (16.666ms))
06-19 21:58:05.825   852 12620 W Tracking: VEGA:HM:MAP_TRACKING: Validation failed on Submap id = 0, version = 1710985230
06-19 21:58:05.932 30573 30936 I [CT]    : SlamAnchorClientRuntimeIPC: [Throttled count=1] Kicked off bulk re-registration of 3 slam anchors.
06-19 21:58:05.946 30573 30713 W [CT]    : Anchor:SlamAnchorMemoryOSSDKClient: [Throttled count=495] Skipping invalid anchorHandle when attempting to cache AnchorStates
06-19 21:58:06.001 13021 13237 I VrApi   : FPS=74/72,Prd=52ms,Tear=0,Early=87,Stale=0,Stale2/5/10/max=0/0/0/0,VSnc=1,Lat=-1,Fov=0,CPU4/GPU=2/2,1382/456MHz,OC=3F,TA=0/0/0,SP=N/N/N,Mem=2736MHz,Free=3191MB,PLS=0,Temp=43.0C/0.0C,TW=1.03ms,App=3.98ms,GD=0.82ms,CPU&GPU=13.05ms,LCnt=2(DR72,LM2),GPU%=0.45,CPU%=0.60(W0.62),DSF=1.00,CFL=11.48/17.07,ICFLp95=15.70,LD=0,SF=1.00,LP=0,DVFS=0
06-19 21:58:06.111   643 12589 I VD628x  : Flicker channel saturating : applying new gain
06-19 21:58:06.159   852 12620 W Tracking: VEGA:HM:MAP_TRACKING: Validation failed on Submap id = 0, version = 1710985230
06-19 21:58:06.235 30393 31044 I [SEO] ShellAppBase: Sleep timeout exceeded. Timeout:39125.194727, Now:39125.238171. Sleeping... 
06-19 21:58:06.235 30393 31044 I [SEO] ShellAppBase: WaitForWake: VrThread entering waiting state
06-19 21:58:06.293   852 12620 W Tracking: VEGA:HM:MAP_TRACKING: Validation failed on Submap id = 2, version = 2122495905
06-19 21:58:06.425   852 12620 W Tracking: VEGA:HM:MAP_TRACKING: Validation failed on Submap id = 0, version = 1710985230
06-19 21:58:06.465  1095  1785 E ThermalManagerService: No threshold found for pcb1-usr
06-19 21:58:06.465  1095  1785 E ThermalManagerService: No threshold found for pcb2-usr
06-19 21:58:06.465  1095  1785 E ThermalManagerService: No threshold found for pcb3-usr
06-19 21:58:06.465  1095  1785 E ThermalManagerService: No threshold found for rf-usr
06-19 21:58:06.465  1095  1785 E ThermalManagerService: No threshold found for cam0-usr
06-19 21:58:06.465  1095  1785 E ThermalManagerService: No threshold found for cam1-usr
06-19 21:58:06.465  1095  1785 E ThermalManagerService: No threshold found for cam2-usr
06-19 21:58:06.465  1095  1785 E ThermalManagerService: No threshold found for cam3-usr
06-19 21:58:06.465  1095  1785 E ThermalManagerService: No threshold found for cam4-usr
06-19 21:58:06.465  1095  1785 E ThermalManagerService: No threshold found for cam5-usr
06-19 21:58:06.465  1095  1785 E ThermalManagerService: No threshold found for disp-virt
06-19 21:58:06.465  1095  1785 E ThermalManagerService: No threshold found for pogo-usr
06-19 21:58:06.559   852 12620 W Tracking: VEGA:HM:MAP_TRACKING: Validation failed on Submap id = 2, version = 2122495905
06-19 21:58:06.602 30573 31041 I ClientSharedTelemetryStats: App memory usage: PSS=50 MiB, PrivateDirty=32 MiB, PrivateClean=0 MiB, GPU=5.5/5.5 MiB (100% allocated)
06-19 21:58:06.662   647 12618 I libcamerahal: [INSIGHTS][2.01s] recv/ret/req heartbeat: cam0: 91/91/90, cam1: 91/91/91, cam2: 90/90/91, cam3: 90/90/91
06-19 21:58:06.691   852 12620 W Tracking: VEGA:HM:MAP_TRACKING: Validation failed on Submap id = 0, version = 1710985230
06-19 21:58:06.732   852 12631 E Tracking: CONSTELLATION:IMU_STATUS: da7a0f37bc734fd (L): Timestamp not increasing: current time 2176.272746s <= last log time 26766.622426s
06-19 21:58:06.777   632   699 E perfservice: Same callback registered already
06-19 21:58:06.777   857  2732 E VrDeviceManagerService: registerThermalCallback failed, status: No error, ret: Same callback registered already
06-19 21:58:06.777   857  2732 E VrDeviceManagerService: getCurrentTemperatures: Thermal HAL unavailable!
06-19 21:58:06.778   632   699 E perfservice: Same callback registered already
06-19 21:58:06.778   857  2211 E VrDeviceManagerService: registerThermalCallback failed, status: No error, ret: Same callback registered already
06-19 21:58:06.778   857  2211 E VrDeviceManagerService: getCurrentTemperatures: Thermal HAL unavailable!
06-19 21:58:06.825   852 12620 W Tracking: VEGA:HM:MAP_TRACKING: Validation failed on Submap id = 2, version = 2122495905
06-19 21:58:06.845   647  1038 E FrameSetCollator: [worldTracking] 31 FrameSets had unexpected timestamps (over 1052.31s). Ex: slot 0 2176356.076ms -> 2176389.408ms (observed period: 33.332ms, expected period: 16.666ms (16.666ms))
06-19 21:58:06.932 30573 30936 I [CT]    : SlamAnchorClientRuntimeIPC: Kicked off bulk re-registration of 3 slam anchors.
06-19 21:58:06.946 30573 30713 W [CT]    : Anchor:SlamAnchorMemoryOSSDKClient: [Throttled count=495] Skipping invalid anchorHandle when attempting to cache AnchorStates
06-19 21:58:06.961   852 12620 W Tracking: VEGA:HM:MAP_TRACKING: Validation failed on Submap id = 0, version = 1710985230
06-19 21:58:07.001 13021 13237 I VrApi   : FPS=71/72,Prd=37ms,Tear=0,Early=0,Stale=0,Stale2/5/10/max=0/0/0/0,VSnc=1,Lat=-1,Fov=0,CPU4/GPU=2/2,1382/456MHz,OC=3F,TA=0/0/0,SP=N/N/N,Mem=2736MHz,Free=3191MB,PLS=0,Temp=43.0C/0.0C,TW=1.02ms,App=3.94ms,GD=0.86ms,CPU&GPU=13.00ms,LCnt=2(DR72,LM2),GPU%=0.46,CPU%=0.52(W0.55),DSF=1.00,CFL=10.49/15.49,ICFLp95=14.19,LD=0,SF=1.00,LP=0,DVFS=0
06-19 21:58:07.014   624  1062 E PAL: API: pal_get_param: 1337: Failed to get global parameter 36, status -2
06-19 21:58:07.226   852 12620 W Tracking: VEGA:HM:MAP_TRACKING: Validation failed on Submap id = 0, version = 1710985230
06-19 21:58:07.226   852 12620 W Tracking: VEGA:HM:MAP_TRACKING: Validation failed on Submap id = 2, version = 2122495905
06-19 21:58:07.276   643 12589 I VD628x  : Flicker channel saturating : applying new gain
06-19 21:58:07.308 30573 30713 I [CT]    : SP:AF:AnchorFramework: calculateRigidScenePose: Located 19 / 19 anchors for calculating rigid scene pose
06-19 21:58:07.308 30573 30713 I [CT]    : SP:AF:AnchorAccuracy: New Rigid Scene calculated using 19 anchors attached to 1 IAs. 2.013731958999415 seconds since last update
06-19 21:58:07.308 30573 30713 I [CT]    : SP:AF:AnchorAccuracy: New scene origin pose: -0.9366000890731812 -0.9950206875801086 0.6413897275924683 : 0.39137840270996094 -0.39137837290763855 -0.5889168381690979 -0.5889167785644531
06-19 21:58:07.308 30573 30713 I [CT]    : SP:AF:AnchorAccuracy: New scene origin pose moved: 0.00054307677783072 translation 1.3768704775429796e-05 rotation
06-19 21:58:07.480  1095  1785 E ThermalManagerService: No threshold found for pcb1-usr
06-19 21:58:07.480  1095  1785 E ThermalManagerService: No threshold found for pcb2-usr
06-19 21:58:07.480  1095  1785 E ThermalManagerService: No threshold found for pcb3-usr
06-19 21:58:07.480  1095  1785 E ThermalManagerService: No threshold found for rf-usr
06-19 21:58:07.480  1095  1785 E ThermalManagerService: No threshold found for cam0-usr
06-19 21:58:07.480  1095  1785 E ThermalManagerService: No threshold found for cam1-usr
06-19 21:58:07.480  1095  1785 E ThermalManagerService: No threshold found for cam2-usr
06-19 21:58:07.480  1095  1785 E ThermalManagerService: No threshold found for cam3-usr
06-19 21:58:07.480  1095  1785 E ThermalManagerService: No threshold found for cam4-usr
06-19 21:58:07.480  1095  1785 E ThermalManagerService: No threshold found for cam5-usr
06-19 21:58:07.480  1095  1785 E ThermalManagerService: No threshold found for disp-virt
06-19 21:58:07.480  1095  1785 E ThermalManagerService: No threshold found for pogo-usr
06-19 21:58:07.493   852 12620 W Tracking: VEGA:HM:MAP_TRACKING: Validation failed on Submap id = 0, version = 1710985230
06-19 21:58:07.493   852 12620 W Tracking: VEGA:HM:MAP_TRACKING: Validation failed on Submap id = 2, version = 2122495905
06-19 21:58:07.780   632   699 E perfservice: Same callback registered already
06-19 21:58:07.780   857  2211 E VrDeviceManagerService: registerThermalCallback failed, status: No error, ret: Same callback registered already
06-19 21:58:07.780   857  2211 E VrDeviceManagerService: getCurrentTemperatures: Thermal HAL unavailable!
06-19 21:58:07.781   632   699 E perfservice: Same callback registered already
06-19 21:58:07.781   857  2732 E VrDeviceManagerService: registerThermalCallback failed, status: No error, ret: Same callback registered already
06-19 21:58:07.781   857  2732 E VrDeviceManagerService: getCurrentTemperatures: Thermal HAL unavailable!
06-19 21:58:07.782  1095  1165 W PackageManager: Verification with id 33 not found. It may be invalid or overridden by integrity verification
06-19 21:58:07.799   852 12631 E Tracking: CONSTELLATION:IMU_STATUS: da7a0f37bc734fd (L): Timestamp not increasing: current time 2177.33937s <= last log time 26766.622426s
06-19 21:58:07.808   817  3764 D TelemetryService: Upload complete callback be triggered with result: 1
06-19 21:58:07.845   647  1038 E FrameSetCollator: [worldTracking] 30 FrameSets had unexpected timestamps (over 1000.08s). Ex: slot 0 2177356.036ms -> 2177389.368ms (observed period: 33.332ms, expected period: 16.666ms (16.666ms))
06-19 21:58:07.888   852 12620 I Tracking: boltlib: DSP utilization: 6.84 % (341 / 5000 ms)
06-19 21:58:07.933 30573 30936 I [CT]    : SlamAnchorClientRuntimeIPC: Kicked off bulk re-registration of 3 slam anchors.
06-19 21:58:07.946 30573 30713 W [CT]    : Anchor:SlamAnchorMemoryOSSDKClient: [Throttled count=495] Skipping invalid anchorHandle when attempting to cache AnchorStates
06-19 21:58:08.001 13021 13237 I VrApi   : FPS=72/72,Prd=32ms,Tear=0,Early=0,Stale=0,Stale2/5/10/max=0/0/0/0,VSnc=1,Lat=-1,Fov=0,CPU4/GPU=2/2,1382/456MHz,OC=3F,TA=0/0/0,SP=N/N/N,Mem=2092MHz,Free=3191MB,PLS=0,Temp=43.0C/0.0C,TW=1.02ms,App=3.83ms,GD=0.89ms,CPU&GPU=12.66ms,LCnt=2(DR72,LM2),GPU%=0.46,CPU%=0.50(W0.57),DSF=1.00,CFL=9.93/14.88,ICFLp95=13.55,LD=0,SF=1.00,LP=0,DVFS=0
06-19 21:58:08.296   647  8784 I SyncBossHAL: [info   ] syncboss_hal_input_controller.c(65): 0da7a0f37bc734fd: IMU 0 missed/60000 expected (PER 0.00%), 0 max consecutive drops
06-19 21:58:08.408   852  8780 I Tracking: BOLT:HexagonTelemetry: Global DSP utilization: 7.02% (351 / 5002 ms), Scalar Util: 0.00%, HVX Util: 0.00%, HMX Util: 0.00%.
06-19 21:58:08.482   643 12589 I VD628x  : Flicker channel saturating : applying new gain
06-19 21:58:08.494  1095  1785 E ThermalManagerService: No threshold found for pcb1-usr
06-19 21:58:08.494  1095  1785 E ThermalManagerService: No threshold found for pcb2-usr
06-19 21:58:08.494  1095  1785 E ThermalManagerService: No threshold found for pcb3-usr
06-19 21:58:08.495  1095  1785 E ThermalManagerService: No threshold found for rf-usr
06-19 21:58:08.495  1095  1785 E ThermalManagerService: No threshold found for cam0-usr
06-19 21:58:08.495  1095  1785 E ThermalManagerService: No threshold found for cam1-usr
06-19 21:58:08.495  1095  1785 E ThermalManagerService: No threshold found for cam2-usr
06-19 21:58:08.495  1095  1785 E ThermalManagerService: No threshold found for cam3-usr
06-19 21:58:08.495  1095  1785 E ThermalManagerService: No threshold found for cam4-usr
06-19 21:58:08.495  1095  1785 E ThermalManagerService: No threshold found for cam5-usr
06-19 21:58:08.495  1095  1785 E ThermalManagerService: No threshold found for disp-virt
06-19 21:58:08.495  1095  1785 E ThermalManagerService: No threshold found for pogo-usr
06-19 21:58:08.679   647 12616 I libcamerahal: [INSIGHTS][2.02s] recv/ret/req heartbeat: cam0: 90/90/91, cam1: 90/90/91, cam2: 91/91/90, cam3: 91/91/90
06-19 21:58:08.685   852 12620 I Tracking: VioSubmapHelpers: Initializing Submap id = 2, version = 609645817 relative to Submap id = 1, version = 1357676777.
06-19 21:58:08.685   852 12620 I Tracking: TrackedMapContext: Stop tracking Submap id = 2, version = 2122495905 at index: 2 / 3
06-19 21:58:08.685   852 12620 I Tracking: SVTTS: Starting map tracking on Submap id = 2, version = 609645817, total 2
06-19 21:58:08.782   632   699 E perfservice: Same callback registered already
06-19 21:58:08.782   857  2732 E VrDeviceManagerService: registerThermalCallback failed, status: No error, ret: Same callback registered already
06-19 21:58:08.782   857  2732 E VrDeviceManagerService: getCurrentTemperatures: Thermal HAL unavailable!
06-19 21:58:08.784   632   699 E perfservice: Same callback registered already
06-19 21:58:08.784   857  2211 E VrDeviceManagerService: registerThermalCallback failed, status: No error, ret: Same callback registered already
06-19 21:58:08.784   857  2211 E VrDeviceManagerService: getCurrentTemperatures: Thermal HAL unavailable!
06-19 21:58:08.799   852 12631 E Tracking: CONSTELLATION:IMU_STATUS: da7a0f37bc734fd (L): Timestamp not increasing: current time 2178.33933s <= last log time 26766.622426s
06-19 21:58:08.825   852 12620 W Tracking: VEGA:HM:MAP_TRACKING: Validation failed on Submap id = 2, version = 609645817
06-19 21:58:08.846   647  1038 E FrameSetCollator: [worldTracking] 30 FrameSets had unexpected timestamps (over 1000.37s). Ex: slot 0 2178355.996ms -> 2178389.328ms (observed period: 33.332ms, expected period: 16.666ms (16.666ms))
06-19 21:58:08.946 30573 30936 I [CT]    : SlamAnchorClientRuntimeIPC: Kicked off bulk re-registration of 3 slam anchors.
06-19 21:58:08.960 30573 30713 W [CT]    : Anchor:SlamAnchorMemoryOSSDKClient: [Throttled count=495] Skipping invalid anchorHandle when attempting to cache AnchorStates
06-19 21:58:08.962   852 12620 W Tracking: VEGA:HM:MAP_TRACKING: Validation failed on Submap id = 0, version = 1710985230
06-19 21:58:09.001 13021 13237 I VrApi   : FPS=73/72,Prd=30ms,Tear=0,Early=0,Stale=0,Stale2/5/10/max=0/0/0/0,VSnc=1,Lat=-1,Fov=0,CPU4/GPU=2/2,1382/456MHz,OC=3F,TA=0/0/0,SP=N/N/N,Mem=2092MHz,Free=3191MB,PLS=0,Temp=43.0C/0.0C,TW=1.02ms,App=3.91ms,GD=0.74ms,CPU&GPU=11.94ms,LCnt=2(DR72,LM2),GPU%=0.44,CPU%=0.57(W0.58),DSF=1.00,CFL=9.78/14.46,ICFLp95=13.11,LD=0,SF=1.00,LP=0,DVFS=0
06-19 21:58:08.998 11276 11276 D wlan    : [11276:IH:DP] bbm_request_bus_bandwidth: Bus bandwidth vote level change from 1 to 0 pld_vote: 0
06-19 21:58:09.158   852  3673 I Tracking: VEGA_MAP_BUILDER: Created keyrig
06-19 21:58:09.162   852  3673 I Tracking: MapCullingHelpers: Culled 0 L1 nodes, 1 individual keyrigs, and 1 individual points
06-19 21:58:09.218   852 12620 I Tracking: VioSubmapHelpers: Initializing Submap id = 2, version = 817939600 relative to Submap id = 1, version = 1357676777.
06-19 21:58:09.218   852 12620 I Tracking: TrackedMapContext: Stop tracking Submap id = 2, version = 609645817 at index: 2 / 3
06-19 21:58:09.218   852 12620 I Tracking: SVTTS: Starting map tracking on Submap id = 2, version = 817939600, total 2
06-19 21:58:09.228   852 12620 W Tracking: VEGA:HM:MAP_TRACKING: Validation failed on Submap id = 0, version = 1710985230
06-19 21:58:09.322 30573 30713 I [CT]    : SP:AF:AnchorFramework: calculateRigidScenePose: Located 19 / 19 anchors for calculating rigid scene pose
06-19 21:58:09.322 30573 30713 I [CT]    : SP:AF:AnchorAccuracy: New Rigid Scene calculated using 19 anchors attached to 1 IAs. 2.0137337999985903 seconds since last update
06-19 21:58:09.322 30573 30713 I [CT]    : SP:AF:AnchorAccuracy: New scene origin pose: -0.9364575743675232 -0.9948747754096985 0.6422810554504395 : 0.3913757801055908 -0.3913757801055908 -0.5889185070991516 -0.5889185070991516
06-19 21:58:09.322 30573 30713 I [CT]    : SP:AF:AnchorAccuracy: New scene origin pose moved: 0.0009143332717940211 translation 8.79254366736859e-06 rotation
06-19 21:58:09.358   852 12620 W Tracking: VEGA:HM:MAP_TRACKING: Validation failed on Submap id = 2, version = 817939600
06-19 21:58:09.485   852 12620 I Tracking: VioSubmapHelpers: Initializing Submap id = 2, version = 1949665856 relative to Submap id = 1, version = 1357676777.
06-19 21:58:09.485   852 12620 I Tracking: TrackedMapContext: Stop tracking Submap id = 2, version = 817939600 at index: 2 / 3
06-19 21:58:09.486   852 12620 I Tracking: SVTTS: Starting map tracking on Submap id = 2, version = 1949665856, total 2
06-19 21:58:09.494   852 12620 W Tracking: VEGA:HM:MAP_TRACKING: Validation failed on Submap id = 0, version = 1710985230
06-19 21:58:09.509  1095  1785 E ThermalManagerService: No threshold found for pcb1-usr
06-19 21:58:09.509  1095  1785 E ThermalManagerService: No threshold found for pcb2-usr
06-19 21:58:09.509  1095  1785 E ThermalManagerService: No threshold found for pcb3-usr
06-19 21:58:09.509  1095  1785 E ThermalManagerService: No threshold found for rf-usr
06-19 21:58:09.509  1095  1785 E ThermalManagerService: No threshold found for cam0-usr
06-19 21:58:09.509  1095  1785 E ThermalManagerService: No threshold found for cam1-usr
06-19 21:58:09.509  1095  1785 E ThermalManagerService: No threshold found for cam2-usr
06-19 21:58:09.509  1095  1785 E ThermalManagerService: No threshold found for cam3-usr
06-19 21:58:09.509  1095  1785 E ThermalManagerService: No threshold found for cam4-usr
06-19 21:58:09.509  1095  1785 E ThermalManagerService: No threshold found for cam5-usr
06-19 21:58:09.509  1095  1785 E ThermalManagerService: No threshold found for disp-virt
06-19 21:58:09.509  1095  1785 E ThermalManagerService: No threshold found for pogo-usr
06-19 21:58:09.509 13021 13183 I AppLoadTimeTelemetryCommon: App load time recorded [packageName=com.YourCompany.Metaverse_Game1, time=14.213296, method="BeginFrame (500)", launchType="Launch"]
06-19 21:58:09.466 11276 11276 D wlan    : [11276:IH:DP] bbm_request_bus_bandwidth: Bus bandwidth vote level change from 0 to 1 pld_vote: 1
06-19 21:58:09.623   852 12620 W Tracking: VEGA:HM:MAP_TRACKING: Validation failed on Submap id = 2, version = 1949665856
06-19 21:58:09.788   632   699 E perfservice: Same callback registered already
06-19 21:58:09.788   857  2211 E VrDeviceManagerService: registerThermalCallback failed, status: No error, ret: Same callback registered already
06-19 21:58:09.788   857  2211 E VrDeviceManagerService: getCurrentTemperatures: Thermal HAL unavailable!
06-19 21:58:09.790   632   699 E perfservice: Same callback registered already
06-19 21:58:09.790   857  2732 E VrDeviceManagerService: registerThermalCallback failed, status: No error, ret: Same callback registered already
06-19 21:58:09.790   857  2732 E VrDeviceManagerService: getCurrentTemperatures: Thermal HAL unavailable!
06-19 21:58:09.826   852 12620 I Tracking: VEGA:HM:MAP_TRACKING: Submap Submap id = 0, version = 1710985230 valid, start tracking.
06-19 21:58:09.846   647  1038 E FrameSetCollator: [worldTracking] 30 FrameSets had unexpected timestamps (over 1000.27s). Ex: slot 0 2179355.956ms -> 2179389.288ms (observed period: 33.332ms, expected period: 16.666ms (16.666ms))
06-19 21:58:09.866   852 12631 E Tracking: CONSTELLATION:IMU_STATUS: da7a0f37bc734fd (L): Timestamp not increasing: current time 2179.405954s <= last log time 26766.622426s
06-19 21:58:09.947 30573 30936 I [CT]    : SlamAnchorClientRuntimeIPC: Kicked off bulk re-registration of 3 slam anchors.
06-19 21:58:09.960 30573 30713 W [CT]    : Anchor:SlamAnchorMemoryOSSDKClient: [Throttled count=495] Skipping invalid anchorHandle when attempting to cache AnchorStates
06-19 21:58:10.001 13021 13237 I VrApi   : FPS=73/72,Prd=29ms,Tear=0,Early=0,Stale=0,Stale2/5/10/max=0/0/0/0,VSnc=1,Lat=-1,Fov=0,CPU4/GPU=2/2,1382/456MHz,OC=3F,TA=0/0/0,SP=N/N/N,Mem=2092MHz,Free=3191MB,PLS=0,Temp=43.0C/0.0C,TW=1.00ms,App=3.48ms,GD=0.70ms,CPU&GPU=11.56ms,LCnt=2(DR72,LM2),GPU%=0.41,CPU%=0.51(W0.55),DSF=1.00,CFL=9.78/14.46,ICFLp95=13.11,LD=0,SF=1.00,LP=0,DVFS=0
06-19 21:58:10.018   852 12620 I Tracking: VioSubmapHelpers: Initializing Submap id = 2, version = 1421919245 relative to Submap id = 1, version = 1357676777.
06-19 21:58:10.019   852 12620 I Tracking: TrackedMapContext: Stop tracking Submap id = 2, version = 1949665856 at index: 2 / 3
06-19 21:58:10.019   852 12620 I Tracking: SVTTS: Starting map tracking on Submap id = 2, version = 1421919245, total 2
06-19 21:58:10.087 30309 30818 I VrRuntimeService: RuntimeServiceSDKServer::SetGuardianSystemState: 2123873779
06-19 21:58:10.087 30573 30713 I GuardianSystem: GuardianSDKServerStateSnapshot::Sync: Flags changed: 598024, 589832, SYSTEM_ROOM_SCALE_ACTIVE,SYSTEM_GUARDIAN_VISIBLE,SYSTEM_GUARDIAN_VALID to SYSTEM_ROOM_SCALE_ACTIVE,SYSTEM_GUARDIAN_VALID
06-19 21:58:10.100 30309 30818 I VrRuntimeService: RuntimeServiceSDKServer::SetGuardianSystemState: 2123873779
06-19 21:58:10.101 30573 30713 I GuardianSystem: GuardianSDKServerStateSnapshot::Sync: Flags changed: 589832, 598024, SYSTEM_ROOM_SCALE_ACTIVE,SYSTEM_GUARDIAN_VALID to SYSTEM_ROOM_SCALE_ACTIVE,SYSTEM_GUARDIAN_VISIBLE,SYSTEM_GUARDIAN_VALID
06-19 21:58:10.123 30309 12639 I Vsync   : Vsync 4989:  2 x 13.89 ms (72.00 Hz, at 39129.127)
06-19 21:58:10.157   852 12620 W Tracking: VEGA:HM:MAP_TRACKING: Validation failed on Submap id = 2, version = 1421919245
06-19 21:58:10.228   852  3673 I Tracking: VEGA_MAP_BUILDER: Created keyrig
06-19 21:58:10.230   852  3673 I Tracking: MapCullingHelpers: Culled 0 L1 nodes, 1 individual keyrigs, and 1 individual points
06-19 21:58:10.428   852  3673 I Tracking: WifiCacheProvider: Updating wifi cache from map
06-19 21:58:10.522  1095  1785 E ThermalManagerService: No threshold found for pcb1-usr
06-19 21:58:10.522  1095  1785 E ThermalManagerService: No threshold found for pcb2-usr
06-19 21:58:10.522  1095  1785 E ThermalManagerService: No threshold found for pcb3-usr
06-19 21:58:10.522  1095  1785 E ThermalManagerService: No threshold found for rf-usr
06-19 21:58:10.522  1095  1785 E ThermalManagerService: No threshold found for cam0-usr
06-19 21:58:10.522  1095  1785 E ThermalManagerService: No threshold found for cam1-usr
06-19 21:58:10.522  1095  1785 E ThermalManagerService: No threshold found for cam2-usr
06-19 21:58:10.522  1095  1785 E ThermalManagerService: No threshold found for cam3-usr
06-19 21:58:10.522  1095  1785 E ThermalManagerService: No threshold found for cam4-usr
06-19 21:58:10.522  1095  1785 E ThermalManagerService: No threshold found for cam5-usr
06-19 21:58:10.522  1095  1785 E ThermalManagerService: No threshold found for disp-virt
06-19 21:58:10.522  1095  1785 E ThermalManagerService: No threshold found for pogo-usr
06-19 21:58:10.554   852 12620 I Tracking: VioSubmapHelpers: Initializing Submap id = 2, version = 420236455 relative to Submap id = 0, version = 1710985230.
06-19 21:58:10.554   852 12620 I Tracking: TrackedMapContext: Stop tracking Submap id = 2, version = 1421919245 at index: 2 / 3
06-19 21:58:10.555   852 12620 I Tracking: SVTTS: Starting map tracking on Submap id = 2, version = 420236455, total 2
