06-18 18:24:20.704 27865 27988 D UE      : LogDevObjectVersion:   Dev-Platform (6631380F-2D4D-43E0-8009-CF276956A95A): 0
06-18 18:24:20.704 27865 27988 D UE      : LogDevObjectVersion:   Dev-Rendering (12F88B9F-8875-4AFC-A67C-D90C383ABD29): 48
06-18 18:24:20.704 27865 27988 D UE      : LogDevObjectVersion:   Dev-Sequencer (7B5AE74C-D270-4C10-A958-57980B212A5A): 13
06-18 18:24:20.704 27865 27988 D UE      : LogDevObjectVersion:   Dev-VR (D7296918-1DD6-4BDD-9DE2-64A83CC13884): 3
06-18 18:24:20.704 27865 27988 D UE      : LogDevObjectVersion:   Dev-LoadTimes (C2A15278-BFE7-4AFE-6C17-90FF531DF755): 1
06-18 18:24:20.704 27865 27988 D UE      : LogDevObjectVersion:   Private-Geometry (6EACA3D4-40EC-4CC1-B786-8BED09428FC5): 3
06-18 18:24:20.704 27865 27988 D UE      : LogDevObjectVersion:   Dev-AnimPhys (29E575DD-E0A3-4627-9D10-D276232CDCEA): 17
06-18 18:24:20.704 27865 27988 D UE      : LogDevObjectVersion:   Dev-Anim (AF43A65D-7FD3-4947-9873-3E8ED9C1BB05): 15
06-18 18:24:20.704 27865 27988 D UE      : LogDevObjectVersion:   Dev-ReflectionCapture (6B266CEC-1EC7-4B8F-A30B-E4D90942FC07): 1
06-18 18:24:20.704 27865 27988 D UE      : LogDevObjectVersion:   Dev-Automation (0DF73D61-A23F-47EA-B727-89E90C41499A): 1
06-18 18:24:20.704 27865 27988 D UE      : LogDevObjectVersion:   FortniteMain (601D1886-AC64-4F84-AA16-D3DE0DEAC7D6): 134
06-18 18:24:20.704 27865 27988 D UE      : LogDevObjectVersion:   FortniteValkyrie (8DBC2C5B-54A7-43E0-A768-FCBB7DA29060): 8
06-18 18:24:20.704 27865 27988 D UE      : LogDevObjectVersion:   FortniteSeason (5B4C06B7-2463-4AF8-805B-BF70CDF5D0DD): 12
06-18 18:24:20.704 27865 27988 D UE      : LogDevObjectVersion:   FortniteRelease (E7086368-6B23-4C58-8439-1B7016265E91): 13
06-18 18:24:20.704 27865 27988 D UE      : LogDevObjectVersion:   Dev-Enterprise (9DFFBCD6-494F-0158-E221-12823C92A888): 10
06-18 18:24:20.704 27865 27988 D UE      : LogDevObjectVersion:   Dev-Niagara (F2AED0AC-9AFE-416F-8664-AA7FFA26D6FC): 1
06-18 18:24:20.704 27865 27988 D UE      : LogDevObjectVersion:   Dev-Destruction (174F1F0B-B4C6-45A5-B13F-2EE8D0FB917D): 10
06-18 18:24:20.704 27865 27988 D UE      : LogDevObjectVersion:   Dev-Physics-Ext (35F94A83-E258-406C-A318-09F59610247C): 41
06-18 18:24:20.704 27865 27988 D UE      : LogDevObjectVersion:   Dev-PhysicsMaterial-Chaos (B68FC16E-8B1B-42E2-B453-215C058844FE): 1
06-18 18:24:20.704 27865 27988 D UE      : LogDevObjectVersion:   Dev-CineCamera (B2E18506-4273-CFC2-A54E-F4BB758BBA07): 1
06-18 18:24:20.704 27865 27988 D UE      : LogDevObjectVersion:   Dev-VirtualProduction (64F58936-FD1B-42BA-BA96-7289D5D0FA4E): 1
06-18 18:24:20.704 27865 27988 D UE      : LogDevObjectVersion:   UE5-Main (697DD581-E64F-41AB-AA4A-51ECBEB7B628): 119
06-18 18:24:20.704 27865 27988 D UE      : LogDevObjectVersion:   UE5-Release (D89B5E42-24BD-4D46-8412-ACA8DF641779): 51
06-18 18:24:20.704 27865 27988 D UE      : LogDevObjectVersion:   UE5-PrivateFrosty (59DA5D52-1232-4948-B878-597870B8E98B): 8
06-18 18:24:20.704 27865 27988 D UE      : LogDevObjectVersion:   UE5-Dev-Cooker (26075A32-730F-4708-88E9-8C32F1599D05): 0
06-18 18:24:20.704 27865 27988 D UE      : LogDevObjectVersion:   Dev-MediaFramework (6F0ED827-A609-4895-9C91-998D90180EA4): 2
06-18 18:24:20.704 27865 27988 D UE      : LogDevObjectVersion:   UE5-Dev-LWCRendering (30D58BE3-95EA-4282-A6E3-B159D8EBB06A): 1
06-18 18:24:20.704 27865 27988 D UE      : LogDevObjectVersion:   Dev-RigVM (DC49959B-53C0-4DE7-9156-EA885E7C5D39): 9
06-18 18:24:20.704 27865 27988 D UE      : LogDevObjectVersion:   Dev-ControlRig (A7820CFB-20A7-4359-8C54-2C149623CF50): 30
06-18 18:24:20.704 27865 27988 D UE      : LogDevObjectVersion:   Dev-IKRig (F6DFBB78-BB50-A0E4-4018-B84D60CBAF23): 2
06-18 18:24:20.707  1910  2556 I Clay    : PresenceServiceSystem: Failed to poll
06-18 18:24:20.708  1910  2556 I Clay    : PresenceServiceSystem: Failed to poll
06-18 18:24:20.713   852 27612 I Tracking: boltlib: DSP utilization: 10.77 % (538 / 5002 ms)
06-18 18:24:20.715 27865 27988 D UE      : LogInit: Presizing for max 131072 objects, including 1 objects not considered by GC, pre-allocating 0 bytes for permanent pool.
06-18 18:24:20.716 27865 27988 D UE      : LogStreaming: Display: Async Loading initialized: Event Driven Loader: true, Async Loading Thread: true, Async Post Load: true
06-18 18:24:20.718  1910  2556 I Clay    : PresenceServiceSystem: Failed to poll
06-18 18:24:20.718  1910  2556 I Clay    : PresenceServiceSystem: Failed to poll
06-18 18:24:20.720  2868  2941 I GuardianPassthroughMgr: GuardianPassthroughMgr::UpdateTransition - Transition to hide passthrough (0) finished naturally after 0.450000 seconds
06-18 18:24:20.720  2868  2941 I GuardianPassthroughMgr: GuardianPassthroughMgr::FinishTransition - Clearing transition to hide passthrough (0)
06-18 18:24:20.720  2868  2941 I GuardianPassthroughMgr: GuardianPassthroughMgr::UpdateTransition - Transition state change (PT_TRANSITION_MR_TO_VR -> PT_TRANSITION_VR)
06-18 18:24:20.722  2592  3041 I VrRuntimeService: RuntimeServiceSDKServer::SetGuardianSystemState: 1437939657
06-18 18:24:20.722  2868  2941 I GuardianSystem: GuardianSDKServerStateSnapshot::Sync: Flags changed: 860168, 598024, SYSTEM_ROOM_SCALE_ACTIVE,SYSTEM_GUARDIAN_VISIBLE,SYSTEM_SYSTEM_PT_VISIBLE,SYSTEM_GUARDIAN_VALID to SYSTEM_ROOM_SCALE_ACTIVE,SYSTEM_GUARDIAN_VISIBLE,SYSTEM_GUARDIAN_VALID
06-18 18:24:20.729  1910  2556 I Clay    : PresenceServiceSystem: Failed to poll
06-18 18:24:20.729  1910  2556 I Clay    : PresenceServiceSystem: Failed to poll
06-18 18:24:20.735 27865 27988 D UE      : LogInit: Object subsystem initialized
06-18 18:24:20.736  3062  4013 I MRSVC   : MIXEDREALITY: MrFeatureStatus: Passthrough: Client 1437939657 status changed from Started to Paused.
06-18 18:24:20.736  3062  4013 I MRSVC   : MIXEDREALITY: MrFeatureStatus: Passthrough for client 1437939657: Target status Started, CurrentStatus: Started
06-18 18:24:20.736  2868  4015 I GuardianRender: Successfully changed mrSessionActiveMrRenderType_ from Passthrough to None
06-18 18:24:20.736 27865 27988 D UE      : LogConfig: Set CVar [[con.DebugEarlyDefault:1]]
06-18 18:24:20.736 27865 27988 D UE      : LogConfig: CVar [[con.DebugLateDefault:1]] deferred - dummy variable created
06-18 18:24:20.736 27865 27988 D UE      : LogConfig: CVar [[con.DebugLateCheat:1]] deferred - dummy variable created
06-18 18:24:20.736 27865 27988 D UE      : LogConfig: CVar [[LogNamedEventFilters:Frame *]] deferred - dummy variable created
06-18 18:24:20.736 27865 27988 D UE      : LogConfig: CVar [[QualityLevelMapping:low]] deferred - dummy variable created
06-18 18:24:20.736 27865 27988 D UE      : LogConfig: Set CVar [[fx.Niagara.QualityLevel.Min:0]]
06-18 18:24:20.736 27865 27988 D UE      : LogConfig: Set CVar [[fx.Niagara.QualityLevel.Max:1]]
06-18 18:24:20.737 27865 27988 D UE      : [2024.06.18-23.24.20:737][  0]LogConfig: CVar [[con.DebugLateDefault:1]] deferred - dummy variable created
06-18 18:24:20.737 27865 27988 D UE      : [2024.06.18-23.24.20:737][  0]LogConfig: CVar [[con.DebugLateCheat:1]] deferred - dummy variable created
06-18 18:24:20.737 27865 27988 D UE      : [2024.06.18-23.24.20:737][  0]LogConfig: CVar [[LogNamedEventFilters:Frame *]] deferred - dummy variable created
06-18 18:24:20.737 27865 27988 D UE      : [2024.06.18-23.24.20:737][  0]LogConfig: CVar [[QualityLevelMapping:low]] deferred - dummy variable created
06-18 18:24:20.737 27865 27988 D UE      : [2024.06.18-23.24.20:737][  0]LogConfig: Applying CVar settings from Section [/Script/Engine.RendererSettings] File [Engine]
06-18 18:24:20.737 27865 27988 D UE      : [2024.06.18-23.24.20:737][  0]LogConfig: CVar [[VisualizeCalibrationColorMaterialPath:/Engine/EngineMaterials/PPM_DefaultCalibrationColor.PPM_DefaultCalibrationColor]] deferred - dummy variable created
06-18 18:24:20.737 27865 27988 D UE      : [2024.06.18-23.24.20:737][  0]LogConfig: CVar [[VisualizeCalibrationGrayscaleMaterialPath:/Engine/EngineMaterials/PPM_DefaultCalibrationGrayscale.PPM_DefaultCalibrationGrayscale]] deferred - dummy variable created
06-18 18:24:20.737 27865 27988 D UE      : [2024.06.18-23.24.20:737][  0]LogConfig: Set CVar [[r.GPUCrashDebugging:0]]
06-18 18:24:20.737 27865 27988 D UE      : [2024.06.18-23.24.20:737][  0]LogConfig: CVar [[MaxSkinBones:(Default=65536,PerPlatform=(("Mobile", 256)))]] deferred - dummy variable created
06-18 18:24:20.737 27865 27988 D UE      : [2024.06.18-23.24.20:737][  0]LogConfig: Set CVar [[r.ForwardShading:1]]
06-18 18:24:20.737 27865 27988 D UE      : [2024.06.18-23.24.20:737][  0]LogConfig: Set CVar [[r.MobileHDR:0]]
06-18 18:24:20.737 27865 27988 D UE      : [2024.06.18-23.24.20:737][  0]LogConfig: Set CVar [[vr.MobileMultiView:1]]
06-18 18:24:20.737 27865 27988 D UE      : [2024.06.18-23.24.20:737][  0]LogConfig: Set CVar [[vr.InstancedStereo:1]]
06-18 18:24:20.737 27865 27988 D UE      : [2024.06.18-23.24.20:737][  0]LogConfig: Set CVar [[r.DefaultFeature.AutoExposure:0]]
06-18 18:24:20.737 27865 27988 D UE      : [2024.06.18-23.24.20:737][  0]LogConfig: Set CVar [[r.DefaultFeature.AmbientOcclusion:0]]
06-18 18:24:20.737 27865 27988 D UE      : [2024.06.18-23.24.20:737][  0]LogConfig: Set CVar [[r.DefaultFeature.AmbientOcclusionStaticFraction:0]]
06-18 18:24:20.737 27865 27988 D UE      : [2024.06.18-23.24.20:737][  0]LogConfig: Set CVar [[r.DefaultFeature.MotionBlur:0]]
06-18 18:24:20.737 27865 27988 D UE      : [2024.06.18-23.24.20:737][  0]LogConfig: Set CVar [[r.Mobile.UseHWsRGBEncoding:1]]
06-18 18:24:20.737 27865 27988 D UE      : [2024.06.18-23.24.20:737][  0]LogConfig: Set CVar [[r.Shadow.Virtual.Enable:1]]
06-18 18:24:20.737 27865 27988 D UE      : [2024.06.18-23.24.20:737][  0]LogConfig: Set CVar [[r.DefaultFeature.AutoExposure.ExtendDefaultLuminanceRange:1]]
06-18 18:24:20.737 27865 27988 D UE      : [2024.06.18-23.24.20:737][  0]LogConfig: Set CVar [[r.DefaultFeature.LocalExposure.HighlightContrastScale:0.8]]
06-18 18:24:20.737 27865 27988 D UE      : [2024.06.18-23.24.20:737][  0]LogConfig: Set CVar [[r.DefaultFeature.LocalExposure.ShadowContrastScale:0.8]]
06-18 18:24:20.737 27865 27988 D UE      : [2024.06.18-23.24.20:737][  0]LogConfig: Set CVar [[r.GenerateMeshDistanceFields:1]]
06-18 18:24:20.737 27865 27988 D UE      : [2024.06.18-23.24.20:737][  0]LogConfig: Set CVar [[r.DynamicGlobalIlluminationMethod:1]]
06-18 18:24:20.737 27865 27988 D UE      : [2024.06.18-23.24.20:737][  0]LogConfig: Set CVar [[r.ReflectionMethod:1]]
06-18 18:24:20.737 27865 27988 D UE      : [2024.06.18-23.24.20:737][  0]LogConfig: Set CVar [[r.Mobile.AntiAliasing:3]]
06-18 18:24:20.737 27865 27988 D UE      : [2024.06.18-23.24.20:737][  0]LogConfig: Set CVar [[r.AntiAliasingMethod:3]]
06-18 18:24:20.737 27865 27988 D UE      : [2024.06.18-23.24.20:737][  0]LogConfig: Set CVar [[r.DistanceFields:1]]
06-18 18:24:20.737 27865 27988 D UE      : [2024.06.18-23.24.20:737][  0]LogConfig: Set CVar [[r.TemporalAA.Mobile.UseCompute:0]]
06-18 18:24:20.737 27865 27988 D UE      : [2024.06.18-23.24.20:737][  0]LogConfig: Set CVar [[r.Substrate.RoughDiffuse:0]]
06-18 18:24:20.737 27865 27988 D UE      : [2024.06.18-23.24.20:737][  0]LogConfig: Set CVar [[r.Substrate.ShadingQuality:2]]
06-18 18:24:20.737 27865 27988 D UE      : [2024.06.18-23.24.20:737][  0]LogConfig: Set CVar [[r.Substrate.TileCoord8bits:1]]
06-18 18:24:20.737 27865 27988 D UE      : [2024.06.18-23.24.20:737][  0]LogConfig: Set CVar [[r.Substrate.SheenQuality:2]]
06-18 18:24:20.737 27865 27988 D UE      : [2024.06.18-23.24.20:737][  0]LogConfig: Set CVar [[r.Substrate.Glints:0]]
06-18 18:24:20.738 27865 27988 D UE      : [2024.06.18-23.24.20:738][  0]LogConfig: Set CVar [[r.Substrate.SpecularProfile:0]]
06-18 18:24:20.738 27865 27988 D UE      : [2024.06.18-23.24.20:738][  0]LogConfig: Set CVar [[r.Substrate.ClosuresPerPixel:1]]
06-18 18:24:20.738 27865 27988 D UE      : [2024.06.18-23.24.20:738][  0]LogConfig: Set CVar [[landscape.SupportGPUCulling:1]]
06-18 18:24:20.738 27865 27988 D UE      : [2024.06.18-23.24.20:738][  0]LogConfig: Set CVar [[r.Visibility.DynamicMeshElements.Parallel:0]]
06-18 18:24:20.738 27865 27988 D UE      : [2024.06.18-23.24.20:738][  0]LogConfig: Applying CVar settings from Section [/Script/Engine.RendererOverrideSettings] File [Engine]
06-18 18:24:20.738 27865 27988 D UE      : [2024.06.18-23.24.20:738][  0]LogConfig: Applying CVar settings from Section [/Script/Engine.StreamingSettings] File [Engine]
06-18 18:24:20.738 27865 27988 D UE      : [2024.06.18-23.24.20:738][  0]LogConfig: Set CVar [[s.MinBulkDataSizeForAsyncLoading:131072]]
06-18 18:24:20.738 27865 27988 D UE      : [2024.06.18-23.24.20:738][  0]LogConfig: Set CVar [[s.AsyncLoadingThreadEnabled:1]]
06-18 18:24:20.738 27865 27988 D UE      : [2024.06.18-23.24.20:738][  0]LogConfig: Set CVar [[s.EventDrivenLoaderEnabled:1]]
06-18 18:24:20.738 27865 27988 D UE      : [2024.06.18-23.24.20:738][  0]LogConfig: Set CVar [[s.WarnIfTimeLimitExceeded:0]]
06-18 18:24:20.738 27865 27988 D UE      : [2024.06.18-23.24.20:738][  0]LogConfig: Set CVar [[s.TimeLimitExceededMultiplier:1.5]]
06-18 18:24:20.738 27865 27988 D UE      : [2024.06.18-23.24.20:738][  0]LogConfig: Set CVar [[s.TimeLimitExceededMinTime:0.005]]
06-18 18:24:20.738 27865 27988 D UE      : [2024.06.18-23.24.20:738][  0]LogConfig: Set CVar [[s.UseBackgroundLevelStreaming:1]]
06-18 18:24:20.738 27865 27988 D UE      : [2024.06.18-23.24.20:738][  0]LogConfig: Set CVar [[s.PriorityAsyncLoadingExtraTime:15.0]]
06-18 18:24:20.738 27865 27988 D UE      : [2024.06.18-23.24.20:738][  0]LogConfig: Set CVar [[s.LevelStreamingActorsUpdateTimeLimit:5.0]]
06-18 18:24:20.738 27865 27988 D UE      : [2024.06.18-23.24.20:738][  0]LogConfig: Set CVar [[s.PriorityLevelStreamingActorsUpdateExtraTime:5.0]]
06-18 18:24:20.738 27865 27988 D UE      : [2024.06.18-23.24.20:738][  0]LogConfig: Set CVar [[s.LevelStreamingComponentsRegistrationGranularity:10]]
06-18 18:24:20.738 27865 27988 D UE      : [2024.06.18-23.24.20:738][  0]LogConfig: Set CVar [[s.UnregisterComponentsTimeLimit:1.0]]
06-18 18:24:20.738 27865 27988 D UE      : [2024.06.18-23.24.20:738][  0]LogConfig: Set CVar [[s.LevelStreamingComponentsUnregistrationGranularity:5]]
06-18 18:24:20.738 27865 27988 D UE      : [2024.06.18-23.24.20:738][  0]LogConfig: CVar [[s.MaxPackageSummarySize:16384]] deferred - dummy variable created
06-18 18:24:20.738 27865 27988 D UE      : [2024.06.18-23.24.20:738][  0]LogConfig: Set CVar [[s.FlushStreamingOnExit:1]]
06-18 18:24:20.738 27865 27988 D UE      : [2024.06.18-23.24.20:738][  0]LogConfig: CVar [[FixedBootOrder:/Script/Engine/Default__SoundBase]] deferred - dummy variable created
06-18 18:24:20.738 27865 27988 D UE      : [2024.06.18-23.24.20:738][  0]LogConfig: CVar [[FixedBootOrder:/Script/Engine/Default__MaterialInterface]] deferred - dummy variable created
06-18 18:24:20.738 27865 27988 D UE      : [2024.06.18-23.24.20:738][  0]LogConfig: CVar [[FixedBootOrder:/Script/Engine/Default__DeviceProfileManager]] deferred - dummy variable created
06-18 18:24:20.738 27865 27988 D UE      : [2024.06.18-23.24.20:738][  0]LogConfig: Applying CVar settings from Section [/Script/Engine.GarbageCollectionSettings] File [Engine]
06-18 18:24:20.738 27865 27988 D UE      : [2024.06.18-23.24.20:738][  0]LogConfig: Set CVar [[gc.MaxObjectsNotConsideredByGC:1]]
06-18 18:24:20.738 27865 27988 D UE      : [2024.06.18-23.24.20:738][  0]LogConfig: Set CVar [[gc.SizeOfPermanentObjectPool:0]]
06-18 18:24:20.738 27865 27988 D UE      : [2024.06.18-23.24.20:738][  0]LogConfig: Set CVar [[gc.FlushStreamingOnGC:0]]
06-18 18:24:20.738 27865 27988 D UE      : [2024.06.18-23.24.20:738][  0]LogConfig: Set CVar [[gc.NumRetriesBeforeForcingGC:10]]
06-18 18:24:20.738 27865 27988 D UE      : [2024.06.18-23.24.20:738][  0]LogConfig: Set CVar [[gc.AllowParallelGC:1]]
06-18 18:24:20.738 27865 27988 D UE      : [2024.06.18-23.24.20:738][  0]LogConfig: Set CVar [[gc.TimeBetweenPurgingPendingKillObjects:61.1]]
06-18 18:24:20.738 27865 27988 D UE      : [2024.06.18-23.24.20:738][  0]LogConfig: Set CVar [[gc.MaxObjectsInEditor:25165824]]
06-18 18:24:20.738 27865 27988 D UE      : [2024.06.18-23.24.20:738][  0]LogConfig: Set CVar [[gc.IncrementalBeginDestroyEnabled:1]]
06-18 18:24:20.738 27865 27988 D UE      : [2024.06.18-23.24.20:738][  0]LogConfig: Set CVar [[gc.CreateGCClusters:1]]
06-18 18:24:20.738 27865 27988 D UE      : [2024.06.18-23.24.20:738][  0]LogConfig: Set CVar [[gc.MinGCClusterSize:5]]
06-18 18:24:20.738 27865 27988 D UE      : [2024.06.18-23.24.20:738][  0]LogConfig: Set CVar [[gc.AssetClustreringEnabled:0]]
06-18 18:24:20.738 27865 27988 D UE      : [2024.06.18-23.24.20:738][  0]LogConfig: Set CVar [[gc.ActorClusteringEnabled:0]]
06-18 18:24:20.738 27865 27988 D UE      : [2024.06.18-23.24.20:738][  0]LogConfig: Set CVar [[gc.UseDisregardForGCOnDedicatedServers:0]]
06-18 18:24:20.738 27865 27988 D UE      : [2024.06.18-23.24.20:738][  0]LogConfig: Set CVar [[gc.MultithreadedDestructionEnabled:1]]
06-18 18:24:20.738 27865 27988 D UE      : [2024.06.18-23.24.20:738][  0]LogConfig: Set CVar [[gc.VerifyUObjectsAreNotFGCObjects:0]]
06-18 18:24:20.738 27865 27988 D UE      : [2024.06.18-23.24.20:738][  0]LogConfig: Set CVar [[gc.GarbageEliminationEnabled:1]]
06-18 18:24:20.738 27865 27988 D UE      : [2024.06.18-23.24.20:738][  0]LogConfig: Set CVar [[gc.MaxObjectsInGame:131072]]
06-18 18:24:20.738 27865 27988 D UE      : [2024.06.18-23.24.20:738][  0]LogConfig: Applying CVar settings from Section [/Script/Engine.NetworkSettings] File [Engine]
06-18 18:24:20.738 27865 27988 D UE      : [2024.06.18-23.24.20:738][  0]LogConfig: CVar [[NetworkEmulationProfiles:(ProfileName="Average",ToolTip="Simulates average internet conditions")]] deferred - dummy variable created
06-18 18:24:20.738 27865 27988 D UE      : [2024.06.18-23.24.20:738][  0]LogConfig: CVar [[NetworkEmulationProfiles:(ProfileName="Bad",ToolTip="Simulates laggy internet conditions")]] deferred - dummy variable created
06-18 18:24:20.739 27865 27988 D UE      : [2024.06.18-23.24.20:739][  0]LogConfig: Applying CVar settings from Section [ViewDistanceQuality@3] File [Scalability]
06-18 18:24:20.739 27865 27988 D UE      : [2024.06.18-23.24.20:739][  0]LogConfig: Set CVar [[r.SkeletalMeshLODBias:0]]
06-18 18:24:20.739 27865 27988 D UE      : [2024.06.18-23.24.20:739][  0]LogConfig: Set CVar [[r.ViewDistanceScale:1.0]]
06-18 18:24:20.739 27865 27988 D UE      : [2024.06.18-23.24.20:739][  0]LogConfig: Set CVar [[r.NeverOcclusionTestDistance:2000]]
06-18 18:24:20.739 27865 27988 D UE      : [2024.06.18-23.24.20:739][  0]LogConfig: Applying CVar settings from Section [AntiAliasingQuality@3] File [Scalability]
06-18 18:24:20.739 27865 27988 D UE      : [2024.06.18-23.24.20:739][  0]LogConfig: Set CVar [[r.FXAA.Quality:0]]
06-18 18:24:20.739 27865 27988 D UE      : [2024.06.18-23.24.20:739][  0]LogConfig: Set CVar [[r.TemporalAA.Quality:2]]
06-18 18:24:20.739 27865 27988 D UE      : [2024.06.18-23.24.20:739][  0]LogConfig: Set CVar [[r.TSR.History.R11G11B10:1]]
06-18 18:24:20.739 27865 27988 D UE      : [2024.06.18-23.24.20:739][  0]LogConfig: Set CVar [[r.TSR.History.ScreenPercentage:200]]
06-18 18:24:20.739 27865 27988 D UE      : [2024.06.18-23.24.20:739][  0]LogConfig: Set CVar [[r.TSR.History.UpdateQuality:3]]
06-18 18:24:20.739 27865 27988 D UE      : [2024.06.18-23.24.20:739][  0]LogConfig: Set CVar [[r.TSR.ShadingRejection.Flickering:1]]
06-18 18:24:20.739 27865 27988 D UE      : [2024.06.18-23.24.20:739][  0]LogConfig: Set CVar [[r.TSR.RejectionAntiAliasingQuality:2]]
06-18 18:24:20.739 27865 27988 D UE      : [2024.06.18-23.24.20:739][  0]LogConfig: Set CVar [[r.TSR.Resurrection:1]]
06-18 18:24:20.739 27865 27988 D UE      : [2024.06.18-23.24.20:739][  0]LogConfig: Applying CVar settings from Section [ShadowQuality@3] File [Scalability]
06-18 18:24:20.739 27865 27988 D UE      : [2024.06.18-23.24.20:739][  0]LogConfig: Set CVar [[r.LightFunctionQuality:1]]
06-18 18:24:20.739 27865 27988 D UE      : [2024.06.18-23.24.20:739][  0]LogConfig: Set CVar [[r.ShadowQuality:2]]
06-18 18:24:20.739 27865 27988 D UE      : [2024.06.18-23.24.20:739][  0]LogConfig: Set CVar [[r.Shadow.CSM.MaxCascades:3]]
06-18 18:24:20.739 27865 27988 D UE      : [2024.06.18-23.24.20:739][  0]LogConfig: Set CVar [[r.Shadow.MaxResolution:2048]]
06-18 18:24:20.739 27865 27988 D UE      : [2024.06.18-23.24.20:739][  0]LogConfig: Set CVar [[r.Shadow.MaxCSMResolution:2048]]
06-18 18:24:20.739 27865 27988 D UE      : [2024.06.18-23.24.20:739][  0]LogConfig: Set CVar [[r.Shadow.RadiusThreshold:0.06]]
06-18 18:24:20.739 27865 27988 D UE      : [2024.06.18-23.24.20:739][  0]LogConfig: Set CVar [[r.Shadow.DistanceScale:1.0]]
06-18 18:24:20.739 27865 27988 D UE      : [2024.06.18-23.24.20:739][  0]LogConfig: Set CVar [[r.Shadow.CSM.TransitionScale:1.0]]
06-18 18:24:20.739 27865 27988 D UE      : [2024.06.18-23.24.20:739][  0]LogConfig: Set CVar [[r.Shadow.PreShadowResolutionFactor:1.0]]
06-18 18:24:20.739 27865 27988 D UE      : [2024.06.18-23.24.20:739][  0]LogConfig: Set CVar [[r.DistanceFieldShadowing:1]]
06-18 18:24:20.739 27865 27988 D UE      : [2024.06.18-23.24.20:739][  0]LogConfig: Set CVar [[r.VolumetricFog:0]]
06-18 18:24:20.739 27865 27988 D UE      : [2024.06.18-23.24.20:739][  0]LogConfig: Set CVar [[r.VolumetricFog.GridPixelSize:8]]
06-18 18:24:20.739 27865 27988 D UE      : [2024.06.18-23.24.20:739][  0]LogConfig: Set CVar [[r.VolumetricFog.GridSizeZ:128]]
06-18 18:24:20.739 27865 27988 D UE      : [2024.06.18-23.24.20:739][  0]LogConfig: Set CVar [[r.VolumetricFog.HistoryMissSupersampleCount:4]]
06-18 18:24:20.739 27865 27988 D UE      : [2024.06.18-23.24.20:739][  0]LogConfig: Set CVar [[r.LightMaxDrawDistanceScale:1]]
06-18 18:24:20.739 27865 27988 D UE      : [2024.06.18-23.24.20:739][  0]LogConfig: Set CVar [[r.CapsuleShadows:1]]
06-18 18:24:20.739 27865 27988 D UE      : [2024.06.18-23.24.20:739][  0]LogConfig: Set CVar [[r.Shadow.Virtual.MaxPhysicalPages:4096]]
06-18 18:24:20.739 27865 27988 D UE      : [2024.06.18-23.24.20:739][  0]LogConfig: Set CVar [[r.Shadow.Virtual.ResolutionLodBiasDirectional:-1.5]]
06-18 18:24:20.739 27865 27988 D UE      : [2024.06.18-23.24.20:739][  0]LogConfig: Set CVar [[r.Shadow.Virtual.ResolutionLodBiasDirectionalMoving:-1.5]]
06-18 18:24:20.739 27865 27988 D UE      : [2024.06.18-23.24.20:739][  0]LogConfig: Set CVar [[r.Shadow.Virtual.ResolutionLodBiasLocal:0.0]]
06-18 18:24:20.739  1910  2556 I Clay    : PresenceServiceSystem: Failed to poll
06-18 18:24:20.739 27865 27988 D UE      : [2024.06.18-23.24.20:739][  0]LogConfig: Set CVar [[r.Shadow.Virtual.ResolutionLodBiasLocalMoving:1.0]]
06-18 18:24:20.739 27865 27988 D UE      : [2024.06.18-23.24.20:739][  0]LogConfig: Set CVar [[r.Shadow.Virtual.SMRT.RayCountDirectional:8]]
06-18 18:24:20.739 27865 27988 D UE      : [2024.06.18-23.24.20:739][  0]LogConfig: Set CVar [[r.Shadow.Virtual.SMRT.SamplesPerRayDirectional:4]]
06-18 18:24:20.739 27865 27988 D UE      : [2024.06.18-23.24.20:739][  0]LogConfig: Set CVar [[r.Shadow.Virtual.SMRT.RayCountLocal:8]]
06-18 18:24:20.739 27865 27988 D UE      : [2024.06.18-23.24.20:739][  0]LogConfig: Set CVar [[r.Shadow.Virtual.SMRT.SamplesPerRayLocal:4]]
06-18 18:24:20.739 27865 27988 D UE      : [2024.06.18-23.24.20:739][  0]LogConfig: Set CVar [[r.ContactShadows:0]]
06-18 18:24:20.739 27865 27988 D UE      : [2024.06.18-23.24.20:739][  0]LogConfig: Applying CVar settings from Section [GlobalIlluminationQuality@3] File [Scalability]
06-18 18:24:20.739 27865 27988 D UE      : [2024.06.18-23.24.20:739][  0]LogConfig: Set CVar [[r.DistanceFieldAO:1]]
06-18 18:24:20.740 27865 27988 D UE      : [2024.06.18-23.24.20:739][  0]LogConfig: Set CVar [[r.AOQuality:2]]
06-18 18:24:20.740 27865 27988 D UE      : [2024.06.18-23.24.20:740][  0]LogConfig: Set CVar [[r.Lumen.DiffuseIndirect.Allow:1]]
06-18 18:24:20.740 27865 27988 D UE      : [2024.06.18-23.24.20:740][  0]LogConfig: Set CVar [[r.LumenScene.Radiosity.ProbeSpacing:4]]
06-18 18:24:20.740  1910  2556 I Clay    : PresenceServiceSystem: Failed to poll
06-18 18:24:20.740 27865 27988 D UE      : [2024.06.18-23.24.20:740][  0]LogConfig: Set CVar [[r.LumenScene.Radiosity.HemisphereProbeResolution:4]]
06-18 18:24:20.740 27865 27988 D UE      : [2024.06.18-23.24.20:740][  0]LogConfig: Set CVar [[r.Lumen.TraceMeshSDFs.Allow:1]]
06-18 18:24:20.740 27865 27988 D UE      : [2024.06.18-23.24.20:740][  0]LogConfig: Set CVar [[r.Lumen.ScreenProbeGather.RadianceCache.ProbeResolution:32]]
06-18 18:24:20.740 27865 27988 D UE      : [2024.06.18-23.24.20:740][  0]LogConfig: Set CVar [[r.Lumen.ScreenProbeGather.RadianceCache.NumProbesToTraceBudget:300]]
06-18 18:24:20.740 27865 27988 D UE      : [2024.06.18-23.24.20:740][  0]LogConfig: Set CVar [[r.Lumen.ScreenProbeGather.DownsampleFactor:16]]
06-18 18:24:20.740 27865 27988 D UE      : [2024.06.18-23.24.20:740][  0]LogConfig: Set CVar [[r.Lumen.ScreenProbeGather.TracingOctahedronResolution:8]]
06-18 18:24:20.740 27865 27988 D UE      : [2024.06.18-23.24.20:740][  0]LogConfig: Set CVar [[r.Lumen.ScreenProbeGather.IrradianceFormat:0]]
06-18 18:24:20.740 27865 27988 D UE      : [2024.06.18-23.24.20:740][  0]LogConfig: Set CVar [[r.Lumen.ScreenProbeGather.StochasticInterpolation:0]]
06-18 18:24:20.740 27865 27988 D UE      : [2024.06.18-23.24.20:740][  0]LogConfig: Set CVar [[r.Lumen.ScreenProbeGather.FullResolutionJitterWidth:1]]
06-18 18:24:20.740 27865 27988 D UE      : [2024.06.18-23.24.20:740][  0]LogConfig: Set CVar [[r.Lumen.ScreenProbeGather.TwoSidedFoliageBackfaceDiffuse:1]]
06-18 18:24:20.740 27865 27988 D UE      : [2024.06.18-23.24.20:740][  0]LogConfig: Set CVar [[r.Lumen.ScreenProbeGather.ScreenTraces.HZBTraversal.FullResDepth:1]]
06-18 18:24:20.740 27865 27988 D UE      : [2024.06.18-23.24.20:740][  0]LogConfig: Set CVar [[r.Lumen.ScreenProbeGather.ShortRangeAO.HardwareRayTracing:0]]
06-18 18:24:20.740 27865 27988 D UE      : [2024.06.18-23.24.20:740][  0]LogConfig: Set CVar [[r.Lumen.TranslucencyVolume.GridPixelSize:32]]
06-18 18:24:20.740 27865 27988 D UE      : [2024.06.18-23.24.20:740][  0]LogConfig: Set CVar [[r.Lumen.TranslucencyVolume.TraceFromVolume:1]]
06-18 18:24:20.740 27865 27988 D UE      : [2024.06.18-23.24.20:740][  0]LogConfig: Set CVar [[r.Lumen.TranslucencyVolume.TracingOctahedronResolution:3]]
06-18 18:24:20.740 27865 27988 D UE      : [2024.06.18-23.24.20:740][  0]LogConfig: Set CVar [[r.Lumen.TranslucencyVolume.RadianceCache.ProbeResolution:8]]
06-18 18:24:20.740 27865 27988 D UE      : [2024.06.18-23.24.20:740][  0]LogConfig: Set CVar [[r.Lumen.TranslucencyVolume.RadianceCache.NumProbesToTraceBudget:200]]
06-18 18:24:20.740 27865 27988 D UE      : [2024.06.18-23.24.20:740][  0]LogConfig: Set CVar [[r.SkyLight.RealTimeReflectionCapture:1]]
06-18 18:24:20.740 27865 27988 D UE      : [2024.06.18-23.24.20:740][  0]LogConfig: Applying CVar settings from Section [ReflectionQuality@3] File [Scalability]
06-18 18:24:20.740 27865 27988 D UE      : [2024.06.18-23.24.20:740][  0]LogConfig: Set CVar [[r.SSR.Quality:3]]
06-18 18:24:20.740 27865 27988 D UE      : [2024.06.18-23.24.20:740][  0]LogConfig: Set CVar [[r.SSR.HalfResSceneColor:0]]
06-18 18:24:20.740 27865 27988 D UE      : [2024.06.18-23.24.20:740][  0]LogConfig: Set CVar [[r.Lumen.Reflections.Allow:1]]
06-18 18:24:20.740 27865 27988 D UE      : [2024.06.18-23.24.20:740][  0]LogConfig: Set CVar [[r.Lumen.Reflections.DownsampleFactor:1]]
06-18 18:24:20.740 27865 27988 D UE      : [2024.06.18-23.24.20:740][  0]LogConfig: Set CVar [[r.Lumen.Reflections.MaxRoughnessToTraceForFoliage:0.4]]
06-18 18:24:20.740 27865 27988 D UE      : [2024.06.18-23.24.20:740][  0]LogConfig: Set CVar [[r.Lumen.Reflections.ScreenSpaceReconstruction.TonemapStrength:0]]
06-18 18:24:20.740 27865 27988 D UE      : [2024.06.18-23.24.20:740][  0]LogConfig: Set CVar [[r.Lumen.TranslucencyReflections.FrontLayer.Allow:1]]
06-18 18:24:20.740 27865 27988 D UE      : [2024.06.18-23.24.20:740][  0]LogConfig: Set CVar [[r.Lumen.TranslucencyReflections.FrontLayer.Enable:0]]
06-18 18:24:20.740 27865 27988 D UE      : [2024.06.18-23.24.20:740][  0]LogConfig: Applying CVar settings from Section [PostProcessQuality@3] File [Scalability]
06-18 18:24:20.740 27865 27988 D UE      : [2024.06.18-23.24.20:740][  0]LogConfig: Set CVar [[r.MotionBlurQuality:4]]
06-18 18:24:20.740 27865 27988 D UE      : [2024.06.18-23.24.20:740][  0]LogConfig: Set CVar [[r.MotionBlur.HalfResGather:0]]
06-18 18:24:20.740 27865 27988 D UE      : [2024.06.18-23.24.20:740][  0]LogConfig: Set CVar [[r.AmbientOcclusionMipLevelFactor:0.4]]
06-18 18:24:20.740 27865 27988 D UE      : [2024.06.18-23.24.20:740][  0]LogConfig: Set CVar [[r.AmbientOcclusionMaxQuality:100]]
06-18 18:24:20.740 27865 27988 D UE      : [2024.06.18-23.24.20:740][  0]LogConfig: Set CVar [[r.AmbientOcclusionLevels:-1]]
06-18 18:24:20.740 27865 27988 D UE      : [2024.06.18-23.24.20:740][  0]LogConfig: Set CVar [[r.AmbientOcclusionRadiusScale:1.0]]
06-18 18:24:20.740 27865 27988 D UE      : [2024.06.18-23.24.20:740][  0]LogConfig: Set CVar [[r.DepthOfFieldQuality:1]]
06-18 18:24:20.740 27865 27988 D UE      : [2024.06.18-23.24.20:740][  0]LogConfig: Set CVar [[r.RenderTargetPoolMin:400]]
06-18 18:24:20.740 27865 27988 D UE      : [2024.06.18-23.24.20:740][  0]LogConfig: Set CVar [[r.LensFlareQuality:2]]
06-18 18:24:20.740 27865 27988 D UE      : [2024.06.18-23.24.20:740][  0]LogConfig: Set CVar [[r.SceneColorFringeQuality:1]]
06-18 18:24:20.740 27865 27988 D UE      : [2024.06.18-23.24.20:740][  0]LogConfig: Set CVar [[r.EyeAdaptationQuality:1]]
06-18 18:24:20.740 27865 27988 D UE      : [2024.06.18-23.24.20:740][  0]LogConfig: Set CVar [[r.BloomQuality:1]]
06-18 18:24:20.740 27865 27988 D UE      : [2024.06.18-23.24.20:740][  0]LogConfig: Set CVar [[r.Bloom.ScreenPercentage:50.000]]
06-18 18:24:20.740 27865 27988 D UE      : [2024.06.18-23.24.20:740][  0]LogConfig: Set CVar [[r.FastBlurThreshold:100]]
06-18 18:24:20.740 27865 27988 D UE      : [2024.06.18-23.24.20:740][  0]LogConfig: Set CVar [[r.Upscale.Quality:3]]
06-18 18:24:20.740 27865 27988 D UE      : [2024.06.18-23.24.20:740][  0]LogConfig: Set CVar [[r.LightShaftQuality:1]]
06-18 18:24:20.741 27865 27988 D UE      : [2024.06.18-23.24.20:740][  0]LogConfig: Set CVar [[r.Filter.SizeScale:1]]
06-18 18:24:20.741 27865 27988 D UE      : [2024.06.18-23.24.20:741][  0]LogConfig: Set CVar [[r.Tonemapper.Quality:3]]
06-18 18:24:20.741 27865 27988 D UE      : [2024.06.18-23.24.20:741][  0]LogConfig: Set CVar [[r.DOF.Gather.ResolutionDivisor:2         ; lower gathering resolution]]
06-18 18:24:20.741 27865 27988 D UE      : [2024.06.18-23.24.20:741][  0]LogConfig: Set CVar [[r.DOF.Gather.AccumulatorQuality:1        ; higher gathering accumulator quality]]
06-18 18:24:20.741 27865 27988 D UE      : [2024.06.18-23.24.20:741][  0]LogConfig: Set CVar [[r.DOF.Gather.PostfilterMethod:1          ; Median3x3 postfilering method]]
06-18 18:24:20.741 27865 27988 D UE      : [2024.06.18-23.24.20:741][  0]LogConfig: Set CVar [[r.DOF.Gather.EnableBokehSettings:0       ; no bokeh simulation when gathering]]
06-18 18:24:20.741 27865 27988 D UE      : [2024.06.18-23.24.20:741][  0]LogConfig: Set CVar [[r.DOF.Gather.RingCount:4                 ; medium number of samples when gathering]]
06-18 18:24:20.741 27865 27988 D UE      : [2024.06.18-23.24.20:741][  0]LogConfig: Set CVar [[r.DOF.Scatter.ForegroundCompositing:1    ; additive foreground scattering]]
06-18 18:24:20.741 27865 27988 D UE      : [2024.06.18-23.24.20:741][  0]LogConfig: Set CVar [[r.DOF.Scatter.BackgroundCompositing:2    ; additive background scattering]]
06-18 18:24:20.741 27865 27988 D UE      : [2024.06.18-23.24.20:741][  0]LogConfig: Set CVar [[r.DOF.Scatter.EnableBokehSettings:1      ; bokeh simulation when scattering]]
06-18 18:24:20.741 27865 27988 D UE      : [2024.06.18-23.24.20:741][  0]LogConfig: Set CVar [[r.DOF.Scatter.MaxSpriteRatio:0.1         ; only a maximum of 10% of scattered bokeh]]
06-18 18:24:20.741 27865 27988 D UE      : [2024.06.18-23.24.20:741][  0]LogConfig: Set CVar [[r.DOF.Recombine.Quality:1                ; cheap slight out of focus]]
06-18 18:24:20.741 27865 27988 D UE      : [2024.06.18-23.24.20:741][  0]LogConfig: Set CVar [[r.DOF.Recombine.EnableBokehSettings:0    ; no bokeh simulation on slight out of focus]]
06-18 18:24:20.741 27865 27988 D UE      : [2024.06.18-23.24.20:741][  0]LogConfig: Set CVar [[r.DOF.TemporalAAQuality:1                ; more stable temporal accumulation]]
06-18 18:24:20.741 27865 27988 D UE      : [2024.06.18-23.24.20:741][  0]LogConfig: Set CVar [[r.DOF.Kernel.MaxForegroundRadius:0.025]]
06-18 18:24:20.741 27865 27988 D UE      : [2024.06.18-23.24.20:741][  0]LogConfig: Set CVar [[r.DOF.Kernel.MaxBackgroundRadius:0.025]]
06-18 18:24:20.741 27865 27988 D UE      : [2024.06.18-23.24.20:741][  0]LogConfig: Set CVar [[r.Mobile.AmbientOcclusionQuality:1]]
06-18 18:24:20.741 27865 27988 D UE      : [2024.06.18-23.24.20:741][  0]LogConfig: Set CVar [[r.Mobile.PixelProjectedReflectionQuality:1]]
06-18 18:24:20.741 27865 27988 D UE      : [2024.06.18-23.24.20:741][  0]LogConfig: Applying CVar settings from Section [TextureQuality@3] File [Scalability]
06-18 18:24:20.741 27865 27988 D UE      : [2024.06.18-23.24.20:741][  0]LogConfig: Set CVar [[r.Streaming.MipBias:0]]
06-18 18:24:20.741 27865 27988 D UE      : [2024.06.18-23.24.20:741][  0]LogConfig: Set CVar [[r.Streaming.AmortizeCPUToGPUCopy:0]]
06-18 18:24:20.741 27865 27988 D UE      : [2024.06.18-23.24.20:741][  0]LogConfig: Set CVar [[r.Streaming.MaxNumTexturesToStreamPerFrame:0]]
06-18 18:24:20.741 27865 27988 D UE      : [2024.06.18-23.24.20:741][  0]LogConfig: Set CVar [[r.Streaming.Boost:1]]
06-18 18:24:20.741 27865 27988 D UE      : [2024.06.18-23.24.20:741][  0]LogConfig: Set CVar [[r.MaxAnisotropy:4]]
06-18 18:24:20.741 27865 27988 D UE      : [2024.06.18-23.24.20:741][  0]LogConfig: Set CVar [[r.VT.MaxAnisotropy:8]]
06-18 18:24:20.741 27865 27988 D UE      : [2024.06.18-23.24.20:741][  0]LogConfig: Set CVar [[r.Streaming.LimitPoolSizeToVRAM:0]]
06-18 18:24:20.741 27865 27988 D UE      : [2024.06.18-23.24.20:741][  0]LogConfig: Set CVar [[r.Streaming.PoolSize:1000]]
06-18 18:24:20.741 27865 27988 D UE      : [2024.06.18-23.24.20:741][  0]LogConfig: Set CVar [[r.Streaming.MaxEffectiveScreenSize:0]]
06-18 18:24:20.741 27865 27988 D UE      : [2024.06.18-23.24.20:741][  0]LogConfig: Set CVar [[r.VT.MaxTilesProducedPerFrame:2]]
06-18 18:24:20.741 27865 27988 D UE      : [2024.06.18-23.24.20:741][  0]LogConfig: Applying CVar settings from Section [EffectsQuality@3] File [Scalability]
06-18 18:24:20.741 27865 27988 D UE      : [2024.06.18-23.24.20:741][  0]LogConfig: Set CVar [[r.TranslucencyLightingVolumeDim:64]]
06-18 18:24:20.741 27865 27988 D UE      : [2024.06.18-23.24.20:741][  0]LogConfig: Set CVar [[r.RefractionQuality:1]]
06-18 18:24:20.741 27865 27988 D UE      : [2024.06.18-23.24.20:741][  0]LogConfig: Set CVar [[r.SceneColorFormat:4]]
06-18 18:24:20.741 27865 27988 D UE      : [2024.06.18-23.24.20:741][  0]LogConfig: Set CVar [[r.DetailMode:3]]
06-18 18:24:20.741 27865 27988 D UE      : [2024.06.18-23.24.20:741][  0]LogConfig: Set CVar [[r.TranslucencyVolumeBlur:1]]
06-18 18:24:20.741 27865 27988 D UE      : [2024.06.18-23.24.20:741][  0]LogConfig: Set CVar [[r.MaterialQualityLevel:1 ; High quality]]
06-18 18:24:20.741 27865 27988 D UE      : [2024.06.18-23.24.20:741][  0]LogConfig: Set CVar [[r.SSS.Scale:1]]
06-18 18:24:20.741 27865 27988 D UE      : [2024.06.18-23.24.20:741][  0]LogConfig: Set CVar [[r.SSS.SampleSet:2]]
06-18 18:24:20.741 27865 27988 D UE      : [2024.06.18-23.24.20:741][  0]LogConfig: Set CVar [[r.SSS.Quality:1]]
06-18 18:24:20.741 27865 27988 D UE      : [2024.06.18-23.24.20:741][  0]LogConfig: Set CVar [[r.SSS.HalfRes:0]]
06-18 18:24:20.741 27865 27988 D UE      : [2024.06.18-23.24.20:741][  0]LogConfig: Set CVar [[r.SSGI.Quality:3]]
06-18 18:24:20.742 27865 27988 D UE      : [2024.06.18-23.24.20:741][  0]LogConfig: Set CVar [[r.EmitterSpawnRateScale:1.0]]
06-18 18:24:20.742 27865 27988 D UE      : [2024.06.18-23.24.20:742][  0]LogConfig: Set CVar [[r.ParticleLightQuality:2]]
06-18 18:24:20.742 27865 27988 D UE      : [2024.06.18-23.24.20:742][  0]LogConfig: Set CVar [[r.SkyAtmosphere.AerialPerspectiveLUT.FastApplyOnOpaque:1 ; Always have FastSkyLUT 1 in this case to avoid wrong sky]]
06-18 18:24:20.742 27865 27988 D UE      : [2024.06.18-23.24.20:742][  0]LogConfig: Set CVar [[r.SkyAtmosphere.AerialPerspectiveLUT.SampleCountMaxPerSlice:1]]
06-18 18:24:20.742 27865 27988 D UE      : [2024.06.18-23.24.20:742][  0]LogConfig: Set CVar [[r.SkyAtmosphere.AerialPerspectiveLUT.DepthResolution:4]]
06-18 18:24:20.742 27865 27988 D UE      : [2024.06.18-23.24.20:742][  0]LogConfig: Set CVar [[r.SkyAtmosphere.FastSkyLUT:1]]
06-18 18:24:20.742 27865 27988 D UE      : [2024.06.18-23.24.20:742][  0]LogConfig: Set CVar [[r.SkyAtmosphere.FastSkyLUT.SampleCountMin:1.0]]
06-18 18:24:20.742 27865 27988 D UE      : [2024.06.18-23.24.20:742][  0]LogConfig: Set CVar [[r.SkyAtmosphere.FastSkyLUT.SampleCountMax:8.0]]
06-18 18:24:20.742 27865 27988 D UE      : [2024.06.18-23.24.20:742][  0]LogConfig: Set CVar [[r.SkyAtmosphere.SampleCountMin:4.0]]
06-18 18:24:20.742 27865 27988 D UE      : [2024.06.18-23.24.20:742][  0]LogConfig: Set CVar [[r.SkyAtmosphere.SampleCountMax:128.0]]
06-18 18:24:20.742 27865 27988 D UE      : [2024.06.18-23.24.20:742][  0]LogConfig: Set CVar [[r.SkyAtmosphere.TransmittanceLUT.UseSmallFormat:1]]
06-18 18:24:20.742 27865 27988 D UE      : [2024.06.18-23.24.20:742][  0]LogConfig: Set CVar [[r.SkyAtmosphere.TransmittanceLUT.SampleCount:10.0]]
06-18 18:24:20.742 27865 27988 D UE      : [2024.06.18-23.24.20:742][  0]LogConfig: Set CVar [[r.SkyAtmosphere.MultiScatteringLUT.SampleCount:15.0]]
06-18 18:24:20.742 27865 27988 D UE      : [2024.06.18-23.24.20:742][  0]LogConfig: Set CVar [[fx.Niagara.QualityLevel:1]]
06-18 18:24:20.742 27865 27988 D UE      : [2024.06.18-23.24.20:742][  0]LogConfig: Set CVar [[r.Refraction.OffsetQuality:1]]
06-18 18:24:20.742 27865 27988 D UE      : [2024.06.18-23.24.20:742][  0]LogConfig: Set CVar [[r.SkyAtmosphere.FastSkyLUT.Width:96]]
06-18 18:24:20.742 27865 27988 D UE      : [2024.06.18-23.24.20:742][  0]LogConfig: Set CVar [[r.SkyAtmosphere.FastSkyLUT.Height:50]]
06-18 18:24:20.742 27865 27988 D UE      : [2024.06.18-23.24.20:742][  0]LogConfig: Applying CVar settings from Section [FoliageQuality@3] File [Scalability]
06-18 18:24:20.742 27865 27988 D UE      : [2024.06.18-23.24.20:742][  0]LogConfig: Set CVar [[foliage.DensityScale:1.0]]
06-18 18:24:20.742 27865 27988 D UE      : [2024.06.18-23.24.20:742][  0]LogConfig: Set CVar [[grass.DensityScale:1.0]]
06-18 18:24:20.742 27865 27988 D UE      : [2024.06.18-23.24.20:742][  0]LogConfig: Set CVar [[grass.CullDistanceScale:1.0]]
06-18 18:24:20.742 27865 27988 D UE      : [2024.06.18-23.24.20:742][  0]LogConfig: Applying CVar settings from Section [ShadingQuality@3] File [Scalability]
06-18 18:24:20.742 27865 27988 D UE      : [2024.06.18-23.24.20:742][  0]LogConfig: Set CVar [[r.HairStrands.SkyLighting.IntegrationType:2]]
06-18 18:24:20.742 27865 27988 D UE      : [2024.06.18-23.24.20:742][  0]LogConfig: Set CVar [[r.HairStrands.SkyAO.SampleCount:4]]
06-18 18:24:20.742 27865 27988 D UE      : [2024.06.18-23.24.20:742][  0]LogConfig: Set CVar [[r.HairStrands.Visibility.MSAA.SamplePerPixel:4]]
06-18 18:24:20.742 27865 27988 D UE      : [2024.06.18-23.24.20:742][  0]LogConfig: Set CVar [[r.AnisotropicMaterials:1]]
06-18 18:24:20.742 27865 27988 D UE      : [2024.06.18-23.24.20:742][  0]LogConfig: Applying CVar settings from Section [LandscapeQuality@3] File [Scalability]
06-18 18:24:20.742 27865 27988 D UE      : [2024.06.18-23.24.20:742][  0]LogHMD: OpenXRHMDModule: App is packaged for Oculus Mobile OpenXR
06-18 18:24:20.742 27865 27988 D UE      : [2024.06.18-23.24.20:742][  0]LogHMD: OpenXRHMDModule::InitInstance using DefaultLoader.
06-18 18:24:20.743 27865 27988 V OpenXR-Loader: Verbose [GENERAL | xrInitializeLoaderKHR | OpenXR-Loader] : Entering loader trampoline
06-18 18:24:20.743 27865 27988 V OpenXR-Loader: Verbose [GENERAL | xrEnumerateInstanceExtensionProperties | OpenXR-Loader] : Entering loader trampoline
06-18 18:24:20.746  3062  3148 I MRSVC   : MIXEDREALITY: PassthroughPresentationLayerImpl: Deallocating framebuffers for layer -1.
06-18 18:24:20.746  3062  3148 I MRSVC   : MIXEDREALITY: GlFramebufferFactory: framebuffer pool releasing buffer (elements in pool=0)
06-18 18:24:20.746  3062  3148 I MRSVC   : MIXEDREALITY: GlFramebufferFactory: framebuffer pool released buffer (elements in pool=1). GlobalCount: 1
06-18 18:24:20.746  3062  3148 I MRSVC   : MIXEDREALITY: MrServiceModelBase: passthroughModeIfChanged: kNone.
06-18 18:24:20.746  3062  3148 I MRSVC   : MIXEDREALITY: MrServiceController: clientConnected: 9223372036854775808/com.oculus.mrservice/com.oculus.mrservice
06-18 18:24:20.746  3062  3148 I MRSVC   : MIXEDREALITY: ClientsStatus: ====== Connected clients ======
06-18 18:24:20.746  3062  3148 I MRSVC   : MIXEDREALITY: ClientsStatus: Client: 1437939657/com.oculus.guardian/com.oculus.vrguardianservice:2868
06-18 18:24:20.746  3062  3148 I MRSVC   : MIXEDREALITY: ClientsStatus:    [Passthrough] -> Paused
06-18 18:24:20.746  3062  3148 I MRSVC   : MIXEDREALITY: ClientsStatus:    [Freespace] -> Created
06-18 18:24:20.746  3062  3148 I MRSVC   : MIXEDREALITY: ClientsStatus: Client: 343409136/com.oculus.vrshell/com.oculus.vrshell:1870
06-18 18:24:20.746  3062  3148 I MRSVC   : MIXEDREALITY: ClientsStatus:    [Passthrough] -> Started
06-18 18:24:20.746  3062  3148 I MRSVC   : MIXEDREALITY: ClientsStatus:    [Freespace] -> Destroyed
06-18 18:24:20.746  3062  3148 I MRSVC   : MIXEDREALITY: ClientsStatus: ===============================
06-18 18:24:20.746  3062  3148 I MRSVC   : MIXEDREALITY: ClientsStatus: Registration from 9223372036854775808/com.oculus.mrservice/com.oculus.mrservice accepted.
06-18 18:24:20.746  3062  3148 I MRSVC   : MIXEDREALITY: MrClientModelStates: registerClient: For client 9223372036854775808 (com.oculus.mrservice:com.oculus.mrservice, in VR mode? true).
06-18 18:24:20.746  3062  3148 I MRSVC   : MIXEDREALITY: MrClientModelStates: createLayer: For client 9223372036854775808 with content MR_COMPOSITION_LAYER_BACKGROUND_PASSTHROUGH
06-18 18:24:20.746  3062  3148 I MRSVC   : MIXEDREALITY: MrClientModelStates: createLayer: Created layer with id 1091, running, total num layers 1.
06-18 18:24:20.746  3062  3148 I MRSVC   : MIXEDREALITY: MrFeatureStatus: Passthrough: Client 9223372036854775808 status changed from Destroyed to Created.
06-18 18:24:20.746  3062  3148 I MRSVC   : MIXEDREALITY: MrFeatureStatus: Passthrough for client 9223372036854775808: Target status Started, CurrentStatus: Started
06-18 18:24:20.746  3062  3148 I MRSVC   : MIXEDREALITY: MrFeatureStatus: Passthrough: Client 9223372036854775808 status changed from Created to Started.
06-18 18:24:20.746  3062  3148 I MRSVC   : MIXEDREALITY: MrFeatureStatus: Passthrough for client 9223372036854775808: Target status Started, CurrentStatus: Started
06-18 18:24:20.746  3062  3148 I MRSVC   : MIXEDREALITY: BackgroundPassthroughController: Started in hysteresis
06-18 18:24:20.746  3062  3148 I MRSVC   : MIXEDREALITY: MrServiceView: Initialized 1 passthrough layers with presentation layers after processing BG PT.
06-18 18:24:20.746  3062  3148 I MRSVC   : MIXEDREALITY: MrServiceModelBase: passthroughModeIfChanged: ImagesAndMesh.
06-18 18:24:20.746  3062  3148 I MRSVC   : MIXEDREALITY: MrRuntimeImpl: Changing mode to ImagesAndMesh
06-18 18:24:20.748 27865 27988 D ApplicationLoaders: Returning zygote-cached class loader: /system/framework/android.test.base.jar
06-18 18:24:20.748 27865 27988 D ApplicationLoaders: Returning zygote-cached class loader: /system/framework/android.hidl.manager-V1.0-java.jar
06-18 18:24:20.748 27865 27988 D ApplicationLoaders: Returning zygote-cached class loader: /system/framework/android.hidl.base-V1.0-java.jar
06-18 18:24:20.750  1910  2556 I Clay    : PresenceServiceSystem: Failed to poll
06-18 18:24:20.750  1910  2556 I Clay    : PresenceServiceSystem: Failed to poll
06-18 18:24:20.759  3062  3148 I MRSVC   : MIXEDREALITY: PassthroughPresentationLayerImpl: Allocating framebuffers for layer: 1091 of size: 1800x1800, color internal format: 0x8c43, depth internal format: 0x0, swap chain length: 3, textureSamplingFilter: 1, 
06-18 18:24:20.759  3062  3148 I MRSVC   : MIXEDREALITY: GlFramebufferFactory: framebuffer pool creating buffer (elements in pool=1)
06-18 18:24:20.759  3062  3148 I MRSVC   : MIXEDREALITY: GlFramebufferFactory: framebuffer pool hit. GlobalCount: 1
06-18 18:24:20.761  1910  2556 I Clay    : PresenceServiceSystem: Failed to poll
06-18 18:24:20.761  1910  2556 I Clay    : PresenceServiceSystem: Failed to poll
06-18 18:24:20.765 27865 27988 D OsSdkLoader: OSSDK loading module 'libossdk.oculus.so'
06-18 18:24:20.770  2592 27629 I CompositorVR: Passthrough usage state changed: app 0, guardian 0, background 1
06-18 18:24:20.771  1910  2556 I Clay    : PresenceServiceSystem: Failed to poll
06-18 18:24:20.772  1910  2556 I Clay    : PresenceServiceSystem: Failed to poll
06-18 18:24:20.780 27865 27988 I DriverLoader: Calling into SetLegacyVrApiEntryPointOverride
06-18 18:24:20.780 27865 27988 I VrApi_DriverLoader: SetLegacyVrApiEntryPointOverride: calling sprintf
06-18 18:24:20.780 27865 27988 I VrApi_DriverLoader: SetLegacyVrApiEntryPointOverride: env buffer is '0x7bf0ce6808'
06-18 18:24:20.780 27865 27988 I VrApi_DriverLoader: SetLegacyVrApiEntryPointOverride: calling setenv
06-18 18:24:20.780 27865 27988 I DriverLoader: Creating Temp JNIEnv
06-18 18:24:20.780 27865 27988 I DriverLoader: Calling FindClass
06-18 18:24:20.780 27865 27988 I DriverLoader: Calling RegisterNativeVrApiLoaderMethods
06-18 18:24:20.780 27865 27988 I VrApi_DriverLoader: RegisterNativeVrApiLoaderMethods: calling RegisterNatives
06-18 18:24:20.780 27865 27988 I DriverLoader: Calling RegisterNativeXrLoaderMethods
06-18 18:24:20.780 27865 27988 I OpenXR_DriverLoader: RegisterNativeVrApiLoaderMethods: calling RegisterNatives
06-18 18:24:20.780 27865 27988 I DriverLoader: Exiting JNI_OnLoad
06-18 18:24:20.781 27865 27988 I OpenXR_ClientState: OpenXRClientState::create - from xrInitializeLoaderKHR
06-18 18:24:20.781 27865 27988 I XrRuntimeSharedClientState: SharedClientState::create called from 'OpenXRClientState::init'
06-18 18:24:20.781 27865 27988 I ipcLoader [RUNTIMEIPC]: RuntimeIPC: Loader: IPC Service API Loader Version: 62 Apr  1 2024 02:28:45
06-18 18:24:20.781 27865 27988 I ipcLoader [RUNTIMEIPC]: RuntimeIPC: Using android_get_exported_namespace: libripcclient.oculus.so
06-18 18:24:20.782 27865 27988 I ipcLoader [RUNTIMEIPC]: RuntimeIPC: android_get_exported_namespace SUCCESS: libripcclient.oculus.so
06-18 18:24:20.783 27865 27988 I MultiInstanceDetector [RUNTIMEIPC]: Multiple instances check passed. Socket name: INSTANCE_DETECTOR:27865
06-18 18:24:20.783 27865 27988 D OsSdkLoader: OSSDK loading module 'libossdk.oculus.so'
06-18 18:24:20.783  1910  2556 I Clay    : PresenceServiceSystem: Failed to poll
06-18 18:24:20.783  1910  2556 I Clay    : PresenceServiceSystem: Failed to poll
06-18 18:24:20.784 27865 27988 I ThreadHelpers [RUNTIMEIPC]: RuntimeIPC::ThreadHelpers::SetState: threadName: DLObserver, currentState: STATE_STOPPED, newState: STATE_STARTING
06-18 18:24:20.784 27865 28009 I ThreadHelpers [RUNTIMEIPC]: RuntimeIPC::ThreadHelpers::SetState: threadName: DLObserver, currentState: STATE_STARTING, newState: STATE_RUNNING
06-18 18:24:20.784 27865 28009 I DeadlockObserver [RUNTIMEIPC]: MainLoop starting
06-18 18:24:20.784 27865 27988 I DeadlockObserver [RUNTIMEIPC]: DeadlockObserver Init SUCCESS with defaultKillThreshold: 30.000000
06-18 18:24:20.786   837 25435 I RuntimeIPCService [RUNTIMEIPC]: CreateBrokerConnection: Pre-lock BrokerConnections.Mutex: packageName: com.YourCompany.Metaverse_Game1, processName: com.YourCompany.Metaverse_Game1, pid: 27865
06-18 18:24:20.786   837 25435 I RuntimeIPCService [RUNTIMEIPC]: CreateBrokerConnection: [Client Descriptor - 27865:com.YourCompany.Metaverse_Game1:com.YourCompany.Metaverse_Game1] [Connection Id - -1166526925]
06-18 18:24:20.788 27865 27988 I ThreadHelpers [RUNTIMEIPC]: RuntimeIPC::ThreadHelpers::SetState: threadName: IpcDCReqHandler, currentState: STATE_STOPPED, newState: STATE_STARTING
06-18 18:24:20.788 27865 28010 I ThreadHelpers [RUNTIMEIPC]: RuntimeIPC::ThreadHelpers::SetState: threadName: IpcDCReqHandler, currentState: STATE_STARTING, newState: STATE_RUNNING
06-18 18:24:20.788 27865 28010 D IPCDataChannelServer [RUNTIMEIPC]: Connected: 1, broker_package:broker_process:0
06-18 18:24:20.789   837   923 D IPCDataChannelServer [RUNTIMEIPC]: Connected: 3128440371, com.YourCompany.Metaverse_Game1:com.YourCompany.Metaverse_Game1:27865
06-18 18:24:20.789 27865 27988 I BrokerRPC [RUNTIMEIPC]: InitRPCToServiceInternal: Success
06-18 18:24:20.789 27865 27988 I ThreadHelpers [RUNTIMEIPC]: RuntimeIPC::ThreadHelpers::SetState: threadName: RIPCSystem, currentState: STATE_STOPPED, newState: STATE_STARTING
06-18 18:24:20.789 27865 28011 I ThreadHelpers [RUNTIMEIPC]: RuntimeIPC::ThreadHelpers::SetState: threadName: RIPCSystem, currentState: STATE_STARTING, newState: STATE_RUNNING
06-18 18:24:20.789 27865 27988 I RuntimeIPCSystem [RUNTIMEIPC]: RuntimeIPCSystem: Init SUCCESS
06-18 18:24:20.789  1095  8498 I RuntimeIpcHelperService: Going to start ComponentInfo{com.oculus.systemdriver/com.oculus.vrruntimeservice.VrRuntimeService} as foreground
06-18 18:24:20.790  2868  2941 W [CT]    : Anchor:SlamAnchorMemoryOSSDKClient: [Throttled count=390] Skipping invalid anchorHandle when attempting to cache AnchorStates
06-18 18:24:20.792  2868  3956 I [CT]    : SlamAnchorClientRuntimeIPC: Kicked off bulk re-registration of 3 slam anchors.
